ARM Linker, 5.02 [Build 28] [MDK-ARM Lite]

==============================================================================

Section Cross References

    main.o(.text) refers to adc.o(.text) for init_adc
    main.o(.text) refers to printfa.o(i.__0printf) for __2printf
    main.o(.text) refers to stm32f0xx_rtc.o(.text) for RTC_TimeStructInit
    main.o(.text) refers to stm32f0xx_rcc.o(.text) for RCC_APB1PeriphClockCmd
    main.o(.text) refers to stm32f0xx_pwr.o(.text) for PWR_BackupAccessCmd
    main.o(.text) refers to hal_cm1.o(.emb_text) for os_set_env
    main.o(.text) refers to perturb_and_observe.o(.text) for perturb_and_observe
    main.o(.text) refers to rt_task.o(i.rt_tsk_create) for rt_tsk_create
    main.o(.text) refers to main.o(.data) for .data
    main.o(.text) refers to rt_task.o(i.rt_tsk_delete) for rt_tsk_delete
    main.o(.text) refers to serial.o(.data) for Serial
    main.o(.text) refers to rt_task.o(i.rt_sys_init) for rt_sys_init
    main.o(.text) refers to stm32f0xx_rtc.o(.text) for RTC_TimeStructInit
    main.o(.text) refers to mktime.o(.text) for mktime
    main.o(.text) refers to memcpya.o(.text) for __aeabi_memcpy4
    main.o(.text) refers to printfa.o(i.__0printf) for __2printf
    retarget.o(.text) refers to serial.o(.text) for write_fcn
    retarget.o(.text) refers to serial.o(.text) for write_fcn
    adc.o(.text) refers to stm32f0xx_dma.o(.text) for DMA_GetFlagStatus
    adc.o(.text) refers to printfa.o(i.__0printf) for __2printf
    adc.o(.text) refers to ffltui.o(.text) for __aeabi_ui2f
    adc.o(.text) refers to fmul.o(.text) for __aeabi_fmul
    adc.o(.text) refers to fdiv.o(.text) for __aeabi_fdiv
    adc.o(.text) refers to stm32f0xx_rcc.o(.text) for RCC_AHBPeriphClockCmd
    adc.o(.text) refers to stm32f0xx_gpio.o(.text) for GPIO_StructInit
    adc.o(.text) refers to stm32f0xx_adc.o(.text) for ADC_DeInit
    adc.o(.text) refers to adc.o(.data) for .data
    adc.o(.text) refers to adc.o(.text) for get_adc_voltage
    adc.o(.text) refers to f2d.o(.text) for __aeabi_f2d
    adc.o(.text) refers to printfa.o(i.__0printf) for __2printf
    adc.o(.text) refers to rt_time.o(i.rt_dly_wait) for rt_dly_wait
    perturb_and_observe.o(.text) refers to adc.o(.text) for get_adc_voltage
    perturb_and_observe.o(.text) refers to fmul.o(.text) for __aeabi_fmul
    perturb_and_observe.o(.text) refers to fadd.o(.text) for __aeabi_fsub
    perturb_and_observe.o(.text) refers to pwm.o(.text) for set_duty_cycle
    perturb_and_observe.o(.text) refers to f2d.o(.text) for __aeabi_f2d
    perturb_and_observe.o(.text) refers to printfa.o(i.__0printf) for __2printf
    perturb_and_observe.o(.text) refers to perturb_and_observe.o(.data) for .data
    perturb_and_observe.o(.text) refers to rt_time.o(i.rt_dly_wait) for rt_dly_wait
    pwm.o(.text) refers to dflti.o(.text) for __aeabi_i2d
    pwm.o(.text) refers to f2d.o(.text) for __aeabi_f2d
    pwm.o(.text) refers to dadd.o(.text) for __aeabi_drsub
    pwm.o(.text) refers to dmul.o(.text) for __aeabi_dmul
    pwm.o(.text) refers to ddiv.o(.text) for __aeabi_ddiv
    pwm.o(.text) refers to dfixui.o(.text) for __aeabi_d2uiz
    pwm.o(.text) refers to stm32f0xx_tim.o(.text) for TIM_OC1Init
    pwm.o(.text) refers to stm32f0xx_rcc.o(.text) for RCC_AHBPeriphClockCmd
    pwm.o(.text) refers to stm32f0xx_gpio.o(.text) for GPIO_Init
    pwm.o(.text) refers to uidiv.o(.text) for __aeabi_uidivmod
    pwm.o(.text) refers to dfltui.o(.text) for __aeabi_ui2d
    pwm.o(.text) refers to pwm.o(.data) for .data
    pwm.o(.text) refers to pwm.o(.bss) for .bss
    pwm.o(.text) refers to system_stm32f0xx.o(.data) for SystemCoreClock
    pwm.o(.text) refers to pwm.o(.text) for init_pwm
    pwm.o(.text) refers to f2d.o(.text) for __aeabi_f2d
    pwm.o(.text) refers to dadd.o(.text) for __aeabi_dadd
    pwm.o(.text) refers to d2f.o(.text) for __aeabi_d2f
    pwm.o(.text) refers to rt_time.o(i.rt_dly_wait) for rt_dly_wait
    serial.o(.text) refers to stm32f0xx_usart.o(.text) for USART_GetFlagStatus
    serial.o(.text) refers to stm32f0xx_rcc.o(.text) for RCC_AHBPeriphClockCmd
    serial.o(.text) refers to stm32f0xx_gpio.o(.text) for GPIO_PinAFConfig
    serial.o(.text) refers to stm32f0xx_misc.o(.text) for NVIC_Init
    serial.o(.text) refers to serial.o(.data) for .data
    serial.o(.text) refers to serial.o(.bss) for .bss
    serial.o(.data) refers to serial.o(.bss) for rcv_buff
    serial.o(.data) refers to serial.o(.text) for begin_fcn
    interrupted_charging.o(.text) refers to pwm.o(.text) for init_pwm
    interrupted_charging.o(.text) refers to stm32f0xx_rcc.o(.text) for RCC_AHBPeriphClockCmd
    interrupted_charging.o(.text) refers to stm32f0xx_gpio.o(.text) for GPIO_StructInit
    interrupted_charging.o(.text) refers to stm32f0xx_gpio.o(.text) for GPIO_SetBits
    interrupted_charging.o(.text) refers to interrupted_charging.o(.text) for init_hardware
    interrupted_charging.o(.text) refers to adc.o(.text) for get_adc_voltage
[...]
    Removing stm32f0xx_flash.o(.text), (20 bytes).
    Removing stm32f0xx_flash.o(.text), (20 bytes).
    Removing stm32f0xx_flash.o(.text), (116 bytes).
    Removing stm32f0xx_flash.o(.text), (88 bytes).
    Removing stm32f0xx_flash.o(.text), (92 bytes).
    Removing stm32f0xx_flash.o(.text), (72 bytes).
    Removing stm32f0xx_flash.o(.text), (64 bytes).
    Removing stm32f0xx_flash.o(.text), (64 bytes).
    Removing stm32f0xx_flash.o(.text), (64 bytes).
    Removing stm32f0xx_flash.o(.text), (64 bytes).
    Removing stm32f0xx_flash.o(.text), (56 bytes).
    Removing stm32f0xx_flash.o(.text), (16 bytes).
    Removing stm32f0xx_flash.o(.text), (12 bytes).
    Removing stm32f0xx_flash.o(.text), (24 bytes).
    Removing stm32f0xx_flash.o(.text), (20 bytes).
    Removing stm32f0xx_flash.o(.text), (12 bytes).
    Removing stm32f0xx_gpio.o(.rev16_text), (4 bytes).
    Removing stm32f0xx_gpio.o(.revsh_text), (4 bytes).
    Removing stm32f0xx_gpio.o(.text), (96 bytes).
    Removing stm32f0xx_gpio.o(.text), (18 bytes).
    Removing stm32f0xx_gpio.o(.text), (14 bytes).
    Removing stm32f0xx_gpio.o(.text), (4 bytes).
    Removing stm32f0xx_gpio.o(.text), (14 bytes).
    Removing stm32f0xx_gpio.o(.text), (4 bytes).
    Removing stm32f0xx_gpio.o(.text), (4 bytes).
    Removing stm32f0xx_gpio.o(.text), (4 bytes).
    Removing stm32f0xx_gpio.o(.text), (12 bytes).
    Removing stm32f0xx_gpio.o(.text), (4 bytes).
    Removing stm32f0xx_i2c.o(.rev16_text), (4 bytes).
    Removing stm32f0xx_i2c.o(.revsh_text), (4 bytes).
    Removing stm32f0xx_i2c.o(.text), (40 bytes).
    Removing stm32f0xx_i2c.o(.text), (100 bytes).
    Removing stm32f0xx_i2c.o(.text), (22 bytes).
    Removing stm32f0xx_i2c.o(.text), (20 bytes).
    Removing stm32f0xx_i2c.o(.text), (20 bytes).
    Removing stm32f0xx_i2c.o(.text), (16 bytes).
    Removing stm32f0xx_i2c.o(.text), (20 bytes).
    Removing stm32f0xx_i2c.o(.text), (20 bytes).
    Removing stm32f0xx_i2c.o(.text), (20 bytes).
    Removing stm32f0xx_i2c.o(.text), (28 bytes).
    Removing stm32f0xx_i2c.o(.text), (20 bytes).
    Removing stm32f0xx_i2c.o(.text), (20 bytes).
    Removing stm32f0xx_i2c.o(.text), (16 bytes).
    Removing stm32f0xx_i2c.o(.text), (20 bytes).
    Removing stm32f0xx_i2c.o(.text), (20 bytes).
    Removing stm32f0xx_i2c.o(.text), (20 bytes).
    Removing stm32f0xx_i2c.o(.text), (16 bytes).
    Removing stm32f0xx_i2c.o(.text), (20 bytes).
    Removing stm32f0xx_i2c.o(.text), (20 bytes).
    Removing stm32f0xx_i2c.o(.text), (20 bytes).
    Removing stm32f0xx_i2c.o(.text), (20 bytes).
    Removing stm32f0xx_i2c.o(.text), (20 bytes).
    Removing stm32f0xx_i2c.o(.text), (10 bytes).
    Removing stm32f0xx_i2c.o(.text), (18 bytes).
    Removing stm32f0xx_i2c.o(.text), (32 bytes).
    Removing stm32f0xx_i2c.o(.text), (20 bytes).
    Removing stm32f0xx_i2c.o(.text), (20 bytes).
    Removing stm32f0xx_i2c.o(.text), (22 bytes).
    Removing stm32f0xx_i2c.o(.text), (20 bytes).
    Removing stm32f0xx_i2c.o(.text), (16 bytes).
    Removing stm32f0xx_i2c.o(.text), (20 bytes).
    Removing stm32f0xx_i2c.o(.text), (20 bytes).
    Removing stm32f0xx_i2c.o(.text), (20 bytes).
    Removing stm32f0xx_i2c.o(.text), (6 bytes).
    Removing stm32f0xx_i2c.o(.text), (6 bytes).
    Removing stm32f0xx_i2c.o(.text), (4 bytes).
    Removing stm32f0xx_i2c.o(.text), (6 bytes).
    Removing stm32f0xx_i2c.o(.text), (16 bytes).
    Removing stm32f0xx_i2c.o(.text), (14 bytes).
    Removing stm32f0xx_i2c.o(.text), (4 bytes).
    Removing stm32f0xx_i2c.o(.text), (14 bytes).
    Removing stm32f0xx_i2c.o(.text), (4 bytes).
    Removing stm32f0xx_iwdg.o(.rev16_text), (4 bytes).
    Removing stm32f0xx_iwdg.o(.revsh_text), (4 bytes).
    Removing stm32f0xx_iwdg.o(.text), (12 bytes).
    Removing stm32f0xx_iwdg.o(.text), (12 bytes).
    Removing stm32f0xx_iwdg.o(.text), (12 bytes).
    Removing stm32f0xx_iwdg.o(.text), (16 bytes).
    Removing stm32f0xx_iwdg.o(.text), (12 bytes).
    Removing stm32f0xx_iwdg.o(.text), (16 bytes).
    Removing stm32f0xx_iwdg.o(.text), (20 bytes).
    Removing stm32f0xx_misc.o(.rev16_text), (4 bytes).
    Removing stm32f0xx_misc.o(.revsh_text), (4 bytes).
    Removing stm32f0xx_misc.o(.text), (24 bytes).
    Removing stm32f0xx_misc.o(.text), (24 bytes).
    Removing stm32f0xx_pwr.o(.rev16_text), (4 bytes).
    Removing stm32f0xx_pwr.o(.revsh_text), (4 bytes).
    Removing stm32f0xx_pwr.o(.text), (22 bytes).
    Removing stm32f0xx_pwr.o(.text), (20 bytes).
    Removing stm32f0xx_pwr.o(.text), (24 bytes).
    Removing stm32f0xx_pwr.o(.text), (24 bytes).
    Removing stm32f0xx_pwr.o(.text), (28 bytes).
    Removing stm32f0xx_pwr.o(.text), (48 bytes).
    Removing stm32f0xx_pwr.o(.text), (40 bytes).
    Removing stm32f0xx_pwr.o(.text), (20 bytes).
    Removing stm32f0xx_pwr.o(.text), (16 bytes).
    Removing stm32f0xx_rcc.o(.rev16_text), (4 bytes).
    Removing stm32f0xx_rcc.o(.revsh_text), (4 bytes).
    Removing stm32f0xx_rcc.o(.text), (92 bytes).
    Removing stm32f0xx_rcc.o(.text), (16 bytes).
    Removing stm32f0xx_rcc.o(.text), (52 bytes).
    Removing stm32f0xx_rcc.o(.text), (38 bytes).
    Removing stm32f0xx_rcc.o(.text), (20 bytes).
    Removing stm32f0xx_rcc.o(.text), (28 bytes).
    Removing stm32f0xx_rcc.o(.text), (20 bytes).
    Removing stm32f0xx_rcc.o(.text), (28 bytes).
    Removing stm32f0xx_rcc.o(.text), (24 bytes).
    Removing stm32f0xx_rcc.o(.text), (32 bytes).
    Removing stm32f0xx_rcc.o(.text), (24 bytes).
    Removing stm32f0xx_rcc.o(.text), (28 bytes).
    Removing stm32f0xx_rcc.o(.text), (28 bytes).
    Removing stm32f0xx_rcc.o(.text), (20 bytes).
    Removing stm32f0xx_rcc.o(.text), (28 bytes).
    Removing stm32f0xx_rcc.o(.text), (12 bytes).
    Removing stm32f0xx_rcc.o(.text), (20 bytes).
    Removing stm32f0xx_rcc.o(.text), (16 bytes).
    Removing stm32f0xx_rcc.o(.text), (20 bytes).
    Removing stm32f0xx_rcc.o(.text), (20 bytes).
    Removing stm32f0xx_rcc.o(.text), (44 bytes).
    Removing stm32f0xx_rcc.o(.text), (24 bytes).
    Removing stm32f0xx_rcc.o(.text), (24 bytes).
    Removing stm32f0xx_rcc.o(.text), (24 bytes).
    Removing stm32f0xx_rcc.o(.text), (28 bytes).
    Removing stm32f0xx_rcc.o(.text), (24 bytes).
    Removing stm32f0xx_rcc.o(.text), (24 bytes).
    Removing stm32f0xx_rcc.o(.text), (24 bytes).
    Removing stm32f0xx_rcc.o(.text), (20 bytes).
    Removing stm32f0xx_rcc.o(.text), (20 bytes).
    Removing stm32f0xx_rcc.o(.text), (12 bytes).
    Removing stm32f0xx_rtc.o(.rev16_text), (4 bytes).
    Removing stm32f0xx_rtc.o(.revsh_text), (4 bytes).
    Removing stm32f0xx_rtc.o(.text), (84 bytes).
    Removing stm32f0xx_rtc.o(.text), (14 bytes).
    Removing stm32f0xx_rtc.o(.text), (24 bytes).
    Removing stm32f0xx_rtc.o(.text), (60 bytes).
    Removing stm32f0xx_rtc.o(.text), (40 bytes).
    Removing stm32f0xx_rtc.o(.text), (144 bytes).
    Removing stm32f0xx_rtc.o(.text), (12 bytes).
    Removing stm32f0xx_rtc.o(.text), (148 bytes).
    Removing stm32f0xx_rtc.o(.text), (136 bytes).
    Removing stm32f0xx_rtc.o(.text), (20 bytes).
    Removing stm32f0xx_rtc.o(.text), (100 bytes).
    Removing stm32f0xx_rtc.o(.text), (72 bytes).
    Removing stm32f0xx_rtc.o(.text), (32 bytes).
    Removing stm32f0xx_rtc.o(.text), (16 bytes).
    Removing stm32f0xx_rtc.o(.text), (40 bytes).
    Removing stm32f0xx_rtc.o(.text), (16 bytes).
    Removing stm32f0xx_rtc.o(.text), (40 bytes).
    Removing stm32f0xx_rtc.o(.text), (40 bytes).
    Removing stm32f0xx_rtc.o(.text), (36 bytes).
    Removing stm32f0xx_rtc.o(.text), (64 bytes).
    Removing stm32f0xx_rtc.o(.text), (44 bytes).
    Removing stm32f0xx_rtc.o(.text), (132 bytes).
    Removing stm32f0xx_rtc.o(.text), (12 bytes).
    Removing stm32f0xx_rtc.o(.text), (24 bytes).
    Removing stm32f0xx_rtc.o(.text), (24 bytes).
    Removing stm32f0xx_rtc.o(.text), (24 bytes).
    Removing stm32f0xx_rtc.o(.text), (24 bytes).
    Removing stm32f0xx_rtc.o(.text), (24 bytes).
    Removing stm32f0xx_rtc.o(.text), (24 bytes).
    Removing stm32f0xx_rtc.o(.text), (24 bytes).
    Removing stm32f0xx_rtc.o(.text), (16 bytes).
    Removing stm32f0xx_rtc.o(.text), (16 bytes).
    Removing stm32f0xx_rtc.o(.text), (24 bytes).
    Removing stm32f0xx_rtc.o(.text), (76 bytes).
    Removing stm32f0xx_rtc.o(.text), (60 bytes).
    Removing stm32f0xx_rtc.o(.text), (28 bytes).
    Removing stm32f0xx_rtc.o(.text), (28 bytes).
    Removing stm32f0xx_rtc.o(.text), (60 bytes).
    Removing stm32f0xx_rtc.o(.text), (28 bytes).
    Removing stm32f0xx_rtc.o(.text), (24 bytes).
    Removing stm32f0xx_spi.o(.rev16_text), (4 bytes).
    Removing stm32f0xx_spi.o(.revsh_text), (4 bytes).
    Removing stm32f0xx_spi.o(.text), (64 bytes).
    Removing stm32f0xx_spi.o(.text), (28 bytes).
    Removing stm32f0xx_spi.o(.text), (84 bytes).
    Removing stm32f0xx_spi.o(.text), (18 bytes).
    Removing stm32f0xx_spi.o(.text), (156 bytes).
    Removing stm32f0xx_spi.o(.text), (18 bytes).
    Removing stm32f0xx_spi.o(.text), (18 bytes).
    Removing stm32f0xx_spi.o(.text), (28 bytes).
    Removing stm32f0xx_spi.o(.text), (16 bytes).
    Removing stm32f0xx_spi.o(.text), (20 bytes).
    Removing stm32f0xx_spi.o(.text), (28 bytes).
    Removing stm32f0xx_spi.o(.text), (28 bytes).
    Removing stm32f0xx_spi.o(.text), (18 bytes).
    Removing stm32f0xx_spi.o(.text), (18 bytes).
    Removing stm32f0xx_spi.o(.text), (4 bytes).
    Removing stm32f0xx_spi.o(.text), (4 bytes).
    Removing stm32f0xx_spi.o(.text), (4 bytes).
    Removing stm32f0xx_spi.o(.text), (4 bytes).
    Removing stm32f0xx_spi.o(.text), (20 bytes).
    Removing stm32f0xx_spi.o(.text), (28 bytes).
    Removing stm32f0xx_spi.o(.text), (12 bytes).
    Removing stm32f0xx_spi.o(.text), (12 bytes).
    Removing stm32f0xx_spi.o(.text), (4 bytes).
    Removing stm32f0xx_spi.o(.text), (16 bytes).
    Removing stm32f0xx_spi.o(.text), (20 bytes).
    Removing stm32f0xx_spi.o(.text), (24 bytes).
    Removing stm32f0xx_spi.o(.text), (10 bytes).
    Removing stm32f0xx_spi.o(.text), (10 bytes).
    Removing stm32f0xx_spi.o(.text), (14 bytes).
    Removing stm32f0xx_spi.o(.text), (6 bytes).
    Removing stm32f0xx_spi.o(.text), (42 bytes).
    Removing stm32f0xx_syscfg.o(.rev16_text), (4 bytes).
    Removing stm32f0xx_syscfg.o(.revsh_text), (4 bytes).
    Removing stm32f0xx_syscfg.o(.text), (36 bytes).
    Removing stm32f0xx_syscfg.o(.text), (20 bytes).
    Removing stm32f0xx_syscfg.o(.text), (24 bytes).
    Removing stm32f0xx_syscfg.o(.text), (24 bytes).
    Removing stm32f0xx_syscfg.o(.text), (40 bytes).
    Removing stm32f0xx_syscfg.o(.text), (16 bytes).
    Removing stm32f0xx_syscfg.o(.text), (20 bytes).
    Removing stm32f0xx_syscfg.o(.text), (16 bytes).
    Removing stm32f0xx_tim.o(.rev16_text), (4 bytes).
    Removing stm32f0xx_tim.o(.revsh_text), (4 bytes).
    Removing stm32f0xx_tim.o(.text), (180 bytes).
    Removing stm32f0xx_tim.o(.text), (18 bytes).
    Removing stm32f0xx_tim.o(.text), (6 bytes).
    Removing stm32f0xx_tim.o(.text), (12 bytes).
    Removing stm32f0xx_tim.o(.text), (4 bytes).
    Removing stm32f0xx_tim.o(.text), (4 bytes).
    Removing stm32f0xx_tim.o(.text), (4 bytes).
    Removing stm32f0xx_tim.o(.text), (4 bytes).
    Removing stm32f0xx_tim.o(.text), (18 bytes).
    Removing stm32f0xx_tim.o(.text), (18 bytes).
    Removing stm32f0xx_tim.o(.text), (18 bytes).
    Removing stm32f0xx_tim.o(.text), (16 bytes).
    Removing stm32f0xx_tim.o(.text), (20 bytes).
    Removing stm32f0xx_tim.o(.text), (34 bytes).
    Removing stm32f0xx_tim.o(.text), (18 bytes).
    Removing stm32f0xx_tim.o(.text), (124 bytes).
    Removing stm32f0xx_tim.o(.text), (136 bytes).
    Removing stm32f0xx_tim.o(.text), (100 bytes).
    Removing stm32f0xx_tim.o(.text), (20 bytes).
    Removing stm32f0xx_tim.o(.text), (70 bytes).
    Removing stm32f0xx_tim.o(.text), (4 bytes).
    Removing stm32f0xx_tim.o(.text), (4 bytes).
    Removing stm32f0xx_tim.o(.text), (4 bytes).
    Removing stm32f0xx_tim.o(.text), (4 bytes).
    Removing stm32f0xx_tim.o(.text), (12 bytes).
    Removing stm32f0xx_tim.o(.text), (20 bytes).
    Removing stm32f0xx_tim.o(.text), (12 bytes).
    Removing stm32f0xx_tim.o(.text), (20 bytes).
    Removing stm32f0xx_tim.o(.text), (20 bytes).
    Removing stm32f0xx_tim.o(.text), (12 bytes).
    Removing stm32f0xx_tim.o(.text), (20 bytes).
    Removing stm32f0xx_tim.o(.text), (12 bytes).
    Removing stm32f0xx_tim.o(.text), (20 bytes).
    Removing stm32f0xx_tim.o(.text), (12 bytes).
    Removing stm32f0xx_tim.o(.text), (20 bytes).
    Removing stm32f0xx_tim.o(.text), (12 bytes).
    Removing stm32f0xx_tim.o(.text), (20 bytes).
    Removing stm32f0xx_tim.o(.text), (12 bytes).
    Removing stm32f0xx_tim.o(.text), (14 bytes).
    Removing stm32f0xx_tim.o(.text), (12 bytes).
    Removing stm32f0xx_tim.o(.text), (14 bytes).
    Removing stm32f0xx_tim.o(.text), (12 bytes).
    Removing stm32f0xx_tim.o(.text), (12 bytes).
    Removing stm32f0xx_tim.o(.text), (14 bytes).
    Removing stm32f0xx_tim.o(.text), (14 bytes).
    Removing stm32f0xx_tim.o(.text), (20 bytes).
    Removing stm32f0xx_tim.o(.text), (20 bytes).
    Removing stm32f0xx_tim.o(.text), (20 bytes).
    Removing stm32f0xx_tim.o(.text), (16 bytes).
    Removing stm32f0xx_tim.o(.text), (22 bytes).
    Removing stm32f0xx_tim.o(.text), (22 bytes).
    Removing stm32f0xx_tim.o(.text), (18 bytes).
    Removing stm32f0xx_tim.o(.text), (24 bytes).
    Removing stm32f0xx_tim.o(.text), (16 bytes).
    Removing stm32f0xx_tim.o(.text), (24 bytes).
    Removing stm32f0xx_tim.o(.text), (48 bytes).
    Removing stm32f0xx_tim.o(.text), (16 bytes).
    Removing stm32f0xx_tim.o(.text), (40 bytes).
    Removing stm32f0xx_tim.o(.text), (184 bytes).
    Removing stm32f0xx_tim.o(.text), (16 bytes).
    Removing stm32f0xx_tim.o(.text), (104 bytes).
    Removing stm32f0xx_tim.o(.text), (4 bytes).
    Removing stm32f0xx_tim.o(.text), (4 bytes).
    Removing stm32f0xx_tim.o(.text), (4 bytes).
    Removing stm32f0xx_tim.o(.text), (4 bytes).
    Removing stm32f0xx_tim.o(.text), (16 bytes).
    Removing stm32f0xx_tim.o(.text), (4 bytes).
    Removing stm32f0xx_tim.o(.text), (14 bytes).
    Removing stm32f0xx_tim.o(.text), (6 bytes).
    Removing stm32f0xx_tim.o(.text), (24 bytes).
    Removing stm32f0xx_tim.o(.text), (6 bytes).
    Removing stm32f0xx_tim.o(.text), (8 bytes).
    Removing stm32f0xx_tim.o(.text), (16 bytes).
    Removing stm32f0xx_tim.o(.text), (18 bytes).
    Removing stm32f0xx_tim.o(.text), (10 bytes).
    Removing stm32f0xx_tim.o(.text), (12 bytes).
    Removing stm32f0xx_tim.o(.text), (18 bytes).
    Removing stm32f0xx_tim.o(.text), (44 bytes).
    Removing stm32f0xx_tim.o(.text), (18 bytes).
    Removing stm32f0xx_tim.o(.text), (28 bytes).
    Removing stm32f0xx_tim.o(.text), (20 bytes).
    Removing stm32f0xx_tim.o(.text), (16 bytes).
    Removing stm32f0xx_tim.o(.text), (16 bytes).
    Removing stm32f0xx_tim.o(.text), (16 bytes).
    Removing stm32f0xx_tim.o(.text), (48 bytes).
    Removing stm32f0xx_tim.o(.text), (18 bytes).
    Removing stm32f0xx_tim.o(.text), (6 bytes).
    Removing stm32f0xx_usart.o(.rev16_text), (4 bytes).
    Removing stm32f0xx_usart.o(.revsh_text), (4 bytes).
    Removing stm32f0xx_usart.o(.text), (64 bytes).
    Removing stm32f0xx_usart.o(.text), (22 bytes).
    Removing stm32f0xx_usart.o(.text), (30 bytes).
    Removing stm32f0xx_usart.o(.text), (12 bytes).
    Removing stm32f0xx_usart.o(.text), (16 bytes).
    Removing stm32f0xx_usart.o(.text), (20 bytes).
    Removing stm32f0xx_usart.o(.text), (20 bytes).
    Removing stm32f0xx_usart.o(.text), (20 bytes).
    Removing stm32f0xx_usart.o(.text), (20 bytes).
    Removing stm32f0xx_usart.o(.text), (16 bytes).
    Removing stm32f0xx_usart.o(.text), (20 bytes).
    Removing stm32f0xx_usart.o(.text), (20 bytes).
    Removing stm32f0xx_usart.o(.text), (16 bytes).
    Removing stm32f0xx_usart.o(.text), (16 bytes).
    Removing stm32f0xx_usart.o(.text), (18 bytes).
    Removing stm32f0xx_usart.o(.text), (18 bytes).
    Removing stm32f0xx_usart.o(.text), (20 bytes).
    Removing stm32f0xx_usart.o(.text), (18 bytes).
    Removing stm32f0xx_usart.o(.text), (12 bytes).
    Removing stm32f0xx_usart.o(.text), (18 bytes).
    Removing stm32f0xx_usart.o(.text), (20 bytes).
    Removing stm32f0xx_usart.o(.text), (18 bytes).
    Removing stm32f0xx_usart.o(.text), (16 bytes).
    Removing stm32f0xx_usart.o(.text), (16 bytes).
    Removing stm32f0xx_usart.o(.text), (20 bytes).
    Removing stm32f0xx_usart.o(.text), (18 bytes).
    Removing stm32f0xx_usart.o(.text), (16 bytes).
    Removing stm32f0xx_usart.o(.text), (18 bytes).
    Removing stm32f0xx_usart.o(.text), (18 bytes).
    Removing stm32f0xx_usart.o(.text), (20 bytes).
    Removing stm32f0xx_usart.o(.text), (18 bytes).
    Removing stm32f0xx_usart.o(.text), (16 bytes).
    Removing stm32f0xx_usart.o(.text), (18 bytes).
    Removing stm32f0xx_usart.o(.text), (20 bytes).
    Removing stm32f0xx_usart.o(.text), (18 bytes).
    Removing stm32f0xx_usart.o(.text), (20 bytes).
    Removing stm32f0xx_usart.o(.text), (20 bytes).
    Removing stm32f0xx_usart.o(.text), (16 bytes).
    Removing stm32f0xx_usart.o(.text), (18 bytes).
    Removing stm32f0xx_usart.o(.text), (16 bytes).
    Removing stm32f0xx_usart.o(.text), (18 bytes).
    Removing stm32f0xx_usart.o(.text), (4 bytes).
    Removing stm32f0xx_wwdg.o(.rev16_text), (4 bytes).
    Removing stm32f0xx_wwdg.o(.revsh_text), (4 bytes).
    Removing stm32f0xx_wwdg.o(.text), (22 bytes).
    Removing stm32f0xx_wwdg.o(.text), (20 bytes).
    Removing stm32f0xx_wwdg.o(.text), (24 bytes).
    Removing stm32f0xx_wwdg.o(.text), (16 bytes).
    Removing stm32f0xx_wwdg.o(.text), (16 bytes).
    Removing stm32f0xx_wwdg.o(.text), (16 bytes).
    Removing stm32f0xx_wwdg.o(.text), (20 bytes).
    Removing stm32f0xx_wwdg.o(.text), (12 bytes).
    Removing system_stm32f0xx.o(.rev16_text), (4 bytes).
    Removing system_stm32f0xx.o(.revsh_text), (4 bytes).
    Removing system_stm32f0xx.o(.text), (112 bytes).
    Removing startup_stm32f0xx.o(HEAP), (512 bytes).
    Removing rt_task.o(i.rt_tsk_pass), (44 bytes).
    Removing rt_task.o(i.rt_tsk_prio), (132 bytes).
    Removing rt_task.o(i.rt_tsk_self), (16 bytes).
    Removing rt_time.o(i.rt_itv_set), (24 bytes).
    Removing rt_time.o(i.rt_itv_wait), (44 bytes).
    Removing rt_time.o(i.rt_time_get), (12 bytes).
    Removing rt_system.o(.emb_text), (0 bytes).
    Removing rt_system.o(i.rt_psh_req), (32 bytes).
    Removing rt_system.o(i.rt_resume), (172 bytes).
    Removing rt_system.o(i.rt_suspend), (52 bytes).
    Removing rt_system.o(i.rt_tsk_lock), (84 bytes).
    Removing rt_system.o(i.rt_tsk_unlock), (84 bytes).
    Removing rt_list.o(i.rt_get_same_rdy_prio), (36 bytes).
    Removing rt_list.o(i.rt_psq_enq), (64 bytes).
    Removing rt_list.o(i.rt_resort_prio), (48 bytes).
    Removing rt_membox.o(i._calloc_box), (30 bytes).
    Removing rt_event.o(i.isr_evt_set), (36 bytes).
    Removing rt_event.o(i.rt_evt_clr), (28 bytes).
    Removing rt_event.o(i.rt_evt_get), (12 bytes).
    Removing rt_event.o(i.rt_evt_set), (92 bytes).
    Removing rt_event.o(i.rt_evt_wait), (64 bytes).
    Removing rt_mailbox.o(i.isr_mbx_receive), (74 bytes).
    Removing rt_mailbox.o(i.isr_mbx_send), (12 bytes).
    Removing rt_mailbox.o(i.rt_mbx_check), (8 bytes).
    Removing rt_mailbox.o(i.rt_mbx_init), (32 bytes).
    Removing rt_mailbox.o(i.rt_mbx_send), (156 bytes).
    Removing rt_mailbox.o(i.rt_mbx_wait), (176 bytes).
    Removing rt_semaphore.o(i.isr_sem_send), (14 bytes).
    Removing rt_semaphore.o(i.rt_sem_init), (12 bytes).
    Removing rt_semaphore.o(i.rt_sem_send), (60 bytes).
    Removing rt_semaphore.o(i.rt_sem_wait), (68 bytes).
    Removing rt_timer.o(i.rt_tmr_create), (80 bytes).
    Removing rt_timer.o(i.rt_tmr_kill), (52 bytes).
    Removing d2f.o(.text), (56 bytes).
    Removing cfrcmple.o(.text), (20 bytes).
    Removing interrupted_charging.o(i.__ARM_common_switch8), (26 bytes).

554 unused section(s) (total 15488 bytes) removed from the image.

==============================================================================

Image Symbol Table

    Local Symbols

    Symbol Name                              Value     Ov Type        Size  Object(Section)

    ../clib/microlib/division.c              0x00000000   Number         0  uldiv.o ABSOLUTE
    ../clib/microlib/division.c              0x00000000   Number         0  idiv.o ABSOLUTE
    ../clib/microlib/division.c              0x00000000   Number         0  uidiv.o ABSOLUTE
    ../clib/microlib/init/entry.s            0x00000000   Number         0  entry7a.o ABSOLUTE
    ../clib/microlib/init/entry.s            0x00000000   Number         0  entry5.o ABSOLUTE
    ../clib/microlib/init/entry.s            0x00000000   Number         0  entry7b.o ABSOLUTE
    ../clib/microlib/init/entry.s            0x00000000   Number         0  entry8.o ABSOLUTE
    ../clib/microlib/init/entry.s            0x00000000   Number         0  entry2.o ABSOLUTE
    ../clib/microlib/init/entry.s            0x00000000   Number         0  entry.o ABSOLUTE
    ../clib/microlib/longlong.c              0x00000000   Number         0  llushr.o ABSOLUTE
    ../clib/microlib/longlong.c              0x00000000   Number         0  llshl.o ABSOLUTE
    ../clib/microlib/longlong.c              0x00000000   Number         0  llsshr.o ABSOLUTE
    ../clib/microlib/printf/printf.c         0x00000000   Number         0  printf8.o ABSOLUTE
    ../clib/microlib/printf/printf.c         0x00000000   Number         0  printfb.o ABSOLUTE
    ../clib/microlib/printf/printf.c         0x00000000   Number         0  printf4.o ABSOLUTE
    ../clib/microlib/printf/printf.c         0x00000000   Number         0  printf1.o ABSOLUTE
    ../clib/microlib/printf/printf.c         0x00000000   Number         0  printf2.o ABSOLUTE
    ../clib/microlib/printf/printf.c         0x00000000   Number         0  printf3.o ABSOLUTE
    ../clib/microlib/printf/printf.c         0x00000000   Number         0  printfa.o ABSOLUTE
    ../clib/microlib/printf/printf.c         0x00000000   Number         0  printf5.o ABSOLUTE
    ../clib/microlib/printf/printf.c         0x00000000   Number         0  printf6.o ABSOLUTE
    ../clib/microlib/printf/printf.c         0x00000000   Number         0  printf0.o ABSOLUTE
    ../clib/microlib/printf/printf.c         0x00000000   Number         0  printf7.o ABSOLUTE
    ../clib/microlib/printf/stubs.s          0x00000000   Number         0  stubs.o ABSOLUTE
    ../clib/microlib/string/memcpy.c         0x00000000   Number         0  memcpyb.o ABSOLUTE
    ../clib/microlib/string/memcpy.c         0x00000000   Number         0  memcpya.o ABSOLUTE
    ../clib/microlib/stubs.s                 0x00000000   Number         0  iusefp.o ABSOLUTE
    ../clib/microlib/stubs.s                 0x00000000   Number         0  useno.o ABSOLUTE
    ../clib/microlib/time/localtime.c        0x00000000   Number         0  localtime_i.o ABSOLUTE
    ../clib/microlib/time/localtime.c        0x00000000   Number         0  localtime_w.o ABSOLUTE
    ../clib/microlib/time/mktime.c           0x00000000   Number         0  mktime.o ABSOLUTE
    ../fplib/microlib/d2f.c                  0x00000000   Number         0  d2f.o ABSOLUTE
    ../fplib/microlib/f2d.c                  0x00000000   Number         0  f2d.o ABSOLUTE
    ../fplib/microlib/fpadd.c                0x00000000   Number         0  dadd.o ABSOLUTE
    ../fplib/microlib/fpadd.c                0x00000000   Number         0  fadd.o ABSOLUTE
    ../fplib/microlib/fpdiv.c                0x00000000   Number         0  fdiv.o ABSOLUTE
    ../fplib/microlib/fpdiv.c                0x00000000   Number         0  ddiv.o ABSOLUTE
    ../fplib/microlib/fpepilogue.c           0x00000000   Number         0  fepilogue.o ABSOLUTE
    ../fplib/microlib/fpepilogue.c           0x00000000   Number         0  depilogue.o ABSOLUTE
    ../fplib/microlib/fpfix.c                0x00000000   Number         0  dfixul.o ABSOLUTE
    ../fplib/microlib/fpfix.c                0x00000000   Number         0  dfixui.o ABSOLUTE
    ../fplib/microlib/fpflt.c                0x00000000   Number         0  dfltui.o ABSOLUTE
    ../fplib/microlib/fpflt.c                0x00000000   Number         0  ffltui.o ABSOLUTE
    ../fplib/microlib/fpflt.c                0x00000000   Number         0  dflti.o ABSOLUTE
    ../fplib/microlib/fpmul.c                0x00000000   Number         0  fmul.o ABSOLUTE
    ../fplib/microlib/fpmul.c                0x00000000   Number         0  dmul.o ABSOLUTE
    CMSIS\ST\STM32F0xx\Source\Templates\arm\startup_stm32f0xx.s 0x00000000   Number         0  startup_stm32f0xx.o ABSOLUTE
    RTX_Conf_CM.c                            0x00000000   Number         0  rtx_conf_cm.o ABSOLUTE
    Retarget.c                               0x00000000   Number         0  retarget.o ABSOLUTE
    Retarget.c                               0x00000000   Number         0  retarget.o ABSOLUTE
    SRC\CM\HAL_CM1.c                         0x00000000   Number         0  hal_cm1.o ABSOLUTE
    SRC\CM\SVC_Table.s                       0x00000000   Number         0  SVC_Table.o ABSOLUTE
    SRC\CM\rt_Event.c                        0x00000000   Number         0  rt_event.o ABSOLUTE
    SRC\CM\rt_List.c                         0x00000000   Number         0  rt_list.o ABSOLUTE
    SRC\CM\rt_Mailbox.c                      0x00000000   Number         0  rt_mailbox.o ABSOLUTE
    SRC\CM\rt_MemBox.c                       0x00000000   Number         0  rt_membox.o ABSOLUTE
    SRC\CM\rt_Robin.c                        0x00000000   Number         0  rt_robin.o ABSOLUTE
    SRC\CM\rt_Semaphore.c                    0x00000000   Number         0  rt_semaphore.o ABSOLUTE
    SRC\CM\rt_System.c                       0x00000000   Number         0  rt_system.o ABSOLUTE
    SRC\CM\rt_Task.c                         0x00000000   Number         0  rt_task.o ABSOLUTE
    SRC\CM\rt_Time.c                         0x00000000   Number         0  rt_time.o ABSOLUTE
    SRC\CM\rt_Timer.c                        0x00000000   Number         0  rt_timer.o ABSOLUTE
    SRC\\CM\\HAL_CM1.c                       0x00000000   Number         0  hal_cm1.o ABSOLUTE
    SRC\\CM\\rt_System.c                     0x00000000   Number         0  rt_system.o ABSOLUTE
    STM32F0-Discovery\\stm32f0_discovery.c   0x00000000   Number         0  stm32f0_discovery.o ABSOLUTE
    STM32F0-Discovery\stm32f0_discovery.c    0x00000000   Number         0  stm32f0_discovery.o ABSOLUTE
    STM32F0xx_StdPeriph_Driver\\src\\stm32f0xx_adc.c 0x00000000   Number         0  stm32f0xx_adc.o ABSOLUTE
    STM32F0xx_StdPeriph_Driver\\src\\stm32f0xx_cec.c 0x00000000   Number         0  stm32f0xx_cec.o ABSOLUTE
    STM32F0xx_StdPeriph_Driver\\src\\stm32f0xx_comp.c 0x00000000   Number         0  stm32f0xx_comp.o ABSOLUTE
    STM32F0xx_StdPeriph_Driver\\src\\stm32f0xx_crc.c 0x00000000   Number         0  stm32f0xx_crc.o ABSOLUTE
    STM32F0xx_StdPeriph_Driver\\src\\stm32f0xx_dac.c 0x00000000   Number         0  stm32f0xx_dac.o ABSOLUTE
    STM32F0xx_StdPeriph_Driver\\src\\stm32f0xx_dbgmcu.c 0x00000000   Number         0  stm32f0xx_dbgmcu.o ABSOLUTE
    STM32F0xx_StdPeriph_Driver\\src\\stm32f0xx_dma.c 0x00000000   Number         0  stm32f0xx_dma.o ABSOLUTE
    STM32F0xx_StdPeriph_Driver\\src\\stm32f0xx_exti.c 0x00000000   Number         0  stm32f0xx_exti.o ABSOLUTE
    STM32F0xx_StdPeriph_Driver\\src\\stm32f0xx_flash.c 0x00000000   Number         0  stm32f0xx_flash.o ABSOLUTE
    STM32F0xx_StdPeriph_Driver\\src\\stm32f0xx_gpio.c 0x00000000   Number         0  stm32f0xx_gpio.o ABSOLUTE
    STM32F0xx_StdPeriph_Driver\\src\\stm32f0xx_i2c.c 0x00000000   Number         0  stm32f0xx_i2c.o ABSOLUTE
    STM32F0xx_StdPeriph_Driver\\src\\stm32f0xx_iwdg.c 0x00000000   Number         0  stm32f0xx_iwdg.o ABSOLUTE
    STM32F0xx_StdPeriph_Driver\\src\\stm32f0xx_misc.c 0x00000000   Number         0  stm32f0xx_misc.o ABSOLUTE
    STM32F0xx_StdPeriph_Driver\\src\\stm32f0xx_pwr.c 0x00000000   Number         0  stm32f0xx_pwr.o ABSOLUTE
    STM32F0xx_StdPeriph_Driver\\src\\stm32f0xx_rcc.c 0x00000000   Number         0  stm32f0xx_rcc.o ABSOLUTE
    STM32F0xx_StdPeriph_Driver\\src\\stm32f0xx_rtc.c 0x00000000   Number         0  stm32f0xx_rtc.o ABSOLUTE
    STM32F0xx_StdPeriph_Driver\\src\\stm32f0xx_spi.c 0x00000000   Number         0  stm32f0xx_spi.o ABSOLUTE
    STM32F0xx_StdPeriph_Driver\\src\\stm32f0xx_syscfg.c 0x00000000   Number         0  stm32f0xx_syscfg.o ABSOLUTE
    STM32F0xx_StdPeriph_Driver\\src\\stm32f0xx_tim.c 0x00000000   Number         0  stm32f0xx_tim.o ABSOLUTE
    STM32F0xx_StdPeriph_Driver\\src\\stm32f0xx_usart.c 0x00000000   Number         0  stm32f0xx_usart.o ABSOLUTE
    STM32F0xx_StdPeriph_Driver\\src\\stm32f0xx_wwdg.c 0x00000000   Number         0  stm32f0xx_wwdg.o ABSOLUTE
    STM32F0xx_StdPeriph_Driver\src\stm32f0xx_adc.c 0x00000000   Number         0  stm32f0xx_adc.o ABSOLUTE
    STM32F0xx_StdPeriph_Driver\src\stm32f0xx_cec.c 0x00000000   Number         0  stm32f0xx_cec.o ABSOLUTE
    STM32F0xx_StdPeriph_Driver\src\stm32f0xx_comp.c 0x00000000   Number         0  stm32f0xx_comp.o ABSOLUTE
    STM32F0xx_StdPeriph_Driver\src\stm32f0xx_crc.c 0x00000000   Number         0  stm32f0xx_crc.o ABSOLUTE
    STM32F0xx_StdPeriph_Driver\src\stm32f0xx_dac.c 0x00000000   Number         0  stm32f0xx_dac.o ABSOLUTE
    STM32F0xx_StdPeriph_Driver\src\stm32f0xx_dbgmcu.c 0x00000000   Number         0  stm32f0xx_dbgmcu.o ABSOLUTE
    STM32F0xx_StdPeriph_Driver\src\stm32f0xx_dma.c 0x00000000   Number         0  stm32f0xx_dma.o ABSOLUTE
    STM32F0xx_StdPeriph_Driver\src\stm32f0xx_exti.c 0x00000000   Number         0  stm32f0xx_exti.o ABSOLUTE
    STM32F0xx_StdPeriph_Driver\src\stm32f0xx_flash.c 0x00000000   Number         0  stm32f0xx_flash.o ABSOLUTE
    STM32F0xx_StdPeriph_Driver\src\stm32f0xx_gpio.c 0x00000000   Number         0  stm32f0xx_gpio.o ABSOLUTE
    STM32F0xx_StdPeriph_Driver\src\stm32f0xx_i2c.c 0x00000000   Number         0  stm32f0xx_i2c.o ABSOLUTE
    STM32F0xx_StdPeriph_Driver\src\stm32f0xx_iwdg.c 0x00000000   Number         0  stm32f0xx_iwdg.o ABSOLUTE
    STM32F0xx_StdPeriph_Driver\src\stm32f0xx_misc.c 0x00000000   Number         0  stm32f0xx_misc.o ABSOLUTE
    STM32F0xx_StdPeriph_Driver\src\stm32f0xx_pwr.c 0x00000000   Number         0  stm32f0xx_pwr.o ABSOLUTE
    STM32F0xx_StdPeriph_Driver\src\stm32f0xx_rcc.c 0x00000000   Number         0  stm32f0xx_rcc.o ABSOLUTE
    STM32F0xx_StdPeriph_Driver\src\stm32f0xx_rtc.c 0x00000000   Number         0  stm32f0xx_rtc.o ABSOLUTE
    STM32F0xx_StdPeriph_Driver\src\stm32f0xx_spi.c 0x00000000   Number         0  stm32f0xx_spi.o ABSOLUTE
    STM32F0xx_StdPeriph_Driver\src\stm32f0xx_syscfg.c 0x00000000   Number         0  stm32f0xx_syscfg.o ABSOLUTE
    STM32F0xx_StdPeriph_Driver\src\stm32f0xx_tim.c 0x00000000   Number         0  stm32f0xx_tim.o ABSOLUTE
    STM32F0xx_StdPeriph_Driver\src\stm32f0xx_usart.c 0x00000000   Number         0  stm32f0xx_usart.o ABSOLUTE
    STM32F0xx_StdPeriph_Driver\src\stm32f0xx_wwdg.c 0x00000000   Number         0  stm32f0xx_wwdg.o ABSOLUTE
    adc.c                                    0x00000000   Number         0  adc.o ABSOLUTE
    adc.c                                    0x00000000   Number         0  adc.o ABSOLUTE
    cdrcmple.s                               0x00000000   Number         0  cdrcmple.o ABSOLUTE
    cfrcmple.s                               0x00000000   Number         0  cfrcmple.o ABSOLUTE
    dc.s                                     0x00000000   Number         0  dc.o ABSOLUTE
    handlers.s                               0x00000000   Number         0  handlers.o ABSOLUTE
    init.s                                   0x00000000   Number         0  init.o ABSOLUTE
    interrupted_charging.c                   0x00000000   Number         0  interrupted_charging.o ABSOLUTE
    interrupted_charging.c                   0x00000000   Number         0  interrupted_charging.o ABSOLUTE
    main.c                                   0x00000000   Number         0  main.o ABSOLUTE
    main.c                                   0x00000000   Number         0  main.o ABSOLUTE
    perturb_and_observe.c                    0x00000000   Number         0  perturb_and_observe.o ABSOLUTE
    perturb_and_observe.c                    0x00000000   Number         0  perturb_and_observe.o ABSOLUTE
    pwm.c                                    0x00000000   Number         0  pwm.o ABSOLUTE
    pwm.c                                    0x00000000   Number         0  pwm.o ABSOLUTE
    serial.c                                 0x00000000   Number         0  serial.o ABSOLUTE
    serial.c                                 0x00000000   Number         0  serial.o ABSOLUTE
    system_stm32f0xx.c                       0x00000000   Number         0  system_stm32f0xx.o ABSOLUTE
    system_stm32f0xx.c                       0x00000000   Number         0  system_stm32f0xx.o ABSOLUTE
    RESET                                    0x08000000   Section      192  startup_stm32f0xx.o(RESET)
    .ARM.Collect$$$$00000000                 0x080000c0   Section        0  entry.o(.ARM.Collect$$$$00000000)
    .ARM.Collect$$$$00000001                 0x080000c0   Section        4  entry2.o(.ARM.Collect$$$$00000001)
    .ARM.Collect$$$$00000004                 0x080000c4   Section        4  entry5.o(.ARM.Collect$$$$00000004)
    .ARM.Collect$$$$00000008                 0x080000c8   Section        0  entry7b.o(.ARM.Collect$$$$00000008)
    .ARM.Collect$$$$00000009                 0x080000c8   Section        8  entry8.o(.ARM.Collect$$$$00000009)
    .ARM.Collect$$$$00002712                 0x080000d0   Section        4  entry2.o(.ARM.Collect$$$$00002712)
    __lit__00000000                          0x080000d0   Data           4  entry2.o(.ARM.Collect$$$$00002712)
    .emb_text                                0x080000d4   Section      392  hal_cm1.o(.emb_text)
    .text                                    0x0800025c   Section        0  main.o(.text)
    .text                                    0x080003b4   Section        0  retarget.o(.text)
    .text                                    0x080003c0   Section        0  adc.o(.text)
    .text                                    0x08000588   Section        0  perturb_and_observe.o(.text)
    .text                                    0x080006a8   Section        0  pwm.o(.text)
    .text                                    0x080007fc   Section        0  serial.o(.text)
    UART2_Init                               0x0800090b   Thumb Code   136  serial.o(.text)
    .text                                    0x080009a8   Section        0  stm32f0xx_adc.o(.text)
    .text                                    0x08000a98   Section        0  stm32f0xx_dma.o(.text)
    .text                                    0x08000b70   Section        0  stm32f0xx_gpio.o(.text)
    .text                                    0x08000c18   Section        0  stm32f0xx_misc.o(.text)
    .text                                    0x08000c68   Section        0  stm32f0xx_pwr.o(.text)
    .text                                    0x08000c80   Section        0  stm32f0xx_rcc.o(.text)
    .text                                    0x08000df0   Section        0  stm32f0xx_rtc.o(.text)
    RTC_Bcd2ToByte                           0x08000f53   Thumb Code    16  stm32f0xx_rtc.o(.text)
    .text                                    0x08000f70   Section        0  stm32f0xx_tim.o(.text)
    .text                                    0x08001078   Section        0  stm32f0xx_usart.o(.text)
    .text                                    0x080011c4   Section        0  system_stm32f0xx.o(.text)
    SetSysClock                              0x08001219   Thumb Code    80  system_stm32f0xx.o(.text)
    .text                                    0x08001278   Section       28  startup_stm32f0xx.o(.text)
    .text                                    0x08001294   Section        0  rtx_conf_cm.o(.text)
    .text                                    0x0800129a   Section        0  uidiv.o(.text)
    .text                                    0x080012c6   Section        0  fadd.o(.text)
    .text                                    0x08001378   Section        0  fmul.o(.text)
    .text                                    0x080013f2   Section        0  fdiv.o(.text)
    .text                                    0x08001474   Section        0  dadd.o(.text)
    .text                                    0x080015d8   Section        0  dmul.o(.text)
    .text                                    0x080016a8   Section        0  ddiv.o(.text)
    .text                                    0x08001798   Section        0  ffltui.o(.text)
    .text                                    0x080017a8   Section        0  dflti.o(.text)
    .text                                    0x080017d0   Section        0  dfltui.o(.text)
    .text                                    0x080017ec   Section        0  dfixui.o(.text)
    .text                                    0x08001828   Section        0  f2d.o(.text)
    .text                                    0x08001850   Section        0  uldiv.o(.text)
    .text                                    0x080018b0   Section        0  llshl.o(.text)
    .text                                    0x080018d0   Section        0  llushr.o(.text)
    .text                                    0x080018f2   Section        0  llsshr.o(.text)
    .text                                    0x08001918   Section        0  iusefp.o(.text)
    .text                                    0x08001918   Section        0  fepilogue.o(.text)
    .text                                    0x0800199c   Section        0  depilogue.o(.text)
    .text                                    0x08001a5c   Section        0  dfixul.o(.text)
    .text                                    0x08001a9c   Section       40  cdrcmple.o(.text)
    .text                                    0x08001ac4   Section       36  init.o(.text)
    SVC_TABLE                                0x08001ae8   Section        4  SVC_Table.o(SVC_TABLE)
    i.__0printf                              0x08001aec   Section        0  printfa.o(i.__0printf)
    i.__ARM_clz                              0x08001b0c   Section        0  depilogue.o(i.__ARM_clz)
    i.__scatterload_copy                     0x08001b3a   Section       14  handlers.o(i.__scatterload_copy)
    i.__scatterload_null                     0x08001b48   Section        2  handlers.o(i.__scatterload_null)
    i.__scatterload_zeroinit                 0x08001b4a   Section       14  handlers.o(i.__scatterload_zeroinit)
    i._fp_digits                             0x08001b58   Section        0  printfa.o(i._fp_digits)
    _fp_digits                               0x08001b59   Thumb Code   314  printfa.o(i._fp_digits)
    i._init_box                              0x08001cb0   Section        0  rt_membox.o(i._init_box)
    i._printf_core                           0x08001cf8   Section        0  printfa.o(i._printf_core)
    _printf_core                             0x08001cf9   Thumb Code  1766  printfa.o(i._printf_core)
    i._printf_post_padding                   0x080023f0   Section        0  printfa.o(i._printf_post_padding)
    _printf_post_padding                     0x080023f1   Thumb Code    32  printfa.o(i._printf_post_padding)
    i._printf_pre_padding                    0x08002410   Section        0  printfa.o(i._printf_pre_padding)
    _printf_pre_padding                      0x08002411   Thumb Code    44  printfa.o(i._printf_pre_padding)
    i.os_tick_init                           0x0800243c   Section        0  rt_system.o(i.os_tick_init)
    i.os_tick_irqack                         0x08002468   Section        0  rt_system.o(i.os_tick_irqack)
    i.rt_alloc_box                           0x0800246a   Section        0  rt_membox.o(i.rt_alloc_box)
    i.rt_block                               0x08002488   Section        0  rt_task.o(i.rt_block)
    i.rt_chk_robin                           0x080024c0   Section        0  rt_robin.o(i.rt_chk_robin)
    i.rt_dec_dly                             0x08002504   Section        0  rt_list.o(i.rt_dec_dly)
    i.rt_dispatch                            0x0800257c   Section        0  rt_task.o(i.rt_dispatch)
    i.rt_dly_wait                            0x080025bc   Section        0  rt_time.o(i.rt_dly_wait)
    i.rt_evt_psh                             0x080025c8   Section        0  rt_event.o(i.rt_evt_psh)
    i.rt_free_box                            0x08002614   Section        0  rt_membox.o(i.rt_free_box)
    i.rt_get_first                           0x0800263a   Section        0  rt_list.o(i.rt_get_first)
    i.rt_init_context                        0x08002664   Section        0  rt_task.o(i.rt_init_context)
    rt_init_context                          0x08002665   Thumb Code    64  rt_task.o(i.rt_init_context)
    i.rt_init_robin                          0x080026a8   Section        0  rt_robin.o(i.rt_init_robin)
    i.rt_init_stack                          0x080026c0   Section        0  hal_cm1.o(i.rt_init_stack)
    i.rt_mbx_psh                             0x0800270c   Section        0  rt_mailbox.o(i.rt_mbx_psh)
    i.rt_pop_req                             0x080027b8   Section        0  rt_system.o(i.rt_pop_req)
    i.rt_put_dly                             0x08002828   Section        0  rt_list.o(i.rt_put_dly)
    i.rt_put_prio                            0x08002878   Section        0  rt_list.o(i.rt_put_prio)
    i.rt_put_rdy_first                       0x080028b4   Section        0  rt_list.o(i.rt_put_rdy_first)
    i.rt_rmv_dly                             0x080028c8   Section        0  rt_list.o(i.rt_rmv_dly)
    i.rt_rmv_list                            0x080028f4   Section        0  rt_list.o(i.rt_rmv_list)
    i.rt_sem_psh                             0x08002928   Section        0  rt_semaphore.o(i.rt_sem_psh)
    i.rt_stk_check                           0x0800295c   Section        0  rt_system.o(i.rt_stk_check)
    i.rt_switch_req                          0x08002984   Section        0  rt_task.o(i.rt_switch_req)
    i.rt_sys_init                            0x08002994   Section        0  rt_task.o(i.rt_sys_init)
    i.rt_systick                             0x08002acc   Section        0  rt_system.o(i.rt_systick)
    i.rt_tmr_tick                            0x08002b08   Section        0  rt_timer.o(i.rt_tmr_tick)
    i.rt_tsk_create                          0x08002b48   Section        0  rt_task.o(i.rt_tsk_create)
    i.rt_tsk_delete                          0x08002bc4   Section        0  rt_task.o(i.rt_tsk_delete)
    .constdata                               0x08002c60   Section        2  rtx_conf_cm.o(.constdata)
    .constdata                               0x08002c64   Section        4  rtx_conf_cm.o(.constdata)
    .constdata                               0x08002c68   Section        4  rtx_conf_cm.o(.constdata)
    .constdata                               0x08002c6c   Section        4  rtx_conf_cm.o(.constdata)
    .constdata                               0x08002c70   Section        1  rtx_conf_cm.o(.constdata)
    .constdata                               0x08002c74   Section        8  rtx_conf_cm.o(.constdata)
    __tagsym$$used                           0x08002c74   Number         0  rtx_conf_cm.o(.constdata)
    __tagsym$$used                           0x08002c78   Number         0  rtx_conf_cm.o(.constdata)
    .constdata                               0x08002c7c   Section        2  rtx_conf_cm.o(.constdata)
    .constdata                               0x08002c80   Section        4  rtx_conf_cm.o(.constdata)
    .constdata                               0x08002c84   Section        1  rtx_conf_cm.o(.constdata)
    .constdata                               0x08002c86   Section        2  rtx_conf_cm.o(.constdata)
    .data                                    0x20000000   Section        8  main.o(.data)
    .data                                    0x20000008   Section        4  retarget.o(.data)
    .data                                    0x2000000c   Section        8  adc.o(.data)
    .data                                    0x20000014   Section       12  perturb_and_observe.o(.data)
    duty_cycle                               0x20000014   Data           4  perturb_and_observe.o(.data)
    p_panel_delay                            0x20000018   Data           4  perturb_and_observe.o(.data)
    v_panel_delay                            0x2000001c   Data           4  perturb_and_observe.o(.data)
    .data                                    0x20000020   Section        2  pwm.o(.data)
    .data                                    0x20000024   Section       56  serial.o(.data)
    rcv_buff_full                            0x20000024   Data           1  serial.o(.data)
    nb_rcv_buff_char                         0x20000026   Data           2  serial.o(.data)
    rcv_buff_overload                        0x20000028   Data           2  serial.o(.data)
    pt_rcv_read                              0x2000002c   Data           4  serial.o(.data)
    pt_rcv_write                             0x20000030   Data           4  serial.o(.data)
    USARTx                                   0x20000034   Data           4  serial.o(.data)
    .data                                    0x2000005c   Section       16  stm32f0xx_rcc.o(.data)
    APBAHBPrescTable                         0x2000005c   Data          16  stm32f0xx_rcc.o(.data)
    .data                                    0x2000006c   Section       20  system_stm32f0xx.o(.data)
    .data                                    0x20000080   Section        4  rtx_conf_cm.o(.data)
    .data                                    0x20000084   Section        8  rt_task.o(.data)
    .data                                    0x2000008c   Section        4  rt_time.o(.data)
    .data                                    0x20000090   Section        8  rt_system.o(.data)
    os_lock                                  0x20000090   Data           1  rt_system.o(.data)
    os_psh_flag                              0x20000091   Data           1  rt_system.o(.data)
    pend_flags                               0x20000092   Data           1  rt_system.o(.data)
    .data                                    0x20000098   Section        8  rt_robin.o(.data)
    .data                                    0x200000a0   Section        8  rt_timer.o(.data)
    .bss                                     0x200000a8   Section       32  pwm.o(.bss)
    .bss                                     0x200000c8   Section       64  serial.o(.bss)
    rcv_buff                                 0x200000c8   Data          64  serial.o(.bss)
    .bss                                     0x20000108   Section      156  rtx_conf_cm.o(.bss)
    .bss                                     0x200001a8   Section     1040  rtx_conf_cm.o(.bss)
    .bss                                     0x200005b8   Section      132  rtx_conf_cm.o(.bss)
    .bss                                     0x2000063c   Section       12  rtx_conf_cm.o(.bss)
    .bss                                     0x20000648   Section       48  rt_task.o(.bss)
    .bss                                     0x20000678   Section       48  rt_list.o(.bss)
    STACK                                    0x200006a8   Section     1024  startup_stm32f0xx.o(STACK)

    Global Symbols

    Symbol Name                              Value     Ov Type        Size  Object(Section)

    BuildAttributes$$THM_ISAv3M$S$PE$A:L22$X:L11$S22$IEEE1$IW$USESV6$~STKCKD$USESV7$~SHL$OTIME$ROPI$EBA8$MICROLIB$REQ8$PRES8$EABIv2 0x00000000   Number         0  anon$$obj.o ABSOLUTE
    __ARM_use_no_argv                        0x00000000   Number         0  main.o ABSOLUTE
    __use_no_errno                           0x00000000   Number         0  useno.o ABSOLUTE
    __use_no_exception_handling              0x00000000   Number         0  useno.o ABSOLUTE
    __use_no_fp                              0x00000000   Number         0  useno.o ABSOLUTE
    __use_no_heap                            0x00000000   Number         0  useno.o ABSOLUTE
    __use_no_heap_region                     0x00000000   Number         0  useno.o ABSOLUTE
    __use_no_semihosting                     0x00000000   Number         0  useno.o ABSOLUTE
    __use_no_semihosting_swi                 0x00000000   Number         0  useno.o ABSOLUTE
    __use_no_signal_handling                 0x00000000   Number         0  useno.o ABSOLUTE
    _printf_a                                0x00000000   Number         0  stubs.o ABSOLUTE
    _printf_c                                0x00000000   Number         0  stubs.o ABSOLUTE
    _printf_charcount                        0x00000000   Number         0  stubs.o ABSOLUTE
    _printf_d                                0x00000000   Number         0  stubs.o ABSOLUTE
    _printf_e                                0x00000000   Number         0  stubs.o ABSOLUTE
    _printf_f                                0x00000000   Number         0  stubs.o ABSOLUTE
    _printf_flags                            0x00000000   Number         0  stubs.o ABSOLUTE
    _printf_fp_dec                           0x00000000   Number         0  stubs.o ABSOLUTE
    _printf_fp_hex                           0x00000000   Number         0  stubs.o ABSOLUTE
    _printf_g                                0x00000000   Number         0  stubs.o ABSOLUTE
    _printf_i                                0x00000000   Number         0  stubs.o ABSOLUTE
    _printf_int_dec                          0x00000000   Number         0  stubs.o ABSOLUTE
    _printf_l                                0x00000000   Number         0  stubs.o ABSOLUTE
    _printf_lc                               0x00000000   Number         0  stubs.o ABSOLUTE
    _printf_ll                               0x00000000   Number         0  stubs.o ABSOLUTE
    _printf_lld                              0x00000000   Number         0  stubs.o ABSOLUTE
    _printf_lli                              0x00000000   Number         0  stubs.o ABSOLUTE
    _printf_llo                              0x00000000   Number         0  stubs.o ABSOLUTE
    _printf_llu                              0x00000000   Number         0  stubs.o ABSOLUTE
    _printf_llx                              0x00000000   Number         0  stubs.o ABSOLUTE
    _printf_longlong_dec                     0x00000000   Number         0  stubs.o ABSOLUTE
    _printf_longlong_hex                     0x00000000   Number         0  stubs.o ABSOLUTE
    _printf_longlong_oct                     0x00000000   Number         0  stubs.o ABSOLUTE
    _printf_ls                               0x00000000   Number         0  stubs.o ABSOLUTE
    _printf_mbtowc                           0x00000000   Number         0  stubs.o ABSOLUTE
    _printf_n                                0x00000000   Number         0  stubs.o ABSOLUTE
    _printf_o                                0x00000000   Number         0  stubs.o ABSOLUTE
    _printf_p                                0x00000000   Number         0  stubs.o ABSOLUTE
    _printf_percent                          0x00000000   Number         0  stubs.o ABSOLUTE
    _printf_pre_padding                      0x00000000   Number         0  stubs.o ABSOLUTE
    _printf_return_value                     0x00000000   Number         0  stubs.o ABSOLUTE
    _printf_s                                0x00000000   Number         0  stubs.o ABSOLUTE
    _printf_sizespec                         0x00000000   Number         0  stubs.o ABSOLUTE
    _printf_str                              0x00000000   Number         0  stubs.o ABSOLUTE
    _printf_truncate_signed                  0x00000000   Number         0  stubs.o ABSOLUTE
    _printf_truncate_unsigned                0x00000000   Number         0  stubs.o ABSOLUTE
    _printf_u                                0x00000000   Number         0  stubs.o ABSOLUTE
    _printf_wc                               0x00000000   Number         0  stubs.o ABSOLUTE
    _printf_wctomb                           0x00000000   Number         0  stubs.o ABSOLUTE
    _printf_widthprec                        0x00000000   Number         0  stubs.o ABSOLUTE
    _printf_x                                0x00000000   Number         0  stubs.o ABSOLUTE
    __decompress                              - Undefined Weak Reference
    _clock_init                               - Undefined Weak Reference
    __Vectors_Size                           0x000000c0   Number         0  startup_stm32f0xx.o ABSOLUTE
    __RL_RTX_VER                             0x00000460   Number         0  rt_system.o ABSOLUTE
    __Vectors                                0x08000000   Data           4  startup_stm32f0xx.o(RESET)
    __Vectors_End                            0x080000c0   Data           0  startup_stm32f0xx.o(RESET)
    __main                                   0x080000c1   Thumb Code     0  entry.o(.ARM.Collect$$$$00000000)
    _main_stk                                0x080000c1   Thumb Code     0  entry2.o(.ARM.Collect$$$$00000001)
    _main_scatterload                        0x080000c5   Thumb Code     0  entry5.o(.ARM.Collect$$$$00000004)
    __main_after_scatterload                 0x080000c9   Thumb Code     0  entry5.o(.ARM.Collect$$$$00000004)
    _main_clock                              0x080000c9   Thumb Code     0  entry7b.o(.ARM.Collect$$$$00000008)
    _main_init                               0x080000c9   Thumb Code     0  entry8.o(.ARM.Collect$$$$00000009)
    rt_set_PSP                               0x080000d5   Thumb Code     6  hal_cm1.o(.emb_text)
    rt_get_PSP                               0x080000db   Thumb Code     6  hal_cm1.o(.emb_text)
    os_set_env                               0x080000e1   Thumb Code    32  hal_cm1.o(.emb_text)
    _alloc_box                               0x08000105   Thumb Code    28  hal_cm1.o(.emb_text)
    _free_box                                0x08000125   Thumb Code    28  hal_cm1.o(.emb_text)
    SVC_Handler                              0x08000145   Thumb Code   152  hal_cm1.o(.emb_text)
    PendSV_Handler                           0x080001e9   Thumb Code    92  hal_cm1.o(.emb_text)
    SysTick_Handler                          0x08000249   Thumb Code     8  hal_cm1.o(.emb_text)
    OS_Tick_Handler                          0x08000251   Thumb Code    12  hal_cm1.o(.emb_text)
    charge_control                           0x0800025d   Thumb Code    26  main.o(.text)
    init                                     0x08000277   Thumb Code    36  main.o(.text)
    print_time_date                          0x0800029b   Thumb Code    68  main.o(.text)
    setup_rtc                                0x080002df   Thumb Code    66  main.o(.text)
    main                                     0x08000321   Thumb Code    32  main.o(.text)
    fputc                                    0x080003b5   Thumb Code    12  retarget.o(.text)
    get_adc_voltage                          0x080003c1   Thumb Code   120  adc.o(.text)
    init_adc                                 0x08000439   Thumb Code   246  adc.o(.text)
    perturb_and_observe_itter                0x08000589   Thumb Code   194  perturb_and_observe.o(.text)
    perturb_and_observe                      0x0800064b   Thumb Code    20  perturb_and_observe.o(.text)
    set_duty_cycle                           0x080006a9   Thumb Code    70  pwm.o(.text)
    TIM_Config                               0x080006ef   Thumb Code    88  pwm.o(.text)
    init_pwm                                 0x08000747   Thumb Code   152  pwm.o(.text)
    putchar                                  0x080007fd   Thumb Code    32  serial.o(.text)
    begin_fcn                                0x0800081d   Thumb Code    16  serial.o(.text)
    available_fcn                            0x0800082d   Thumb Code     6  serial.o(.text)
    flush_fcn                                0x08000833   Thumb Code    18  serial.o(.text)
    read_fcn                                 0x08000845   Thumb Code    42  serial.o(.text)
    peek_fcn                                 0x0800086f   Thumb Code    16  serial.o(.text)
    write_fcn                                0x0800087f   Thumb Code     2  serial.o(.text)
    print_fcn                                0x08000881   Thumb Code    20  serial.o(.text)
    println_fcn                              0x08000895   Thumb Code    20  serial.o(.text)
    USART1_IRQHandler                        0x080008a9   Thumb Code    98  serial.o(.text)
    ADC_DeInit                               0x080009a9   Thumb Code    28  stm32f0xx_adc.o(.text)
    ADC_Init                                 0x080009c5   Thumb Code    38  stm32f0xx_adc.o(.text)
    ADC_StructInit                           0x080009eb   Thumb Code    16  stm32f0xx_adc.o(.text)
    ADC_Cmd                                  0x080009fb   Thumb Code    18  stm32f0xx_adc.o(.text)
    ADC_ChannelConfig                        0x08000a0d   Thumb Code    10  stm32f0xx_adc.o(.text)
    ADC_GetCalibrationFactor                 0x08000a17   Thumb Code    46  stm32f0xx_adc.o(.text)
    ADC_StartOfConversion                    0x08000a45   Thumb Code    10  stm32f0xx_adc.o(.text)
    ADC_DMACmd                               0x08000a4f   Thumb Code    20  stm32f0xx_adc.o(.text)
    ADC_DMARequestModeConfig                 0x08000a63   Thumb Code    16  stm32f0xx_adc.o(.text)
    ADC_GetFlagStatus                        0x08000a73   Thumb Code    28  stm32f0xx_adc.o(.text)
    DMA_DeInit                               0x08000a99   Thumb Code   100  stm32f0xx_dma.o(.text)
    DMA_Init                                 0x08000afd   Thumb Code    56  stm32f0xx_dma.o(.text)
    DMA_Cmd                                  0x08000b35   Thumb Code    20  stm32f0xx_dma.o(.text)
    DMA_GetFlagStatus                        0x08000b49   Thumb Code    18  stm32f0xx_dma.o(.text)
    DMA_ClearFlag                            0x08000b5b   Thumb Code     8  stm32f0xx_dma.o(.text)
    GPIO_Init                                0x08000b71   Thumb Code   112  stm32f0xx_gpio.o(.text)
    GPIO_StructInit                          0x08000be1   Thumb Code    18  stm32f0xx_gpio.o(.text)
    GPIO_PinAFConfig                         0x08000bf3   Thumb Code    32  stm32f0xx_gpio.o(.text)
    NVIC_Init                                0x08000c19   Thumb Code    70  stm32f0xx_misc.o(.text)
    PWR_BackupAccessCmd                      0x08000c69   Thumb Code    20  stm32f0xx_pwr.o(.text)
    RCC_LSICmd                               0x08000c81   Thumb Code    22  stm32f0xx_rcc.o(.text)
    RCC_GetClocksFreq                        0x08000c97   Thumb Code   218  stm32f0xx_rcc.o(.text)
    RCC_RTCCLKConfig                         0x08000d71   Thumb Code    10  stm32f0xx_rcc.o(.text)
    RCC_RTCCLKCmd                            0x08000d7b   Thumb Code    20  stm32f0xx_rcc.o(.text)
    RCC_AHBPeriphClockCmd                    0x08000d8f   Thumb Code    18  stm32f0xx_rcc.o(.text)
    RCC_APB2PeriphClockCmd                   0x08000da1   Thumb Code    18  stm32f0xx_rcc.o(.text)
    RCC_APB1PeriphClockCmd                   0x08000db3   Thumb Code    18  stm32f0xx_rcc.o(.text)
    RCC_APB2PeriphResetCmd                   0x08000dc5   Thumb Code    18  stm32f0xx_rcc.o(.text)
    RTC_WaitForSynchro                       0x08000df1   Thumb Code    68  stm32f0xx_rtc.o(.text)
    RTC_EnterInitMode                        0x08000e35   Thumb Code    48  stm32f0xx_rtc.o(.text)
    RTC_ExitInitMode                         0x08000e65   Thumb Code    12  stm32f0xx_rtc.o(.text)
    RTC_Init                                 0x08000e71   Thumb Code    68  stm32f0xx_rtc.o(.text)
    RTC_TimeStructInit                       0x08000eb5   Thumb Code    12  stm32f0xx_rtc.o(.text)
    RTC_GetTime                              0x08000ec1   Thumb Code    68  stm32f0xx_rtc.o(.text)
    RTC_DateStructInit                       0x08000f05   Thumb Code    14  stm32f0xx_rtc.o(.text)
    RTC_GetDate                              0x08000f13   Thumb Code    64  stm32f0xx_rtc.o(.text)
    TIM_TimeBaseInit                         0x08000f71   Thumb Code    88  stm32f0xx_tim.o(.text)
    TIM_Cmd                                  0x08000fc9   Thumb Code    20  stm32f0xx_tim.o(.text)
    TIM_CtrlPWMOutputs                       0x08000fdd   Thumb Code    24  stm32f0xx_tim.o(.text)
    TIM_OC1Init                              0x08000ff5   Thumb Code   104  stm32f0xx_tim.o(.text)
    USART_Init                               0x08001079   Thumb Code   166  stm32f0xx_usart.o(.text)
    USART_Cmd                                0x0800111f   Thumb Code    20  stm32f0xx_usart.o(.text)
    USART_SendData                           0x08001133   Thumb Code     8  stm32f0xx_usart.o(.text)
    USART_ReceiveData                        0x0800113b   Thumb Code     8  stm32f0xx_usart.o(.text)
    USART_ITConfig                           0x08001143   Thumb Code    42  stm32f0xx_usart.o(.text)
    USART_GetFlagStatus                      0x0800116d   Thumb Code    14  stm32f0xx_usart.o(.text)
    USART_GetITStatus                        0x0800117b   Thumb Code    56  stm32f0xx_usart.o(.text)
    USART_ClearITPendingBit                  0x080011b3   Thumb Code    10  stm32f0xx_usart.o(.text)
    SystemInit                               0x080011c5   Thumb Code    84  system_stm32f0xx.o(.text)
    Reset_Handler                            0x08001279   Thumb Code     8  startup_stm32f0xx.o(.text)
    NMI_Handler                              0x08001281   Thumb Code     2  startup_stm32f0xx.o(.text)
    HardFault_Handler                        0x08001283   Thumb Code     2  startup_stm32f0xx.o(.text)
    ADC1_COMP_IRQHandler                     0x0800128b   Thumb Code     0  startup_stm32f0xx.o(.text)
    CEC_IRQHandler                           0x0800128b   Thumb Code     0  startup_stm32f0xx.o(.text)
    DMA1_Channel1_IRQHandler                 0x0800128b   Thumb Code     0  startup_stm32f0xx.o(.text)
    DMA1_Channel2_3_IRQHandler               0x0800128b   Thumb Code     0  startup_stm32f0xx.o(.text)
    DMA1_Channel4_5_IRQHandler               0x0800128b   Thumb Code     0  startup_stm32f0xx.o(.text)
    EXTI0_1_IRQHandler                       0x0800128b   Thumb Code     0  startup_stm32f0xx.o(.text)
    EXTI2_3_IRQHandler                       0x0800128b   Thumb Code     0  startup_stm32f0xx.o(.text)
    EXTI4_15_IRQHandler                      0x0800128b   Thumb Code     0  startup_stm32f0xx.o(.text)
    FLASH_IRQHandler                         0x0800128b   Thumb Code     0  startup_stm32f0xx.o(.text)
    I2C1_IRQHandler                          0x0800128b   Thumb Code     0  startup_stm32f0xx.o(.text)
    I2C2_IRQHandler                          0x0800128b   Thumb Code     0  startup_stm32f0xx.o(.text)
    PVD_IRQHandler                           0x0800128b   Thumb Code     0  startup_stm32f0xx.o(.text)
    RCC_IRQHandler                           0x0800128b   Thumb Code     0  startup_stm32f0xx.o(.text)
    RTC_IRQHandler                           0x0800128b   Thumb Code     0  startup_stm32f0xx.o(.text)
    SPI1_IRQHandler                          0x0800128b   Thumb Code     0  startup_stm32f0xx.o(.text)
    SPI2_IRQHandler                          0x0800128b   Thumb Code     0  startup_stm32f0xx.o(.text)
    TIM14_IRQHandler                         0x0800128b   Thumb Code     0  startup_stm32f0xx.o(.text)
    TIM15_IRQHandler                         0x0800128b   Thumb Code     0  startup_stm32f0xx.o(.text)
    TIM16_IRQHandler                         0x0800128b   Thumb Code     0  startup_stm32f0xx.o(.text)
    TIM17_IRQHandler                         0x0800128b   Thumb Code     0  startup_stm32f0xx.o(.text)
    TIM1_BRK_UP_TRG_COM_IRQHandler           0x0800128b   Thumb Code     0  startup_stm32f0xx.o(.text)
    TIM1_CC_IRQHandler                       0x0800128b   Thumb Code     0  startup_stm32f0xx.o(.text)
    TIM2_IRQHandler                          0x0800128b   Thumb Code     0  startup_stm32f0xx.o(.text)
    TIM3_IRQHandler                          0x0800128b   Thumb Code     0  startup_stm32f0xx.o(.text)
    TIM6_DAC_IRQHandler                      0x0800128b   Thumb Code     0  startup_stm32f0xx.o(.text)
    TS_IRQHandler                            0x0800128b   Thumb Code     0  startup_stm32f0xx.o(.text)
    USART2_IRQHandler                        0x0800128b   Thumb Code     0  startup_stm32f0xx.o(.text)
    WWDG_IRQHandler                          0x0800128b   Thumb Code     0  startup_stm32f0xx.o(.text)
    os_idle_demon                            0x08001295   Thumb Code     2  rtx_conf_cm.o(.text)
    os_tmr_call                              0x08001297   Thumb Code     2  rtx_conf_cm.o(.text)
    os_error                                 0x08001299   Thumb Code     2  rtx_conf_cm.o(.text)
    __aeabi_uidiv                            0x0800129b   Thumb Code     0  uidiv.o(.text)
    __aeabi_uidivmod                         0x0800129b   Thumb Code    44  uidiv.o(.text)
    __aeabi_fadd                             0x080012c7   Thumb Code   162  fadd.o(.text)
    __aeabi_fsub                             0x08001369   Thumb Code     8  fadd.o(.text)
    __aeabi_frsub                            0x08001371   Thumb Code     8  fadd.o(.text)
    __aeabi_fmul                             0x08001379   Thumb Code   122  fmul.o(.text)
    __aeabi_fdiv                             0x080013f3   Thumb Code   128  fdiv.o(.text)
    __aeabi_dadd                             0x08001475   Thumb Code   326  dadd.o(.text)
    __aeabi_dsub                             0x080015bb   Thumb Code    12  dadd.o(.text)
    __aeabi_drsub                            0x080015c7   Thumb Code    12  dadd.o(.text)
    __aeabi_dmul                             0x080015d9   Thumb Code   202  dmul.o(.text)
    __aeabi_ddiv                             0x080016a9   Thumb Code   234  ddiv.o(.text)
    __aeabi_ui2f                             0x08001799   Thumb Code    14  ffltui.o(.text)
    __aeabi_i2d                              0x080017a9   Thumb Code    34  dflti.o(.text)
    __aeabi_ui2d                             0x080017d1   Thumb Code    24  dfltui.o(.text)
    __aeabi_d2uiz                            0x080017ed   Thumb Code    50  dfixui.o(.text)
    __aeabi_f2d                              0x08001829   Thumb Code    40  f2d.o(.text)
    __aeabi_uldivmod                         0x08001851   Thumb Code    96  uldiv.o(.text)
    __aeabi_llsl                             0x080018b1   Thumb Code    32  llshl.o(.text)
    _ll_shift_l                              0x080018b1   Thumb Code     0  llshl.o(.text)
    __aeabi_llsr                             0x080018d1   Thumb Code    34  llushr.o(.text)
    _ll_ushift_r                             0x080018d1   Thumb Code     0  llushr.o(.text)
    __aeabi_lasr                             0x080018f3   Thumb Code    38  llsshr.o(.text)
    _ll_sshift_r                             0x080018f3   Thumb Code     0  llsshr.o(.text)
    __I$use$fp                               0x08001919   Thumb Code     0  iusefp.o(.text)
    _float_round                             0x08001919   Thumb Code    16  fepilogue.o(.text)
    _float_epilogue                          0x08001929   Thumb Code   116  fepilogue.o(.text)
    _double_round                            0x0800199d   Thumb Code    26  depilogue.o(.text)
    _double_epilogue                         0x080019b7   Thumb Code   166  depilogue.o(.text)
    __aeabi_d2ulz                            0x08001a5d   Thumb Code    54  dfixul.o(.text)
    __aeabi_cdrcmple                         0x08001a9d   Thumb Code    38  cdrcmple.o(.text)
    __scatterload                            0x08001ac5   Thumb Code    28  init.o(.text)
    __scatterload_rt2                        0x08001ac5   Thumb Code     0  init.o(.text)
    SVC_Count                                0x08001ae8   Data           4  SVC_Table.o(SVC_TABLE)
    SVC_Table                                0x08001aec   Data           0  SVC_Table.o(SVC_TABLE)
    __0printf                                0x08001aed   Thumb Code    24  printfa.o(i.__0printf)
    __1printf                                0x08001aed   Thumb Code     0  printfa.o(i.__0printf)
    __2printf                                0x08001aed   Thumb Code     0  printfa.o(i.__0printf)
    __c89printf                              0x08001aed   Thumb Code     0  printfa.o(i.__0printf)
    printf                                   0x08001aed   Thumb Code     0  printfa.o(i.__0printf)
    __ARM_clz                                0x08001b0d   Thumb Code    46  depilogue.o(i.__ARM_clz)
    __scatterload_copy                       0x08001b3b   Thumb Code    14  handlers.o(i.__scatterload_copy)
    __scatterload_null                       0x08001b49   Thumb Code     2  handlers.o(i.__scatterload_null)
    __scatterload_zeroinit                   0x08001b4b   Thumb Code    14  handlers.o(i.__scatterload_zeroinit)
    _init_box                                0x08001cb1   Thumb Code    72  rt_membox.o(i._init_box)
    os_tick_init                             0x0800243d   Thumb Code    32  rt_system.o(i.os_tick_init)
    os_tick_irqack                           0x08002469   Thumb Code     2  rt_system.o(i.os_tick_irqack)
    rt_alloc_box                             0x0800246b   Thumb Code    30  rt_membox.o(i.rt_alloc_box)
    rt_block                                 0x08002489   Thumb Code    42  rt_task.o(i.rt_block)
    rt_chk_robin                             0x080024c1   Thumb Code    56  rt_robin.o(i.rt_chk_robin)
    rt_dec_dly                               0x08002505   Thumb Code   112  rt_list.o(i.rt_dec_dly)
    rt_dispatch                              0x0800257d   Thumb Code    56  rt_task.o(i.rt_dispatch)
    rt_dly_wait                              0x080025bd   Thumb Code    10  rt_time.o(i.rt_dly_wait)
    rt_evt_psh                               0x080025c9   Thumb Code    70  rt_event.o(i.rt_evt_psh)
    rt_free_box                              0x08002615   Thumb Code    38  rt_membox.o(i.rt_free_box)
    rt_get_first                             0x0800263b   Thumb Code    42  rt_list.o(i.rt_get_first)
    rt_init_robin                            0x080026a9   Thumb Code    14  rt_robin.o(i.rt_init_robin)
    rt_init_stack                            0x080026c1   Thumb Code    68  hal_cm1.o(i.rt_init_stack)
    rt_mbx_psh                               0x0800270d   Thumb Code   168  rt_mailbox.o(i.rt_mbx_psh)
    rt_pop_req                               0x080027b9   Thumb Code    98  rt_system.o(i.rt_pop_req)
    rt_put_dly                               0x08002829   Thumb Code    74  rt_list.o(i.rt_put_dly)
    rt_put_prio                              0x08002879   Thumb Code    60  rt_list.o(i.rt_put_prio)
    rt_put_rdy_first                         0x080028b5   Thumb Code    14  rt_list.o(i.rt_put_rdy_first)
    rt_rmv_dly                               0x080028c9   Thumb Code    42  rt_list.o(i.rt_rmv_dly)
    rt_rmv_list                              0x080028f5   Thumb Code    46  rt_list.o(i.rt_rmv_list)
    rt_sem_psh                               0x08002929   Thumb Code    46  rt_semaphore.o(i.rt_sem_psh)
    rt_stk_check                             0x0800295d   Thumb Code    30  rt_system.o(i.rt_stk_check)
    rt_switch_req                            0x08002985   Thumb Code    10  rt_task.o(i.rt_switch_req)
    rt_sys_init                              0x08002995   Thumb Code   230  rt_task.o(i.rt_sys_init)
    rt_systick                               0x08002acd   Thumb Code    46  rt_system.o(i.rt_systick)
    rt_tmr_tick                              0x08002b09   Thumb Code    56  rt_timer.o(i.rt_tmr_tick)
    rt_tsk_create                            0x08002b49   Thumb Code   108  rt_task.o(i.rt_tsk_create)
    rt_tsk_delete                            0x08002bc5   Thumb Code   134  rt_task.o(i.rt_tsk_delete)
    os_maxtaskrun                            0x08002c60   Data           2  rtx_conf_cm.o(.constdata)
    os_stackinfo                             0x08002c64   Data           4  rtx_conf_cm.o(.constdata)
    os_rrobin                                0x08002c68   Data           4  rtx_conf_cm.o(.constdata)
    os_trv                                   0x08002c6c   Data           4  rtx_conf_cm.o(.constdata)
    os_flags                                 0x08002c70   Data           1  rtx_conf_cm.o(.constdata)
    os_clockrate                             0x08002c74   Data           4  rtx_conf_cm.o(.constdata)
    os_timernum                              0x08002c78   Data           4  rtx_conf_cm.o(.constdata)
    mp_tcb_size                              0x08002c7c   Data           2  rtx_conf_cm.o(.constdata)
    mp_stk_size                              0x08002c80   Data           4  rtx_conf_cm.o(.constdata)
    os_fifo_size                             0x08002c84   Data           1  rtx_conf_cm.o(.constdata)
    mp_tmr_size                              0x08002c86   Data           2  rtx_conf_cm.o(.constdata)
    Region$$Table$$Base                      0x08002c88   Number         0  anon$$obj.o(Region$$Table)
    Region$$Table$$Limit                     0x08002ca8   Number         0  anon$$obj.o(Region$$Table)
    charge_control_t                         0x20000000   Data           4  main.o(.data)
    perturb_and_observe_t                    0x20000004   Data           4  main.o(.data)
    __stdout                                 0x20000008   Data           4  retarget.o(.data)
    RegularConvData_Tab                      0x2000000c   Data           8  adc.o(.data)
    TimerPeriod                              0x20000020   Data           2  pwm.o(.data)
    Serial                                   0x20000038   Data          36  serial.o(.data)
    SystemCoreClock                          0x2000006c   Data           4  system_stm32f0xx.o(.data)
    AHBPrescTable                            0x20000070   Data          16  system_stm32f0xx.o(.data)
    m_tmr                                    0x20000080   Data           4  rtx_conf_cm.o(.data)
    os_tsk                                   0x20000084   Data           8  rt_task.o(.data)
    os_time                                  0x2000008c   Data           4  rt_time.o(.data)
    os_tick_irqn                             0x20000094   Data           4  rt_system.o(.data)
    os_robin                                 0x20000098   Data           8  rt_robin.o(.data)
    os_tmr                                   0x200000a0   Data           8  rt_timer.o(.data)
    TIM_TimeBaseStructure_PWM                0x200000a8   Data          12  pwm.o(.bss)
    TIM_OCInitStructure_PWM                  0x200000b4   Data          20  pwm.o(.bss)
    mp_tcb                                   0x20000108   Data         156  rtx_conf_cm.o(.bss)
    mp_stk                                   0x200001a8   Data        1040  rtx_conf_cm.o(.bss)
    os_fifo                                  0x200005b8   Data         132  rtx_conf_cm.o(.bss)
    os_active_TCB                            0x2000063c   Data          12  rtx_conf_cm.o(.bss)
    os_idle_TCB                              0x20000648   Data          48  rt_task.o(.bss)
    os_rdy                                   0x20000678   Data          24  rt_list.o(.bss)
    os_dly                                   0x20000690   Data          24  rt_list.o(.bss)
    __initial_sp                             0x20000aa8   Data           0  startup_stm32f0xx.o(STACK)



==============================================================================

Memory Map of the image

  Image Entry point : 0x080000c1

  Load Region LR_IROM1 (Base: 0x08000000, Size: 0x00002d50, Max: 0x00008000, ABSOLUTE)

    Execution Region ER_IROM1 (Base: 0x08000000, Size: 0x00002ca8, Max: 0x00008000, ABSOLUTE)

    Base Addr    Size         Type   Attr      Idx    E Section Name        Object

    0x08000000   0x000000c0   Data   RO         3385    RESET               startup_stm32f0xx.o
    0x080000c0   0x00000000   Code   RO         3948  * .ARM.Collect$$$$00000000  mc_p.l(entry.o)
    0x080000c0   0x00000004   Code   RO         4247    .ARM.Collect$$$$00000001  mc_p.l(entry2.o)
    0x080000c4   0x00000004   Code   RO         4250    .ARM.Collect$$$$00000004  mc_p.l(entry5.o)
    0x080000c8   0x00000000   Code   RO         4252    .ARM.Collect$$$$00000008  mc_p.l(entry7b.o)
    0x080000c8   0x00000008   Code   RO         4253    .ARM.Collect$$$$00000009  mc_p.l(entry8.o)
    0x080000d0   0x00000004   Code   RO         4248    .ARM.Collect$$$$00002712  mc_p.l(entry2.o)
    0x080000d4   0x00000188   Code   RO         3558    .emb_text           RTX_CM1.LIB(hal_cm1.o)
    0x0800025c   0x00000158   Code   RO            3    .text               main.o
    0x080003b4   0x0000000c   Code   RO          159    .text               retarget.o
    0x080003c0   0x000001c8   Code   RO          218    .text               adc.o
    0x08000588   0x00000120   Code   RO          254    .text               perturb_and_observe.o
    0x080006a8   0x00000154   Code   RO          275    .text               pwm.o
    0x080007fc   0x000001ac   Code   RO          305    .text               serial.o
    0x080009a8   0x000000f0   Code   RO          425    .text               stm32f0xx_adc.o
    0x08000a98   0x000000d8   Code   RO          941    .text               stm32f0xx_dma.o
    0x08000b70   0x000000a8   Code   RO         1247    .text               stm32f0xx_gpio.o
    0x08000c18   0x00000050   Code   RO         1648    .text               stm32f0xx_misc.o
    0x08000c68   0x00000018   Code   RO         1681    .text               stm32f0xx_pwr.o
    0x08000c80   0x00000170   Code   RO         1765    .text               stm32f0xx_rcc.o
    0x08000df0   0x00000180   Code   RO         1962    .text               stm32f0xx_rtc.o
    0x08000f70   0x00000108   Code   RO         2485    .text               stm32f0xx_tim.o
    0x08001078   0x0000014c   Code   RO         3020    .text               stm32f0xx_usart.o
    0x080011c4   0x000000b4   Code   RO         3353    .text               system_stm32f0xx.o
    0x08001278   0x0000001c   Code   RO         3386    .text               startup_stm32f0xx.o
    0x08001294   0x00000006   Code   RO         3390    .text               rtx_conf_cm.o
    0x0800129a   0x0000002c   Code   RO         3951    .text               mc_p.l(uidiv.o)
    0x080012c6   0x000000b2   Code   RO         4221    .text               mf_p.l(fadd.o)
    0x08001378   0x0000007a   Code   RO         4223    .text               mf_p.l(fmul.o)
    0x080013f2   0x00000080   Code   RO         4225    .text               mf_p.l(fdiv.o)
    0x08001472   0x00000002   PAD
    0x08001474   0x00000164   Code   RO         4227    .text               mf_p.l(dadd.o)
    0x080015d8   0x000000d0   Code   RO         4229    .text               mf_p.l(dmul.o)
    0x080016a8   0x000000f0   Code   RO         4231    .text               mf_p.l(ddiv.o)
    0x08001798   0x0000000e   Code   RO         4233    .text               mf_p.l(ffltui.o)
    0x080017a6   0x00000002   PAD
    0x080017a8   0x00000028   Code   RO         4235    .text               mf_p.l(dflti.o)
    0x080017d0   0x0000001c   Code   RO         4237    .text               mf_p.l(dfltui.o)
    0x080017ec   0x0000003c   Code   RO         4239    .text               mf_p.l(dfixui.o)
    0x08001828   0x00000028   Code   RO         4241    .text               mf_p.l(f2d.o)
    0x08001850   0x00000060   Code   RO         4256    .text               mc_p.l(uldiv.o)
    0x080018b0   0x00000020   Code   RO         4258    .text               mc_p.l(llshl.o)
    0x080018d0   0x00000022   Code   RO         4260    .text               mc_p.l(llushr.o)
    0x080018f2   0x00000026   Code   RO         4262    .text               mc_p.l(llsshr.o)
    0x08001918   0x00000000   Code   RO         4270    .text               mc_p.l(iusefp.o)
    0x08001918   0x00000084   Code   RO         4271    .text               mf_p.l(fepilogue.o)
    0x0800199c   0x000000c0   Code   RO         4273    .text               mf_p.l(depilogue.o)
    0x08001a5c   0x00000040   Code   RO         4277    .text               mf_p.l(dfixul.o)
    0x08001a9c   0x00000028   Code   RO         4279    .text               mf_p.l(cdrcmple.o)
    0x08001ac4   0x00000024   Code   RO         4281    .text               mc_p.l(init.o)
    0x08001ae8   0x00000004   Code   RO         3792    SVC_TABLE           RTX_CM1.LIB(SVC_Table.o)
    0x08001aec   0x00000020   Code   RO         4193    i.__0printf         mc_p.l(printfa.o)
    0x08001b0c   0x0000002e   Code   RO         4275    i.__ARM_clz         mf_p.l(depilogue.o)
    0x08001b3a   0x0000000e   Code   RO         4285    i.__scatterload_copy  mc_p.l(handlers.o)
    0x08001b48   0x00000002   Code   RO         4286    i.__scatterload_null  mc_p.l(handlers.o)
    0x08001b4a   0x0000000e   Code   RO         4287    i.__scatterload_zeroinit  mc_p.l(handlers.o)
    0x08001b58   0x00000158   Code   RO         4200    i._fp_digits        mc_p.l(printfa.o)
    0x08001cb0   0x00000048   Code   RO         3763    i._init_box         RTX_CM1.LIB(rt_membox.o)
    0x08001cf8   0x000006f8   Code   RO         4201    i._printf_core      mc_p.l(printfa.o)
    0x080023f0   0x00000020   Code   RO         4202    i._printf_post_padding  mc_p.l(printfa.o)
    0x08002410   0x0000002c   Code   RO         4203    i._printf_pre_padding  mc_p.l(printfa.o)
    0x0800243c   0x0000002c   Code   RO         3579    i.os_tick_init      RTX_CM1.LIB(rt_system.o)
    0x08002468   0x00000002   Code   RO         3580    i.os_tick_irqack    RTX_CM1.LIB(rt_system.o)
    0x0800246a   0x0000001e   Code   RO         3764    i.rt_alloc_box      RTX_CM1.LIB(rt_membox.o)
    0x08002488   0x00000038   Code   RO         3422    i.rt_block          RTX_CM1.LIB(rt_task.o)
    0x080024c0   0x00000044   Code   RO         3741    i.rt_chk_robin      RTX_CM1.LIB(rt_robin.o)
    0x08002504   0x00000078   Code   RO         3662    i.rt_dec_dly        RTX_CM1.LIB(rt_list.o)
    0x0800257c   0x00000040   Code   RO         3423    i.rt_dispatch       RTX_CM1.LIB(rt_task.o)
    0x080025bc   0x0000000a   Code   RO         3521    i.rt_dly_wait       RTX_CM1.LIB(rt_time.o)
    0x080025c6   0x00000002   PAD
    0x080025c8   0x0000004c   Code   RO         3798    i.rt_evt_psh        RTX_CM1.LIB(rt_event.o)
    0x08002614   0x00000026   Code   RO         3765    i.rt_free_box       RTX_CM1.LIB(rt_membox.o)
    0x0800263a   0x0000002a   Code   RO         3663    i.rt_get_first      RTX_CM1.LIB(rt_list.o)
    0x08002664   0x00000044   Code   RO         3424    i.rt_init_context   RTX_CM1.LIB(rt_task.o)
    0x080026a8   0x00000018   Code   RO         3742    i.rt_init_robin     RTX_CM1.LIB(rt_robin.o)
    0x080026c0   0x0000004c   Code   RO         3559    i.rt_init_stack     RTX_CM1.LIB(hal_cm1.o)
    0x0800270c   0x000000ac   Code   RO         3841    i.rt_mbx_psh        RTX_CM1.LIB(rt_mailbox.o)
    0x080027b8   0x00000070   Code   RO         3581    i.rt_pop_req        RTX_CM1.LIB(rt_system.o)
    0x08002828   0x00000050   Code   RO         3666    i.rt_put_dly        RTX_CM1.LIB(rt_list.o)
    0x08002878   0x0000003c   Code   RO         3667    i.rt_put_prio       RTX_CM1.LIB(rt_list.o)
    0x080028b4   0x00000014   Code   RO         3668    i.rt_put_rdy_first  RTX_CM1.LIB(rt_list.o)
    0x080028c8   0x0000002a   Code   RO         3670    i.rt_rmv_dly        RTX_CM1.LIB(rt_list.o)
    0x080028f2   0x00000002   PAD
    0x080028f4   0x00000034   Code   RO         3671    i.rt_rmv_list       RTX_CM1.LIB(rt_list.o)
    0x08002928   0x00000034   Code   RO         3887    i.rt_sem_psh        RTX_CM1.LIB(rt_semaphore.o)
    0x0800295c   0x00000028   Code   RO         3584    i.rt_stk_check      RTX_CM1.LIB(rt_system.o)
    0x08002984   0x00000010   Code   RO         3425    i.rt_switch_req     RTX_CM1.LIB(rt_task.o)
    0x08002994   0x00000138   Code   RO         3426    i.rt_sys_init       RTX_CM1.LIB(rt_task.o)
    0x08002acc   0x0000003c   Code   RO         3586    i.rt_systick        RTX_CM1.LIB(rt_system.o)
    0x08002b08   0x00000040   Code   RO         3923    i.rt_tmr_tick       RTX_CM1.LIB(rt_timer.o)
    0x08002b48   0x0000007c   Code   RO         3427    i.rt_tsk_create     RTX_CM1.LIB(rt_task.o)
    0x08002bc4   0x0000009c   Code   RO         3428    i.rt_tsk_delete     RTX_CM1.LIB(rt_task.o)
    0x08002c60   0x00000002   Data   RO         3395    .constdata          rtx_conf_cm.o
    0x08002c62   0x00000002   PAD
    0x08002c64   0x00000004   Data   RO         3396    .constdata          rtx_conf_cm.o
    0x08002c68   0x00000004   Data   RO         3397    .constdata          rtx_conf_cm.o
    0x08002c6c   0x00000004   Data   RO         3398    .constdata          rtx_conf_cm.o
    0x08002c70   0x00000001   Data   RO         3399    .constdata          rtx_conf_cm.o
    0x08002c71   0x00000003   PAD
    0x08002c74   0x00000008   Data   RO         3400    .constdata          rtx_conf_cm.o
    0x08002c7c   0x00000002   Data   RO         3401    .constdata          rtx_conf_cm.o
    0x08002c7e   0x00000002   PAD
    0x08002c80   0x00000004   Data   RO         3402    .constdata          rtx_conf_cm.o
    0x08002c84   0x00000001   Data   RO         3403    .constdata          rtx_conf_cm.o
    0x08002c85   0x00000001   PAD
    0x08002c86   0x00000002   Data   RO         3404    .constdata          rtx_conf_cm.o
    0x08002c88   0x00000020   Data   RO         4283    Region$$Table       anon$$obj.o


    Execution Region RW_IRAM1 (Base: 0x20000000, Size: 0x00000aa8, Max: 0x00001000, ABSOLUTE)

    Base Addr    Size         Type   Attr      Idx    E Section Name        Object

    0x20000000   0x00000008   Data   RW            6    .data               main.o
    0x20000008   0x00000004   Data   RW          164    .data               retarget.o
    0x2000000c   0x00000008   Data   RW          220    .data               adc.o
    0x20000014   0x0000000c   Data   RW          255    .data               perturb_and_observe.o
    0x20000020   0x00000002   Data   RW          278    .data               pwm.o
    0x20000022   0x00000002   PAD
    0x20000024   0x00000038   Data   RW          307    .data               serial.o
    0x2000005c   0x00000010   Data   RW         1786    .data               stm32f0xx_rcc.o
    0x2000006c   0x00000014   Data   RW         3355    .data               system_stm32f0xx.o
    0x20000080   0x00000004   Data   RW         3405    .data               rtx_conf_cm.o
    0x20000084   0x00000008   Data   RW         3433    .data               RTX_CM1.LIB(rt_task.o)
    0x2000008c   0x00000004   Data   RW         3525    .data               RTX_CM1.LIB(rt_time.o)
    0x20000090   0x00000008   Data   RW         3589    .data               RTX_CM1.LIB(rt_system.o)
    0x20000098   0x00000008   Data   RW         3743    .data               RTX_CM1.LIB(rt_robin.o)
    0x200000a0   0x00000008   Data   RW         3924    .data               RTX_CM1.LIB(rt_timer.o)
    0x200000a8   0x00000020   Zero   RW          277    .bss                pwm.o
    0x200000c8   0x00000040   Zero   RW          306    .bss                serial.o
    0x20000108   0x0000009c   Zero   RW         3391    .bss                rtx_conf_cm.o
    0x200001a4   0x00000004   PAD
    0x200001a8   0x00000410   Zero   RW         3392    .bss                rtx_conf_cm.o
    0x200005b8   0x00000084   Zero   RW         3393    .bss                rtx_conf_cm.o
    0x2000063c   0x0000000c   Zero   RW         3394    .bss                rtx_conf_cm.o
    0x20000648   0x00000030   Zero   RW         3432    .bss                RTX_CM1.LIB(rt_task.o)
    0x20000678   0x00000030   Zero   RW         3672    .bss                RTX_CM1.LIB(rt_list.o)
    0x200006a8   0x00000400   Zero   RW         3383    STACK               startup_stm32f0xx.o


==============================================================================

Image component sizes


      Code (inc. data)   RO Data    RW Data    ZI Data      Debug   Object Name

       456         90          0          8          0       8193   adc.o
       344        116          0          8          0     166148   main.o
       288         74          0         12          0        872   perturb_and_observe.o
       340         30          0          2         32       1173   pwm.o
        12          0          0          4          0       2196   retarget.o
         6          0         32          4       1340       1804   rtx_conf_cm.o
       428         22          0         56         64       3875   serial.o
        28          8        192          0       1024        640   startup_stm32f0xx.o
       240         10          0          0          0       2680   stm32f0xx_adc.o
       216         14          0          0          0       2174   stm32f0xx_dma.o
       168          6          0          0          0       1417   stm32f0xx_gpio.o
        80         10          0          0          0        880   stm32f0xx_misc.o
        24          4          0          0          0        490   stm32f0xx_pwr.o
       368         26          0         16          0       2717   stm32f0xx_rcc.o
       384         14          0          0          0       3433   stm32f0xx_rtc.o
       264         28          0          0          0       2785   stm32f0xx_tim.o
       332          8          0          0          0       3073   stm32f0xx_usart.o
       180         16          0         20          0       1189   system_stm32f0xx.o

    ----------------------------------------------------------------------
      4158        476        264        132       2464     205739   Object Totals
         0          0         32          0          0          0   (incl. Generated)
         0          0          8          2          4          0   (incl. Padding)

    ----------------------------------------------------------------------

      Code (inc. data)   RO Data    RW Data    ZI Data      Debug   Library Member Name

         4          4          0          0          0        136   SVC_Table.o
       468         50          0          0          0       1300   hal_cm1.o
        76          6          0          0          0        509   rt_event.o
       416         26          0          0         48       3297   rt_list.o
       172          4          0          0          0        549   rt_mailbox.o
       140          0          0          0          0       1505   rt_membox.o
        92         22          0          8          0        906   rt_robin.o
        52          6          0          0          0        433   rt_semaphore.o
       258         50          0          8          0       2886   rt_system.o
       796        152          0          8         48       6034   rt_task.o
        10          0          0          4          0        524   rt_time.o
        64          8          0          8          0        575   rt_timer.o
         0          0          0          0          0          0   entry.o
         8          4          0          0          0          0   entry2.o
         4          0          0          0          0          0   entry5.o
         0          0          0          0          0          0   entry7b.o
         8          4          0          0          0          0   entry8.o
        30          0          0          0          0          0   handlers.o
        36          8          0          0          0         68   init.o
         0          0          0          0          0          0   iusefp.o
        32          0          0          0          0         68   llshl.o
        38          0          0          0          0         68   llsshr.o
        34          0          0          0          0         68   llushr.o
      2236        102          0          0          0        408   printfa.o
        44          0          0          0          0         72   uidiv.o
        96          0          0          0          0         84   uldiv.o
        40          2          0          0          0         68   cdrcmple.o
       356          6          0          0          0        136   dadd.o
       240          6          0          0          0         80   ddiv.o
       238          0          0          0          0        212   depilogue.o
        60         10          0          0          0         68   dfixui.o
        64         10          0          0          0         68   dfixul.o
        40          6          0          0          0         68   dflti.o
        28          4          0          0          0         68   dfltui.o
       208          6          0          0          0         84   dmul.o
        40          0          0          0          0         60   f2d.o
       178          0          0          0          0        108   fadd.o
       128          0          0          0          0         72   fdiv.o
       132          0          0          0          0        144   fepilogue.o
        14          0          0          0          0         68   ffltui.o
       122          0          0          0          0         72   fmul.o

    ----------------------------------------------------------------------
      7010        496          0         36         96      20866   Library Totals
         8          0          0          0          0          0   (incl. Padding)

    ----------------------------------------------------------------------

      Code (inc. data)   RO Data    RW Data    ZI Data      Debug   Library Name

      2548        328          0         36         96      18654   RTX_CM1.LIB
      2566        118          0          0          0        836   mc_p.l
      1888         50          0          0          0       1376   mf_p.l

    ----------------------------------------------------------------------
      7010        496          0         36         96      20866   Library Totals

    ----------------------------------------------------------------------

==============================================================================


      Code (inc. data)   RO Data    RW Data    ZI Data      Debug   

     11168        972        264        168       2560     222577   Grand Totals
     11168        972        264        168       2560     222577   ELF Image Totals
     11168        972        264        168          0          0   ROM Totals

==============================================================================

    Total RO  Size (Code + RO Data)                11432 (  11.16kB)
    Total RW  Size (RW Data + ZI Data)              2728 (   2.66kB)
    Total ROM Size (Code + RO Data + RW Data)      11600 (  11.33kB)

==============================================================================

