ARM Linker, 5.02 [Build 28] [MDK-ARM Lite]

==============================================================================

Section Cross References

    main.o(.text) refers to adc.o(.text) for init_adc
    main.o(.text) refers to printfa.o(i.__0printf) for __2printf
    main.o(.text) refers to stm32f0xx_rcc.o(.text) for RCC_AHBPeriphClockCmd
    main.o(.text) refers to stm32f0xx_gpio.o(.text) for GPIO_Init
    main.o(.text) refers to stm32f0xx_rtc.o(.text) for RTC_TimeStructInit
    main.o(.text) refers to stm32f0xx_pwr.o(.text) for PWR_BackupAccessCmd
    main.o(.text) refers to hal_cm1.o(.emb_text) for os_set_env
    main.o(.text) refers to mktime.o(.text) for mktime
    main.o(.text) refers to memcpya.o(.text) for __aeabi_memcpy4
    main.o(.text) refers to perturb_and_observe.o(.text) for perturb_and_observe
    main.o(.text) refers to rt_task.o(i.rt_tsk_create) for rt_tsk_create
    main.o(.text) refers to main.o(.data) for .data
    main.o(.text) refers to rt_task.o(i.rt_tsk_delete) for rt_tsk_delete
    main.o(.text) refers to lcd_hd44780.o(.text) for lcd
    main.o(.text) refers to serial.o(.data) for Serial
    main.o(.text) refers to rt_task.o(i.rt_sys_init) for rt_sys_init
    retarget.o(.text) refers to serial.o(.text) for write_fcn
    adc.o(.text) refers to stm32f0xx_dma.o(.text) for DMA_GetFlagStatus
    adc.o(.text) refers to printfa.o(i.__0printf) for __2printf
    adc.o(.text) refers to ffltui.o(.text) for __aeabi_ui2f
    adc.o(.text) refers to fmul.o(.text) for __aeabi_fmul
    adc.o(.text) refers to fdiv.o(.text) for __aeabi_fdiv
    adc.o(.text) refers to f2d.o(.text) for __aeabi_f2d
    adc.o(.text) refers to stm32f0xx_rcc.o(.text) for RCC_AHBPeriphClockCmd
    adc.o(.text) refers to stm32f0xx_gpio.o(.text) for GPIO_StructInit
    adc.o(.text) refers to stm32f0xx_adc.o(.text) for ADC_DeInit
    adc.o(.text) refers to adc.o(.data) for .data
    adc.o(.text) refers to rt_time.o(i.rt_dly_wait) for rt_dly_wait
    perturb_and_observe.o(.text) refers to adc.o(.text) for get_adc_voltage
    perturb_and_observe.o(.text) refers to fmul.o(.text) for __aeabi_fmul
    perturb_and_observe.o(.text) refers to fadd.o(.text) for __aeabi_fsub
    perturb_and_observe.o(.text) refers to pwm.o(.text) for set_duty_cycle
    perturb_and_observe.o(.text) refers to f2d.o(.text) for __aeabi_f2d
    perturb_and_observe.o(.text) refers to printfa.o(i.__0printf) for __2printf
    perturb_and_observe.o(.text) refers to perturb_and_observe.o(.data) for .data
    perturb_and_observe.o(.text) refers to rt_time.o(i.rt_dly_wait) for rt_dly_wait
    pwm.o(.text) refers to dflti.o(.text) for __aeabi_i2d
    pwm.o(.text) refers to f2d.o(.text) for __aeabi_f2d
    pwm.o(.text) refers to dadd.o(.text) for __aeabi_drsub
    pwm.o(.text) refers to dmul.o(.text) for __aeabi_dmul
    pwm.o(.text) refers to ddiv.o(.text) for __aeabi_ddiv
    pwm.o(.text) refers to dfixui.o(.text) for __aeabi_d2uiz
    pwm.o(.text) refers to stm32f0xx_tim.o(.text) for TIM_OC1Init
    pwm.o(.text) refers to stm32f0xx_rcc.o(.text) for RCC_AHBPeriphClockCmd
    pwm.o(.text) refers to stm32f0xx_gpio.o(.text) for GPIO_Init
    pwm.o(.text) refers to uidiv.o(.text) for __aeabi_uidivmod
    pwm.o(.text) refers to dfltui.o(.text) for __aeabi_ui2d
    pwm.o(.text) refers to d2f.o(.text) for __aeabi_d2f
    pwm.o(.text) refers to pwm.o(.data) for .data
    pwm.o(.text) refers to pwm.o(.bss) for .bss
    pwm.o(.text) refers to system_stm32f0xx.o(.data) for SystemCoreClock
    pwm.o(.text) refers to rt_time.o(i.rt_dly_wait) for rt_dly_wait
    serial.o(.text) refers to stm32f0xx_misc.o(.text) for NVIC_Init
    serial.o(.text) refers to stm32f0xx_rcc.o(.text) for RCC_AHBPeriphClockCmd
    serial.o(.text) refers to stm32f0xx_gpio.o(.text) for GPIO_PinAFConfig
    serial.o(.text) refers to stm32f0xx_usart.o(.text) for USART_Init
    serial.o(.text) refers to serial.o(.data) for .data
    serial.o(.text) refers to serial.o(.bss) for .bss
    serial.o(.data) refers to serial.o(.bss) for rcv_buff
    serial.o(.data) refers to serial.o(.text) for begin_fcn
    interrupted_charging.o(.text) refers to pwm.o(.text) for init_pwm
    interrupted_charging.o(.text) refers to stm32f0xx_rcc.o(.text) for RCC_AHBPeriphClockCmd
    interrupted_charging.o(.text) refers to stm32f0xx_gpio.o(.text) for GPIO_StructInit
    interrupted_charging.o(.text) refers to adc.o(.text) for get_adc_voltage
    interrupted_charging.o(.text) refers to f2d.o(.text) for __aeabi_f2d
    interrupted_charging.o(.text) refers to printfa.o(i.__0printf) for __2printf
    interrupted_charging.o(.text) refers to interrupted_charging.o(i.__ARM_common_switch8) for __ARM_common_switch8
    interrupted_charging.o(.text) refers to perturb_and_observe.o(.text) for perturb_and_observe_itter
    interrupted_charging.o(.text) refers to cfrcmple.o(.text) for __aeabi_cfrcmple
    interrupted_charging.o(.text) refers to interrupted_charging.o(.data) for .data
[...]
    STM32F0xx_StdPeriph_Driver\src\stm32f0xx_i2c.c 0x00000000   Number         0  stm32f0xx_i2c.o ABSOLUTE
    STM32F0xx_StdPeriph_Driver\src\stm32f0xx_iwdg.c 0x00000000   Number         0  stm32f0xx_iwdg.o ABSOLUTE
    STM32F0xx_StdPeriph_Driver\src\stm32f0xx_misc.c 0x00000000   Number         0  stm32f0xx_misc.o ABSOLUTE
    STM32F0xx_StdPeriph_Driver\src\stm32f0xx_pwr.c 0x00000000   Number         0  stm32f0xx_pwr.o ABSOLUTE
    STM32F0xx_StdPeriph_Driver\src\stm32f0xx_rcc.c 0x00000000   Number         0  stm32f0xx_rcc.o ABSOLUTE
    STM32F0xx_StdPeriph_Driver\src\stm32f0xx_rtc.c 0x00000000   Number         0  stm32f0xx_rtc.o ABSOLUTE
    STM32F0xx_StdPeriph_Driver\src\stm32f0xx_spi.c 0x00000000   Number         0  stm32f0xx_spi.o ABSOLUTE
    STM32F0xx_StdPeriph_Driver\src\stm32f0xx_syscfg.c 0x00000000   Number         0  stm32f0xx_syscfg.o ABSOLUTE
    STM32F0xx_StdPeriph_Driver\src\stm32f0xx_tim.c 0x00000000   Number         0  stm32f0xx_tim.o ABSOLUTE
    STM32F0xx_StdPeriph_Driver\src\stm32f0xx_usart.c 0x00000000   Number         0  stm32f0xx_usart.o ABSOLUTE
    STM32F0xx_StdPeriph_Driver\src\stm32f0xx_wwdg.c 0x00000000   Number         0  stm32f0xx_wwdg.o ABSOLUTE
    adc.c                                    0x00000000   Number         0  adc.o ABSOLUTE
    adc.c                                    0x00000000   Number         0  adc.o ABSOLUTE
    cdrcmple.s                               0x00000000   Number         0  cdrcmple.o ABSOLUTE
    cfrcmple.s                               0x00000000   Number         0  cfrcmple.o ABSOLUTE
    dc.s                                     0x00000000   Number         0  dc.o ABSOLUTE
    handlers.s                               0x00000000   Number         0  handlers.o ABSOLUTE
    init.s                                   0x00000000   Number         0  init.o ABSOLUTE
    interrupted_charging.c                   0x00000000   Number         0  interrupted_charging.o ABSOLUTE
    interrupted_charging.c                   0x00000000   Number         0  interrupted_charging.o ABSOLUTE
    lcd_hd44780.c                            0x00000000   Number         0  lcd_hd44780.o ABSOLUTE
    lcd_hd44780.c                            0x00000000   Number         0  lcd_hd44780.o ABSOLUTE
    main.c                                   0x00000000   Number         0  main.o ABSOLUTE
    main.c                                   0x00000000   Number         0  main.o ABSOLUTE
    perturb_and_observe.c                    0x00000000   Number         0  perturb_and_observe.o ABSOLUTE
    perturb_and_observe.c                    0x00000000   Number         0  perturb_and_observe.o ABSOLUTE
    pwm.c                                    0x00000000   Number         0  pwm.o ABSOLUTE
    pwm.c                                    0x00000000   Number         0  pwm.o ABSOLUTE
    serial.c                                 0x00000000   Number         0  serial.o ABSOLUTE
    serial.c                                 0x00000000   Number         0  serial.o ABSOLUTE
    system_stm32f0xx.c                       0x00000000   Number         0  system_stm32f0xx.o ABSOLUTE
    system_stm32f0xx.c                       0x00000000   Number         0  system_stm32f0xx.o ABSOLUTE
    RESET                                    0x08000000   Section      192  startup_stm32f0xx.o(RESET)
    .ARM.Collect$$$$00000000                 0x080000c0   Section        0  entry.o(.ARM.Collect$$$$00000000)
    .ARM.Collect$$$$00000001                 0x080000c0   Section        4  entry2.o(.ARM.Collect$$$$00000001)
    .ARM.Collect$$$$00000004                 0x080000c4   Section        4  entry5.o(.ARM.Collect$$$$00000004)
    .ARM.Collect$$$$00000008                 0x080000c8   Section        0  entry7b.o(.ARM.Collect$$$$00000008)
    .ARM.Collect$$$$00000009                 0x080000c8   Section        8  entry8.o(.ARM.Collect$$$$00000009)
    .ARM.Collect$$$$00002712                 0x080000d0   Section        4  entry2.o(.ARM.Collect$$$$00002712)
    __lit__00000000                          0x080000d0   Data           4  entry2.o(.ARM.Collect$$$$00002712)
    .emb_text                                0x080000d4   Section      392  hal_cm1.o(.emb_text)
    .text                                    0x0800025c   Section        0  main.o(.text)
    .text                                    0x080004a8   Section        0  retarget.o(.text)
    .text                                    0x080004cc   Section        0  adc.o(.text)
    .text                                    0x0800076c   Section        0  perturb_and_observe.o(.text)
    .text                                    0x0800089c   Section        0  pwm.o(.text)
    .text                                    0x08000a38   Section        0  serial.o(.text)
    NVIC_Configuration                       0x08000a39   Thumb Code    24  serial.o(.text)
    GPIO_Configuration_USART1                0x08000a51   Thumb Code    74  serial.o(.text)
    UART2_Init                               0x08000a9b   Thumb Code    62  serial.o(.text)
    .text                                    0x08000bfc   Section        0  lcd_hd44780.o(.text)
    .text                                    0x08000e0c   Section        0  stm32f0xx_adc.o(.text)
    .text                                    0x0800106c   Section        0  stm32f0xx_dma.o(.text)
    .text                                    0x080011a8   Section        0  stm32f0xx_gpio.o(.text)
    .text                                    0x08001334   Section        0  stm32f0xx_misc.o(.text)
    .text                                    0x080013bc   Section        0  stm32f0xx_pwr.o(.text)
    .text                                    0x080014a8   Section        0  stm32f0xx_rcc.o(.text)
    .text                                    0x08001908   Section        0  stm32f0xx_rtc.o(.text)
    RTC_ByteToBcd2                           0x08001aa1   Thumb Code    24  stm32f0xx_rtc.o(.text)
    RTC_Bcd2ToByte                           0x08001ab9   Thumb Code    16  stm32f0xx_rtc.o(.text)
    .text                                    0x080021b4   Section        0  stm32f0xx_tim.o(.text)
    TI4_Config                               0x080027d9   Thumb Code    46  stm32f0xx_tim.o(.text)
    TI3_Config                               0x08002817   Thumb Code    44  stm32f0xx_tim.o(.text)
    TI2_Config                               0x08002855   Thumb Code    42  stm32f0xx_tim.o(.text)
    TI1_Config                               0x0800288f   Thumb Code    40  stm32f0xx_tim.o(.text)
    .text                                    0x08002b5c   Section        0  stm32f0xx_usart.o(.text)
    .text                                    0x0800302c   Section        0  system_stm32f0xx.o(.text)
    SetSysClock                              0x0800302d   Thumb Code    80  system_stm32f0xx.o(.text)
    .text                                    0x08003150   Section       28  startup_stm32f0xx.o(.text)
    .text                                    0x0800316c   Section        0  rtx_conf_cm.o(.text)
    .text                                    0x08003172   Section        0  uidiv.o(.text)
    .text                                    0x080031a0   Section        0  mktime.o(.text)
    .text                                    0x0800322c   Section        0  memcpya.o(.text)
    .text                                    0x08003250   Section        0  fadd.o(.text)
    .text                                    0x08003302   Section        0  fmul.o(.text)
    .text                                    0x0800337c   Section        0  fdiv.o(.text)
    .text                                    0x080033fc   Section        0  dadd.o(.text)
    .text                                    0x08003560   Section        0  dmul.o(.text)
    .text                                    0x08003630   Section        0  ddiv.o(.text)
    .text                                    0x08003720   Section        0  ffltui.o(.text)
    .text                                    0x08003730   Section        0  dflti.o(.text)
    .text                                    0x08003758   Section        0  dfltui.o(.text)
    .text                                    0x08003774   Section        0  dfixui.o(.text)
    .text                                    0x080037b0   Section        0  f2d.o(.text)
    .text                                    0x080037d8   Section        0  d2f.o(.text)
    .text                                    0x08003810   Section        0  idiv.o(.text)
    .text                                    0x08003838   Section        0  uldiv.o(.text)
    .text                                    0x08003898   Section        0  llshl.o(.text)
    .text                                    0x080038b8   Section        0  llushr.o(.text)
    .text                                    0x080038da   Section        0  llsshr.o(.text)
    .text                                    0x08003900   Section        0  localtime_i.o(.text)
    .text                                    0x08003974   Section        0  iusefp.o(.text)
    .text                                    0x08003974   Section        0  fepilogue.o(.text)
    .text                                    0x080039f8   Section        0  depilogue.o(.text)
    .text                                    0x08003ab8   Section        0  dfixul.o(.text)
    .text                                    0x08003af8   Section       40  cdrcmple.o(.text)
    .text                                    0x08003b20   Section       36  init.o(.text)
    SVC_TABLE                                0x08003b44   Section        4  SVC_Table.o(SVC_TABLE)
    i.__0printf                              0x08003b48   Section        0  printfa.o(i.__0printf)
    i.__ARM_clz                              0x08003b68   Section        0  depilogue.o(i.__ARM_clz)
    i.__scatterload_copy                     0x08003b96   Section       14  handlers.o(i.__scatterload_copy)
    i.__scatterload_null                     0x08003ba4   Section        2  handlers.o(i.__scatterload_null)
    i.__scatterload_zeroinit                 0x08003ba6   Section       14  handlers.o(i.__scatterload_zeroinit)
    i._fp_digits                             0x08003bb4   Section        0  printfa.o(i._fp_digits)
    _fp_digits                               0x08003bb5   Thumb Code   314  printfa.o(i._fp_digits)
    i._init_box                              0x08003d0c   Section        0  rt_membox.o(i._init_box)
    i._printf_core                           0x08003d54   Section        0  printfa.o(i._printf_core)
    _printf_core                             0x08003d55   Thumb Code  1766  printfa.o(i._printf_core)
    i._printf_post_padding                   0x0800444c   Section        0  printfa.o(i._printf_post_padding)
    _printf_post_padding                     0x0800444d   Thumb Code    32  printfa.o(i._printf_post_padding)
    i._printf_pre_padding                    0x0800446c   Section        0  printfa.o(i._printf_pre_padding)
    _printf_pre_padding                      0x0800446d   Thumb Code    44  printfa.o(i._printf_pre_padding)
    i.os_tick_init                           0x08004498   Section        0  rt_system.o(i.os_tick_init)
    i.os_tick_irqack                         0x080044c4   Section        0  rt_system.o(i.os_tick_irqack)
    i.rt_alloc_box                           0x080044c6   Section        0  rt_membox.o(i.rt_alloc_box)
    i.rt_block                               0x080044e4   Section        0  rt_task.o(i.rt_block)
    i.rt_chk_robin                           0x0800451c   Section        0  rt_robin.o(i.rt_chk_robin)
    i.rt_dec_dly                             0x08004560   Section        0  rt_list.o(i.rt_dec_dly)
    i.rt_dispatch                            0x080045d8   Section        0  rt_task.o(i.rt_dispatch)
    i.rt_dly_wait                            0x08004618   Section        0  rt_time.o(i.rt_dly_wait)
    i.rt_evt_psh                             0x08004624   Section        0  rt_event.o(i.rt_evt_psh)
    i.rt_free_box                            0x08004670   Section        0  rt_membox.o(i.rt_free_box)
    i.rt_get_first                           0x08004696   Section        0  rt_list.o(i.rt_get_first)
    i.rt_init_context                        0x080046c0   Section        0  rt_task.o(i.rt_init_context)
    rt_init_context                          0x080046c1   Thumb Code    64  rt_task.o(i.rt_init_context)
    i.rt_init_robin                          0x08004704   Section        0  rt_robin.o(i.rt_init_robin)
    i.rt_init_stack                          0x0800471c   Section        0  hal_cm1.o(i.rt_init_stack)
    i.rt_mbx_psh                             0x08004768   Section        0  rt_mailbox.o(i.rt_mbx_psh)
    i.rt_pop_req                             0x08004814   Section        0  rt_system.o(i.rt_pop_req)
    i.rt_put_dly                             0x08004884   Section        0  rt_list.o(i.rt_put_dly)
    i.rt_put_prio                            0x080048d4   Section        0  rt_list.o(i.rt_put_prio)
    i.rt_put_rdy_first                       0x08004910   Section        0  rt_list.o(i.rt_put_rdy_first)
    i.rt_rmv_dly                             0x08004924   Section        0  rt_list.o(i.rt_rmv_dly)
    i.rt_rmv_list                            0x08004950   Section        0  rt_list.o(i.rt_rmv_list)
    i.rt_sem_psh                             0x08004984   Section        0  rt_semaphore.o(i.rt_sem_psh)
    i.rt_stk_check                           0x080049b8   Section        0  rt_system.o(i.rt_stk_check)
    i.rt_switch_req                          0x080049e0   Section        0  rt_task.o(i.rt_switch_req)
    i.rt_sys_init                            0x080049f0   Section        0  rt_task.o(i.rt_sys_init)
    i.rt_systick                             0x08004b28   Section        0  rt_system.o(i.rt_systick)
    i.rt_tmr_tick                            0x08004b64   Section        0  rt_timer.o(i.rt_tmr_tick)
    i.rt_tsk_create                          0x08004ba4   Section        0  rt_task.o(i.rt_tsk_create)
    i.rt_tsk_delete                          0x08004c20   Section        0  rt_task.o(i.rt_tsk_delete)
    .constdata                               0x08004cbc   Section        2  rtx_conf_cm.o(.constdata)
    .constdata                               0x08004cc0   Section        4  rtx_conf_cm.o(.constdata)
    .constdata                               0x08004cc4   Section        4  rtx_conf_cm.o(.constdata)
    .constdata                               0x08004cc8   Section        4  rtx_conf_cm.o(.constdata)
    .constdata                               0x08004ccc   Section        1  rtx_conf_cm.o(.constdata)
    .constdata                               0x08004cd0   Section        8  rtx_conf_cm.o(.constdata)
    __tagsym$$used                           0x08004cd0   Number         0  rtx_conf_cm.o(.constdata)
    __tagsym$$used                           0x08004cd4   Number         0  rtx_conf_cm.o(.constdata)
    .constdata                               0x08004cd8   Section        2  rtx_conf_cm.o(.constdata)
    .constdata                               0x08004cdc   Section        4  rtx_conf_cm.o(.constdata)
    .constdata                               0x08004ce0   Section        1  rtx_conf_cm.o(.constdata)
    .constdata                               0x08004ce2   Section        2  rtx_conf_cm.o(.constdata)
    .constdata                               0x08004ce4   Section       12  mktime.o(.constdata)
    monlen                                   0x08004ce4   Data          12  mktime.o(.constdata)
    .constdata                               0x08004cf0   Section       12  localtime_i.o(.constdata)
    monlen                                   0x08004cf0   Data          12  localtime_i.o(.constdata)
    .data                                    0x20000000   Section        8  main.o(.data)
    .data                                    0x20000008   Section        4  retarget.o(.data)
    .data                                    0x2000000c   Section        8  adc.o(.data)
    .data                                    0x20000014   Section       12  perturb_and_observe.o(.data)
    duty_cycle                               0x20000014   Data           4  perturb_and_observe.o(.data)
    p_panel_delay                            0x20000018   Data           4  perturb_and_observe.o(.data)
    v_panel_delay                            0x2000001c   Data           4  perturb_and_observe.o(.data)
    .data                                    0x20000020   Section        2  pwm.o(.data)
    .data                                    0x20000024   Section       56  serial.o(.data)
    rcv_buff_full                            0x20000024   Data           1  serial.o(.data)
    nb_rcv_buff_char                         0x20000026   Data           2  serial.o(.data)
    rcv_buff_overload                        0x20000028   Data           2  serial.o(.data)
    pt_rcv_read                              0x2000002c   Data           4  serial.o(.data)
    pt_rcv_write                             0x20000030   Data           4  serial.o(.data)
    USARTx                                   0x20000034   Data           4  serial.o(.data)
    .data                                    0x2000005c   Section       16  stm32f0xx_rcc.o(.data)
    APBAHBPrescTable                         0x2000005c   Data          16  stm32f0xx_rcc.o(.data)
    .data                                    0x2000006c   Section       20  system_stm32f0xx.o(.data)
    .data                                    0x20000080   Section        4  rtx_conf_cm.o(.data)
    .data                                    0x20000084   Section        8  rt_task.o(.data)
    .data                                    0x2000008c   Section        4  rt_time.o(.data)
    .data                                    0x20000090   Section        8  rt_system.o(.data)
    os_lock                                  0x20000090   Data           1  rt_system.o(.data)
    os_psh_flag                              0x20000091   Data           1  rt_system.o(.data)
    pend_flags                               0x20000092   Data           1  rt_system.o(.data)
    .data                                    0x20000098   Section        8  rt_robin.o(.data)
    .data                                    0x200000a0   Section        8  rt_timer.o(.data)
    .bss                                     0x200000a8   Section       32  pwm.o(.bss)
    .bss                                     0x200000c8   Section       64  serial.o(.bss)
    rcv_buff                                 0x200000c8   Data          64  serial.o(.bss)
    .bss                                     0x20000108   Section      156  rtx_conf_cm.o(.bss)
    .bss                                     0x200001a8   Section     1040  rtx_conf_cm.o(.bss)
    .bss                                     0x200005b8   Section      132  rtx_conf_cm.o(.bss)
    .bss                                     0x2000063c   Section       12  rtx_conf_cm.o(.bss)
    .bss                                     0x20000648   Section       48  rt_task.o(.bss)
    .bss                                     0x20000678   Section       48  rt_list.o(.bss)
    STACK                                    0x200006a8   Section     1024  startup_stm32f0xx.o(STACK)

    Global Symbols

    Symbol Name                              Value     Ov Type        Size  Object(Section)

    BuildAttributes$$THM_ISAv3M$S$PE$A:L22$X:L11$S22$IEEE1$IW$USESV6$~STKCKD$USESV7$~SHL$OTIME$ROPI$EBA8$MICROLIB$REQ8$PRES8$EABIv2 0x00000000   Number         0  anon$$obj.o ABSOLUTE
    __ARM_use_no_argv                        0x00000000   Number         0  main.o ABSOLUTE
    __use_no_errno                           0x00000000   Number         0  useno.o ABSOLUTE
    __use_no_exception_handling              0x00000000   Number         0  useno.o ABSOLUTE
    __use_no_fp                              0x00000000   Number         0  useno.o ABSOLUTE
    __use_no_heap                            0x00000000   Number         0  useno.o ABSOLUTE
    __use_no_heap_region                     0x00000000   Number         0  useno.o ABSOLUTE
    __use_no_semihosting                     0x00000000   Number         0  useno.o ABSOLUTE
    __use_no_semihosting_swi                 0x00000000   Number         0  useno.o ABSOLUTE
    __use_no_signal_handling                 0x00000000   Number         0  useno.o ABSOLUTE
    _printf_a                                0x00000000   Number         0  stubs.o ABSOLUTE
    _printf_c                                0x00000000   Number         0  stubs.o ABSOLUTE
    _printf_charcount                        0x00000000   Number         0  stubs.o ABSOLUTE
    _printf_d                                0x00000000   Number         0  stubs.o ABSOLUTE
    _printf_e                                0x00000000   Number         0  stubs.o ABSOLUTE
    _printf_f                                0x00000000   Number         0  stubs.o ABSOLUTE
    _printf_flags                            0x00000000   Number         0  stubs.o ABSOLUTE
    _printf_fp_dec                           0x00000000   Number         0  stubs.o ABSOLUTE
    _printf_fp_hex                           0x00000000   Number         0  stubs.o ABSOLUTE
    _printf_g                                0x00000000   Number         0  stubs.o ABSOLUTE
    _printf_i                                0x00000000   Number         0  stubs.o ABSOLUTE
    _printf_int_dec                          0x00000000   Number         0  stubs.o ABSOLUTE
    _printf_l                                0x00000000   Number         0  stubs.o ABSOLUTE
    _printf_lc                               0x00000000   Number         0  stubs.o ABSOLUTE
    _printf_ll                               0x00000000   Number         0  stubs.o ABSOLUTE
    _printf_lld                              0x00000000   Number         0  stubs.o ABSOLUTE
    _printf_lli                              0x00000000   Number         0  stubs.o ABSOLUTE
    _printf_llo                              0x00000000   Number         0  stubs.o ABSOLUTE
    _printf_llu                              0x00000000   Number         0  stubs.o ABSOLUTE
    _printf_llx                              0x00000000   Number         0  stubs.o ABSOLUTE
    _printf_longlong_dec                     0x00000000   Number         0  stubs.o ABSOLUTE
    _printf_longlong_hex                     0x00000000   Number         0  stubs.o ABSOLUTE
    _printf_longlong_oct                     0x00000000   Number         0  stubs.o ABSOLUTE
    _printf_ls                               0x00000000   Number         0  stubs.o ABSOLUTE
    _printf_mbtowc                           0x00000000   Number         0  stubs.o ABSOLUTE
    _printf_n                                0x00000000   Number         0  stubs.o ABSOLUTE
    _printf_o                                0x00000000   Number         0  stubs.o ABSOLUTE
    _printf_p                                0x00000000   Number         0  stubs.o ABSOLUTE
    _printf_percent                          0x00000000   Number         0  stubs.o ABSOLUTE
    _printf_pre_padding                      0x00000000   Number         0  stubs.o ABSOLUTE
    _printf_return_value                     0x00000000   Number         0  stubs.o ABSOLUTE
    _printf_s                                0x00000000   Number         0  stubs.o ABSOLUTE
    _printf_sizespec                         0x00000000   Number         0  stubs.o ABSOLUTE
    _printf_str                              0x00000000   Number         0  stubs.o ABSOLUTE
    _printf_truncate_signed                  0x00000000   Number         0  stubs.o ABSOLUTE
    _printf_truncate_unsigned                0x00000000   Number         0  stubs.o ABSOLUTE
    _printf_u                                0x00000000   Number         0  stubs.o ABSOLUTE
    _printf_wc                               0x00000000   Number         0  stubs.o ABSOLUTE
    _printf_wctomb                           0x00000000   Number         0  stubs.o ABSOLUTE
    _printf_widthprec                        0x00000000   Number         0  stubs.o ABSOLUTE
    _printf_x                                0x00000000   Number         0  stubs.o ABSOLUTE
    __decompress                              - Undefined Weak Reference
    _clock_init                               - Undefined Weak Reference
    __Vectors_Size                           0x000000c0   Number         0  startup_stm32f0xx.o ABSOLUTE
    __RL_RTX_VER                             0x00000460   Number         0  rt_system.o ABSOLUTE
    __Vectors                                0x08000000   Data           4  startup_stm32f0xx.o(RESET)
    __Vectors_End                            0x080000c0   Data           0  startup_stm32f0xx.o(RESET)
    __main                                   0x080000c1   Thumb Code     0  entry.o(.ARM.Collect$$$$00000000)
    _main_stk                                0x080000c1   Thumb Code     0  entry2.o(.ARM.Collect$$$$00000001)
    _main_scatterload                        0x080000c5   Thumb Code     0  entry5.o(.ARM.Collect$$$$00000004)
    __main_after_scatterload                 0x080000c9   Thumb Code     0  entry5.o(.ARM.Collect$$$$00000004)
    _main_clock                              0x080000c9   Thumb Code     0  entry7b.o(.ARM.Collect$$$$00000008)
    _main_init                               0x080000c9   Thumb Code     0  entry8.o(.ARM.Collect$$$$00000009)
    rt_set_PSP                               0x080000d5   Thumb Code     6  hal_cm1.o(.emb_text)
    rt_get_PSP                               0x080000db   Thumb Code     6  hal_cm1.o(.emb_text)
    os_set_env                               0x080000e1   Thumb Code    32  hal_cm1.o(.emb_text)
    _alloc_box                               0x08000105   Thumb Code    28  hal_cm1.o(.emb_text)
    _free_box                                0x08000125   Thumb Code    28  hal_cm1.o(.emb_text)
    SVC_Handler                              0x08000145   Thumb Code   152  hal_cm1.o(.emb_text)
    PendSV_Handler                           0x080001e9   Thumb Code    92  hal_cm1.o(.emb_text)
    SysTick_Handler                          0x08000249   Thumb Code     8  hal_cm1.o(.emb_text)
    OS_Tick_Handler                          0x08000251   Thumb Code    12  hal_cm1.o(.emb_text)
    charge_control                           0x0800025d   Thumb Code    26  main.o(.text)
    init                                     0x08000277   Thumb Code    36  main.o(.text)
    dc_outputs_config                        0x0800029b   Thumb Code    42  main.o(.text)
    usb_outputs_config                       0x080002c5   Thumb Code    38  main.o(.text)
    print_time_date                          0x080002eb   Thumb Code    68  main.o(.text)
    setup_rtc                                0x0800032f   Thumb Code    66  main.o(.text)
    main                                     0x08000371   Thumb Code    60  main.o(.text)
    get_time_struct                          0x080003ad   Thumb Code    90  main.o(.text)
    assert_failed                            0x08000407   Thumb Code    12  main.o(.text)
    fputc                                    0x080004a9   Thumb Code    12  retarget.o(.text)
    fgetc                                    0x080004b5   Thumb Code     4  retarget.o(.text)
    ferror                                   0x080004b9   Thumb Code     6  retarget.o(.text)
    _ttywrch                                 0x080004bf   Thumb Code    10  retarget.o(.text)
    _sys_exit                                0x080004c9   Thumb Code     2  retarget.o(.text)
    get_adc_voltage                          0x080004cd   Thumb Code   168  adc.o(.text)
    adc_test                                 0x08000575   Thumb Code   100  adc.o(.text)
    init_adc                                 0x080005d9   Thumb Code   246  adc.o(.text)
    perturb_and_observe_itter                0x0800076d   Thumb Code   212  perturb_and_observe.o(.text)
    perturb_and_observe                      0x08000841   Thumb Code    20  perturb_and_observe.o(.text)
    set_duty_cycle                           0x0800089d   Thumb Code    70  pwm.o(.text)
    TIM_Config                               0x080008e3   Thumb Code    84  pwm.o(.text)
    init_pwm                                 0x08000937   Thumb Code   152  pwm.o(.text)
    pwm_out                                  0x080009cf   Thumb Code    54  pwm.o(.text)
    putchar                                  0x08000ad9   Thumb Code    32  serial.o(.text)
    begin_fcn                                0x08000af9   Thumb Code    18  serial.o(.text)
    available_fcn                            0x08000b0b   Thumb Code     6  serial.o(.text)
    flush_fcn                                0x08000b11   Thumb Code    18  serial.o(.text)
    read_fcn                                 0x08000b23   Thumb Code    42  serial.o(.text)
    peek_fcn                                 0x08000b4d   Thumb Code    16  serial.o(.text)
    write_fcn                                0x08000b5d   Thumb Code     2  serial.o(.text)
    print_fcn                                0x08000b5f   Thumb Code    20  serial.o(.text)
    println_fcn                              0x08000b73   Thumb Code    20  serial.o(.text)
    USART1_IRQHandler                        0x08000b87   Thumb Code    96  serial.o(.text)
    delay100u                                0x08000bfd   Thumb Code    14  lcd_hd44780.o(.text)
    cycle_e                                  0x08000c0b   Thumb Code    38  lcd_hd44780.o(.text)
    lcd_send_4_bits                          0x08000c31   Thumb Code    94  lcd_hd44780.o(.text)
    lcd_putc                                 0x08000c8f   Thumb Code    44  lcd_hd44780.o(.text)
    lcd_send_cmd                             0x08000cbb   Thumb Code    44  lcd_hd44780.o(.text)
    lcd_goto_XY                              0x08000ce7   Thumb Code    20  lcd_hd44780.o(.text)
    lcd_clear                                0x08000cfb   Thumb Code    16  lcd_hd44780.o(.text)
    lcd_init                                 0x08000d0b   Thumb Code   148  lcd_hd44780.o(.text)
    lcd                                      0x08000d9f   Thumb Code    78  lcd_hd44780.o(.text)
    ADC_DeInit                               0x08000e0d   Thumb Code    28  stm32f0xx_adc.o(.text)
    ADC_Init                                 0x08000e29   Thumb Code    38  stm32f0xx_adc.o(.text)
    ADC_StructInit                           0x08000e4f   Thumb Code    16  stm32f0xx_adc.o(.text)
    ADC_Cmd                                  0x08000e5f   Thumb Code    24  stm32f0xx_adc.o(.text)
    ADC_JitterCmd                            0x08000e77   Thumb Code    20  stm32f0xx_adc.o(.text)
    ADC_AutoPowerOffCmd                      0x08000e8b   Thumb Code    24  stm32f0xx_adc.o(.text)
    ADC_WaitModeCmd                          0x08000ea3   Thumb Code    24  stm32f0xx_adc.o(.text)
    ADC_AnalogWatchdogCmd                    0x08000ebb   Thumb Code    24  stm32f0xx_adc.o(.text)
    ADC_AnalogWatchdogThresholdsConfig       0x08000ed3   Thumb Code     8  stm32f0xx_adc.o(.text)
    ADC_AnalogWatchdogSingleChannelConfig    0x08000edb   Thumb Code    14  stm32f0xx_adc.o(.text)
    ADC_AnalogWatchdogSingleChannelCmd       0x08000ee9   Thumb Code    24  stm32f0xx_adc.o(.text)
    ADC_TempSensorCmd                        0x08000f01   Thumb Code    26  stm32f0xx_adc.o(.text)
    ADC_VrefintCmd                           0x08000f1b   Thumb Code    26  stm32f0xx_adc.o(.text)
    ADC_VbatCmd                              0x08000f35   Thumb Code    26  stm32f0xx_adc.o(.text)
    ADC_ChannelConfig                        0x08000f4f   Thumb Code    10  stm32f0xx_adc.o(.text)
    ADC_ContinuousModeCmd                    0x08000f59   Thumb Code    24  stm32f0xx_adc.o(.text)
    ADC_DiscModeCmd                          0x08000f71   Thumb Code    24  stm32f0xx_adc.o(.text)
    ADC_OverrunModeCmd                       0x08000f89   Thumb Code    24  stm32f0xx_adc.o(.text)
    ADC_GetCalibrationFactor                 0x08000fa1   Thumb Code    46  stm32f0xx_adc.o(.text)
    ADC_StopOfConversion                     0x08000fcf   Thumb Code    10  stm32f0xx_adc.o(.text)
    ADC_StartOfConversion                    0x08000fd9   Thumb Code    10  stm32f0xx_adc.o(.text)
    ADC_GetConversionValue                   0x08000fe3   Thumb Code     6  stm32f0xx_adc.o(.text)
    ADC_DMACmd                               0x08000fe9   Thumb Code    24  stm32f0xx_adc.o(.text)
    ADC_DMARequestModeConfig                 0x08001001   Thumb Code    16  stm32f0xx_adc.o(.text)
    ADC_ITConfig                             0x08001011   Thumb Code    20  stm32f0xx_adc.o(.text)
    ADC_GetFlagStatus                        0x08001025   Thumb Code    30  stm32f0xx_adc.o(.text)
    ADC_ClearFlag                            0x08001043   Thumb Code     4  stm32f0xx_adc.o(.text)
    ADC_GetITStatus                          0x08001047   Thumb Code    22  stm32f0xx_adc.o(.text)
    ADC_ClearITPendingBit                    0x0800105d   Thumb Code     4  stm32f0xx_adc.o(.text)
    DMA_DeInit                               0x0800106d   Thumb Code   116  stm32f0xx_dma.o(.text)
    DMA_Init                                 0x080010e1   Thumb Code    56  stm32f0xx_dma.o(.text)
    DMA_StructInit                           0x08001119   Thumb Code    26  stm32f0xx_dma.o(.text)
    DMA_Cmd                                  0x08001133   Thumb Code    24  stm32f0xx_dma.o(.text)
    DMA_SetCurrDataCounter                   0x0800114b   Thumb Code     4  stm32f0xx_dma.o(.text)
    DMA_GetCurrDataCounter                   0x0800114f   Thumb Code     6  stm32f0xx_dma.o(.text)
    DMA_ITConfig                             0x08001155   Thumb Code    20  stm32f0xx_dma.o(.text)
    DMA_GetFlagStatus                        0x08001169   Thumb Code    18  stm32f0xx_dma.o(.text)
    DMA_ClearFlag                            0x0800117b   Thumb Code     8  stm32f0xx_dma.o(.text)
    DMA_GetITStatus                          0x08001183   Thumb Code    18  stm32f0xx_dma.o(.text)
    DMA_ClearITPendingBit                    0x08001195   Thumb Code     8  stm32f0xx_dma.o(.text)
    GPIO_DeInit                              0x080011a9   Thumb Code   134  stm32f0xx_gpio.o(.text)
    GPIO_Init                                0x0800122f   Thumb Code   112  stm32f0xx_gpio.o(.text)
    GPIO_StructInit                          0x0800129f   Thumb Code    18  stm32f0xx_gpio.o(.text)
    GPIO_PinLockConfig                       0x080012b1   Thumb Code    18  stm32f0xx_gpio.o(.text)
    GPIO_ReadInputDataBit                    0x080012c3   Thumb Code    14  stm32f0xx_gpio.o(.text)
    GPIO_ReadInputData                       0x080012d1   Thumb Code     4  stm32f0xx_gpio.o(.text)
    GPIO_ReadOutputDataBit                   0x080012d5   Thumb Code    14  stm32f0xx_gpio.o(.text)
    GPIO_ReadOutputData                      0x080012e3   Thumb Code     4  stm32f0xx_gpio.o(.text)
    GPIO_SetBits                             0x080012e7   Thumb Code     4  stm32f0xx_gpio.o(.text)
    GPIO_ResetBits                           0x080012eb   Thumb Code     4  stm32f0xx_gpio.o(.text)
    GPIO_WriteBit                            0x080012ef   Thumb Code    12  stm32f0xx_gpio.o(.text)
    GPIO_Write                               0x080012fb   Thumb Code     4  stm32f0xx_gpio.o(.text)
    GPIO_PinAFConfig                         0x080012ff   Thumb Code    32  stm32f0xx_gpio.o(.text)
    NVIC_Init                                0x08001335   Thumb Code    72  stm32f0xx_misc.o(.text)
    NVIC_SystemLPConfig                      0x0800137d   Thumb Code    22  stm32f0xx_misc.o(.text)
    SysTick_CLKSourceConfig                  0x08001393   Thumb Code    24  stm32f0xx_misc.o(.text)
    PWR_DeInit                               0x080013bd   Thumb Code    22  stm32f0xx_pwr.o(.text)
    PWR_BackupAccessCmd                      0x080013d3   Thumb Code    24  stm32f0xx_pwr.o(.text)
    PWR_PVDLevelConfig                       0x080013eb   Thumb Code    14  stm32f0xx_pwr.o(.text)
    PWR_PVDCmd                               0x080013f9   Thumb Code    24  stm32f0xx_pwr.o(.text)
    PWR_WakeUpPinCmd                         0x08001411   Thumb Code    22  stm32f0xx_pwr.o(.text)
    PWR_EnterSleepMode                       0x08001427   Thumb Code    22  stm32f0xx_pwr.o(.text)
    PWR_EnterSTOPMode                        0x0800143d   Thumb Code    40  stm32f0xx_pwr.o(.text)
    PWR_EnterSTANDBYMode                     0x08001465   Thumb Code    30  stm32f0xx_pwr.o(.text)
    PWR_GetFlagStatus                        0x08001483   Thumb Code    16  stm32f0xx_pwr.o(.text)
    PWR_ClearFlag                            0x08001493   Thumb Code    12  stm32f0xx_pwr.o(.text)
    RCC_DeInit                               0x080014a9   Thumb Code    78  stm32f0xx_rcc.o(.text)
    RCC_HSEConfig                            0x080014f7   Thumb Code    10  stm32f0xx_rcc.o(.text)
    RCC_GetFlagStatus                        0x08001501   Thumb Code    50  stm32f0xx_rcc.o(.text)
    RCC_WaitForHSEStartUp                    0x08001533   Thumb Code    42  stm32f0xx_rcc.o(.text)
    RCC_AdjustHSICalibrationValue            0x0800155d   Thumb Code    16  stm32f0xx_rcc.o(.text)
    RCC_HSICmd                               0x0800156d   Thumb Code    26  stm32f0xx_rcc.o(.text)
    RCC_AdjustHSI14CalibrationValue          0x08001587   Thumb Code    16  stm32f0xx_rcc.o(.text)
    RCC_HSI14Cmd                             0x08001597   Thumb Code    26  stm32f0xx_rcc.o(.text)
    RCC_HSI14ADCRequestCmd                   0x080015b1   Thumb Code    24  stm32f0xx_rcc.o(.text)
    RCC_LSEConfig                            0x080015c9   Thumb Code    26  stm32f0xx_rcc.o(.text)
    RCC_LSEDriveConfig                       0x080015e3   Thumb Code    18  stm32f0xx_rcc.o(.text)
    RCC_LSICmd                               0x080015f5   Thumb Code    26  stm32f0xx_rcc.o(.text)
    RCC_PLLConfig                            0x0800160f   Thumb Code    24  stm32f0xx_rcc.o(.text)
    RCC_PLLCmd                               0x08001627   Thumb Code    26  stm32f0xx_rcc.o(.text)
    RCC_PREDIV1Config                        0x08001641   Thumb Code    14  stm32f0xx_rcc.o(.text)
    RCC_ClockSecuritySystemCmd               0x0800164f   Thumb Code    26  stm32f0xx_rcc.o(.text)
    RCC_MCOConfig                            0x08001669   Thumb Code     6  stm32f0xx_rcc.o(.text)
    RCC_SYSCLKConfig                         0x0800166f   Thumb Code    14  stm32f0xx_rcc.o(.text)
    RCC_GetSYSCLKSource                      0x0800167d   Thumb Code    10  stm32f0xx_rcc.o(.text)
    RCC_HCLKConfig                           0x08001687   Thumb Code    14  stm32f0xx_rcc.o(.text)
    RCC_PCLKConfig                           0x08001695   Thumb Code    16  stm32f0xx_rcc.o(.text)
    RCC_ADCCLKConfig                         0x080016a5   Thumb Code    38  stm32f0xx_rcc.o(.text)
    RCC_CECCLKConfig                         0x080016cb   Thumb Code    18  stm32f0xx_rcc.o(.text)
    RCC_I2CCLKConfig                         0x080016dd   Thumb Code    18  stm32f0xx_rcc.o(.text)
    RCC_USARTCLKConfig                       0x080016ef   Thumb Code    18  stm32f0xx_rcc.o(.text)
    RCC_GetClocksFreq                        0x08001701   Thumb Code   232  stm32f0xx_rcc.o(.text)
    RCC_RTCCLKConfig                         0x080017e9   Thumb Code    10  stm32f0xx_rcc.o(.text)
    RCC_RTCCLKCmd                            0x080017f3   Thumb Code    24  stm32f0xx_rcc.o(.text)
    RCC_BackupResetCmd                       0x0800180b   Thumb Code    26  stm32f0xx_rcc.o(.text)
    RCC_AHBPeriphClockCmd                    0x08001825   Thumb Code    22  stm32f0xx_rcc.o(.text)
    RCC_APB2PeriphClockCmd                   0x0800183b   Thumb Code    22  stm32f0xx_rcc.o(.text)
    RCC_APB1PeriphClockCmd                   0x08001851   Thumb Code    22  stm32f0xx_rcc.o(.text)
    RCC_AHBPeriphResetCmd                    0x08001867   Thumb Code    22  stm32f0xx_rcc.o(.text)
    RCC_APB2PeriphResetCmd                   0x0800187d   Thumb Code    56  stm32f0xx_rcc.o(.text)
    RCC_APB1PeriphResetCmd                   0x080018b5   Thumb Code    22  stm32f0xx_rcc.o(.text)
    RCC_ITConfig                             0x080018cb   Thumb Code    22  stm32f0xx_rcc.o(.text)
    RCC_ClearFlag                            0x080018e1   Thumb Code    14  stm32f0xx_rcc.o(.text)
    RCC_GetITStatus                          0x080018ef   Thumb Code    16  stm32f0xx_rcc.o(.text)
    RCC_ClearITPendingBit                    0x080018ff   Thumb Code     6  stm32f0xx_rcc.o(.text)
    RTC_WaitForSynchro                       0x08001909   Thumb Code    70  stm32f0xx_rtc.o(.text)
    RTC_EnterInitMode                        0x0800194f   Thumb Code    54  stm32f0xx_rtc.o(.text)
    RTC_DeInit                               0x08001985   Thumb Code    72  stm32f0xx_rtc.o(.text)
    RTC_ExitInitMode                         0x080019cd   Thumb Code    12  stm32f0xx_rtc.o(.text)
    RTC_Init                                 0x080019d9   Thumb Code    68  stm32f0xx_rtc.o(.text)
    RTC_StructInit                           0x08001a1d   Thumb Code    14  stm32f0xx_rtc.o(.text)
    RTC_WriteProtectionCmd                   0x08001a2b   Thumb Code    22  stm32f0xx_rtc.o(.text)
    RTC_RefClockCmd                          0x08001a41   Thumb Code    58  stm32f0xx_rtc.o(.text)
    RTC_BypassShadowCmd                      0x08001a7b   Thumb Code    38  stm32f0xx_rtc.o(.text)
    RTC_SetTime                              0x08001ac9   Thumb Code   154  stm32f0xx_rtc.o(.text)
    RTC_TimeStructInit                       0x08001b63   Thumb Code    12  stm32f0xx_rtc.o(.text)
    RTC_GetTime                              0x08001b6f   Thumb Code    68  stm32f0xx_rtc.o(.text)
    RTC_GetSubSecond                         0x08001bb3   Thumb Code     8  stm32f0xx_rtc.o(.text)
    RTC_SetDate                              0x08001bbb   Thumb Code   156  stm32f0xx_rtc.o(.text)
    RTC_DateStructInit                       0x08001c57   Thumb Code    14  stm32f0xx_rtc.o(.text)
    RTC_GetDate                              0x08001c65   Thumb Code    64  stm32f0xx_rtc.o(.text)
    RTC_SetAlarm                             0x08001ca5   Thumb Code   190  stm32f0xx_rtc.o(.text)
    RTC_AlarmStructInit                      0x08001d63   Thumb Code    20  stm32f0xx_rtc.o(.text)
    RTC_GetAlarm                             0x08001d77   Thumb Code    90  stm32f0xx_rtc.o(.text)
    RTC_AlarmCmd                             0x08001dd1   Thumb Code    72  stm32f0xx_rtc.o(.text)
    RTC_AlarmSubSecondConfig                 0x08001e19   Thumb Code    26  stm32f0xx_rtc.o(.text)
    RTC_GetAlarmSubSecond                    0x08001e33   Thumb Code    12  stm32f0xx_rtc.o(.text)
    RTC_DayLightSavingConfig                 0x08001e3f   Thumb Code    36  stm32f0xx_rtc.o(.text)
    RTC_GetStoreOperation                    0x08001e63   Thumb Code    12  stm32f0xx_rtc.o(.text)
    RTC_OutputConfig                         0x08001e6f   Thumb Code    36  stm32f0xx_rtc.o(.text)
    RTC_CalibOutputCmd                       0x08001e93   Thumb Code    38  stm32f0xx_rtc.o(.text)
    RTC_CalibOutputConfig                    0x08001eb9   Thumb Code    32  stm32f0xx_rtc.o(.text)
    RTC_SmoothCalibConfig                    0x08001ed9   Thumb Code    62  stm32f0xx_rtc.o(.text)
    RTC_TimeStampCmd                         0x08001f17   Thumb Code    40  stm32f0xx_rtc.o(.text)
    RTC_GetTimeStamp                         0x08001f3f   Thumb Code   124  stm32f0xx_rtc.o(.text)
    RTC_GetTimeStampSubSecond                0x08001fbb   Thumb Code     6  stm32f0xx_rtc.o(.text)
    RTC_TamperTriggerConfig                  0x08001fc1   Thumb Code    26  stm32f0xx_rtc.o(.text)
    RTC_TamperCmd                            0x08001fdb   Thumb Code    24  stm32f0xx_rtc.o(.text)
    RTC_TamperFilterConfig                   0x08001ff3   Thumb Code    22  stm32f0xx_rtc.o(.text)
    RTC_TamperSamplingFreqConfig             0x08002009   Thumb Code    22  stm32f0xx_rtc.o(.text)
    RTC_TamperPinsPrechargeDuration          0x0800201f   Thumb Code    22  stm32f0xx_rtc.o(.text)
    RTC_TimeStampOnTamperDetectionCmd        0x08002035   Thumb Code    26  stm32f0xx_rtc.o(.text)
    RTC_TamperPullUpCmd                      0x0800204f   Thumb Code    26  stm32f0xx_rtc.o(.text)
    RTC_WriteBackupRegister                  0x08002069   Thumb Code    12  stm32f0xx_rtc.o(.text)
    RTC_ReadBackupRegister                   0x08002075   Thumb Code    12  stm32f0xx_rtc.o(.text)
    RTC_OutputTypeConfig                     0x08002081   Thumb Code    22  stm32f0xx_rtc.o(.text)
    RTC_SynchroShiftConfig                   0x08002097   Thumb Code    82  stm32f0xx_rtc.o(.text)
    RTC_ITConfig                             0x080020e9   Thumb Code    60  stm32f0xx_rtc.o(.text)
    RTC_GetFlagStatus                        0x08002125   Thumb Code    20  stm32f0xx_rtc.o(.text)
    RTC_ClearFlag                            0x08002139   Thumb Code    22  stm32f0xx_rtc.o(.text)
    RTC_GetITStatus                          0x0800214f   Thumb Code    76  stm32f0xx_rtc.o(.text)
    RTC_ClearITPendingBit                    0x0800219b   Thumb Code    22  stm32f0xx_rtc.o(.text)
    TIM_DeInit                               0x080021b5   Thumb Code   206  stm32f0xx_tim.o(.text)
    TIM_TimeBaseInit                         0x08002283   Thumb Code    88  stm32f0xx_tim.o(.text)
    TIM_TimeBaseStructInit                   0x080022db   Thumb Code    18  stm32f0xx_tim.o(.text)
    TIM_PrescalerConfig                      0x080022ed   Thumb Code     6  stm32f0xx_tim.o(.text)
    TIM_CounterModeConfig                    0x080022f3   Thumb Code    12  stm32f0xx_tim.o(.text)
    TIM_SetCounter                           0x080022ff   Thumb Code     4  stm32f0xx_tim.o(.text)
    TIM_SetAutoreload                        0x08002303   Thumb Code     4  stm32f0xx_tim.o(.text)
    TIM_GetCounter                           0x08002307   Thumb Code     4  stm32f0xx_tim.o(.text)
    TIM_GetPrescaler                         0x0800230b   Thumb Code     4  stm32f0xx_tim.o(.text)
    TIM_UpdateDisableConfig                  0x0800230f   Thumb Code    22  stm32f0xx_tim.o(.text)
    TIM_UpdateRequestConfig                  0x08002325   Thumb Code    22  stm32f0xx_tim.o(.text)
    TIM_ARRPreloadConfig                     0x0800233b   Thumb Code    22  stm32f0xx_tim.o(.text)
    TIM_SelectOnePulseMode                   0x08002351   Thumb Code    16  stm32f0xx_tim.o(.text)
    TIM_SetClockDivision                     0x08002361   Thumb Code    16  stm32f0xx_tim.o(.text)
    TIM_Cmd                                  0x08002371   Thumb Code    24  stm32f0xx_tim.o(.text)
    TIM_BDTRConfig                           0x08002389   Thumb Code    34  stm32f0xx_tim.o(.text)
    TIM_BDTRStructInit                       0x080023ab   Thumb Code    18  stm32f0xx_tim.o(.text)
    TIM_CtrlPWMOutputs                       0x080023bd   Thumb Code    28  stm32f0xx_tim.o(.text)
    TIM_OC1Init                              0x080023d9   Thumb Code   108  stm32f0xx_tim.o(.text)
    TIM_OC2Init                              0x08002445   Thumb Code   118  stm32f0xx_tim.o(.text)
    TIM_OC3Init                              0x080024bb   Thumb Code   114  stm32f0xx_tim.o(.text)
    TIM_OC4Init                              0x0800252d   Thumb Code    82  stm32f0xx_tim.o(.text)
    TIM_OCStructInit                         0x0800257f   Thumb Code    86  stm32f0xx_tim.o(.text)
    TIM_SelectOCxM                           0x080025d5   Thumb Code    74  stm32f0xx_tim.o(.text)
    TIM_SetCompare1                          0x0800261f   Thumb Code     4  stm32f0xx_tim.o(.text)
    TIM_SetCompare2                          0x08002623   Thumb Code     4  stm32f0xx_tim.o(.text)
    TIM_SetCompare3                          0x08002627   Thumb Code     4  stm32f0xx_tim.o(.text)
    TIM_SetCompare4                          0x0800262b   Thumb Code     4  stm32f0xx_tim.o(.text)
    TIM_ForcedOC1Config                      0x0800262f   Thumb Code    12  stm32f0xx_tim.o(.text)
    TIM_ForcedOC2Config                      0x0800263b   Thumb Code    14  stm32f0xx_tim.o(.text)
    TIM_ForcedOC3Config                      0x08002649   Thumb Code    12  stm32f0xx_tim.o(.text)
    TIM_ForcedOC4Config                      0x08002655   Thumb Code    14  stm32f0xx_tim.o(.text)
    TIM_CCPreloadControl                     0x08002663   Thumb Code    24  stm32f0xx_tim.o(.text)
    TIM_OC1PreloadConfig                     0x0800267b   Thumb Code    12  stm32f0xx_tim.o(.text)
    TIM_OC2PreloadConfig                     0x08002687   Thumb Code    14  stm32f0xx_tim.o(.text)
    TIM_OC3PreloadConfig                     0x08002695   Thumb Code    12  stm32f0xx_tim.o(.text)
    TIM_OC4PreloadConfig                     0x080026a1   Thumb Code    14  stm32f0xx_tim.o(.text)
    TIM_OC1FastConfig                        0x080026af   Thumb Code    12  stm32f0xx_tim.o(.text)
    TIM_OC2FastConfig                        0x080026bb   Thumb Code    14  stm32f0xx_tim.o(.text)
    TIM_OC3FastConfig                        0x080026c9   Thumb Code    12  stm32f0xx_tim.o(.text)
    TIM_OC4FastConfig                        0x080026d5   Thumb Code    14  stm32f0xx_tim.o(.text)
    TIM_ClearOC1Ref                          0x080026e3   Thumb Code    12  stm32f0xx_tim.o(.text)
    TIM_ClearOC2Ref                          0x080026ef   Thumb Code    14  stm32f0xx_tim.o(.text)
    TIM_ClearOC3Ref                          0x080026fd   Thumb Code    12  stm32f0xx_tim.o(.text)
    TIM_ClearOC4Ref                          0x08002709   Thumb Code    14  stm32f0xx_tim.o(.text)
    TIM_OC1PolarityConfig                    0x08002717   Thumb Code    12  stm32f0xx_tim.o(.text)
    TIM_OC1NPolarityConfig                   0x08002723   Thumb Code    12  stm32f0xx_tim.o(.text)
    TIM_OC2PolarityConfig                    0x0800272f   Thumb Code    14  stm32f0xx_tim.o(.text)
    TIM_OC2NPolarityConfig                   0x0800273d   Thumb Code    14  stm32f0xx_tim.o(.text)
    TIM_OC3PolarityConfig                    0x0800274b   Thumb Code    14  stm32f0xx_tim.o(.text)
    TIM_OC3NPolarityConfig                   0x08002759   Thumb Code    14  stm32f0xx_tim.o(.text)
    TIM_OC4PolarityConfig                    0x08002767   Thumb Code    14  stm32f0xx_tim.o(.text)
    TIM_SelectOCREFClear                     0x08002775   Thumb Code    16  stm32f0xx_tim.o(.text)
    TIM_CCxCmd                               0x08002785   Thumb Code    22  stm32f0xx_tim.o(.text)
    TIM_CCxNCmd                              0x0800279b   Thumb Code    22  stm32f0xx_tim.o(.text)
    TIM_SelectCOM                            0x080027b1   Thumb Code    22  stm32f0xx_tim.o(.text)
    TIM_SetIC4Prescaler                      0x080027c7   Thumb Code    18  stm32f0xx_tim.o(.text)
    TIM_SetIC3Prescaler                      0x08002807   Thumb Code    16  stm32f0xx_tim.o(.text)
    TIM_SetIC2Prescaler                      0x08002843   Thumb Code    18  stm32f0xx_tim.o(.text)
    TIM_SetIC1Prescaler                      0x0800287f   Thumb Code    16  stm32f0xx_tim.o(.text)
    TIM_ICInit                               0x080028b7   Thumb Code    90  stm32f0xx_tim.o(.text)
    TIM_ICStructInit                         0x08002911   Thumb Code    16  stm32f0xx_tim.o(.text)
    TIM_PWMIConfig                           0x08002921   Thumb Code   106  stm32f0xx_tim.o(.text)
    TIM_GetCapture1                          0x0800298b   Thumb Code     4  stm32f0xx_tim.o(.text)
    TIM_GetCapture2                          0x0800298f   Thumb Code     4  stm32f0xx_tim.o(.text)
    TIM_GetCapture3                          0x08002993   Thumb Code     4  stm32f0xx_tim.o(.text)
    TIM_GetCapture4                          0x08002997   Thumb Code     4  stm32f0xx_tim.o(.text)
    TIM_ITConfig                             0x0800299b   Thumb Code    20  stm32f0xx_tim.o(.text)
    TIM_GenerateEvent                        0x080029af   Thumb Code     4  stm32f0xx_tim.o(.text)
    TIM_GetFlagStatus                        0x080029b3   Thumb Code    14  stm32f0xx_tim.o(.text)
    TIM_ClearFlag                            0x080029c1   Thumb Code     6  stm32f0xx_tim.o(.text)
    TIM_GetITStatus                          0x080029c7   Thumb Code    24  stm32f0xx_tim.o(.text)
    TIM_ClearITPendingBit                    0x080029df   Thumb Code     6  stm32f0xx_tim.o(.text)
    TIM_DMAConfig                            0x080029e5   Thumb Code     8  stm32f0xx_tim.o(.text)
    TIM_DMACmd                               0x080029ed   Thumb Code    20  stm32f0xx_tim.o(.text)
    TIM_SelectCCDMA                          0x08002a01   Thumb Code    22  stm32f0xx_tim.o(.text)
    TIM_InternalClockConfig                  0x08002a17   Thumb Code    54  stm32f0xx_tim.o(.text)
    TIM_SelectInputTrigger                   0x08002a4d   Thumb Code    12  stm32f0xx_tim.o(.text)
    TIM_ITRxExternalClockConfig              0x08002a59   Thumb Code    20  stm32f0xx_tim.o(.text)
    TIM_TIxExternalClockConfig               0x08002a6d   Thumb Code    48  stm32f0xx_tim.o(.text)
    TIM_ETRConfig                            0x08002a9d   Thumb Code    18  stm32f0xx_tim.o(.text)
    TIM_ETRClockMode1Config                  0x08002aaf   Thumb Code    30  stm32f0xx_tim.o(.text)
    TIM_ETRClockMode2Config                  0x08002acd   Thumb Code    22  stm32f0xx_tim.o(.text)
    TIM_SelectOutputTrigger                  0x08002ae3   Thumb Code    16  stm32f0xx_tim.o(.text)
    TIM_SelectSlaveMode                      0x08002af3   Thumb Code    16  stm32f0xx_tim.o(.text)
    TIM_SelectMasterSlaveMode                0x08002b03   Thumb Code    16  stm32f0xx_tim.o(.text)
    TIM_EncoderInterfaceConfig               0x08002b13   Thumb Code    42  stm32f0xx_tim.o(.text)
    TIM_SelectHallSensor                     0x08002b3d   Thumb Code    22  stm32f0xx_tim.o(.text)
    TIM_RemapConfig                          0x08002b53   Thumb Code     6  stm32f0xx_tim.o(.text)
    USART_DeInit                             0x08002b5d   Thumb Code    54  stm32f0xx_usart.o(.text)
    USART_Init                               0x08002b93   Thumb Code   182  stm32f0xx_usart.o(.text)
    USART_StructInit                         0x08002c49   Thumb Code    22  stm32f0xx_usart.o(.text)
    USART_ClockInit                          0x08002c5f   Thumb Code    30  stm32f0xx_usart.o(.text)
    USART_ClockStructInit                    0x08002c7d   Thumb Code    12  stm32f0xx_usart.o(.text)
    USART_Cmd                                0x08002c89   Thumb Code    24  stm32f0xx_usart.o(.text)
    USART_DirectionModeCmd                   0x08002ca1   Thumb Code    20  stm32f0xx_usart.o(.text)
    USART_OverSampling8Cmd                   0x08002cb5   Thumb Code    24  stm32f0xx_usart.o(.text)
    USART_OneBitMethodCmd                    0x08002ccd   Thumb Code    24  stm32f0xx_usart.o(.text)
    USART_MSBFirstCmd                        0x08002ce5   Thumb Code    24  stm32f0xx_usart.o(.text)
    USART_DataInvCmd                         0x08002cfd   Thumb Code    24  stm32f0xx_usart.o(.text)
    USART_InvPinCmd                          0x08002d15   Thumb Code    20  stm32f0xx_usart.o(.text)
    USART_SWAPPinCmd                         0x08002d29   Thumb Code    24  stm32f0xx_usart.o(.text)
    USART_ReceiverTimeOutCmd                 0x08002d41   Thumb Code    24  stm32f0xx_usart.o(.text)
    USART_SetReceiverTimeOut                 0x08002d59   Thumb Code    16  stm32f0xx_usart.o(.text)
    USART_SetPrescaler                       0x08002d69   Thumb Code    16  stm32f0xx_usart.o(.text)
    USART_STOPModeCmd                        0x08002d79   Thumb Code    22  stm32f0xx_usart.o(.text)
    USART_StopModeWakeUpSourceConfig         0x08002d8f   Thumb Code    18  stm32f0xx_usart.o(.text)
    USART_AutoBaudRateCmd                    0x08002da1   Thumb Code    24  stm32f0xx_usart.o(.text)
    USART_AutoBaudRateConfig                 0x08002db9   Thumb Code    18  stm32f0xx_usart.o(.text)
    USART_AutoBaudRateNewRequest             0x08002dcb   Thumb Code    12  stm32f0xx_usart.o(.text)
    USART_SendData                           0x08002dd7   Thumb Code     8  stm32f0xx_usart.o(.text)
    USART_ReceiveData                        0x08002ddf   Thumb Code     8  stm32f0xx_usart.o(.text)
    USART_SetAddress                         0x08002de7   Thumb Code    18  stm32f0xx_usart.o(.text)
    USART_MuteModeCmd                        0x08002df9   Thumb Code    24  stm32f0xx_usart.o(.text)
    USART_MuteModeWakeUpConfig               0x08002e11   Thumb Code    18  stm32f0xx_usart.o(.text)
    USART_AddressDetectionConfig             0x08002e23   Thumb Code    16  stm32f0xx_usart.o(.text)
    USART_LINBreakDetectLengthConfig         0x08002e33   Thumb Code    16  stm32f0xx_usart.o(.text)
    USART_LINCmd                             0x08002e43   Thumb Code    24  stm32f0xx_usart.o(.text)
    USART_HalfDuplexCmd                      0x08002e5b   Thumb Code    22  stm32f0xx_usart.o(.text)
    USART_SetGuardTime                       0x08002e71   Thumb Code    16  stm32f0xx_usart.o(.text)
    USART_SmartCardCmd                       0x08002e81   Thumb Code    22  stm32f0xx_usart.o(.text)
    USART_SmartCardNACKCmd                   0x08002e97   Thumb Code    22  stm32f0xx_usart.o(.text)
    USART_SetAutoRetryCount                  0x08002ead   Thumb Code    20  stm32f0xx_usart.o(.text)
    USART_SetBlockLength                     0x08002ec1   Thumb Code    18  stm32f0xx_usart.o(.text)
    USART_IrDAConfig                         0x08002ed3   Thumb Code    16  stm32f0xx_usart.o(.text)
    USART_IrDACmd                            0x08002ee3   Thumb Code    22  stm32f0xx_usart.o(.text)
    USART_DECmd                              0x08002ef9   Thumb Code    24  stm32f0xx_usart.o(.text)
    USART_DEPolarityConfig                   0x08002f11   Thumb Code    18  stm32f0xx_usart.o(.text)
    USART_SetDEAssertionTime                 0x08002f23   Thumb Code    20  stm32f0xx_usart.o(.text)
    USART_SetDEDeassertionTime               0x08002f37   Thumb Code    34  stm32f0xx_usart.o(.text)
    USART_DMACmd                             0x08002f59   Thumb Code    20  stm32f0xx_usart.o(.text)
    USART_DMAReceptionErrorConfig            0x08002f6d   Thumb Code    18  stm32f0xx_usart.o(.text)
    USART_ITConfig                           0x08002f7f   Thumb Code    46  stm32f0xx_usart.o(.text)
    USART_RequestCmd                         0x08002fad   Thumb Code    20  stm32f0xx_usart.o(.text)
    USART_OverrunDetectionConfig             0x08002fc1   Thumb Code    18  stm32f0xx_usart.o(.text)
    USART_GetFlagStatus                      0x08002fd3   Thumb Code    14  stm32f0xx_usart.o(.text)
    USART_ClearFlag                          0x08002fe1   Thumb Code     4  stm32f0xx_usart.o(.text)
    USART_GetITStatus                        0x08002fe5   Thumb Code    60  stm32f0xx_usart.o(.text)
    USART_ClearITPendingBit                  0x08003021   Thumb Code    10  stm32f0xx_usart.o(.text)
    SystemInit                               0x0800307d   Thumb Code    78  system_stm32f0xx.o(.text)
    SystemCoreClockUpdate                    0x080030cb   Thumb Code   106  system_stm32f0xx.o(.text)
    Reset_Handler                            0x08003151   Thumb Code     8  startup_stm32f0xx.o(.text)
    NMI_Handler                              0x08003159   Thumb Code     2  startup_stm32f0xx.o(.text)
    HardFault_Handler                        0x0800315b   Thumb Code     2  startup_stm32f0xx.o(.text)
    ADC1_COMP_IRQHandler                     0x08003163   Thumb Code     0  startup_stm32f0xx.o(.text)
    CEC_IRQHandler                           0x08003163   Thumb Code     0  startup_stm32f0xx.o(.text)
    DMA1_Channel1_IRQHandler                 0x08003163   Thumb Code     0  startup_stm32f0xx.o(.text)
    DMA1_Channel2_3_IRQHandler               0x08003163   Thumb Code     0  startup_stm32f0xx.o(.text)
    DMA1_Channel4_5_IRQHandler               0x08003163   Thumb Code     0  startup_stm32f0xx.o(.text)
    EXTI0_1_IRQHandler                       0x08003163   Thumb Code     0  startup_stm32f0xx.o(.text)
    EXTI2_3_IRQHandler                       0x08003163   Thumb Code     0  startup_stm32f0xx.o(.text)
    EXTI4_15_IRQHandler                      0x08003163   Thumb Code     0  startup_stm32f0xx.o(.text)
    FLASH_IRQHandler                         0x08003163   Thumb Code     0  startup_stm32f0xx.o(.text)
    I2C1_IRQHandler                          0x08003163   Thumb Code     0  startup_stm32f0xx.o(.text)
    I2C2_IRQHandler                          0x08003163   Thumb Code     0  startup_stm32f0xx.o(.text)
    PVD_IRQHandler                           0x08003163   Thumb Code     0  startup_stm32f0xx.o(.text)
    RCC_IRQHandler                           0x08003163   Thumb Code     0  startup_stm32f0xx.o(.text)
    RTC_IRQHandler                           0x08003163   Thumb Code     0  startup_stm32f0xx.o(.text)
    SPI1_IRQHandler                          0x08003163   Thumb Code     0  startup_stm32f0xx.o(.text)
    SPI2_IRQHandler                          0x08003163   Thumb Code     0  startup_stm32f0xx.o(.text)
    TIM14_IRQHandler                         0x08003163   Thumb Code     0  startup_stm32f0xx.o(.text)
    TIM15_IRQHandler                         0x08003163   Thumb Code     0  startup_stm32f0xx.o(.text)
    TIM16_IRQHandler                         0x08003163   Thumb Code     0  startup_stm32f0xx.o(.text)
    TIM17_IRQHandler                         0x08003163   Thumb Code     0  startup_stm32f0xx.o(.text)
    TIM1_BRK_UP_TRG_COM_IRQHandler           0x08003163   Thumb Code     0  startup_stm32f0xx.o(.text)
    TIM1_CC_IRQHandler                       0x08003163   Thumb Code     0  startup_stm32f0xx.o(.text)
    TIM2_IRQHandler                          0x08003163   Thumb Code     0  startup_stm32f0xx.o(.text)
    TIM3_IRQHandler                          0x08003163   Thumb Code     0  startup_stm32f0xx.o(.text)
    TIM6_DAC_IRQHandler                      0x08003163   Thumb Code     0  startup_stm32f0xx.o(.text)
    TS_IRQHandler                            0x08003163   Thumb Code     0  startup_stm32f0xx.o(.text)
    USART2_IRQHandler                        0x08003163   Thumb Code     0  startup_stm32f0xx.o(.text)
    WWDG_IRQHandler                          0x08003163   Thumb Code     0  startup_stm32f0xx.o(.text)
    os_idle_demon                            0x0800316d   Thumb Code     2  rtx_conf_cm.o(.text)
    os_tmr_call                              0x0800316f   Thumb Code     2  rtx_conf_cm.o(.text)
    os_error                                 0x08003171   Thumb Code     2  rtx_conf_cm.o(.text)
    __aeabi_uidiv                            0x08003173   Thumb Code     0  uidiv.o(.text)
    __aeabi_uidivmod                         0x08003173   Thumb Code    44  uidiv.o(.text)
    mktime                                   0x080031a1   Thumb Code   124  mktime.o(.text)
    __aeabi_memcpy                           0x0800322d   Thumb Code    36  memcpya.o(.text)
    __aeabi_memcpy4                          0x0800322d   Thumb Code     0  memcpya.o(.text)
    __aeabi_memcpy8                          0x0800322d   Thumb Code     0  memcpya.o(.text)
    __aeabi_fadd                             0x08003251   Thumb Code   162  fadd.o(.text)
    __aeabi_fsub                             0x080032f3   Thumb Code     8  fadd.o(.text)
    __aeabi_frsub                            0x080032fb   Thumb Code     8  fadd.o(.text)
    __aeabi_fmul                             0x08003303   Thumb Code   122  fmul.o(.text)
    __aeabi_fdiv                             0x0800337d   Thumb Code   128  fdiv.o(.text)
    __aeabi_dadd                             0x080033fd   Thumb Code   326  dadd.o(.text)
    __aeabi_dsub                             0x08003543   Thumb Code    12  dadd.o(.text)
    __aeabi_drsub                            0x0800354f   Thumb Code    12  dadd.o(.text)
    __aeabi_dmul                             0x08003561   Thumb Code   202  dmul.o(.text)
    __aeabi_ddiv                             0x08003631   Thumb Code   234  ddiv.o(.text)
    __aeabi_ui2f                             0x08003721   Thumb Code    14  ffltui.o(.text)
    __aeabi_i2d                              0x08003731   Thumb Code    34  dflti.o(.text)
    __aeabi_ui2d                             0x08003759   Thumb Code    24  dfltui.o(.text)
    __aeabi_d2uiz                            0x08003775   Thumb Code    50  dfixui.o(.text)
    __aeabi_f2d                              0x080037b1   Thumb Code    40  f2d.o(.text)
    __aeabi_d2f                              0x080037d9   Thumb Code    56  d2f.o(.text)
    __aeabi_idiv                             0x08003811   Thumb Code     0  idiv.o(.text)
    __aeabi_idivmod                          0x08003811   Thumb Code    40  idiv.o(.text)
    __aeabi_uldivmod                         0x08003839   Thumb Code    96  uldiv.o(.text)
    __aeabi_llsl                             0x08003899   Thumb Code    32  llshl.o(.text)
    _ll_shift_l                              0x08003899   Thumb Code     0  llshl.o(.text)
    __aeabi_llsr                             0x080038b9   Thumb Code    34  llushr.o(.text)
    _ll_ushift_r                             0x080038b9   Thumb Code     0  llushr.o(.text)
    __aeabi_lasr                             0x080038db   Thumb Code    38  llsshr.o(.text)
    _ll_sshift_r                             0x080038db   Thumb Code     0  llsshr.o(.text)
    _localtime                               0x08003901   Thumb Code   104  localtime_i.o(.text)
    __I$use$fp                               0x08003975   Thumb Code     0  iusefp.o(.text)
    _float_round                             0x08003975   Thumb Code    16  fepilogue.o(.text)
    _float_epilogue                          0x08003985   Thumb Code   116  fepilogue.o(.text)
    _double_round                            0x080039f9   Thumb Code    26  depilogue.o(.text)
    _double_epilogue                         0x08003a13   Thumb Code   166  depilogue.o(.text)
    __aeabi_d2ulz                            0x08003ab9   Thumb Code    54  dfixul.o(.text)
    __aeabi_cdrcmple                         0x08003af9   Thumb Code    38  cdrcmple.o(.text)
    __scatterload                            0x08003b21   Thumb Code    28  init.o(.text)
    __scatterload_rt2                        0x08003b21   Thumb Code     0  init.o(.text)
    SVC_Count                                0x08003b44   Data           4  SVC_Table.o(SVC_TABLE)
    SVC_Table                                0x08003b48   Data           0  SVC_Table.o(SVC_TABLE)
    __0printf                                0x08003b49   Thumb Code    24  printfa.o(i.__0printf)
    __1printf                                0x08003b49   Thumb Code     0  printfa.o(i.__0printf)
    __2printf                                0x08003b49   Thumb Code     0  printfa.o(i.__0printf)
    __c89printf                              0x08003b49   Thumb Code     0  printfa.o(i.__0printf)
    printf                                   0x08003b49   Thumb Code     0  printfa.o(i.__0printf)
    __ARM_clz                                0x08003b69   Thumb Code    46  depilogue.o(i.__ARM_clz)
    __scatterload_copy                       0x08003b97   Thumb Code    14  handlers.o(i.__scatterload_copy)
    __scatterload_null                       0x08003ba5   Thumb Code     2  handlers.o(i.__scatterload_null)
    __scatterload_zeroinit                   0x08003ba7   Thumb Code    14  handlers.o(i.__scatterload_zeroinit)
    _init_box                                0x08003d0d   Thumb Code    72  rt_membox.o(i._init_box)
    os_tick_init                             0x08004499   Thumb Code    32  rt_system.o(i.os_tick_init)
    os_tick_irqack                           0x080044c5   Thumb Code     2  rt_system.o(i.os_tick_irqack)
    rt_alloc_box                             0x080044c7   Thumb Code    30  rt_membox.o(i.rt_alloc_box)
    rt_block                                 0x080044e5   Thumb Code    42  rt_task.o(i.rt_block)
    rt_chk_robin                             0x0800451d   Thumb Code    56  rt_robin.o(i.rt_chk_robin)
    rt_dec_dly                               0x08004561   Thumb Code   112  rt_list.o(i.rt_dec_dly)
    rt_dispatch                              0x080045d9   Thumb Code    56  rt_task.o(i.rt_dispatch)
    rt_dly_wait                              0x08004619   Thumb Code    10  rt_time.o(i.rt_dly_wait)
    rt_evt_psh                               0x08004625   Thumb Code    70  rt_event.o(i.rt_evt_psh)
    rt_free_box                              0x08004671   Thumb Code    38  rt_membox.o(i.rt_free_box)
    rt_get_first                             0x08004697   Thumb Code    42  rt_list.o(i.rt_get_first)
    rt_init_robin                            0x08004705   Thumb Code    14  rt_robin.o(i.rt_init_robin)
    rt_init_stack                            0x0800471d   Thumb Code    68  hal_cm1.o(i.rt_init_stack)
    rt_mbx_psh                               0x08004769   Thumb Code   168  rt_mailbox.o(i.rt_mbx_psh)
    rt_pop_req                               0x08004815   Thumb Code    98  rt_system.o(i.rt_pop_req)
    rt_put_dly                               0x08004885   Thumb Code    74  rt_list.o(i.rt_put_dly)
    rt_put_prio                              0x080048d5   Thumb Code    60  rt_list.o(i.rt_put_prio)
    rt_put_rdy_first                         0x08004911   Thumb Code    14  rt_list.o(i.rt_put_rdy_first)
    rt_rmv_dly                               0x08004925   Thumb Code    42  rt_list.o(i.rt_rmv_dly)
    rt_rmv_list                              0x08004951   Thumb Code    46  rt_list.o(i.rt_rmv_list)
    rt_sem_psh                               0x08004985   Thumb Code    46  rt_semaphore.o(i.rt_sem_psh)
    rt_stk_check                             0x080049b9   Thumb Code    30  rt_system.o(i.rt_stk_check)
    rt_switch_req                            0x080049e1   Thumb Code    10  rt_task.o(i.rt_switch_req)
    rt_sys_init                              0x080049f1   Thumb Code   230  rt_task.o(i.rt_sys_init)
    rt_systick                               0x08004b29   Thumb Code    46  rt_system.o(i.rt_systick)
    rt_tmr_tick                              0x08004b65   Thumb Code    56  rt_timer.o(i.rt_tmr_tick)
    rt_tsk_create                            0x08004ba5   Thumb Code   108  rt_task.o(i.rt_tsk_create)
    rt_tsk_delete                            0x08004c21   Thumb Code   134  rt_task.o(i.rt_tsk_delete)
    os_maxtaskrun                            0x08004cbc   Data           2  rtx_conf_cm.o(.constdata)
    os_stackinfo                             0x08004cc0   Data           4  rtx_conf_cm.o(.constdata)
    os_rrobin                                0x08004cc4   Data           4  rtx_conf_cm.o(.constdata)
    os_trv                                   0x08004cc8   Data           4  rtx_conf_cm.o(.constdata)
    os_flags                                 0x08004ccc   Data           1  rtx_conf_cm.o(.constdata)
    os_clockrate                             0x08004cd0   Data           4  rtx_conf_cm.o(.constdata)
    os_timernum                              0x08004cd4   Data           4  rtx_conf_cm.o(.constdata)
    mp_tcb_size                              0x08004cd8   Data           2  rtx_conf_cm.o(.constdata)
    mp_stk_size                              0x08004cdc   Data           4  rtx_conf_cm.o(.constdata)
    os_fifo_size                             0x08004ce0   Data           1  rtx_conf_cm.o(.constdata)
    mp_tmr_size                              0x08004ce2   Data           2  rtx_conf_cm.o(.constdata)
    Region$$Table$$Base                      0x08004cfc   Number         0  anon$$obj.o(Region$$Table)
    Region$$Table$$Limit                     0x08004d1c   Number         0  anon$$obj.o(Region$$Table)
    perturb_and_observe_t                    0x20000000   Data           4  main.o(.data)
    lcd_t                                    0x20000004   Data           4  main.o(.data)
    __stdout                                 0x20000008   Data           4  retarget.o(.data)
    RegularConvData_Tab                      0x2000000c   Data           8  adc.o(.data)
    TimerPeriod                              0x20000020   Data           2  pwm.o(.data)
    Serial                                   0x20000038   Data          36  serial.o(.data)
    SystemCoreClock                          0x2000006c   Data           4  system_stm32f0xx.o(.data)
    AHBPrescTable                            0x20000070   Data          16  system_stm32f0xx.o(.data)
    m_tmr                                    0x20000080   Data           4  rtx_conf_cm.o(.data)
    os_tsk                                   0x20000084   Data           8  rt_task.o(.data)
    os_time                                  0x2000008c   Data           4  rt_time.o(.data)
    os_tick_irqn                             0x20000094   Data           4  rt_system.o(.data)
    os_robin                                 0x20000098   Data           8  rt_robin.o(.data)
    os_tmr                                   0x200000a0   Data           8  rt_timer.o(.data)
    TIM_TimeBaseStructure_PWM                0x200000a8   Data          12  pwm.o(.bss)
    TIM_OCInitStructure_PWM                  0x200000b4   Data          20  pwm.o(.bss)
    mp_tcb                                   0x20000108   Data         156  rtx_conf_cm.o(.bss)
    mp_stk                                   0x200001a8   Data        1040  rtx_conf_cm.o(.bss)
    os_fifo                                  0x200005b8   Data         132  rtx_conf_cm.o(.bss)
    os_active_TCB                            0x2000063c   Data          12  rtx_conf_cm.o(.bss)
    os_idle_TCB                              0x20000648   Data          48  rt_task.o(.bss)
    os_rdy                                   0x20000678   Data          24  rt_list.o(.bss)
    os_dly                                   0x20000690   Data          24  rt_list.o(.bss)
    __initial_sp                             0x20000aa8   Data           0  startup_stm32f0xx.o(STACK)



==============================================================================

Memory Map of the image

  Image Entry point : 0x080000c1

  Load Region LR_IROM1 (Base: 0x08000000, Size: 0x00004dc4, Max: 0x00008000, ABSOLUTE)

    Execution Region ER_IROM1 (Base: 0x08000000, Size: 0x00004d1c, Max: 0x00008000, ABSOLUTE)

    Base Addr    Size         Type   Attr      Idx    E Section Name        Object

    0x08000000   0x000000c0   Data   RO          808    RESET               startup_stm32f0xx.o
    0x080000c0   0x00000000   Code   RO         1371  * .ARM.Collect$$$$00000000  mc_p.l(entry.o)
    0x080000c0   0x00000004   Code   RO         1670    .ARM.Collect$$$$00000001  mc_p.l(entry2.o)
    0x080000c4   0x00000004   Code   RO         1673    .ARM.Collect$$$$00000004  mc_p.l(entry5.o)
    0x080000c8   0x00000000   Code   RO         1675    .ARM.Collect$$$$00000008  mc_p.l(entry7b.o)
    0x080000c8   0x00000008   Code   RO         1676    .ARM.Collect$$$$00000009  mc_p.l(entry8.o)
    0x080000d0   0x00000004   Code   RO         1671    .ARM.Collect$$$$00002712  mc_p.l(entry2.o)
    0x080000d4   0x00000188   Code   RO          981    .emb_text           RTX_CM1.LIB(hal_cm1.o)
    0x0800025c   0x0000024c   Code   RO            3    .text               main.o
    0x080004a8   0x00000022   Code   RO          147    .text               retarget.o
    0x080004ca   0x00000002   PAD
    0x080004cc   0x000002a0   Code   RO          182    .text               adc.o
    0x0800076c   0x00000130   Code   RO          212    .text               perturb_and_observe.o
    0x0800089c   0x0000019c   Code   RO          233    .text               pwm.o
    0x08000a38   0x000001c4   Code   RO          257    .text               serial.o
    0x08000bfc   0x00000210   Code   RO          313    .text               lcd_hd44780.o
    0x08000e0c   0x00000260   Code   RO          360    .text               stm32f0xx_adc.o
    0x0800106c   0x0000013c   Code   RO          480    .text               stm32f0xx_dma.o
    0x080011a8   0x0000018c   Code   RO          540    .text               stm32f0xx_gpio.o
    0x08001334   0x00000088   Code   RO          600    .text               stm32f0xx_misc.o
    0x080013bc   0x000000ec   Code   RO          620    .text               stm32f0xx_pwr.o
    0x080014a8   0x00000460   Code   RO          640    .text               stm32f0xx_rcc.o
    0x08001908   0x000008ac   Code   RO          662    .text               stm32f0xx_rtc.o
    0x080021b4   0x000009a8   Code   RO          722    .text               stm32f0xx_tim.o
    0x08002b5c   0x000004ce   Code   RO          742    .text               stm32f0xx_usart.o
    0x0800302a   0x00000002   PAD
    0x0800302c   0x00000124   Code   RO          782    .text               system_stm32f0xx.o
    0x08003150   0x0000001c   Code   RO          809    .text               startup_stm32f0xx.o
    0x0800316c   0x00000006   Code   RO          813    .text               rtx_conf_cm.o
    0x08003172   0x0000002c   Code   RO         1374    .text               mc_p.l(uidiv.o)
    0x0800319e   0x00000002   PAD
    0x080031a0   0x0000008c   Code   RO         1376    .text               mc_p.l(mktime.o)
    0x0800322c   0x00000024   Code   RO         1379    .text               mc_p.l(memcpya.o)
    0x08003250   0x000000b2   Code   RO         1644    .text               mf_p.l(fadd.o)
    0x08003302   0x0000007a   Code   RO         1646    .text               mf_p.l(fmul.o)
    0x0800337c   0x00000080   Code   RO         1648    .text               mf_p.l(fdiv.o)
    0x080033fc   0x00000164   Code   RO         1650    .text               mf_p.l(dadd.o)
    0x08003560   0x000000d0   Code   RO         1652    .text               mf_p.l(dmul.o)
    0x08003630   0x000000f0   Code   RO         1654    .text               mf_p.l(ddiv.o)
    0x08003720   0x0000000e   Code   RO         1656    .text               mf_p.l(ffltui.o)
    0x0800372e   0x00000002   PAD
    0x08003730   0x00000028   Code   RO         1658    .text               mf_p.l(dflti.o)
    0x08003758   0x0000001c   Code   RO         1660    .text               mf_p.l(dfltui.o)
    0x08003774   0x0000003c   Code   RO         1662    .text               mf_p.l(dfixui.o)
    0x080037b0   0x00000028   Code   RO         1664    .text               mf_p.l(f2d.o)
    0x080037d8   0x00000038   Code   RO         1666    .text               mf_p.l(d2f.o)
    0x08003810   0x00000028   Code   RO         1677    .text               mc_p.l(idiv.o)
    0x08003838   0x00000060   Code   RO         1679    .text               mc_p.l(uldiv.o)
    0x08003898   0x00000020   Code   RO         1681    .text               mc_p.l(llshl.o)
    0x080038b8   0x00000022   Code   RO         1683    .text               mc_p.l(llushr.o)
    0x080038da   0x00000026   Code   RO         1685    .text               mc_p.l(llsshr.o)
    0x08003900   0x00000074   Code   RO         1690    .text               mc_p.l(localtime_i.o)
    0x08003974   0x00000000   Code   RO         1693    .text               mc_p.l(iusefp.o)
    0x08003974   0x00000084   Code   RO         1694    .text               mf_p.l(fepilogue.o)
    0x080039f8   0x000000c0   Code   RO         1696    .text               mf_p.l(depilogue.o)
    0x08003ab8   0x00000040   Code   RO         1700    .text               mf_p.l(dfixul.o)
    0x08003af8   0x00000028   Code   RO         1702    .text               mf_p.l(cdrcmple.o)
    0x08003b20   0x00000024   Code   RO         1704    .text               mc_p.l(init.o)
    0x08003b44   0x00000004   Code   RO         1215    SVC_TABLE           RTX_CM1.LIB(SVC_Table.o)
    0x08003b48   0x00000020   Code   RO         1616    i.__0printf         mc_p.l(printfa.o)
    0x08003b68   0x0000002e   Code   RO         1698    i.__ARM_clz         mf_p.l(depilogue.o)
    0x08003b96   0x0000000e   Code   RO         1708    i.__scatterload_copy  mc_p.l(handlers.o)
    0x08003ba4   0x00000002   Code   RO         1709    i.__scatterload_null  mc_p.l(handlers.o)
    0x08003ba6   0x0000000e   Code   RO         1710    i.__scatterload_zeroinit  mc_p.l(handlers.o)
    0x08003bb4   0x00000158   Code   RO         1623    i._fp_digits        mc_p.l(printfa.o)
    0x08003d0c   0x00000048   Code   RO         1186    i._init_box         RTX_CM1.LIB(rt_membox.o)
    0x08003d54   0x000006f8   Code   RO         1624    i._printf_core      mc_p.l(printfa.o)
    0x0800444c   0x00000020   Code   RO         1625    i._printf_post_padding  mc_p.l(printfa.o)
    0x0800446c   0x0000002c   Code   RO         1626    i._printf_pre_padding  mc_p.l(printfa.o)
    0x08004498   0x0000002c   Code   RO         1002    i.os_tick_init      RTX_CM1.LIB(rt_system.o)
    0x080044c4   0x00000002   Code   RO         1003    i.os_tick_irqack    RTX_CM1.LIB(rt_system.o)
    0x080044c6   0x0000001e   Code   RO         1187    i.rt_alloc_box      RTX_CM1.LIB(rt_membox.o)
    0x080044e4   0x00000038   Code   RO          845    i.rt_block          RTX_CM1.LIB(rt_task.o)
    0x0800451c   0x00000044   Code   RO         1164    i.rt_chk_robin      RTX_CM1.LIB(rt_robin.o)
    0x08004560   0x00000078   Code   RO         1085    i.rt_dec_dly        RTX_CM1.LIB(rt_list.o)
    0x080045d8   0x00000040   Code   RO          846    i.rt_dispatch       RTX_CM1.LIB(rt_task.o)
    0x08004618   0x0000000a   Code   RO          944    i.rt_dly_wait       RTX_CM1.LIB(rt_time.o)
    0x08004622   0x00000002   PAD
    0x08004624   0x0000004c   Code   RO         1221    i.rt_evt_psh        RTX_CM1.LIB(rt_event.o)
    0x08004670   0x00000026   Code   RO         1188    i.rt_free_box       RTX_CM1.LIB(rt_membox.o)
    0x08004696   0x0000002a   Code   RO         1086    i.rt_get_first      RTX_CM1.LIB(rt_list.o)
    0x080046c0   0x00000044   Code   RO          847    i.rt_init_context   RTX_CM1.LIB(rt_task.o)
    0x08004704   0x00000018   Code   RO         1165    i.rt_init_robin     RTX_CM1.LIB(rt_robin.o)
    0x0800471c   0x0000004c   Code   RO          982    i.rt_init_stack     RTX_CM1.LIB(hal_cm1.o)
    0x08004768   0x000000ac   Code   RO         1264    i.rt_mbx_psh        RTX_CM1.LIB(rt_mailbox.o)
    0x08004814   0x00000070   Code   RO         1004    i.rt_pop_req        RTX_CM1.LIB(rt_system.o)
    0x08004884   0x00000050   Code   RO         1089    i.rt_put_dly        RTX_CM1.LIB(rt_list.o)
    0x080048d4   0x0000003c   Code   RO         1090    i.rt_put_prio       RTX_CM1.LIB(rt_list.o)
    0x08004910   0x00000014   Code   RO         1091    i.rt_put_rdy_first  RTX_CM1.LIB(rt_list.o)
    0x08004924   0x0000002a   Code   RO         1093    i.rt_rmv_dly        RTX_CM1.LIB(rt_list.o)
    0x0800494e   0x00000002   PAD
    0x08004950   0x00000034   Code   RO         1094    i.rt_rmv_list       RTX_CM1.LIB(rt_list.o)
    0x08004984   0x00000034   Code   RO         1310    i.rt_sem_psh        RTX_CM1.LIB(rt_semaphore.o)
    0x080049b8   0x00000028   Code   RO         1007    i.rt_stk_check      RTX_CM1.LIB(rt_system.o)
    0x080049e0   0x00000010   Code   RO          848    i.rt_switch_req     RTX_CM1.LIB(rt_task.o)
    0x080049f0   0x00000138   Code   RO          849    i.rt_sys_init       RTX_CM1.LIB(rt_task.o)
    0x08004b28   0x0000003c   Code   RO         1009    i.rt_systick        RTX_CM1.LIB(rt_system.o)
    0x08004b64   0x00000040   Code   RO         1346    i.rt_tmr_tick       RTX_CM1.LIB(rt_timer.o)
    0x08004ba4   0x0000007c   Code   RO          850    i.rt_tsk_create     RTX_CM1.LIB(rt_task.o)
    0x08004c20   0x0000009c   Code   RO          851    i.rt_tsk_delete     RTX_CM1.LIB(rt_task.o)
    0x08004cbc   0x00000002   Data   RO          818    .constdata          rtx_conf_cm.o
    0x08004cbe   0x00000002   PAD
    0x08004cc0   0x00000004   Data   RO          819    .constdata          rtx_conf_cm.o
    0x08004cc4   0x00000004   Data   RO          820    .constdata          rtx_conf_cm.o
    0x08004cc8   0x00000004   Data   RO          821    .constdata          rtx_conf_cm.o
    0x08004ccc   0x00000001   Data   RO          822    .constdata          rtx_conf_cm.o
    0x08004ccd   0x00000003   PAD
    0x08004cd0   0x00000008   Data   RO          823    .constdata          rtx_conf_cm.o
    0x08004cd8   0x00000002   Data   RO          824    .constdata          rtx_conf_cm.o
    0x08004cda   0x00000002   PAD
    0x08004cdc   0x00000004   Data   RO          825    .constdata          rtx_conf_cm.o
    0x08004ce0   0x00000001   Data   RO          826    .constdata          rtx_conf_cm.o
    0x08004ce1   0x00000001   PAD
    0x08004ce2   0x00000002   Data   RO          827    .constdata          rtx_conf_cm.o
    0x08004ce4   0x0000000c   Data   RO         1377    .constdata          mc_p.l(mktime.o)
    0x08004cf0   0x0000000c   Data   RO         1691    .constdata          mc_p.l(localtime_i.o)
    0x08004cfc   0x00000020   Data   RO         1706    Region$$Table       anon$$obj.o


    Execution Region RW_IRAM1 (Base: 0x20000000, Size: 0x00000aa8, Max: 0x00001000, ABSOLUTE)

    Base Addr    Size         Type   Attr      Idx    E Section Name        Object

    0x20000000   0x00000008   Data   RW            7    .data               main.o
    0x20000008   0x00000004   Data   RW          148    .data               retarget.o
    0x2000000c   0x00000008   Data   RW          183    .data               adc.o
    0x20000014   0x0000000c   Data   RW          213    .data               perturb_and_observe.o
    0x20000020   0x00000002   Data   RW          235    .data               pwm.o
    0x20000022   0x00000002   PAD
    0x20000024   0x00000038   Data   RW          259    .data               serial.o
    0x2000005c   0x00000010   Data   RW          641    .data               stm32f0xx_rcc.o
    0x2000006c   0x00000014   Data   RW          783    .data               system_stm32f0xx.o
    0x20000080   0x00000004   Data   RW          828    .data               rtx_conf_cm.o
    0x20000084   0x00000008   Data   RW          856    .data               RTX_CM1.LIB(rt_task.o)
    0x2000008c   0x00000004   Data   RW          948    .data               RTX_CM1.LIB(rt_time.o)
    0x20000090   0x00000008   Data   RW         1012    .data               RTX_CM1.LIB(rt_system.o)
    0x20000098   0x00000008   Data   RW         1166    .data               RTX_CM1.LIB(rt_robin.o)
    0x200000a0   0x00000008   Data   RW         1347    .data               RTX_CM1.LIB(rt_timer.o)
    0x200000a8   0x00000020   Zero   RW          234    .bss                pwm.o
    0x200000c8   0x00000040   Zero   RW          258    .bss                serial.o
    0x20000108   0x0000009c   Zero   RW          814    .bss                rtx_conf_cm.o
    0x200001a4   0x00000004   PAD
    0x200001a8   0x00000410   Zero   RW          815    .bss                rtx_conf_cm.o
    0x200005b8   0x00000084   Zero   RW          816    .bss                rtx_conf_cm.o
    0x2000063c   0x0000000c   Zero   RW          817    .bss                rtx_conf_cm.o
    0x20000648   0x00000030   Zero   RW          855    .bss                RTX_CM1.LIB(rt_task.o)
    0x20000678   0x00000030   Zero   RW         1095    .bss                RTX_CM1.LIB(rt_list.o)
    0x200006a8   0x00000400   Zero   RW          806    STACK               startup_stm32f0xx.o


==============================================================================

Image component sizes


      Code (inc. data)   RO Data    RW Data    ZI Data      Debug   Object Name

       672        158          0          8          0       8390   adc.o
       528         32          0          0          0       1917   lcd_hd44780.o
       588        150          0          8          0     168487   main.o
       304         72          0         12          0        940   perturb_and_observe.o
       412         52          0          2         32       1381   pwm.o
        34          0          0          4          0       2724   retarget.o
         6          0         32          4       1340       1804   rtx_conf_cm.o
       452         22          0         56         64       3897   serial.o
        28          8        192          0       1024        640   startup_stm32f0xx.o
       608         12          0          0          0       7151   stm32f0xx_adc.o
       316         12          0          0          0       3618   stm32f0xx_dma.o
       396         22          0          0          0       3777   stm32f0xx_gpio.o
       136         18          0          0          0       1424   stm32f0xx_misc.o
       236         10          0          0          0       2166   stm32f0xx_pwr.o
      1120         38          0         16          0       8966   stm32f0xx_rcc.o
      2220         46          0          0          0      13516   stm32f0xx_rtc.o
      2472        114          0          0          0      23793   stm32f0xx_tim.o
      1230         14          0          0          0      12715   stm32f0xx_usart.o
       292         28          0         20          0       1511   system_stm32f0xx.o

    ----------------------------------------------------------------------
     12054        808        264        132       2464     268817   Object Totals
         0          0         32          0          0          0   (incl. Generated)
         4          0          8          2          4          0   (incl. Padding)

    ----------------------------------------------------------------------

      Code (inc. data)   RO Data    RW Data    ZI Data      Debug   Library Member Name

         4          4          0          0          0        136   SVC_Table.o
       468         50          0          0          0       1300   hal_cm1.o
        76          6          0          0          0        509   rt_event.o
       416         26          0          0         48       3297   rt_list.o
       172          4          0          0          0        549   rt_mailbox.o
       140          0          0          0          0       1505   rt_membox.o
        92         22          0          8          0        906   rt_robin.o
        52          6          0          0          0        433   rt_semaphore.o
       258         50          0          8          0       2886   rt_system.o
       796        152          0          8         48       6034   rt_task.o
        10          0          0          4          0        524   rt_time.o
        64          8          0          8          0        575   rt_timer.o
         0          0          0          0          0          0   entry.o
         8          4          0          0          0          0   entry2.o
         4          0          0          0          0          0   entry5.o
         0          0          0          0          0          0   entry7b.o
         8          4          0          0          0          0   entry8.o
        30          0          0          0          0          0   handlers.o
        40          0          0          0          0         72   idiv.o
        36          8          0          0          0         68   init.o
         0          0          0          0          0          0   iusefp.o
        32          0          0          0          0         68   llshl.o
        38          0          0          0          0         68   llsshr.o
        34          0          0          0          0         68   llushr.o
       116         12         12          0          0         72   localtime_i.o
        36          0          0          0          0         60   memcpya.o
       140         16         12          0          0         72   mktime.o
      2236        102          0          0          0        408   printfa.o
        44          0          0          0          0         72   uidiv.o
        96          0          0          0          0         84   uldiv.o
        40          2          0          0          0         68   cdrcmple.o
        56          0          0          0          0         68   d2f.o
       356          6          0          0          0        136   dadd.o
       240          6          0          0          0         80   ddiv.o
       238          0          0          0          0        212   depilogue.o
        60         10          0          0          0         68   dfixui.o
        64         10          0          0          0         68   dfixul.o
        40          6          0          0          0         68   dflti.o
        28          4          0          0          0         68   dfltui.o
       208          6          0          0          0         84   dmul.o
        40          0          0          0          0         60   f2d.o
       178          0          0          0          0        108   fadd.o
       128          0          0          0          0         72   fdiv.o
       132          0          0          0          0        144   fepilogue.o
        14          0          0          0          0         68   ffltui.o
       122          0          0          0          0         72   fmul.o

    ----------------------------------------------------------------------
      7398        524         24         36         96      21210   Library Totals
         8          0          0          0          0          0   (incl. Padding)

    ----------------------------------------------------------------------

      Code (inc. data)   RO Data    RW Data    ZI Data      Debug   Library Name

      2548        328          0         36         96      18654   RTX_CM1.LIB
      2898        146         24          0          0       1112   mc_p.l
      1944         50          0          0          0       1444   mf_p.l

    ----------------------------------------------------------------------
      7398        524         24         36         96      21210   Library Totals

    ----------------------------------------------------------------------

==============================================================================


      Code (inc. data)   RO Data    RW Data    ZI Data      Debug   

     19452       1332        288        168       2560     285471   Grand Totals
     19452       1332        288        168       2560     285471   ELF Image Totals
     19452       1332        288        168          0          0   ROM Totals

==============================================================================

    Total RO  Size (Code + RO Data)                19740 (  19.28kB)
    Total RW  Size (RW Data + ZI Data)              2728 (   2.66kB)
    Total ROM Size (Code + RO Data + RW Data)      19908 (  19.44kB)

==============================================================================

