ARM Linker, 5.02 [Build 28] [MDK-ARM Lite]

==============================================================================

Section Cross References

    main.o(i.TIM_Config) refers to stm32f0xx_rcc.o(i.RCC_AHBPeriphClockCmd) for RCC_AHBPeriphClockCmd
    main.o(i.TIM_Config) refers to stm32f0xx_gpio.o(i.GPIO_Init) for GPIO_Init
    main.o(i.TIM_Config) refers to stm32f0xx_gpio.o(i.GPIO_PinAFConfig) for GPIO_PinAFConfig
    main.o(i.assert_failed) refers to _printf_percent.o(.ARM.Collect$$_printf_percent$$00000000) for _printf_percent
    main.o(i.assert_failed) refers to _printf_d.o(.ARM.Collect$$_printf_percent$$00000009) for _printf_d
    main.o(i.assert_failed) refers to _printf_s.o(.ARM.Collect$$_printf_percent$$00000014) for _printf_s
    main.o(i.assert_failed) refers to _printf_dec.o(.text) for _printf_int_dec
    main.o(i.assert_failed) refers to _printf_str.o(.text) for _printf_str
    main.o(i.assert_failed) refers to noretval__2printf.o(.text) for __2printf
    main.o(i.init) refers to main.o(i.pwm_out) for pwm_out
    main.o(i.init) refers to rt_task.o(i.rt_tsk_create) for rt_tsk_create
    main.o(i.init) refers to main.o(.data) for .data
    main.o(i.init) refers to rt_task.o(i.rt_tsk_delete) for rt_tsk_delete
    main.o(i.main) refers to serial.o(i.begin_fcn) for begin_fcn
    main.o(i.main) refers to main.o(i.TIM_Config) for TIM_Config
    main.o(i.main) refers to hal_cm1.o(.emb_text) for os_set_env
    main.o(i.main) refers to main.o(i.init) for init
    main.o(i.main) refers to rt_task.o(i.rt_sys_init) for rt_sys_init
    main.o(i.pwm_out) refers to aeabi_sdiv.o(.text) for __aeabi_uidivmod
    main.o(i.pwm_out) refers to dflti.o(.text) for __aeabi_ui2d
    main.o(i.pwm_out) refers to daddsub.o(.text) for __aeabi_dsub
    main.o(i.pwm_out) refers to dmul.o(.text) for __aeabi_dmul
    main.o(i.pwm_out) refers to ddiv.o(.text) for __aeabi_ddiv
    main.o(i.pwm_out) refers to dfixui.o(.text) for __aeabi_d2uiz
    main.o(i.pwm_out) refers to stm32f0xx_rcc.o(i.RCC_APB2PeriphClockCmd) for RCC_APB2PeriphClockCmd
    main.o(i.pwm_out) refers to stm32f0xx_tim.o(i.TIM_TimeBaseInit) for TIM_TimeBaseInit
    main.o(i.pwm_out) refers to stm32f0xx_tim.o(i.TIM_OC1Init) for TIM_OC1Init
    main.o(i.pwm_out) refers to stm32f0xx_tim.o(i.TIM_Cmd) for TIM_Cmd
    main.o(i.pwm_out) refers to stm32f0xx_tim.o(i.TIM_CtrlPWMOutputs) for TIM_CtrlPWMOutputs
    main.o(i.pwm_out) refers to f2d.o(.text) for __aeabi_f2d
    main.o(i.pwm_out) refers to d2f.o(.text) for __aeabi_d2f
    main.o(i.pwm_out) refers to noretval__2printf.o(.text) for __2printf
    main.o(i.pwm_out) refers to system_stm32f0xx.o(.data) for SystemCoreClock
    main.o(i.pwm_out) refers to main.o(.data) for .data
    main.o(i.pwm_out) refers to main.o(.bss) for .bss
    retarget.o(.emb_text) refers (Special) to use_no_semi.o(.text) for __use_no_semihosting_swi
    retarget.o(i._sys_exit) refers (Special) to use_no_semi.o(.text) for __use_no_semihosting_swi
    retarget.o(i._ttywrch) refers (Special) to use_no_semi.o(.text) for __use_no_semihosting_swi
    retarget.o(i._ttywrch) refers to serial.o(i.write_fcn) for write_fcn
    retarget.o(i.ferror) refers (Special) to use_no_semi.o(.text) for __use_no_semihosting_swi
    retarget.o(i.fgetc) refers (Special) to use_no_semi.o(.text) for __use_no_semihosting_swi
    retarget.o(i.fputc) refers (Special) to use_no_semi.o(.text) for __use_no_semihosting_swi
    retarget.o(i.fputc) refers to serial.o(i.write_fcn) for write_fcn
    retarget.o(.data) refers (Special) to use_no_semi.o(.text) for __use_no_semihosting_swi
    retarget.o(.data) refers (Special) to use_no_semi.o(.text) for __use_no_semihosting_swi
    stm32f0_discovery.o(i.STM_EVAL_LEDInit) refers to stm32f0xx_rcc.o(i.RCC_AHBPeriphClockCmd) for RCC_AHBPeriphClockCmd
    stm32f0_discovery.o(i.STM_EVAL_LEDInit) refers to stm32f0xx_gpio.o(i.GPIO_Init) for GPIO_Init
    stm32f0_discovery.o(i.STM_EVAL_LEDInit) refers to stm32f0_discovery.o(.constdata) for .constdata
    stm32f0_discovery.o(i.STM_EVAL_LEDInit) refers to stm32f0_discovery.o(.data) for .data
    stm32f0_discovery.o(i.STM_EVAL_LEDOff) refers to stm32f0_discovery.o(.constdata) for .constdata
    stm32f0_discovery.o(i.STM_EVAL_LEDOff) refers to stm32f0_discovery.o(.data) for .data
    stm32f0_discovery.o(i.STM_EVAL_LEDOn) refers to stm32f0_discovery.o(.constdata) for .constdata
    stm32f0_discovery.o(i.STM_EVAL_LEDOn) refers to stm32f0_discovery.o(.data) for .data
    stm32f0_discovery.o(i.STM_EVAL_LEDToggle) refers to stm32f0_discovery.o(.data) for .data
    stm32f0_discovery.o(i.STM_EVAL_LEDToggle) refers to stm32f0_discovery.o(.constdata) for .constdata
    stm32f0_discovery.o(i.STM_EVAL_PBGetState) refers to stm32f0xx_gpio.o(i.GPIO_ReadInputDataBit) for GPIO_ReadInputDataBit
    stm32f0_discovery.o(i.STM_EVAL_PBGetState) refers to stm32f0_discovery.o(.constdata) for .constdata
    stm32f0_discovery.o(i.STM_EVAL_PBGetState) refers to stm32f0_discovery.o(.data) for .data
[...]
    Removing utilities.o(i.delay_10us), (40 bytes).
    Removing utilities.o(i.delay_ms), (44 bytes).
    Removing utilities.o(.data), (4 bytes).
    Removing utilities.o(.data), (4 bytes).
    Removing gpio.o(.emb_text), (8 bytes).
    Removing gpio.o(i.analogRead), (244 bytes).
    Removing gpio.o(i.analogWrite), (120 bytes).
    Removing gpio.o(i.digitalRead), (56 bytes).
    Removing gpio.o(i.digitalWrite), (92 bytes).
    Removing gpio.o(i.getPinDef), (28 bytes).
    Removing gpio.o(i.pinConfig), (1060 bytes).
    Removing gpio.o(i.pinMode), (8 bytes).
    Removing gpio.o(i.pwmFrequency), (152 bytes).
    Removing gpio.o(.bss), (56 bytes).
    Removing serial.o(.emb_text), (8 bytes).
    Removing spi.o(.emb_text), (8 bytes).
    Removing spi.o(i.GPIO_Configuration_SPI), (144 bytes).
    Removing spi.o(i.SPI_Arduino_Init), (184 bytes).
    Removing spi.o(i.begin_spi_fcn), (56 bytes).
    Removing spi.o(i.read_spi_fcn), (80 bytes).
    Removing spi.o(i.write_spi_fcn), (52 bytes).
    Removing spi.o(.data), (16 bytes).
    Removing rt_task.o(i.rt_tsk_pass), (44 bytes).
    Removing rt_task.o(i.rt_tsk_prio), (132 bytes).
    Removing rt_mutex.o(i.rt_mut_init), (16 bytes).
    Removing rt_system.o(.emb_text), (0 bytes).
    Removing rt_system.o(i.rt_psh_req), (32 bytes).
    Removing rt_system.o(i.rt_resume), (172 bytes).
    Removing rt_system.o(i.rt_suspend), (52 bytes).
    Removing rt_system.o(i.rt_tsk_lock), (84 bytes).
    Removing rt_system.o(i.rt_tsk_unlock), (84 bytes).
    Removing rt_list.o(i.rt_get_same_rdy_prio), (36 bytes).
    Removing rt_list.o(i.rt_psq_enq), (64 bytes).
    Removing rt_membox.o(i._calloc_box), (30 bytes).
    Removing rt_event.o(i.isr_evt_set), (36 bytes).
    Removing rt_event.o(i.rt_evt_clr), (28 bytes).
    Removing rt_event.o(i.rt_evt_get), (12 bytes).
    Removing rt_event.o(i.rt_evt_set), (92 bytes).
    Removing rt_event.o(i.rt_evt_wait), (64 bytes).
    Removing rt_mailbox.o(i.isr_mbx_receive), (74 bytes).
    Removing rt_mailbox.o(i.isr_mbx_send), (12 bytes).
    Removing rt_mailbox.o(i.rt_mbx_check), (8 bytes).
    Removing rt_mailbox.o(i.rt_mbx_init), (32 bytes).
    Removing rt_mailbox.o(i.rt_mbx_send), (156 bytes).
    Removing rt_mailbox.o(i.rt_mbx_wait), (176 bytes).
    Removing rt_semaphore.o(i.isr_sem_send), (14 bytes).
    Removing rt_semaphore.o(i.rt_sem_init), (12 bytes).
    Removing rt_semaphore.o(i.rt_sem_send), (60 bytes).
    Removing rt_semaphore.o(i.rt_sem_wait), (68 bytes).
    Removing rt_time.o(i.rt_dly_wait), (10 bytes).
    Removing rt_time.o(i.rt_itv_set), (24 bytes).
    Removing rt_time.o(i.rt_itv_wait), (44 bytes).
    Removing rt_time.o(i.rt_time_get), (12 bytes).
    Removing rt_timer.o(i.rt_tmr_create), (80 bytes).
    Removing rt_timer.o(i.rt_tmr_kill), (52 bytes).
    Removing gpio.o(i.__ARM_common_switch8), (26 bytes).

566 unused section(s) (total 18462 bytes) removed from the image.

==============================================================================

Image Symbol Table

    Local Symbols

    Symbol Name                              Value     Ov Type        Size  Object(Section)

    ../clib/../cmprslib/zerorunl2.c          0x00000000   Number         0  __dczerorl2.o ABSOLUTE
    ../clib/angel/boardlib.s                 0x00000000   Number         0  boardinit1.o ABSOLUTE
    ../clib/angel/boardlib.s                 0x00000000   Number         0  boardinit2.o ABSOLUTE
    ../clib/angel/boardlib.s                 0x00000000   Number         0  boardinit3.o ABSOLUTE
    ../clib/angel/boardlib.s                 0x00000000   Number         0  boardshut.o ABSOLUTE
    ../clib/angel/handlers.s                 0x00000000   Number         0  __scatter_zi.o ABSOLUTE
    ../clib/angel/kernel.s                   0x00000000   Number         0  rtentry2.o ABSOLUTE
    ../clib/angel/kernel.s                   0x00000000   Number         0  rtexit.o ABSOLUTE
    ../clib/angel/kernel.s                   0x00000000   Number         0  rtentry4.o ABSOLUTE
    ../clib/angel/kernel.s                   0x00000000   Number         0  rtexit2.o ABSOLUTE
    ../clib/angel/kernel.s                   0x00000000   Number         0  rtentry.o ABSOLUTE
    ../clib/angel/rt.s                       0x00000000   Number         0  rt_div0.o ABSOLUTE
    ../clib/angel/rt.s                       0x00000000   Number         0  aeabi_idiv0_sigfpe.o ABSOLUTE
    ../clib/angel/rt.s                       0x00000000   Number         0  rt_raise.o ABSOLUTE
    ../clib/angel/rt.s                       0x00000000   Number         0  aeabi_idiv0.o ABSOLUTE
    ../clib/angel/scatterp.s                 0x00000000   Number         0  __scatter.o ABSOLUTE
    ../clib/angel/startup.s                  0x00000000   Number         0  __main.o ABSOLUTE
    ../clib/angel/sys.s                      0x00000000   Number         0  sys_stackheap_outer.o ABSOLUTE
    ../clib/angel/sys.s                      0x00000000   Number         0  indicate_semi.o ABSOLUTE
    ../clib/angel/sys.s                      0x00000000   Number         0  use_no_semi.o ABSOLUTE
    ../clib/angel/sys.s                      0x00000000   Number         0  tempstk.o ABSOLUTE
    ../clib/angel/sys.s                      0x00000000   Number         0  libspace.o ABSOLUTE
    ../clib/angel/sysapp.c                   0x00000000   Number         0  sys_command.o ABSOLUTE
    ../clib/armsys.c                         0x00000000   Number         0  argv_veneer.o ABSOLUTE
    ../clib/armsys.c                         0x00000000   Number         0  no_argv.o ABSOLUTE
    ../clib/armsys.c                         0x00000000   Number         0  _get_argv_nomalloc.o ABSOLUTE
    ../clib/division.c                       0x00000000   Number         0  rtudiv10.o ABSOLUTE
    ../clib/division.s                       0x00000000   Number         0  aeabi_sdiv.o ABSOLUTE
    ../clib/division.s                       0x00000000   Number         0  aeabi_sdiv_div0.o ABSOLUTE
    ../clib/heapalloc.c                      0x00000000   Number         0  hrguard.o ABSOLUTE
    ../clib/heapaux.c                        0x00000000   Number         0  heapauxi.o ABSOLUTE
    ../clib/libinit.s                        0x00000000   Number         0  libshutdown.o ABSOLUTE
    ../clib/libinit.s                        0x00000000   Number         0  libinit.o ABSOLUTE
    ../clib/libinit.s                        0x00000000   Number         0  libshutdown2.o ABSOLUTE
    ../clib/libinit.s                        0x00000000   Number         0  libinit2.o ABSOLUTE
    ../clib/printf.c                         0x00000000   Number         0  __printf_nopercent.o ABSOLUTE
    ../clib/printf.c                         0x00000000   Number         0  noretval__2printf.o ABSOLUTE
    ../clib/printf.c                         0x00000000   Number         0  __2printf.o ABSOLUTE
    ../clib/printf.c                         0x00000000   Number         0  __printf_flags_ss_wp.o ABSOLUTE
    ../clib/printf.c                         0x00000000   Number         0  __printf_ss_wp.o ABSOLUTE
    ../clib/printf.c                         0x00000000   Number         0  __printf_flags_wp.o ABSOLUTE
    ../clib/printf.c                         0x00000000   Number         0  _printf_char.o ABSOLUTE
    ../clib/printf.c                         0x00000000   Number         0  __printf_wp.o ABSOLUTE
    ../clib/printf.c                         0x00000000   Number         0  _printf_char_file.o ABSOLUTE
    ../clib/printf.c                         0x00000000   Number         0  _printf_intcommon.o ABSOLUTE
    ../clib/printf.c                         0x00000000   Number         0  __printf_flags_ss.o ABSOLUTE
    ../clib/printf.c                         0x00000000   Number         0  __printf_flags.o ABSOLUTE
    ../clib/printf.c                         0x00000000   Number         0  __printf_ss.o ABSOLUTE
    ../clib/printf.c                         0x00000000   Number         0  _printf_dec.o ABSOLUTE
    ../clib/printf.c                         0x00000000   Number         0  _printf_str.o ABSOLUTE
    ../clib/printf.c                         0x00000000   Number         0  __printf.o ABSOLUTE
    ../clib/printf.c                         0x00000000   Number         0  _printf_char_common.o ABSOLUTE
    ../clib/printf_percent.s                 0x00000000   Number         0  _printf_d.o ABSOLUTE
    ../clib/printf_percent.s                 0x00000000   Number         0  _printf_percent.o ABSOLUTE
    ../clib/printf_percent.s                 0x00000000   Number         0  _printf_percent_end.o ABSOLUTE
    ../clib/printf_percent.s                 0x00000000   Number         0  _printf_s.o ABSOLUTE
    ../clib/signal.c                         0x00000000   Number         0  defsig_fpe_formal.o ABSOLUTE
    ../clib/signal.c                         0x00000000   Number         0  __raise.o ABSOLUTE
    ../clib/signal.c                         0x00000000   Number         0  defsig_fpe_outer.o ABSOLUTE
    ../clib/signal.c                         0x00000000   Number         0  defsig_rtmem_outer.o ABSOLUTE
    ../clib/signal.c                         0x00000000   Number         0  defsig_rtmem_formal.o ABSOLUTE
    ../clib/signal.c                         0x00000000   Number         0  defsig_other.o ABSOLUTE
    ../clib/signal.c                         0x00000000   Number         0  defsig_exit.o ABSOLUTE
    ../clib/signal.c                         0x00000000   Number         0  defsig_stak_inner.o ABSOLUTE
    ../clib/signal.c                         0x00000000   Number         0  defsig_pvfn_inner.o ABSOLUTE
    ../clib/signal.c                         0x00000000   Number         0  defsig_cppl_inner.o ABSOLUTE
    ../clib/signal.c                         0x00000000   Number         0  defsig_general.o ABSOLUTE
    ../clib/signal.c                         0x00000000   Number         0  defsig_fpe_inner.o ABSOLUTE
    ../clib/signal.c                         0x00000000   Number         0  defsig_abrt_inner.o ABSOLUTE
    ../clib/signal.c                         0x00000000   Number         0  defsig_rtred_inner.o ABSOLUTE
    ../clib/signal.c                         0x00000000   Number         0  defsig_segv_inner.o ABSOLUTE
    ../clib/signal.c                         0x00000000   Number         0  defsig_rtmem_inner.o ABSOLUTE
    ../clib/signal.s                         0x00000000   Number         0  defsig.o ABSOLUTE
    ../clib/stdlib.c                         0x00000000   Number         0  exit.o ABSOLUTE
    ../fplib/cfplib/d2f.c                    0x00000000   Number         0  d2f.o ABSOLUTE
    ../fplib/cfplib/daddsub.c                0x00000000   Number         0  daddsub.o ABSOLUTE
    ../fplib/cfplib/ddiv.c                   0x00000000   Number         0  ddiv.o ABSOLUTE
    ../fplib/cfplib/dmul.c                   0x00000000   Number         0  dmul.o ABSOLUTE
    ../fplib/cfplib/f2d.c                    0x00000000   Number         0  f2d.o ABSOLUTE
    ../fplib/cfplib/ffix.c                   0x00000000   Number         0  dfixui.o ABSOLUTE
    ../fplib/cfplib/fflt.c                   0x00000000   Number         0  dflti.o ABSOLUTE
    ../fplib/cfplib/fpinit.c                 0x00000000   Number         0  fpinit.o ABSOLUTE
    ../fplib/usenofp.s                       0x00000000   Number         0  usenofp.o ABSOLUTE
    Arduino\Common\utilities.c               0x00000000   Number         0  utilities.o ABSOLUTE
    Arduino\\Common\\utilities.c             0x00000000   Number         0  utilities.o ABSOLUTE
    Arduino\\src\\gpio.c                     0x00000000   Number         0  gpio.o ABSOLUTE
    Arduino\\src\\serial.c                   0x00000000   Number         0  serial.o ABSOLUTE
    Arduino\\src\\spi.c                      0x00000000   Number         0  spi.o ABSOLUTE
    Arduino\src\gpio.c                       0x00000000   Number         0  gpio.o ABSOLUTE
    Arduino\src\serial.c                     0x00000000   Number         0  serial.o ABSOLUTE
    Arduino\src\spi.c                        0x00000000   Number         0  spi.o ABSOLUTE
    CMSIS\ST\STM32F0xx\Source\Templates\arm\startup_stm32f0xx.s 0x00000000   Number         0  startup_stm32f0xx.o ABSOLUTE
    RTX_Conf_CM.c                            0x00000000   Number         0  rtx_conf_cm.o ABSOLUTE
    Retarget.c                               0x00000000   Number         0  retarget.o ABSOLUTE
    Retarget.c                               0x00000000   Number         0  retarget.o ABSOLUTE
    SRC\CM\HAL_CM1.c                         0x00000000   Number         0  hal_cm1.o ABSOLUTE
    SRC\CM\SVC_Table.s                       0x00000000   Number         0  SVC_Table.o ABSOLUTE
    SRC\CM\rt_Event.c                        0x00000000   Number         0  rt_event.o ABSOLUTE
    SRC\CM\rt_List.c                         0x00000000   Number         0  rt_list.o ABSOLUTE
    SRC\CM\rt_Mailbox.c                      0x00000000   Number         0  rt_mailbox.o ABSOLUTE
    SRC\CM\rt_MemBox.c                       0x00000000   Number         0  rt_membox.o ABSOLUTE
    SRC\CM\rt_Mutex.c                        0x00000000   Number         0  rt_mutex.o ABSOLUTE
    SRC\CM\rt_Robin.c                        0x00000000   Number         0  rt_robin.o ABSOLUTE
    SRC\CM\rt_Semaphore.c                    0x00000000   Number         0  rt_semaphore.o ABSOLUTE
    SRC\CM\rt_System.c                       0x00000000   Number         0  rt_system.o ABSOLUTE
    SRC\CM\rt_Task.c                         0x00000000   Number         0  rt_task.o ABSOLUTE
    SRC\CM\rt_Time.c                         0x00000000   Number         0  rt_time.o ABSOLUTE
    SRC\CM\rt_Timer.c                        0x00000000   Number         0  rt_timer.o ABSOLUTE
    SRC\\CM\\HAL_CM1.c                       0x00000000   Number         0  hal_cm1.o ABSOLUTE
    SRC\\CM\\rt_System.c                     0x00000000   Number         0  rt_system.o ABSOLUTE
    STM32F0-Discovery\\stm32f0_discovery.c   0x00000000   Number         0  stm32f0_discovery.o ABSOLUTE
    STM32F0-Discovery\stm32f0_discovery.c    0x00000000   Number         0  stm32f0_discovery.o ABSOLUTE
    STM32F0xx_StdPeriph_Driver\\src\\stm32f0xx_adc.c 0x00000000   Number         0  stm32f0xx_adc.o ABSOLUTE
    STM32F0xx_StdPeriph_Driver\\src\\stm32f0xx_cec.c 0x00000000   Number         0  stm32f0xx_cec.o ABSOLUTE
    STM32F0xx_StdPeriph_Driver\\src\\stm32f0xx_comp.c 0x00000000   Number         0  stm32f0xx_comp.o ABSOLUTE
    STM32F0xx_StdPeriph_Driver\\src\\stm32f0xx_crc.c 0x00000000   Number         0  stm32f0xx_crc.o ABSOLUTE
    STM32F0xx_StdPeriph_Driver\\src\\stm32f0xx_dac.c 0x00000000   Number         0  stm32f0xx_dac.o ABSOLUTE
    STM32F0xx_StdPeriph_Driver\\src\\stm32f0xx_dbgmcu.c 0x00000000   Number         0  stm32f0xx_dbgmcu.o ABSOLUTE
    STM32F0xx_StdPeriph_Driver\\src\\stm32f0xx_dma.c 0x00000000   Number         0  stm32f0xx_dma.o ABSOLUTE
    STM32F0xx_StdPeriph_Driver\\src\\stm32f0xx_exti.c 0x00000000   Number         0  stm32f0xx_exti.o ABSOLUTE
    STM32F0xx_StdPeriph_Driver\\src\\stm32f0xx_flash.c 0x00000000   Number         0  stm32f0xx_flash.o ABSOLUTE
    STM32F0xx_StdPeriph_Driver\\src\\stm32f0xx_gpio.c 0x00000000   Number         0  stm32f0xx_gpio.o ABSOLUTE
    STM32F0xx_StdPeriph_Driver\\src\\stm32f0xx_i2c.c 0x00000000   Number         0  stm32f0xx_i2c.o ABSOLUTE
    STM32F0xx_StdPeriph_Driver\\src\\stm32f0xx_iwdg.c 0x00000000   Number         0  stm32f0xx_iwdg.o ABSOLUTE
    STM32F0xx_StdPeriph_Driver\\src\\stm32f0xx_misc.c 0x00000000   Number         0  stm32f0xx_misc.o ABSOLUTE
    STM32F0xx_StdPeriph_Driver\\src\\stm32f0xx_pwr.c 0x00000000   Number         0  stm32f0xx_pwr.o ABSOLUTE
    STM32F0xx_StdPeriph_Driver\\src\\stm32f0xx_rcc.c 0x00000000   Number         0  stm32f0xx_rcc.o ABSOLUTE
    STM32F0xx_StdPeriph_Driver\\src\\stm32f0xx_rtc.c 0x00000000   Number         0  stm32f0xx_rtc.o ABSOLUTE
    STM32F0xx_StdPeriph_Driver\\src\\stm32f0xx_spi.c 0x00000000   Number         0  stm32f0xx_spi.o ABSOLUTE
    STM32F0xx_StdPeriph_Driver\\src\\stm32f0xx_syscfg.c 0x00000000   Number         0  stm32f0xx_syscfg.o ABSOLUTE
    STM32F0xx_StdPeriph_Driver\\src\\stm32f0xx_tim.c 0x00000000   Number         0  stm32f0xx_tim.o ABSOLUTE
    STM32F0xx_StdPeriph_Driver\\src\\stm32f0xx_usart.c 0x00000000   Number         0  stm32f0xx_usart.o ABSOLUTE
    STM32F0xx_StdPeriph_Driver\\src\\stm32f0xx_wwdg.c 0x00000000   Number         0  stm32f0xx_wwdg.o ABSOLUTE
    STM32F0xx_StdPeriph_Driver\src\stm32f0xx_adc.c 0x00000000   Number         0  stm32f0xx_adc.o ABSOLUTE
    STM32F0xx_StdPeriph_Driver\src\stm32f0xx_cec.c 0x00000000   Number         0  stm32f0xx_cec.o ABSOLUTE
    STM32F0xx_StdPeriph_Driver\src\stm32f0xx_comp.c 0x00000000   Number         0  stm32f0xx_comp.o ABSOLUTE
    STM32F0xx_StdPeriph_Driver\src\stm32f0xx_crc.c 0x00000000   Number         0  stm32f0xx_crc.o ABSOLUTE
    STM32F0xx_StdPeriph_Driver\src\stm32f0xx_dac.c 0x00000000   Number         0  stm32f0xx_dac.o ABSOLUTE
    STM32F0xx_StdPeriph_Driver\src\stm32f0xx_dbgmcu.c 0x00000000   Number         0  stm32f0xx_dbgmcu.o ABSOLUTE
    STM32F0xx_StdPeriph_Driver\src\stm32f0xx_dma.c 0x00000000   Number         0  stm32f0xx_dma.o ABSOLUTE
    STM32F0xx_StdPeriph_Driver\src\stm32f0xx_exti.c 0x00000000   Number         0  stm32f0xx_exti.o ABSOLUTE
    STM32F0xx_StdPeriph_Driver\src\stm32f0xx_flash.c 0x00000000   Number         0  stm32f0xx_flash.o ABSOLUTE
    STM32F0xx_StdPeriph_Driver\src\stm32f0xx_gpio.c 0x00000000   Number         0  stm32f0xx_gpio.o ABSOLUTE
    STM32F0xx_StdPeriph_Driver\src\stm32f0xx_i2c.c 0x00000000   Number         0  stm32f0xx_i2c.o ABSOLUTE
    STM32F0xx_StdPeriph_Driver\src\stm32f0xx_iwdg.c 0x00000000   Number         0  stm32f0xx_iwdg.o ABSOLUTE
    STM32F0xx_StdPeriph_Driver\src\stm32f0xx_misc.c 0x00000000   Number         0  stm32f0xx_misc.o ABSOLUTE
    STM32F0xx_StdPeriph_Driver\src\stm32f0xx_pwr.c 0x00000000   Number         0  stm32f0xx_pwr.o ABSOLUTE
    STM32F0xx_StdPeriph_Driver\src\stm32f0xx_rcc.c 0x00000000   Number         0  stm32f0xx_rcc.o ABSOLUTE
    STM32F0xx_StdPeriph_Driver\src\stm32f0xx_rtc.c 0x00000000   Number         0  stm32f0xx_rtc.o ABSOLUTE
    STM32F0xx_StdPeriph_Driver\src\stm32f0xx_spi.c 0x00000000   Number         0  stm32f0xx_spi.o ABSOLUTE
    STM32F0xx_StdPeriph_Driver\src\stm32f0xx_syscfg.c 0x00000000   Number         0  stm32f0xx_syscfg.o ABSOLUTE
    STM32F0xx_StdPeriph_Driver\src\stm32f0xx_tim.c 0x00000000   Number         0  stm32f0xx_tim.o ABSOLUTE
    STM32F0xx_StdPeriph_Driver\src\stm32f0xx_usart.c 0x00000000   Number         0  stm32f0xx_usart.o ABSOLUTE
    STM32F0xx_StdPeriph_Driver\src\stm32f0xx_wwdg.c 0x00000000   Number         0  stm32f0xx_wwdg.o ABSOLUTE
    dc.s                                     0x00000000   Number         0  dc.o ABSOLUTE
    main.c                                   0x00000000   Number         0  main.o ABSOLUTE
    main.c                                   0x00000000   Number         0  main.o ABSOLUTE
    system_stm32f0xx.c                       0x00000000   Number         0  system_stm32f0xx.o ABSOLUTE
    system_stm32f0xx.c                       0x00000000   Number         0  system_stm32f0xx.o ABSOLUTE
    RESET                                    0x08000000   Section      192  startup_stm32f0xx.o(RESET)
    !!!main                                  0x080000c0   Section        8  __main.o(!!!main)
    !!!scatter                               0x080000c8   Section       60  __scatter.o(!!!scatter)
    !!handler_zi                             0x08000104   Section       28  __scatter_zi.o(!!handler_zi)
    .ARM.Collect$$_printf_percent$$00000000  0x08000120   Section        2  _printf_percent.o(.ARM.Collect$$_printf_percent$$00000000)
    .ARM.Collect$$_printf_percent$$00000017  0x08000122   Section        4  _printf_percent_end.o(.ARM.Collect$$_printf_percent$$00000017)
    .ARM.Collect$$libinit$$00000000          0x08000126   Section        2  libinit.o(.ARM.Collect$$libinit$$00000000)
    .ARM.Collect$$libinit$$00000001          0x08000128   Section        4  libinit2.o(.ARM.Collect$$libinit$$00000001)
    .ARM.Collect$$libinit$$00000008          0x0800012c   Section        0  libinit2.o(.ARM.Collect$$libinit$$00000008)
    .ARM.Collect$$libinit$$0000000A          0x0800012c   Section        0  libinit2.o(.ARM.Collect$$libinit$$0000000A)
    .ARM.Collect$$libinit$$0000000C          0x0800012c   Section        0  libinit2.o(.ARM.Collect$$libinit$$0000000C)
    .ARM.Collect$$libinit$$0000000F          0x0800012c   Section        0  libinit2.o(.ARM.Collect$$libinit$$0000000F)
    .ARM.Collect$$libinit$$00000011          0x0800012c   Section        0  libinit2.o(.ARM.Collect$$libinit$$00000011)
    .ARM.Collect$$libinit$$00000013          0x0800012c   Section        0  libinit2.o(.ARM.Collect$$libinit$$00000013)
    .ARM.Collect$$libinit$$00000015          0x0800012c   Section        0  libinit2.o(.ARM.Collect$$libinit$$00000015)
    .ARM.Collect$$libinit$$00000017          0x0800012c   Section        0  libinit2.o(.ARM.Collect$$libinit$$00000017)
    .ARM.Collect$$libinit$$00000019          0x0800012c   Section        0  libinit2.o(.ARM.Collect$$libinit$$00000019)
    .ARM.Collect$$libinit$$0000001B          0x0800012c   Section        0  libinit2.o(.ARM.Collect$$libinit$$0000001B)
    .ARM.Collect$$libinit$$0000001D          0x0800012c   Section        0  libinit2.o(.ARM.Collect$$libinit$$0000001D)
    .ARM.Collect$$libinit$$0000001F          0x0800012c   Section        0  libinit2.o(.ARM.Collect$$libinit$$0000001F)
    .ARM.Collect$$libinit$$00000021          0x0800012c   Section        0  libinit2.o(.ARM.Collect$$libinit$$00000021)
    .ARM.Collect$$libinit$$00000023          0x0800012c   Section        0  libinit2.o(.ARM.Collect$$libinit$$00000023)
    .ARM.Collect$$libinit$$0000002A          0x0800012c   Section        0  libinit2.o(.ARM.Collect$$libinit$$0000002A)
    .ARM.Collect$$libinit$$0000002C          0x0800012c   Section        0  libinit2.o(.ARM.Collect$$libinit$$0000002C)
    .ARM.Collect$$libinit$$0000002E          0x0800012c   Section        0  libinit2.o(.ARM.Collect$$libinit$$0000002E)
    .ARM.Collect$$libinit$$00000030          0x0800012c   Section        0  libinit2.o(.ARM.Collect$$libinit$$00000030)
    .ARM.Collect$$libinit$$00000031          0x0800012c   Section        2  libinit2.o(.ARM.Collect$$libinit$$00000031)
    .ARM.Collect$$libshutdown$$00000000      0x0800012e   Section        2  libshutdown.o(.ARM.Collect$$libshutdown$$00000000)
    .ARM.Collect$$libshutdown$$00000003      0x08000130   Section        0  libshutdown2.o(.ARM.Collect$$libshutdown$$00000003)
    .ARM.Collect$$libshutdown$$00000006      0x08000130   Section        0  libshutdown2.o(.ARM.Collect$$libshutdown$$00000006)
    .ARM.Collect$$libshutdown$$00000009      0x08000130   Section        0  libshutdown2.o(.ARM.Collect$$libshutdown$$00000009)
    .ARM.Collect$$libshutdown$$0000000B      0x08000130   Section        0  libshutdown2.o(.ARM.Collect$$libshutdown$$0000000B)
    .ARM.Collect$$libshutdown$$0000000E      0x08000130   Section        0  libshutdown2.o(.ARM.Collect$$libshutdown$$0000000E)
    .ARM.Collect$$libshutdown$$0000000F      0x08000130   Section        2  libshutdown2.o(.ARM.Collect$$libshutdown$$0000000F)
    .ARM.Collect$$rtentry$$00000000          0x08000132   Section        0  rtentry.o(.ARM.Collect$$rtentry$$00000000)
    .ARM.Collect$$rtentry$$00000002          0x08000132   Section        0  rtentry2.o(.ARM.Collect$$rtentry$$00000002)
    .ARM.Collect$$rtentry$$00000004          0x08000132   Section        6  rtentry4.o(.ARM.Collect$$rtentry$$00000004)
    .ARM.Collect$$rtentry$$00000009          0x08000138   Section        0  rtentry2.o(.ARM.Collect$$rtentry$$00000009)
    .ARM.Collect$$rtentry$$0000000A          0x08000138   Section        4  rtentry2.o(.ARM.Collect$$rtentry$$0000000A)
    .ARM.Collect$$rtentry$$0000000C          0x0800013c   Section        0  rtentry2.o(.ARM.Collect$$rtentry$$0000000C)
    .ARM.Collect$$rtentry$$0000000D          0x0800013c   Section        8  rtentry2.o(.ARM.Collect$$rtentry$$0000000D)
    .ARM.Collect$$rtexit$$00000000           0x08000144   Section        2  rtexit.o(.ARM.Collect$$rtexit$$00000000)
    .ARM.Collect$$rtexit$$00000002           0x08000146   Section        0  rtexit2.o(.ARM.Collect$$rtexit$$00000002)
    .ARM.Collect$$rtexit$$00000003           0x08000146   Section        4  rtexit2.o(.ARM.Collect$$rtexit$$00000003)
    .ARM.Collect$$rtexit$$00000004           0x0800014a   Section        6  rtexit2.o(.ARM.Collect$$rtexit$$00000004)
    .emb_text                                0x08000150   Section      392  hal_cm1.o(.emb_text)
    .text                                    0x080002d8   Section       56  startup_stm32f0xx.o(.text)
    .text                                    0x08000310   Section        8  libspace.o(.text)
    .text                                    0x08000318   Section        2  use_no_semi.o(.text)
    .text                                    0x0800031c   Section        0  noretval__2printf.o(.text)
    .text                                    0x08000338   Section        0  __printf.o(.text)
    .text                                    0x080003a6   Section      346  aeabi_sdiv.o(.text)
    .text                                    0x08000500   Section        0  heapauxi.o(.text)
    .text                                    0x08000508   Section        0  d2f.o(.text)
    .text                                    0x08000584   Section        0  daddsub.o(.text)
    _dadd1                                   0x08000585   Thumb Code   286  daddsub.o(.text)
    _dsub1                                   0x080006a3   Thumb Code   468  daddsub.o(.text)
    .text                                    0x080008d0   Section        0  ddiv.o(.text)
    .text                                    0x08000d20   Section        0  dfixui.o(.text)
    .text                                    0x08000d68   Section        0  dflti.o(.text)
    .text                                    0x08000dc0   Section        0  dmul.o(.text)
    .text                                    0x08001018   Section        0  f2d.o(.text)
    .text                                    0x08001068   Section        0  _printf_char_file.o(.text)
    .text                                    0x08001090   Section        0  _printf_char_common.o(.text)
    _printf_input_char                       0x08001091   Thumb Code    10  _printf_char_common.o(.text)
    .text                                    0x080010c0   Section       62  sys_stackheap_outer.o(.text)
    .text                                    0x080010fe   Section        0  exit.o(.text)
    .text                                    0x0800110a   Section        0  __dczerorl2.o(.text)
    SVC_TABLE                                0x08001160   Section        4  SVC_Table.o(SVC_TABLE)
    i.GPIO_Init                              0x08001164   Section        0  stm32f0xx_gpio.o(i.GPIO_Init)
    i.GPIO_PinAFConfig                       0x080011d4   Section        0  stm32f0xx_gpio.o(i.GPIO_PinAFConfig)
    i.NVIC_Init                              0x080011f4   Section        0  stm32f0xx_misc.o(i.NVIC_Init)
    i.RCC_AHBPeriphClockCmd                  0x08001244   Section        0  stm32f0xx_rcc.o(i.RCC_AHBPeriphClockCmd)
    i.RCC_APB1PeriphClockCmd                 0x0800125c   Section        0  stm32f0xx_rcc.o(i.RCC_APB1PeriphClockCmd)
    i.RCC_APB2PeriphClockCmd                 0x08001274   Section        0  stm32f0xx_rcc.o(i.RCC_APB2PeriphClockCmd)
    i.RCC_GetClocksFreq                      0x0800128c   Section        0  stm32f0xx_rcc.o(i.RCC_GetClocksFreq)
    i.SetSysClock                            0x08001380   Section        0  system_stm32f0xx.o(i.SetSysClock)
    SetSysClock                              0x08001381   Thumb Code    80  system_stm32f0xx.o(i.SetSysClock)
    i.SystemInit                             0x080013d8   Section        0  system_stm32f0xx.o(i.SystemInit)
    i.TIM_Cmd                                0x08001438   Section        0  stm32f0xx_tim.o(i.TIM_Cmd)
    i.TIM_Config                             0x0800144c   Section        0  main.o(i.TIM_Config)
    i.TIM_CtrlPWMOutputs                     0x080014a8   Section        0  stm32f0xx_tim.o(i.TIM_CtrlPWMOutputs)
    i.TIM_OC1Init                            0x080014c0   Section        0  stm32f0xx_tim.o(i.TIM_OC1Init)
    i.TIM_TimeBaseInit                       0x0800153c   Section        0  stm32f0xx_tim.o(i.TIM_TimeBaseInit)
    i.UART2_Init                             0x080015b0   Section        0  serial.o(i.UART2_Init)
    UART2_Init                               0x080015b1   Thumb Code   138  serial.o(i.UART2_Init)
    i.USART2_IRQHandler                      0x08001644   Section        0  serial.o(i.USART2_IRQHandler)
    i.USART_ClearITPendingBit                0x080016bc   Section        0  stm32f0xx_usart.o(i.USART_ClearITPendingBit)
    i.USART_Cmd                              0x080016c6   Section        0  stm32f0xx_usart.o(i.USART_Cmd)
    i.USART_GetFlagStatus                    0x080016da   Section        0  stm32f0xx_usart.o(i.USART_GetFlagStatus)
    i.USART_GetITStatus                      0x080016e8   Section        0  stm32f0xx_usart.o(i.USART_GetITStatus)
    i.USART_ITConfig                         0x08001720   Section        0  stm32f0xx_usart.o(i.USART_ITConfig)
    i.USART_Init                             0x0800174c   Section        0  stm32f0xx_usart.o(i.USART_Init)
    i.USART_ReceiveData                      0x080017fc   Section        0  stm32f0xx_usart.o(i.USART_ReceiveData)
    i.USART_SendData                         0x08001804   Section        0  stm32f0xx_usart.o(i.USART_SendData)
    i._init_box                              0x0800180c   Section        0  rt_membox.o(i._init_box)
    i._mutex_acquire                         0x08001854   Section        0  rtx_conf_cm.o(i._mutex_acquire)
    __tagsym$$used                           0x08001855   Number         0  rtx_conf_cm.o(i._mutex_acquire)
    i._mutex_release                         0x08001874   Section        0  rtx_conf_cm.o(i._mutex_release)
    __tagsym$$used                           0x08001875   Number         0  rtx_conf_cm.o(i._mutex_release)
    i._sys_exit                              0x08001890   Section        0  retarget.o(i._sys_exit)
    i.available_fcn                          0x08001894   Section        0  serial.o(i.available_fcn)
    i.begin_fcn                              0x080018a0   Section        0  serial.o(i.begin_fcn)
    i.ferror                                 0x080018c4   Section        0  retarget.o(i.ferror)
    i.flush_fcn                              0x080018cc   Section        0  serial.o(i.flush_fcn)
    i.fputc                                  0x080018e8   Section        0  retarget.o(i.fputc)
    i.init                                   0x080018f4   Section        0  main.o(i.init)
    i.main                                   0x08001920   Section        0  main.o(i.main)
    i.os_error                               0x0800194c   Section        0  rtx_conf_cm.o(i.os_error)
    i.os_idle_demon                          0x0800194e   Section        0  rtx_conf_cm.o(i.os_idle_demon)
    i.os_tick_init                           0x08001950   Section        0  rt_system.o(i.os_tick_init)
    i.os_tick_irqack                         0x0800197c   Section        0  rt_system.o(i.os_tick_irqack)
    i.os_tmr_call                            0x0800197e   Section        0  rtx_conf_cm.o(i.os_tmr_call)
    i.peek_fcn                               0x08001980   Section        0  serial.o(i.peek_fcn)
    i.pinSetMode                             0x08001994   Section        0  gpio.o(i.pinSetMode)
    i.print_fcn                              0x080019a4   Section        0  serial.o(i.print_fcn)
    i.println_fcn                            0x080019b8   Section        0  serial.o(i.println_fcn)
    i.putchar                                0x080019cc   Section        0  serial.o(i.putchar)
    i.pwm_out                                0x080019f0   Section        0  main.o(i.pwm_out)
    i.read_fcn                               0x08001b60   Section        0  serial.o(i.read_fcn)
    i.rt_alloc_box                           0x08001b94   Section        0  rt_membox.o(i.rt_alloc_box)
    i.rt_block                               0x08001bb4   Section        0  rt_task.o(i.rt_block)
    i.rt_chk_robin                           0x08001bec   Section        0  rt_robin.o(i.rt_chk_robin)
    i.rt_dec_dly                             0x08001c30   Section        0  rt_list.o(i.rt_dec_dly)
    i.rt_dispatch                            0x08001ca8   Section        0  rt_task.o(i.rt_dispatch)
    i.rt_evt_psh                             0x08001ce8   Section        0  rt_event.o(i.rt_evt_psh)
    i.rt_free_box                            0x08001d34   Section        0  rt_membox.o(i.rt_free_box)
    i.rt_get_first                           0x08001d5a   Section        0  rt_list.o(i.rt_get_first)
    i.rt_init_context                        0x08001d84   Section        0  rt_task.o(i.rt_init_context)
    rt_init_context                          0x08001d85   Thumb Code    64  rt_task.o(i.rt_init_context)
    i.rt_init_robin                          0x08001dc8   Section        0  rt_robin.o(i.rt_init_robin)
    i.rt_init_stack                          0x08001de0   Section        0  hal_cm1.o(i.rt_init_stack)
    i.rt_mbx_psh                             0x08001e2c   Section        0  rt_mailbox.o(i.rt_mbx_psh)
    i.rt_mut_release                         0x08001ed8   Section        0  rt_mutex.o(i.rt_mut_release)
    i.rt_mut_wait                            0x08001f80   Section        0  rt_mutex.o(i.rt_mut_wait)
    i.rt_pop_req                             0x08001fec   Section        0  rt_system.o(i.rt_pop_req)
    i.rt_put_dly                             0x0800205c   Section        0  rt_list.o(i.rt_put_dly)
    i.rt_put_prio                            0x080020ac   Section        0  rt_list.o(i.rt_put_prio)
    i.rt_put_rdy_first                       0x080020e8   Section        0  rt_list.o(i.rt_put_rdy_first)
    i.rt_resort_prio                         0x080020fc   Section        0  rt_list.o(i.rt_resort_prio)
    i.rt_rmv_dly                             0x0800212c   Section        0  rt_list.o(i.rt_rmv_dly)
    i.rt_rmv_list                            0x08002158   Section        0  rt_list.o(i.rt_rmv_list)
    i.rt_sem_psh                             0x0800218c   Section        0  rt_semaphore.o(i.rt_sem_psh)
    i.rt_stk_check                           0x080021c0   Section        0  rt_system.o(i.rt_stk_check)
    i.rt_switch_req                          0x080021e8   Section        0  rt_task.o(i.rt_switch_req)
    i.rt_sys_init                            0x080021f8   Section        0  rt_task.o(i.rt_sys_init)
    i.rt_systick                             0x08002330   Section        0  rt_system.o(i.rt_systick)
    i.rt_tmr_tick                            0x0800236c   Section        0  rt_timer.o(i.rt_tmr_tick)
    i.rt_tsk_create                          0x080023ac   Section        0  rt_task.o(i.rt_tsk_create)
    i.rt_tsk_delete                          0x08002428   Section        0  rt_task.o(i.rt_tsk_delete)
    i.rt_tsk_self                            0x080024c4   Section        0  rt_task.o(i.rt_tsk_self)
    i.write_fcn                              0x080024d4   Section        0  serial.o(i.write_fcn)
    .constdata                               0x080024dc   Section        2  rtx_conf_cm.o(.constdata)
    x$fpl$usenofp                            0x080024dc   Section        0  usenofp.o(x$fpl$usenofp)
    .constdata                               0x080024e0   Section        4  rtx_conf_cm.o(.constdata)
    .constdata                               0x080024e4   Section        4  rtx_conf_cm.o(.constdata)
    .constdata                               0x080024e8   Section        4  rtx_conf_cm.o(.constdata)
    .constdata                               0x080024ec   Section        1  rtx_conf_cm.o(.constdata)
    .constdata                               0x080024f0   Section        8  rtx_conf_cm.o(.constdata)
    __tagsym$$used                           0x080024f0   Number         0  rtx_conf_cm.o(.constdata)
    __tagsym$$used                           0x080024f4   Number         0  rtx_conf_cm.o(.constdata)
    .constdata                               0x080024f8   Section        2  rtx_conf_cm.o(.constdata)
    .constdata                               0x080024fc   Section        4  rtx_conf_cm.o(.constdata)
    .constdata                               0x08002500   Section        1  rtx_conf_cm.o(.constdata)
    .constdata                               0x08002502   Section        2  rtx_conf_cm.o(.constdata)
    .constdata                               0x08002504   Section      128  ddiv.o(.constdata)
    ddiv_reciptbl                            0x08002504   Data         128  ddiv.o(.constdata)
    .data                                    0x20000000   Section        8  main.o(.data)
    .data                                    0x20000008   Section        4  retarget.o(.data)
    .data                                    0x2000000c   Section       16  stm32f0xx_rcc.o(.data)
    APBAHBPrescTable                         0x2000000c   Data          16  stm32f0xx_rcc.o(.data)
    .data                                    0x2000001c   Section       20  system_stm32f0xx.o(.data)
    .data                                    0x20000030   Section        4  rtx_conf_cm.o(.data)
    .data                                    0x20000034   Section      284  gpio.o(.data)
    NVIC_InitStructure                       0x20000034   Data           3  gpio.o(.data)
    GPIO_InitStructure                       0x20000038   Data           8  gpio.o(.data)
    EXTI_InitStructure                       0x20000040   Data           8  gpio.o(.data)
    ArduinoPort                              0x20000048   Data         264  gpio.o(.data)
    .data                                    0x20000150   Section       56  serial.o(.data)
    rcv_buff_full                            0x20000150   Data           1  serial.o(.data)
    nb_rcv_buff_char                         0x20000152   Data           2  serial.o(.data)
    rcv_buff_overload                        0x20000154   Data           2  serial.o(.data)
    pt_rcv_read                              0x20000158   Data           4  serial.o(.data)
    pt_rcv_write                             0x2000015c   Data           4  serial.o(.data)
    USARTx                                   0x20000160   Data           4  serial.o(.data)
    .data                                    0x20000188   Section        8  rt_task.o(.data)
    .data                                    0x20000190   Section        8  rt_system.o(.data)
    os_lock                                  0x20000190   Data           1  rt_system.o(.data)
    os_psh_flag                              0x20000191   Data           1  rt_system.o(.data)
    pend_flags                               0x20000192   Data           1  rt_system.o(.data)
    .data                                    0x20000198   Section        8  rt_robin.o(.data)
    .data                                    0x200001a0   Section        4  rt_time.o(.data)
    .data                                    0x200001a4   Section        8  rt_timer.o(.data)
    .bss                                     0x200001ac   Section       32  main.o(.bss)
    .bss                                     0x200001cc   Section      156  rtx_conf_cm.o(.bss)
    .bss                                     0x20000268   Section      816  rtx_conf_cm.o(.bss)
    .bss                                     0x20000598   Section      132  rtx_conf_cm.o(.bss)
    .bss                                     0x2000061c   Section       12  rtx_conf_cm.o(.bss)
    .bss                                     0x20000628   Section      256  serial.o(.bss)
    rcv_buff                                 0x20000628   Data         256  serial.o(.bss)
    .bss                                     0x20000728   Section       48  rt_task.o(.bss)
    .bss                                     0x20000758   Section       48  rt_list.o(.bss)
    .bss                                     0x20000788   Section       96  libspace.o(.bss)
    HEAP                                     0x200007e8   Section      512  startup_stm32f0xx.o(HEAP)
    Heap_Mem                                 0x200007e8   Data         512  startup_stm32f0xx.o(HEAP)
    STACK                                    0x200009e8   Section     1024  startup_stm32f0xx.o(STACK)
    Stack_Mem                                0x200009e8   Data        1024  startup_stm32f0xx.o(STACK)
    __initial_sp                             0x20000de8   Data           0  startup_stm32f0xx.o(STACK)

    Global Symbols

    Symbol Name                              Value     Ov Type        Size  Object(Section)

    BuildAttributes$$THM_ISAv3M$S$PE$A:L22$X:L11$S22$IEEE1$IW$USESV6$~STKCKD$USESV7$~SHL$OSPACE$ROPI$EBA8$UX$STANDARDLIB$REQ8$PRES8$EABIv2 0x00000000   Number         0  anon$$obj.o ABSOLUTE
    __ARM_use_no_argv                        0x00000000   Number         0  main.o ABSOLUTE
    __ARM_exceptions_init                     - Undefined Weak Reference
    __alloca_initialize                       - Undefined Weak Reference
    __cpp_initialize__aeabi_                  - Undefined Weak Reference
    __cxa_finalize                            - Undefined Weak Reference
    __rt_locale                               - Undefined Weak Reference
    __sigvec_lookup                           - Undefined Weak Reference
    _atexit_init                              - Undefined Weak Reference
    _call_atexit_fns                          - Undefined Weak Reference
    _clock_init                               - Undefined Weak Reference
    _fp_trap_init                             - Undefined Weak Reference
    _fp_trap_shutdown                         - Undefined Weak Reference
    _get_lc_collate                           - Undefined Weak Reference
    _get_lc_ctype                             - Undefined Weak Reference
    _get_lc_monetary                          - Undefined Weak Reference
    _get_lc_numeric                           - Undefined Weak Reference
    _get_lc_time                              - Undefined Weak Reference
    _getenv_init                              - Undefined Weak Reference
    _handle_redirection                       - Undefined Weak Reference
    _init_alloc                               - Undefined Weak Reference
    _init_user_alloc                          - Undefined Weak Reference
    _initio                                   - Undefined Weak Reference
    _printf_mbtowc                            - Undefined Weak Reference
    _printf_post_padding                      - Undefined Weak Reference
    _printf_pre_padding                       - Undefined Weak Reference
    _printf_truncate_signed                   - Undefined Weak Reference
    _printf_truncate_unsigned                 - Undefined Weak Reference
    _rand_init                                - Undefined Weak Reference
    _signal_finish                            - Undefined Weak Reference
    _signal_init                              - Undefined Weak Reference
    _terminate_alloc                          - Undefined Weak Reference
    _terminate_user_alloc                     - Undefined Weak Reference
    _terminateio                              - Undefined Weak Reference
    __Vectors_Size                           0x000000c0   Number         0  startup_stm32f0xx.o ABSOLUTE
    __RL_RTX_VER                             0x00000460   Number         0  rt_system.o ABSOLUTE
    __Vectors                                0x08000000   Data           4  startup_stm32f0xx.o(RESET)
    __Vectors_End                            0x080000c0   Data           0  startup_stm32f0xx.o(RESET)
    __main                                   0x080000c1   Thumb Code     8  __main.o(!!!main)
    __scatterload                            0x080000c9   Thumb Code     0  __scatter.o(!!!scatter)
    __scatterload_rt2                        0x080000c9   Thumb Code    52  __scatter.o(!!!scatter)
    __scatterload_rt2_thumb_only             0x080000c9   Thumb Code     0  __scatter.o(!!!scatter)
    __scatterload_null                       0x080000d9   Thumb Code     0  __scatter.o(!!!scatter)
    __scatterload_zeroinit                   0x08000105   Thumb Code    28  __scatter_zi.o(!!handler_zi)
    _printf_percent                          0x08000121   Thumb Code     0  _printf_percent.o(.ARM.Collect$$_printf_percent$$00000000)
    _printf_percent_end                      0x08000123   Thumb Code     0  _printf_percent_end.o(.ARM.Collect$$_printf_percent$$00000017)
    __rt_lib_init                            0x08000127   Thumb Code     0  libinit.o(.ARM.Collect$$libinit$$00000000)
    __rt_lib_init_fp_1                       0x08000129   Thumb Code     0  libinit2.o(.ARM.Collect$$libinit$$00000001)
    __rt_lib_init_alloca_1                   0x0800012d   Thumb Code     0  libinit2.o(.ARM.Collect$$libinit$$0000002C)
    __rt_lib_init_argv_1                     0x0800012d   Thumb Code     0  libinit2.o(.ARM.Collect$$libinit$$0000002A)
    __rt_lib_init_atexit_1                   0x0800012d   Thumb Code     0  libinit2.o(.ARM.Collect$$libinit$$00000019)
    __rt_lib_init_clock_1                    0x0800012d   Thumb Code     0  libinit2.o(.ARM.Collect$$libinit$$0000001F)
    __rt_lib_init_cpp_1                      0x0800012d   Thumb Code     0  libinit2.o(.ARM.Collect$$libinit$$00000030)
    __rt_lib_init_exceptions_1               0x0800012d   Thumb Code     0  libinit2.o(.ARM.Collect$$libinit$$0000002E)
    __rt_lib_init_fp_trap_1                  0x0800012d   Thumb Code     0  libinit2.o(.ARM.Collect$$libinit$$0000001D)
    __rt_lib_init_getenv_1                   0x0800012d   Thumb Code     0  libinit2.o(.ARM.Collect$$libinit$$00000021)
    __rt_lib_init_heap_1                     0x0800012d   Thumb Code     0  libinit2.o(.ARM.Collect$$libinit$$00000008)
    __rt_lib_init_lc_collate_1               0x0800012d   Thumb Code     0  libinit2.o(.ARM.Collect$$libinit$$0000000F)
    __rt_lib_init_lc_ctype_1                 0x0800012d   Thumb Code     0  libinit2.o(.ARM.Collect$$libinit$$00000011)
    __rt_lib_init_lc_monetary_1              0x0800012d   Thumb Code     0  libinit2.o(.ARM.Collect$$libinit$$00000013)
    __rt_lib_init_lc_numeric_1               0x0800012d   Thumb Code     0  libinit2.o(.ARM.Collect$$libinit$$00000015)
    __rt_lib_init_lc_time_1                  0x0800012d   Thumb Code     0  libinit2.o(.ARM.Collect$$libinit$$00000017)
    __rt_lib_init_rand_1                     0x0800012d   Thumb Code     0  libinit2.o(.ARM.Collect$$libinit$$0000000C)
    __rt_lib_init_return                     0x0800012d   Thumb Code     0  libinit2.o(.ARM.Collect$$libinit$$00000031)
    __rt_lib_init_signal_1                   0x0800012d   Thumb Code     0  libinit2.o(.ARM.Collect$$libinit$$0000001B)
    __rt_lib_init_stdio_1                    0x0800012d   Thumb Code     0  libinit2.o(.ARM.Collect$$libinit$$00000023)
    __rt_lib_init_user_alloc_1               0x0800012d   Thumb Code     0  libinit2.o(.ARM.Collect$$libinit$$0000000A)
    __rt_lib_shutdown                        0x0800012f   Thumb Code     0  libshutdown.o(.ARM.Collect$$libshutdown$$00000000)
    __rt_lib_shutdown_fp_trap_1              0x08000131   Thumb Code     0  libshutdown2.o(.ARM.Collect$$libshutdown$$00000006)
    __rt_lib_shutdown_heap_1                 0x08000131   Thumb Code     0  libshutdown2.o(.ARM.Collect$$libshutdown$$0000000E)
    __rt_lib_shutdown_return                 0x08000131   Thumb Code     0  libshutdown2.o(.ARM.Collect$$libshutdown$$0000000F)
    __rt_lib_shutdown_signal_1               0x08000131   Thumb Code     0  libshutdown2.o(.ARM.Collect$$libshutdown$$00000009)
    __rt_lib_shutdown_stdio_1                0x08000131   Thumb Code     0  libshutdown2.o(.ARM.Collect$$libshutdown$$00000003)
    __rt_lib_shutdown_user_alloc_1           0x08000131   Thumb Code     0  libshutdown2.o(.ARM.Collect$$libshutdown$$0000000B)
    __rt_entry                               0x08000133   Thumb Code     0  rtentry.o(.ARM.Collect$$rtentry$$00000000)
    __rt_entry_presh_1                       0x08000133   Thumb Code     0  rtentry2.o(.ARM.Collect$$rtentry$$00000002)
    __rt_entry_sh                            0x08000133   Thumb Code     0  rtentry4.o(.ARM.Collect$$rtentry$$00000004)
    __rt_entry_li                            0x08000139   Thumb Code     0  rtentry2.o(.ARM.Collect$$rtentry$$0000000A)
    __rt_entry_postsh_1                      0x08000139   Thumb Code     0  rtentry2.o(.ARM.Collect$$rtentry$$00000009)
    __rt_entry_main                          0x0800013d   Thumb Code     0  rtentry2.o(.ARM.Collect$$rtentry$$0000000D)
    __rt_entry_postli_1                      0x0800013d   Thumb Code     0  rtentry2.o(.ARM.Collect$$rtentry$$0000000C)
    __rt_exit                                0x08000145   Thumb Code     0  rtexit.o(.ARM.Collect$$rtexit$$00000000)
    __rt_exit_ls                             0x08000147   Thumb Code     0  rtexit2.o(.ARM.Collect$$rtexit$$00000003)
    __rt_exit_prels_1                        0x08000147   Thumb Code     0  rtexit2.o(.ARM.Collect$$rtexit$$00000002)
    __rt_exit_exit                           0x0800014b   Thumb Code     0  rtexit2.o(.ARM.Collect$$rtexit$$00000004)
    rt_set_PSP                               0x08000151   Thumb Code     6  hal_cm1.o(.emb_text)
    rt_get_PSP                               0x08000157   Thumb Code     6  hal_cm1.o(.emb_text)
    os_set_env                               0x0800015d   Thumb Code    32  hal_cm1.o(.emb_text)
    _alloc_box                               0x08000181   Thumb Code    28  hal_cm1.o(.emb_text)
    _free_box                                0x080001a1   Thumb Code    28  hal_cm1.o(.emb_text)
    SVC_Handler                              0x080001c1   Thumb Code   152  hal_cm1.o(.emb_text)
    PendSV_Handler                           0x08000265   Thumb Code    92  hal_cm1.o(.emb_text)
    SysTick_Handler                          0x080002c5   Thumb Code     8  hal_cm1.o(.emb_text)
    OS_Tick_Handler                          0x080002cd   Thumb Code    12  hal_cm1.o(.emb_text)
    Reset_Handler                            0x080002d9   Thumb Code     8  startup_stm32f0xx.o(.text)
    NMI_Handler                              0x080002e1   Thumb Code     2  startup_stm32f0xx.o(.text)
    HardFault_Handler                        0x080002e3   Thumb Code     2  startup_stm32f0xx.o(.text)
    ADC1_COMP_IRQHandler                     0x080002eb   Thumb Code     0  startup_stm32f0xx.o(.text)
    CEC_IRQHandler                           0x080002eb   Thumb Code     0  startup_stm32f0xx.o(.text)
    DMA1_Channel1_IRQHandler                 0x080002eb   Thumb Code     0  startup_stm32f0xx.o(.text)
    DMA1_Channel2_3_IRQHandler               0x080002eb   Thumb Code     0  startup_stm32f0xx.o(.text)
    DMA1_Channel4_5_IRQHandler               0x080002eb   Thumb Code     0  startup_stm32f0xx.o(.text)
    EXTI0_1_IRQHandler                       0x080002eb   Thumb Code     0  startup_stm32f0xx.o(.text)
    EXTI2_3_IRQHandler                       0x080002eb   Thumb Code     0  startup_stm32f0xx.o(.text)
    EXTI4_15_IRQHandler                      0x080002eb   Thumb Code     0  startup_stm32f0xx.o(.text)
    FLASH_IRQHandler                         0x080002eb   Thumb Code     0  startup_stm32f0xx.o(.text)
    I2C1_IRQHandler                          0x080002eb   Thumb Code     0  startup_stm32f0xx.o(.text)
    I2C2_IRQHandler                          0x080002eb   Thumb Code     0  startup_stm32f0xx.o(.text)
    PVD_IRQHandler                           0x080002eb   Thumb Code     0  startup_stm32f0xx.o(.text)
    RCC_IRQHandler                           0x080002eb   Thumb Code     0  startup_stm32f0xx.o(.text)
    RTC_IRQHandler                           0x080002eb   Thumb Code     0  startup_stm32f0xx.o(.text)
    SPI1_IRQHandler                          0x080002eb   Thumb Code     0  startup_stm32f0xx.o(.text)
    SPI2_IRQHandler                          0x080002eb   Thumb Code     0  startup_stm32f0xx.o(.text)
    TIM14_IRQHandler                         0x080002eb   Thumb Code     0  startup_stm32f0xx.o(.text)
    TIM15_IRQHandler                         0x080002eb   Thumb Code     0  startup_stm32f0xx.o(.text)
    TIM16_IRQHandler                         0x080002eb   Thumb Code     0  startup_stm32f0xx.o(.text)
    TIM17_IRQHandler                         0x080002eb   Thumb Code     0  startup_stm32f0xx.o(.text)
    TIM1_BRK_UP_TRG_COM_IRQHandler           0x080002eb   Thumb Code     0  startup_stm32f0xx.o(.text)
    TIM1_CC_IRQHandler                       0x080002eb   Thumb Code     0  startup_stm32f0xx.o(.text)
    TIM2_IRQHandler                          0x080002eb   Thumb Code     0  startup_stm32f0xx.o(.text)
    TIM3_IRQHandler                          0x080002eb   Thumb Code     0  startup_stm32f0xx.o(.text)
    TIM6_DAC_IRQHandler                      0x080002eb   Thumb Code     0  startup_stm32f0xx.o(.text)
    TS_IRQHandler                            0x080002eb   Thumb Code     0  startup_stm32f0xx.o(.text)
    USART1_IRQHandler                        0x080002eb   Thumb Code     0  startup_stm32f0xx.o(.text)
    WWDG_IRQHandler                          0x080002eb   Thumb Code     0  startup_stm32f0xx.o(.text)
    __user_initial_stackheap                 0x080002ed   Thumb Code     0  startup_stm32f0xx.o(.text)
    __user_libspace                          0x08000311   Thumb Code     8  libspace.o(.text)
    __user_perproc_libspace                  0x08000311   Thumb Code     0  libspace.o(.text)
    __I$use$semihosting                      0x08000319   Thumb Code     0  use_no_semi.o(.text)
    __use_no_semihosting_swi                 0x08000319   Thumb Code     2  use_no_semi.o(.text)
    __2printf                                0x0800031d   Thumb Code    22  noretval__2printf.o(.text)
    __printf                                 0x08000339   Thumb Code   110  __printf.o(.text)
    __aeabi_uidiv                            0x080003a7   Thumb Code     0  aeabi_sdiv.o(.text)
    __aeabi_uidivmod                         0x080003a7   Thumb Code    20  aeabi_sdiv.o(.text)
    __aeabi_idiv                             0x080003bb   Thumb Code     0  aeabi_sdiv.o(.text)
    __aeabi_idivmod                          0x080003bb   Thumb Code   326  aeabi_sdiv.o(.text)
    __use_two_region_memory                  0x08000501   Thumb Code     2  heapauxi.o(.text)
    __rt_heap_escrow$2region                 0x08000503   Thumb Code     2  heapauxi.o(.text)
    __rt_heap_expand$2region                 0x08000505   Thumb Code     2  heapauxi.o(.text)
    __aeabi_d2f                              0x08000509   Thumb Code     0  d2f.o(.text)
    _d2f                                     0x08000509   Thumb Code   120  d2f.o(.text)
    __aeabi_dadd                             0x08000877   Thumb Code     0  daddsub.o(.text)
    _dadd                                    0x08000877   Thumb Code    22  daddsub.o(.text)
    __aeabi_dsub                             0x0800088d   Thumb Code     0  daddsub.o(.text)
    _dsub                                    0x0800088d   Thumb Code    22  daddsub.o(.text)
    __aeabi_drsub                            0x080008a3   Thumb Code     0  daddsub.o(.text)
    _drsb                                    0x080008a3   Thumb Code    24  daddsub.o(.text)
    __aeabi_ddiv                             0x080008d1   Thumb Code     0  ddiv.o(.text)
    _ddiv                                    0x080008d1   Thumb Code  1080  ddiv.o(.text)
    _drdiv                                   0x08000d09   Thumb Code    20  ddiv.o(.text)
    __aeabi_d2uiz                            0x08000d21   Thumb Code     0  dfixui.o(.text)
    _dfixu                                   0x08000d21   Thumb Code    62  dfixui.o(.text)
    __aeabi_i2d_normalise                    0x08000d69   Thumb Code    66  dflti.o(.text)
    __aeabi_i2d                              0x08000dab   Thumb Code    16  dflti.o(.text)
    _dflt                                    0x08000dab   Thumb Code     0  dflti.o(.text)
    __aeabi_ui2d                             0x08000dbb   Thumb Code     6  dflti.o(.text)
    _dfltu                                   0x08000dbb   Thumb Code     0  dflti.o(.text)
    __aeabi_dmul                             0x08000dc1   Thumb Code     0  dmul.o(.text)
    _dmul                                    0x08000dc1   Thumb Code   580  dmul.o(.text)
    __aeabi_f2d                              0x08001019   Thumb Code     0  f2d.o(.text)
    _f2d                                     0x08001019   Thumb Code    74  f2d.o(.text)
    _printf_char_file                        0x08001069   Thumb Code    34  _printf_char_file.o(.text)
    _printf_char_common                      0x0800109b   Thumb Code    32  _printf_char_common.o(.text)
    __user_setup_stackheap                   0x080010c1   Thumb Code    62  sys_stackheap_outer.o(.text)
    exit                                     0x080010ff   Thumb Code    12  exit.o(.text)
    __decompress                             0x0800110b   Thumb Code     0  __dczerorl2.o(.text)
    __decompress1                            0x0800110b   Thumb Code    86  __dczerorl2.o(.text)
    SVC_Count                                0x08001160   Data           4  SVC_Table.o(SVC_TABLE)
    GPIO_Init                                0x08001165   Thumb Code   112  stm32f0xx_gpio.o(i.GPIO_Init)
    SVC_Table                                0x08001164   Data           0  SVC_Table.o(SVC_TABLE)
    GPIO_PinAFConfig                         0x080011d5   Thumb Code    32  stm32f0xx_gpio.o(i.GPIO_PinAFConfig)
    NVIC_Init                                0x080011f5   Thumb Code    70  stm32f0xx_misc.o(i.NVIC_Init)
    RCC_AHBPeriphClockCmd                    0x08001245   Thumb Code    18  stm32f0xx_rcc.o(i.RCC_AHBPeriphClockCmd)
    RCC_APB1PeriphClockCmd                   0x0800125d   Thumb Code    18  stm32f0xx_rcc.o(i.RCC_APB1PeriphClockCmd)
    RCC_APB2PeriphClockCmd                   0x08001275   Thumb Code    18  stm32f0xx_rcc.o(i.RCC_APB2PeriphClockCmd)
    RCC_GetClocksFreq                        0x0800128d   Thumb Code   218  stm32f0xx_rcc.o(i.RCC_GetClocksFreq)
    SystemInit                               0x080013d9   Thumb Code    84  system_stm32f0xx.o(i.SystemInit)
    TIM_Cmd                                  0x08001439   Thumb Code    20  stm32f0xx_tim.o(i.TIM_Cmd)
    TIM_Config                               0x0800144d   Thumb Code    88  main.o(i.TIM_Config)
    TIM_CtrlPWMOutputs                       0x080014a9   Thumb Code    24  stm32f0xx_tim.o(i.TIM_CtrlPWMOutputs)
    TIM_OC1Init                              0x080014c1   Thumb Code   104  stm32f0xx_tim.o(i.TIM_OC1Init)
    TIM_TimeBaseInit                         0x0800153d   Thumb Code    88  stm32f0xx_tim.o(i.TIM_TimeBaseInit)
    USART2_IRQHandler                        0x08001645   Thumb Code    96  serial.o(i.USART2_IRQHandler)
    USART_ClearITPendingBit                  0x080016bd   Thumb Code    10  stm32f0xx_usart.o(i.USART_ClearITPendingBit)
    USART_Cmd                                0x080016c7   Thumb Code    20  stm32f0xx_usart.o(i.USART_Cmd)
    USART_GetFlagStatus                      0x080016db   Thumb Code    14  stm32f0xx_usart.o(i.USART_GetFlagStatus)
    USART_GetITStatus                        0x080016e9   Thumb Code    56  stm32f0xx_usart.o(i.USART_GetITStatus)
    USART_ITConfig                           0x08001721   Thumb Code    42  stm32f0xx_usart.o(i.USART_ITConfig)
    USART_Init                               0x0800174d   Thumb Code   166  stm32f0xx_usart.o(i.USART_Init)
    USART_ReceiveData                        0x080017fd   Thumb Code     8  stm32f0xx_usart.o(i.USART_ReceiveData)
    USART_SendData                           0x08001805   Thumb Code     8  stm32f0xx_usart.o(i.USART_SendData)
    _init_box                                0x0800180d   Thumb Code    72  rt_membox.o(i._init_box)
    _mutex_acquire                           0x08001855   Thumb Code    24  rtx_conf_cm.o(i._mutex_acquire)
    _mutex_release                           0x08001875   Thumb Code    22  rtx_conf_cm.o(i._mutex_release)
    _sys_exit                                0x08001891   Thumb Code     2  retarget.o(i._sys_exit)
    available_fcn                            0x08001895   Thumb Code     6  serial.o(i.available_fcn)
    begin_fcn                                0x080018a1   Thumb Code    30  serial.o(i.begin_fcn)
    ferror                                   0x080018c5   Thumb Code     6  retarget.o(i.ferror)
    flush_fcn                                0x080018cd   Thumb Code    18  serial.o(i.flush_fcn)
    fputc                                    0x080018e9   Thumb Code    12  retarget.o(i.fputc)
    init                                     0x080018f5   Thumb Code    26  main.o(i.init)
    main                                     0x08001921   Thumb Code    34  main.o(i.main)
    os_error                                 0x0800194d   Thumb Code     2  rtx_conf_cm.o(i.os_error)
    os_idle_demon                            0x0800194f   Thumb Code     2  rtx_conf_cm.o(i.os_idle_demon)
    os_tick_init                             0x08001951   Thumb Code    32  rt_system.o(i.os_tick_init)
    os_tick_irqack                           0x0800197d   Thumb Code     2  rt_system.o(i.os_tick_irqack)
    os_tmr_call                              0x0800197f   Thumb Code     2  rtx_conf_cm.o(i.os_tmr_call)
    peek_fcn                                 0x08001981   Thumb Code    16  serial.o(i.peek_fcn)
    pinSetMode                               0x08001995   Thumb Code    12  gpio.o(i.pinSetMode)
    print_fcn                                0x080019a5   Thumb Code    20  serial.o(i.print_fcn)
    println_fcn                              0x080019b9   Thumb Code    20  serial.o(i.println_fcn)
    putchar                                  0x080019cd   Thumb Code    32  serial.o(i.putchar)
    pwm_out                                  0x080019f1   Thumb Code   300  main.o(i.pwm_out)
    read_fcn                                 0x08001b61   Thumb Code    42  serial.o(i.read_fcn)
    rt_alloc_box                             0x08001b95   Thumb Code    30  rt_membox.o(i.rt_alloc_box)
    rt_block                                 0x08001bb5   Thumb Code    42  rt_task.o(i.rt_block)
    rt_chk_robin                             0x08001bed   Thumb Code    56  rt_robin.o(i.rt_chk_robin)
    rt_dec_dly                               0x08001c31   Thumb Code   112  rt_list.o(i.rt_dec_dly)
    rt_dispatch                              0x08001ca9   Thumb Code    56  rt_task.o(i.rt_dispatch)
    rt_evt_psh                               0x08001ce9   Thumb Code    70  rt_event.o(i.rt_evt_psh)
    rt_free_box                              0x08001d35   Thumb Code    38  rt_membox.o(i.rt_free_box)
    rt_get_first                             0x08001d5b   Thumb Code    42  rt_list.o(i.rt_get_first)
    rt_init_robin                            0x08001dc9   Thumb Code    14  rt_robin.o(i.rt_init_robin)
    rt_init_stack                            0x08001de1   Thumb Code    68  hal_cm1.o(i.rt_init_stack)
    rt_mbx_psh                               0x08001e2d   Thumb Code   168  rt_mailbox.o(i.rt_mbx_psh)
    rt_mut_release                           0x08001ed9   Thumb Code   158  rt_mutex.o(i.rt_mut_release)
    rt_mut_wait                              0x08001f81   Thumb Code   102  rt_mutex.o(i.rt_mut_wait)
    rt_pop_req                               0x08001fed   Thumb Code    98  rt_system.o(i.rt_pop_req)
    rt_put_dly                               0x0800205d   Thumb Code    74  rt_list.o(i.rt_put_dly)
    rt_put_prio                              0x080020ad   Thumb Code    60  rt_list.o(i.rt_put_prio)
    rt_put_rdy_first                         0x080020e9   Thumb Code    14  rt_list.o(i.rt_put_rdy_first)
    rt_resort_prio                           0x080020fd   Thumb Code    44  rt_list.o(i.rt_resort_prio)
    rt_rmv_dly                               0x0800212d   Thumb Code    42  rt_list.o(i.rt_rmv_dly)
    rt_rmv_list                              0x08002159   Thumb Code    46  rt_list.o(i.rt_rmv_list)
    rt_sem_psh                               0x0800218d   Thumb Code    46  rt_semaphore.o(i.rt_sem_psh)
    rt_stk_check                             0x080021c1   Thumb Code    30  rt_system.o(i.rt_stk_check)
    rt_switch_req                            0x080021e9   Thumb Code    10  rt_task.o(i.rt_switch_req)
    rt_sys_init                              0x080021f9   Thumb Code   230  rt_task.o(i.rt_sys_init)
    rt_systick                               0x08002331   Thumb Code    46  rt_system.o(i.rt_systick)
    rt_tmr_tick                              0x0800236d   Thumb Code    56  rt_timer.o(i.rt_tmr_tick)
    rt_tsk_create                            0x080023ad   Thumb Code   108  rt_task.o(i.rt_tsk_create)
    rt_tsk_delete                            0x08002429   Thumb Code   134  rt_task.o(i.rt_tsk_delete)
    rt_tsk_self                              0x080024c5   Thumb Code    12  rt_task.o(i.rt_tsk_self)
    write_fcn                                0x080024d5   Thumb Code     8  serial.o(i.write_fcn)
    __I$use$fp                               0x080024dc   Number         0  usenofp.o(x$fpl$usenofp)
    os_maxtaskrun                            0x080024dc   Data           2  rtx_conf_cm.o(.constdata)
    os_stackinfo                             0x080024e0   Data           4  rtx_conf_cm.o(.constdata)
    os_rrobin                                0x080024e4   Data           4  rtx_conf_cm.o(.constdata)
    os_trv                                   0x080024e8   Data           4  rtx_conf_cm.o(.constdata)
    os_flags                                 0x080024ec   Data           1  rtx_conf_cm.o(.constdata)
    os_clockrate                             0x080024f0   Data           4  rtx_conf_cm.o(.constdata)
    os_timernum                              0x080024f4   Data           4  rtx_conf_cm.o(.constdata)
    mp_tcb_size                              0x080024f8   Data           2  rtx_conf_cm.o(.constdata)
    mp_stk_size                              0x080024fc   Data           4  rtx_conf_cm.o(.constdata)
    os_fifo_size                             0x08002500   Data           1  rtx_conf_cm.o(.constdata)
    mp_tmr_size                              0x08002502   Data           2  rtx_conf_cm.o(.constdata)
    Region$$Table$$Base                      0x08002584   Number         0  anon$$obj.o(Region$$Table)
    Region$$Table$$Limit                     0x080025a4   Number         0  anon$$obj.o(Region$$Table)
    TimerPeriod                              0x20000000   Data           2  main.o(.data)
    Channel1Pulse                            0x20000002   Data           2  main.o(.data)
    pwm_out_t                                0x20000004   Data           4  main.o(.data)
    __stdout                                 0x20000008   Data           4  retarget.o(.data)
    SystemCoreClock                          0x2000001c   Data           4  system_stm32f0xx.o(.data)
    AHBPrescTable                            0x20000020   Data          16  system_stm32f0xx.o(.data)
    m_tmr                                    0x20000030   Data           4  rtx_conf_cm.o(.data)
    Serial                                   0x20000164   Data          36  serial.o(.data)
    os_tsk                                   0x20000188   Data           8  rt_task.o(.data)
    os_tick_irqn                             0x20000194   Data           4  rt_system.o(.data)
    os_robin                                 0x20000198   Data           8  rt_robin.o(.data)
    os_time                                  0x200001a0   Data           4  rt_time.o(.data)
    os_tmr                                   0x200001a4   Data           8  rt_timer.o(.data)
    TIM_TimeBaseStructure                    0x200001ac   Data          12  main.o(.bss)
    TIM_OCInitStructure                      0x200001b8   Data          20  main.o(.bss)
    mp_tcb                                   0x200001cc   Data         156  rtx_conf_cm.o(.bss)
    mp_stk                                   0x20000268   Data         816  rtx_conf_cm.o(.bss)
    os_fifo                                  0x20000598   Data         132  rtx_conf_cm.o(.bss)
    os_active_TCB                            0x2000061c   Data          12  rtx_conf_cm.o(.bss)
    os_idle_TCB                              0x20000728   Data          48  rt_task.o(.bss)
    os_rdy                                   0x20000758   Data          24  rt_list.o(.bss)
    os_dly                                   0x20000770   Data          24  rt_list.o(.bss)
    __libspace_start                         0x20000788   Data          96  libspace.o(.bss)
    __temporary_stack_top$libspace           0x200007e8   Data           0  libspace.o(.bss)



==============================================================================

Memory Map of the image

  Image Entry point : 0x080000c1

  Load Region LR_IROM1 (Base: 0x08000000, Size: 0x00002750, Max: 0x00010000, ABSOLUTE, COMPRESSED[0x00002638])

    Execution Region ER_IROM1 (Base: 0x08000000, Size: 0x000025a4, Max: 0x00010000, ABSOLUTE)

    Base Addr    Size         Type   Attr      Idx    E Section Name        Object

    0x08000000   0x000000c0   Data   RO         3372    RESET               startup_stm32f0xx.o
    0x080000c0   0x00000008   Code   RO         4325  * !!!main             c_p.l(__main.o)
    0x080000c8   0x0000003c   Code   RO         4513    !!!scatter          c_p.l(__scatter.o)
    0x08000104   0x0000001c   Code   RO         4515    !!handler_zi        c_p.l(__scatter_zi.o)
    0x08000120   0x00000002   Code   RO         4318    .ARM.Collect$$_printf_percent$$00000000  c_p.l(_printf_percent.o)
    0x08000122   0x00000004   Code   RO         4353    .ARM.Collect$$_printf_percent$$00000017  c_p.l(_printf_percent_end.o)
    0x08000126   0x00000002   Code   RO         4392    .ARM.Collect$$libinit$$00000000  c_p.l(libinit.o)
    0x08000128   0x00000004   Code   RO         4402    .ARM.Collect$$libinit$$00000001  c_p.l(libinit2.o)
    0x0800012c   0x00000000   Code   RO         4406    .ARM.Collect$$libinit$$00000008  c_p.l(libinit2.o)
    0x0800012c   0x00000000   Code   RO         4408    .ARM.Collect$$libinit$$0000000A  c_p.l(libinit2.o)
    0x0800012c   0x00000000   Code   RO         4410    .ARM.Collect$$libinit$$0000000C  c_p.l(libinit2.o)
    0x0800012c   0x00000000   Code   RO         4413    .ARM.Collect$$libinit$$0000000F  c_p.l(libinit2.o)
    0x0800012c   0x00000000   Code   RO         4415    .ARM.Collect$$libinit$$00000011  c_p.l(libinit2.o)
    0x0800012c   0x00000000   Code   RO         4417    .ARM.Collect$$libinit$$00000013  c_p.l(libinit2.o)
    0x0800012c   0x00000000   Code   RO         4419    .ARM.Collect$$libinit$$00000015  c_p.l(libinit2.o)
    0x0800012c   0x00000000   Code   RO         4421    .ARM.Collect$$libinit$$00000017  c_p.l(libinit2.o)
    0x0800012c   0x00000000   Code   RO         4423    .ARM.Collect$$libinit$$00000019  c_p.l(libinit2.o)
    0x0800012c   0x00000000   Code   RO         4425    .ARM.Collect$$libinit$$0000001B  c_p.l(libinit2.o)
    0x0800012c   0x00000000   Code   RO         4427    .ARM.Collect$$libinit$$0000001D  c_p.l(libinit2.o)
    0x0800012c   0x00000000   Code   RO         4429    .ARM.Collect$$libinit$$0000001F  c_p.l(libinit2.o)
    0x0800012c   0x00000000   Code   RO         4431    .ARM.Collect$$libinit$$00000021  c_p.l(libinit2.o)
    0x0800012c   0x00000000   Code   RO         4433    .ARM.Collect$$libinit$$00000023  c_p.l(libinit2.o)
    0x0800012c   0x00000000   Code   RO         4437    .ARM.Collect$$libinit$$0000002A  c_p.l(libinit2.o)
    0x0800012c   0x00000000   Code   RO         4439    .ARM.Collect$$libinit$$0000002C  c_p.l(libinit2.o)
    0x0800012c   0x00000000   Code   RO         4441    .ARM.Collect$$libinit$$0000002E  c_p.l(libinit2.o)
    0x0800012c   0x00000000   Code   RO         4443    .ARM.Collect$$libinit$$00000030  c_p.l(libinit2.o)
    0x0800012c   0x00000002   Code   RO         4444    .ARM.Collect$$libinit$$00000031  c_p.l(libinit2.o)
    0x0800012e   0x00000002   Code   RO         4468    .ARM.Collect$$libshutdown$$00000000  c_p.l(libshutdown.o)
    0x08000130   0x00000000   Code   RO         4495    .ARM.Collect$$libshutdown$$00000003  c_p.l(libshutdown2.o)
    0x08000130   0x00000000   Code   RO         4498    .ARM.Collect$$libshutdown$$00000006  c_p.l(libshutdown2.o)
    0x08000130   0x00000000   Code   RO         4501    .ARM.Collect$$libshutdown$$00000009  c_p.l(libshutdown2.o)
    0x08000130   0x00000000   Code   RO         4503    .ARM.Collect$$libshutdown$$0000000B  c_p.l(libshutdown2.o)
    0x08000130   0x00000000   Code   RO         4506    .ARM.Collect$$libshutdown$$0000000E  c_p.l(libshutdown2.o)
    0x08000130   0x00000002   Code   RO         4507    .ARM.Collect$$libshutdown$$0000000F  c_p.l(libshutdown2.o)
    0x08000132   0x00000000   Code   RO         4342    .ARM.Collect$$rtentry$$00000000  c_p.l(rtentry.o)
    0x08000132   0x00000000   Code   RO         4358    .ARM.Collect$$rtentry$$00000002  c_p.l(rtentry2.o)
    0x08000132   0x00000006   Code   RO         4370    .ARM.Collect$$rtentry$$00000004  c_p.l(rtentry4.o)
    0x08000138   0x00000000   Code   RO         4360    .ARM.Collect$$rtentry$$00000009  c_p.l(rtentry2.o)
    0x08000138   0x00000004   Code   RO         4361    .ARM.Collect$$rtentry$$0000000A  c_p.l(rtentry2.o)
    0x0800013c   0x00000000   Code   RO         4363    .ARM.Collect$$rtentry$$0000000C  c_p.l(rtentry2.o)
    0x0800013c   0x00000008   Code   RO         4364    .ARM.Collect$$rtentry$$0000000D  c_p.l(rtentry2.o)
    0x08000144   0x00000002   Code   RO         4394    .ARM.Collect$$rtexit$$00000000  c_p.l(rtexit.o)
    0x08000146   0x00000000   Code   RO         4446    .ARM.Collect$$rtexit$$00000002  c_p.l(rtexit2.o)
    0x08000146   0x00000004   Code   RO         4447    .ARM.Collect$$rtexit$$00000003  c_p.l(rtexit2.o)
    0x0800014a   0x00000006   Code   RO         4448    .ARM.Collect$$rtexit$$00000004  c_p.l(rtexit2.o)
    0x08000150   0x00000188   Code   RO         3856    .emb_text           RTX_CM1.LIB(hal_cm1.o)
    0x080002d8   0x00000038   Code   RO         3373    .text               startup_stm32f0xx.o
    0x08000310   0x00000008   Code   RO         4281    .text               c_p.l(libspace.o)
    0x08000318   0x00000002   Code   RO         4284    .text               c_p.l(use_no_semi.o)
    0x0800031a   0x00000002   PAD
    0x0800031c   0x0000001c   Code   RO         4288    .text               c_p.l(noretval__2printf.o)
    0x08000338   0x0000006e   Code   RO         4290    .text               c_p.l(__printf.o)
    0x080003a6   0x0000015a   Code   RO         4319    .text               c_p.l(aeabi_sdiv.o)
    0x08000500   0x00000006   Code   RO         4323    .text               c_p.l(heapauxi.o)
    0x08000506   0x00000002   PAD
    0x08000508   0x0000007c   Code   RO         4327    .text               fz_ps.l(d2f.o)
    0x08000584   0x0000034c   Code   RO         4329    .text               fz_ps.l(daddsub.o)
    0x080008d0   0x00000450   Code   RO         4331    .text               fz_ps.l(ddiv.o)
    0x08000d20   0x00000048   Code   RO         4334    .text               fz_ps.l(dfixui.o)
    0x08000d68   0x00000058   Code   RO         4336    .text               fz_ps.l(dflti.o)
    0x08000dc0   0x00000258   Code   RO         4338    .text               fz_ps.l(dmul.o)
    0x08001018   0x00000050   Code   RO         4340    .text               fz_ps.l(f2d.o)
    0x08001068   0x00000028   Code   RO         4351    .text               c_p.l(_printf_char_file.o)
    0x08001090   0x00000030   Code   RO         4374    .text               c_p.l(_printf_char_common.o)
    0x080010c0   0x0000003e   Code   RO         4376    .text               c_p.l(sys_stackheap_outer.o)
    0x080010fe   0x0000000c   Code   RO         4381    .text               c_p.l(exit.o)
    0x0800110a   0x00000056   Code   RO         4511    .text               c_p.l(__dczerorl2.o)
    0x08001160   0x00000004   Code   RO         4090    SVC_TABLE           RTX_CM1.LIB(SVC_Table.o)
    0x08001164   0x00000070   Code   RO         1120    i.GPIO_Init         stm32f0xx_gpio.o
    0x080011d4   0x00000020   Code   RO         1121    i.GPIO_PinAFConfig  stm32f0xx_gpio.o
    0x080011f4   0x00000050   Code   RO         1521    i.NVIC_Init         stm32f0xx_misc.o
    0x08001244   0x00000018   Code   RO         1620    i.RCC_AHBPeriphClockCmd  stm32f0xx_rcc.o
    0x0800125c   0x00000018   Code   RO         1622    i.RCC_APB1PeriphClockCmd  stm32f0xx_rcc.o
    0x08001274   0x00000018   Code   RO         1624    i.RCC_APB2PeriphClockCmd  stm32f0xx_rcc.o
    0x0800128c   0x000000f4   Code   RO         1634    i.RCC_GetClocksFreq  stm32f0xx_rcc.o
    0x08001380   0x00000058   Code   RO         3338    i.SetSysClock       system_stm32f0xx.o
    0x080013d8   0x00000060   Code   RO         3340    i.SystemInit        system_stm32f0xx.o
    0x08001438   0x00000014   Code   RO         2435    i.TIM_Cmd           stm32f0xx_tim.o
    0x0800144c   0x0000005c   Code   RO            2    i.TIM_Config        main.o
    0x080014a8   0x00000018   Code   RO         2437    i.TIM_CtrlPWMOutputs  stm32f0xx_tim.o
    0x080014c0   0x0000007c   Code   RO         2464    i.TIM_OC1Init       stm32f0xx_tim.o
    0x0800153c   0x00000074   Code   RO         2508    i.TIM_TimeBaseInit  stm32f0xx_tim.o
    0x080015b0   0x00000094   Code   RO         3602    i.UART2_Init        serial.o
    0x08001644   0x00000078   Code   RO         3603    i.USART2_IRQHandler  serial.o
    0x080016bc   0x0000000a   Code   RO         2975    i.USART_ClearITPendingBit  stm32f0xx_usart.o
    0x080016c6   0x00000014   Code   RO         2978    i.USART_Cmd         stm32f0xx_usart.o
    0x080016da   0x0000000e   Code   RO         2986    i.USART_GetFlagStatus  stm32f0xx_usart.o
    0x080016e8   0x00000038   Code   RO         2987    i.USART_GetITStatus  stm32f0xx_usart.o
    0x08001720   0x0000002a   Code   RO         2989    i.USART_ITConfig    stm32f0xx_usart.o
    0x0800174a   0x00000002   PAD
    0x0800174c   0x000000b0   Code   RO         2990    i.USART_Init        stm32f0xx_usart.o
    0x080017fc   0x00000008   Code   RO         3002    i.USART_ReceiveData  stm32f0xx_usart.o
    0x08001804   0x00000008   Code   RO         3007    i.USART_SendData    stm32f0xx_usart.o
    0x0800180c   0x00000048   Code   RO         4061    i._init_box         RTX_CM1.LIB(rt_membox.o)
    0x08001854   0x00000020   Code   RO         3378    i._mutex_acquire    rtx_conf_cm.o
    0x08001874   0x0000001c   Code   RO         3380    i._mutex_release    rtx_conf_cm.o
    0x08001890   0x00000002   Code   RO          145    i._sys_exit         retarget.o
    0x08001892   0x00000002   PAD
    0x08001894   0x0000000c   Code   RO         3604    i.available_fcn     serial.o
    0x080018a0   0x00000024   Code   RO         3605    i.begin_fcn         serial.o
    0x080018c4   0x00000006   Code   RO          147    i.ferror            retarget.o
    0x080018ca   0x00000002   PAD
    0x080018cc   0x0000001c   Code   RO         3606    i.flush_fcn         serial.o
    0x080018e8   0x0000000c   Code   RO          149    i.fputc             retarget.o
    0x080018f4   0x0000002c   Code   RO            4    i.init              main.o
    0x08001920   0x0000002c   Code   RO            5    i.main              main.o
    0x0800194c   0x00000002   Code   RO         3381    i.os_error          rtx_conf_cm.o
    0x0800194e   0x00000002   Code   RO         3382    i.os_idle_demon     rtx_conf_cm.o
    0x08001950   0x0000002c   Code   RO         3877    i.os_tick_init      RTX_CM1.LIB(rt_system.o)
    0x0800197c   0x00000002   Code   RO         3878    i.os_tick_irqack    RTX_CM1.LIB(rt_system.o)
    0x0800197e   0x00000002   Code   RO         3383    i.os_tmr_call       rtx_conf_cm.o
    0x08001980   0x00000014   Code   RO         3607    i.peek_fcn          serial.o
    0x08001994   0x00000010   Code   RO         3538    i.pinSetMode        gpio.o
    0x080019a4   0x00000014   Code   RO         3608    i.print_fcn         serial.o
    0x080019b8   0x00000014   Code   RO         3609    i.println_fcn       serial.o
    0x080019cc   0x00000024   Code   RO         3610    i.putchar           serial.o
    0x080019f0   0x00000170   Code   RO            6    i.pwm_out           main.o
    0x08001b60   0x00000034   Code   RO         3611    i.read_fcn          serial.o
    0x08001b94   0x0000001e   Code   RO         4062    i.rt_alloc_box      RTX_CM1.LIB(rt_membox.o)
    0x08001bb2   0x00000002   PAD
    0x08001bb4   0x00000038   Code   RO         3729    i.rt_block          RTX_CM1.LIB(rt_task.o)
    0x08001bec   0x00000044   Code   RO         4039    i.rt_chk_robin      RTX_CM1.LIB(rt_robin.o)
    0x08001c30   0x00000078   Code   RO         3960    i.rt_dec_dly        RTX_CM1.LIB(rt_list.o)
    0x08001ca8   0x00000040   Code   RO         3730    i.rt_dispatch       RTX_CM1.LIB(rt_task.o)
    0x08001ce8   0x0000004c   Code   RO         4096    i.rt_evt_psh        RTX_CM1.LIB(rt_event.o)
    0x08001d34   0x00000026   Code   RO         4063    i.rt_free_box       RTX_CM1.LIB(rt_membox.o)
    0x08001d5a   0x0000002a   Code   RO         3961    i.rt_get_first      RTX_CM1.LIB(rt_list.o)
    0x08001d84   0x00000044   Code   RO         3731    i.rt_init_context   RTX_CM1.LIB(rt_task.o)
    0x08001dc8   0x00000018   Code   RO         4040    i.rt_init_robin     RTX_CM1.LIB(rt_robin.o)
    0x08001de0   0x0000004c   Code   RO         3857    i.rt_init_stack     RTX_CM1.LIB(hal_cm1.o)
    0x08001e2c   0x000000ac   Code   RO         4139    i.rt_mbx_psh        RTX_CM1.LIB(rt_mailbox.o)
    0x08001ed8   0x000000a8   Code   RO         3829    i.rt_mut_release    RTX_CM1.LIB(rt_mutex.o)
    0x08001f80   0x0000006c   Code   RO         3830    i.rt_mut_wait       RTX_CM1.LIB(rt_mutex.o)
    0x08001fec   0x00000070   Code   RO         3879    i.rt_pop_req        RTX_CM1.LIB(rt_system.o)
    0x0800205c   0x00000050   Code   RO         3964    i.rt_put_dly        RTX_CM1.LIB(rt_list.o)
    0x080020ac   0x0000003c   Code   RO         3965    i.rt_put_prio       RTX_CM1.LIB(rt_list.o)
    0x080020e8   0x00000014   Code   RO         3966    i.rt_put_rdy_first  RTX_CM1.LIB(rt_list.o)
    0x080020fc   0x00000030   Code   RO         3967    i.rt_resort_prio    RTX_CM1.LIB(rt_list.o)
    0x0800212c   0x0000002a   Code   RO         3968    i.rt_rmv_dly        RTX_CM1.LIB(rt_list.o)
    0x08002156   0x00000002   PAD
    0x08002158   0x00000034   Code   RO         3969    i.rt_rmv_list       RTX_CM1.LIB(rt_list.o)
    0x0800218c   0x00000034   Code   RO         4185    i.rt_sem_psh        RTX_CM1.LIB(rt_semaphore.o)
    0x080021c0   0x00000028   Code   RO         3882    i.rt_stk_check      RTX_CM1.LIB(rt_system.o)
    0x080021e8   0x00000010   Code   RO         3732    i.rt_switch_req     RTX_CM1.LIB(rt_task.o)
    0x080021f8   0x00000138   Code   RO         3733    i.rt_sys_init       RTX_CM1.LIB(rt_task.o)
    0x08002330   0x0000003c   Code   RO         3884    i.rt_systick        RTX_CM1.LIB(rt_system.o)
    0x0800236c   0x00000040   Code   RO         4254    i.rt_tmr_tick       RTX_CM1.LIB(rt_timer.o)
    0x080023ac   0x0000007c   Code   RO         3734    i.rt_tsk_create     RTX_CM1.LIB(rt_task.o)
    0x08002428   0x0000009c   Code   RO         3735    i.rt_tsk_delete     RTX_CM1.LIB(rt_task.o)
    0x080024c4   0x00000010   Code   RO         3738    i.rt_tsk_self       RTX_CM1.LIB(rt_task.o)
    0x080024d4   0x00000008   Code   RO         3612    i.write_fcn         serial.o
    0x080024dc   0x00000000   Code   RO         4356    x$fpl$usenofp       fz_ps.l(usenofp.o)
    0x080024dc   0x00000002   Data   RO         3389    .constdata          rtx_conf_cm.o
    0x080024de   0x00000002   PAD
    0x080024e0   0x00000004   Data   RO         3390    .constdata          rtx_conf_cm.o
    0x080024e4   0x00000004   Data   RO         3391    .constdata          rtx_conf_cm.o
    0x080024e8   0x00000004   Data   RO         3392    .constdata          rtx_conf_cm.o
    0x080024ec   0x00000001   Data   RO         3393    .constdata          rtx_conf_cm.o
    0x080024ed   0x00000003   PAD
    0x080024f0   0x00000008   Data   RO         3394    .constdata          rtx_conf_cm.o
    0x080024f8   0x00000002   Data   RO         3395    .constdata          rtx_conf_cm.o
    0x080024fa   0x00000002   PAD
    0x080024fc   0x00000004   Data   RO         3396    .constdata          rtx_conf_cm.o
    0x08002500   0x00000001   Data   RO         3397    .constdata          rtx_conf_cm.o
    0x08002501   0x00000001   PAD
    0x08002502   0x00000002   Data   RO         3398    .constdata          rtx_conf_cm.o
    0x08002504   0x00000080   Data   RO         4332    .constdata          fz_ps.l(ddiv.o)
    0x08002584   0x00000020   Data   RO         4509    Region$$Table       anon$$obj.o


    Execution Region RW_IRAM1 (Base: 0x20000000, Size: 0x00000de8, Max: 0x00002000, ABSOLUTE, COMPRESSED[0x00000094])

    Base Addr    Size         Type   Attr      Idx    E Section Name        Object

    0x20000000   0x00000008   Data   RW            8    .data               main.o
    0x20000008   0x00000004   Data   RW          150    .data               retarget.o
    0x2000000c   0x00000010   Data   RW         1658    .data               stm32f0xx_rcc.o
    0x2000001c   0x00000014   Data   RW         3341    .data               system_stm32f0xx.o
    0x20000030   0x00000004   Data   RW         3399    .data               rtx_conf_cm.o
    0x20000034   0x0000011c   Data   RW         3541    .data               gpio.o
    0x20000150   0x00000038   Data   RW         3614    .data               serial.o
    0x20000188   0x00000008   Data   RW         3740    .data               RTX_CM1.LIB(rt_task.o)
    0x20000190   0x00000008   Data   RW         3887    .data               RTX_CM1.LIB(rt_system.o)
    0x20000198   0x00000008   Data   RW         4041    .data               RTX_CM1.LIB(rt_robin.o)
    0x200001a0   0x00000004   Data   RW         4223    .data               RTX_CM1.LIB(rt_time.o)
    0x200001a4   0x00000008   Data   RW         4255    .data               RTX_CM1.LIB(rt_timer.o)
    0x200001ac   0x00000020   Zero   RW            7    .bss                main.o
    0x200001cc   0x0000009c   Zero   RW         3384    .bss                rtx_conf_cm.o
    0x20000268   0x00000330   Zero   RW         3385    .bss                rtx_conf_cm.o
    0x20000598   0x00000084   Zero   RW         3386    .bss                rtx_conf_cm.o
    0x2000061c   0x0000000c   Zero   RW         3387    .bss                rtx_conf_cm.o
    0x20000628   0x00000100   Zero   RW         3613    .bss                serial.o
    0x20000728   0x00000030   Zero   RW         3739    .bss                RTX_CM1.LIB(rt_task.o)
    0x20000758   0x00000030   Zero   RW         3970    .bss                RTX_CM1.LIB(rt_list.o)
    0x20000788   0x00000060   Zero   RW         4282    .bss                c_p.l(libspace.o)
    0x200007e8   0x00000200   Zero   RW         3371    HEAP                startup_stm32f0xx.o
    0x200009e8   0x00000400   Zero   RW         3370    STACK               startup_stm32f0xx.o


==============================================================================

Image component sizes


      Code (inc. data)   RO Data    RW Data    ZI Data      Debug   Object Name

        16          4          0        284          0       2491   gpio.o
       548        100          0          8         32     151833   main.o
        20          0          0          4          0       2969   retarget.o
        66         14         32          4       1116      10229   rtx_conf_cm.o
       500         74          0         56        256       6671   serial.o
        56         26        192          0       1536        648   startup_stm32f0xx.o
       144          0          0          0          0       1575   stm32f0xx_gpio.o
        80         10          0          0          0        880   stm32f0xx_misc.o
       316         44          0         16          0       3098   stm32f0xx_rcc.o
       284         48          0          0          0       3587   stm32f0xx_tim.o
       334         10          0          0          0       5287   stm32f0xx_usart.o
       184         20          0         20          0       1429   system_stm32f0xx.o

    ----------------------------------------------------------------------
      2554        350        264        392       2940     190697   Object Totals
         0          0         32          0          0          0   (incl. Generated)
         6          0          8          0          0          0   (incl. Padding)

    ----------------------------------------------------------------------

      Code (inc. data)   RO Data    RW Data    ZI Data      Debug   Library Member Name

         4          4          0          0          0        136   SVC_Table.o
       468         50          0          0          0       1300   hal_cm1.o
        76          6          0          0          0        509   rt_event.o
       464         30          0          0         48       3730   rt_list.o
       172          4          0          0          0        549   rt_mailbox.o
       140          0          0          0          0       1505   rt_membox.o
       276         16          0          0          0       1191   rt_mutex.o
        92         22          0          8          0        906   rt_robin.o
        52          6          0          0          0        433   rt_semaphore.o
       258         50          0          8          0       2886   rt_system.o
       812        156          0          8         48       6400   rt_task.o
         0          0          0          4          0        150   rt_time.o
        64          8          0          8          0        575   rt_timer.o
        86          0          0          0          0          0   __dczerorl2.o
         8          0          0          0          0         68   __main.o
       110          0          0          0          0         76   __printf.o
        60          8          0          0          0          0   __scatter.o
        28          0          0          0          0          0   __scatter_zi.o
        48          6          0          0          0         88   _printf_char_common.o
        40          6          0          0          0         72   _printf_char_file.o
         2          0          0          0          0          0   _printf_percent.o
         4          0          0          0          0          0   _printf_percent_end.o
       346          0          0          0          0         92   aeabi_sdiv.o
        12          0          0          0          0         64   exit.o
         6          0          0          0          0        136   heapauxi.o
         2          0          0          0          0          0   libinit.o
         6          0          0          0          0          0   libinit2.o
         2          0          0          0          0          0   libshutdown.o
         2          0          0          0          0          0   libshutdown2.o
         8          4          0          0         96         68   libspace.o
        28          6          0          0          0         84   noretval__2printf.o
         0          0          0          0          0          0   rtentry.o
        12          0          0          0          0          0   rtentry2.o
         6          0          0          0          0          0   rtentry4.o
         2          0          0          0          0          0   rtexit.o
        10          0          0          0          0          0   rtexit2.o
        62          0          0          0          0         80   sys_stackheap_outer.o
         2          0          0          0          0         68   use_no_semi.o
       124          4          0          0          0         72   d2f.o
       844         22          0          0          0        224   daddsub.o
      1104         30        128          0          0        112   ddiv.o
        72         10          0          0          0         68   dfixui.o
        88          0          0          0          0         92   dflti.o
       600         20          0          0          0         80   dmul.o
        80          6          0          0          0         60   f2d.o
         0          0          0          0          0          0   usenofp.o

    ----------------------------------------------------------------------
      6690        474        128         36        192      21874   Library Totals
         8          0          0          0          0          0   (incl. Padding)

    ----------------------------------------------------------------------

      Code (inc. data)   RO Data    RW Data    ZI Data      Debug   Library Name

      2878        352          0         36         96      20270   RTX_CM1.LIB
       892         30          0          0         96        896   c_p.l
      2912         92        128          0          0        708   fz_ps.l

    ----------------------------------------------------------------------
      6690        474        128         36        192      21874   Library Totals

    ----------------------------------------------------------------------

==============================================================================


      Code (inc. data)   RO Data    RW Data    ZI Data      Debug   

      9244        824        392        428       3132     208475   Grand Totals
      9244        824        392        148       3132     208475   ELF Image Totals (compressed)
      9244        824        392        148          0          0   ROM Totals

==============================================================================

    Total RO  Size (Code + RO Data)                 9636 (   9.41kB)
    Total RW  Size (RW Data + ZI Data)              3560 (   3.48kB)
    Total ROM Size (Code + RO Data + RW Data)       9784 (   9.55kB)

==============================================================================

