ARM Linker, 5.02 [Build 28] [MDK-ARM Lite]

==============================================================================

Section Cross References

    main.o(.text) refers to printfa.o(i.__0printf) for __2printf
    main.o(.text) refers to hal_cm1.o(.emb_text) for os_set_env
    main.o(.text) refers to interrupted_charging.o(.bss) for interrupted_charging_stk
    main.o(.text) refers to interrupted_charging.o(.text) for interrupted_charging
    main.o(.text) refers to rt_task.o(i.rt_tsk_create) for rt_tsk_create
    main.o(.text) refers to interrupted_charging.o(.data) for interrupted_charging_t
    main.o(.text) refers to ui.o(.bss) for ui_stk
    main.o(.text) refers to ui.o(.text) for ui
    main.o(.text) refers to ui.o(.data) for ui_t
    main.o(.text) refers to rt_task.o(i.rt_tsk_delete) for rt_tsk_delete
    main.o(.text) refers to serial.o(.data) for Serial
    main.o(.text) refers to rt_task.o(i.rt_sys_init) for rt_sys_init
    retarget.o(.text) refers to serial.o(.text) for write_fcn
    adc.o(.text) refers to fflti.o(.text) for __aeabi_i2f
    adc.o(.text) refers to fdiv.o(.text) for __aeabi_fdiv
    adc.o(.text) refers to stm32f0xx_dma.o(.text) for DMA_GetFlagStatus
    adc.o(.text) refers to printfa.o(i.__0printf) for __2printf
    adc.o(.text) refers to ffltui.o(.text) for __aeabi_ui2f
    adc.o(.text) refers to fmul.o(.text) for __aeabi_fmul
    adc.o(.text) refers to fadd.o(.text) for __aeabi_fsub
    adc.o(.text) refers to fscalb.o(.text) for __ARM_scalbnf
    adc.o(.text) refers to stm32f0xx_rcc.o(.text) for RCC_AHBPeriphClockCmd
    adc.o(.text) refers to stm32f0xx_gpio.o(.text) for GPIO_StructInit
    adc.o(.text) refers to stm32f0xx_adc.o(.text) for ADC_DeInit
    adc.o(.text) refers to pwm.o(.text) for init_pwm
    adc.o(.text) refers to f2d.o(.text) for __aeabi_f2d
    adc.o(.text) refers to stm32f0xx_misc.o(.text) for NVIC_Init
    adc.o(.text) refers to adc.o(.data) for .data
    adc.o(.text) refers to adc.o(.bss) for .bss
    adc.o(.text) refers to adc.o(.constdata) for .constdata
    adc.o(.text) refers to rt_time.o(i.rt_dly_wait) for rt_dly_wait
    perturb_and_observe.o(.text) refers to adc.o(.text) for get_adc_voltage
    perturb_and_observe.o(.text) refers to fmul.o(.text) for __aeabi_fmul
    perturb_and_observe.o(.text) refers to fadd.o(.text) for __aeabi_fsub
    perturb_and_observe.o(.text) refers to cfcmple.o(.text) for __aeabi_cfcmple
    perturb_and_observe.o(.text) refers to pwm.o(.text) for set_duty_cycle
    perturb_and_observe.o(.text) refers to cfrcmple.o(.text) for __aeabi_cfrcmple
    perturb_and_observe.o(.text) refers to perturb_and_observe.o(.data) for .data
    perturb_and_observe.o(.text) refers to rt_time.o(i.rt_dly_wait) for rt_dly_wait
    pwm.o(.text) refers to dflti.o(.text) for __aeabi_i2d
    pwm.o(.text) refers to f2d.o(.text) for __aeabi_f2d
    pwm.o(.text) refers to dadd.o(.text) for __aeabi_drsub
    pwm.o(.text) refers to dmul.o(.text) for __aeabi_dmul
    pwm.o(.text) refers to ddiv.o(.text) for __aeabi_ddiv
    pwm.o(.text) refers to dfixui.o(.text) for __aeabi_d2uiz
    pwm.o(.text) refers to stm32f0xx_tim.o(.text) for TIM_OC1Init
    pwm.o(.text) refers to stm32f0xx_rcc.o(.text) for RCC_AHBPeriphClockCmd
    pwm.o(.text) refers to stm32f0xx_gpio.o(.text) for GPIO_Init
    pwm.o(.text) refers to uidiv.o(.text) for __aeabi_uidivmod
    pwm.o(.text) refers to dfltui.o(.text) for __aeabi_ui2d
    pwm.o(.text) refers to adc.o(.text) for init_adc
    pwm.o(.text) refers to d2f.o(.text) for __aeabi_d2f
    pwm.o(.text) refers to printfa.o(i.__0printf) for __2printf
    pwm.o(.text) refers to pwm.o(.data) for .data
    pwm.o(.text) refers to pwm.o(.bss) for .bss
    pwm.o(.text) refers to system_stm32f0xx.o(.data) for SystemCoreClock
    pwm.o(.text) refers to rt_time.o(i.rt_dly_wait) for rt_dly_wait
    serial.o(.text) refers to stm32f0xx_usart.o(.text) for USART_GetFlagStatus
    serial.o(.text) refers to stm32f0xx_rcc.o(.text) for RCC_AHBPeriphClockCmd
    serial.o(.text) refers to stm32f0xx_gpio.o(.text) for GPIO_PinAFConfig
    serial.o(.text) refers to stm32f0xx_misc.o(.text) for NVIC_Init
    serial.o(.text) refers to serial.o(.data) for .data
    serial.o(.text) refers to serial.o(.bss) for .bss
    serial.o(.data) refers to serial.o(.bss) for rcv_buff
    serial.o(.data) refers to serial.o(.text) for begin_fcn
    interrupted_charging.o(.text) refers to fdiv.o(.text) for __aeabi_fdiv
    interrupted_charging.o(.text) refers to fscalb.o(.text) for __ARM_scalbnf
    interrupted_charging.o(.text) refers to fadd.o(.text) for __aeabi_fadd
    interrupted_charging.o(.text) refers to fmul.o(.text) for __aeabi_fmul
    interrupted_charging.o(.text) refers to pwm.o(.text) for init_pwm
    interrupted_charging.o(.text) refers to adc.o(.text) for init_adc
    interrupted_charging.o(.text) refers to perturb_and_observe.o(.text) for set_mppt
    interrupted_charging.o(.text) refers to f2d.o(.text) for __aeabi_f2d
[...]
    .text                                    0x08002850   Section        0  stm32f0xx_syscfg.o(.text)
    .text                                    0x080028e8   Section        0  stm32f0xx_tim.o(.text)
    TI2_Config                               0x08002ecd   Thumb Code    42  stm32f0xx_tim.o(.text)
    TI1_Config                               0x08002f07   Thumb Code    40  stm32f0xx_tim.o(.text)
    .text                                    0x08003200   Section        0  stm32f0xx_usart.o(.text)
    .text                                    0x08003668   Section        0  system_stm32f0xx.o(.text)
    SetSysClock                              0x0800371b   Thumb Code    80  system_stm32f0xx.o(.text)
    .text                                    0x08003788   Section       28  startup_stm32f0xx.o(.text)
    .text                                    0x080037a4   Section        0  rtx_conf_cm.o(.text)
    .text                                    0x08003820   Section        0  uidiv.o(.text)
    .text                                    0x0800384c   Section        0  fadd.o(.text)
    .text                                    0x080038fe   Section        0  fmul.o(.text)
    .text                                    0x08003978   Section        0  fdiv.o(.text)
    .text                                    0x080039f8   Section        0  fscalb.o(.text)
    .text                                    0x08003a10   Section        0  dadd.o(.text)
    .text                                    0x08003b74   Section        0  dmul.o(.text)
    .text                                    0x08003c44   Section        0  ddiv.o(.text)
    .text                                    0x08003d34   Section        0  fflti.o(.text)
    .text                                    0x08003d4a   Section        0  ffltui.o(.text)
    .text                                    0x08003d58   Section        0  dflti.o(.text)
    .text                                    0x08003d80   Section        0  dfltui.o(.text)
    .text                                    0x08003d9c   Section        0  dfixui.o(.text)
    .text                                    0x08003dd8   Section        0  f2d.o(.text)
    .text                                    0x08003e00   Section        0  d2f.o(.text)
    .text                                    0x08003e38   Section       20  cfcmple.o(.text)
    .text                                    0x08003e4c   Section       20  cfrcmple.o(.text)
    .text                                    0x08003e60   Section        0  uldiv.o(.text)
    .text                                    0x08003ec0   Section        0  llshl.o(.text)
    .text                                    0x08003ee0   Section        0  llushr.o(.text)
    .text                                    0x08003f02   Section        0  llsshr.o(.text)
    .text                                    0x08003f28   Section        0  iusefp.o(.text)
    .text                                    0x08003f28   Section        0  fepilogue.o(.text)
    .text                                    0x08003fac   Section        0  depilogue.o(.text)
    .text                                    0x0800406c   Section        0  dfixul.o(.text)
    .text                                    0x080040ac   Section       40  cdrcmple.o(.text)
    .text                                    0x080040d4   Section       36  init.o(.text)
    SVC_TABLE                                0x080040f8   Section        4  SVC_Table.o(SVC_TABLE)
    i.__0printf                              0x080040fc   Section        0  printfa.o(i.__0printf)
    i.__0snprintf                            0x0800411c   Section        0  printfa.o(i.__0snprintf)
    i.__0sprintf                             0x08004148   Section        0  printfa.o(i.__0sprintf)
    i.__ARM_clz                              0x08004170   Section        0  depilogue.o(i.__ARM_clz)
    i.__ARM_common_switch8                   0x0800419e   Section        0  interrupted_charging.o(i.__ARM_common_switch8)
    i.__scatterload_copy                     0x080041b8   Section       14  handlers.o(i.__scatterload_copy)
    i.__scatterload_null                     0x080041c6   Section        2  handlers.o(i.__scatterload_null)
    i.__scatterload_zeroinit                 0x080041c8   Section       14  handlers.o(i.__scatterload_zeroinit)
    i._fp_digits                             0x080041d8   Section        0  printfa.o(i._fp_digits)
    _fp_digits                               0x080041d9   Thumb Code   314  printfa.o(i._fp_digits)
    i._init_box                              0x08004330   Section        0  rt_membox.o(i._init_box)
    i._printf_core                           0x08004378   Section        0  printfa.o(i._printf_core)
    _printf_core                             0x08004379   Thumb Code  1766  printfa.o(i._printf_core)
    i._printf_post_padding                   0x08004a70   Section        0  printfa.o(i._printf_post_padding)
    _printf_post_padding                     0x08004a71   Thumb Code    32  printfa.o(i._printf_post_padding)
    i._printf_pre_padding                    0x08004a90   Section        0  printfa.o(i._printf_pre_padding)
    _printf_pre_padding                      0x08004a91   Thumb Code    44  printfa.o(i._printf_pre_padding)
    i._snputc                                0x08004abc   Section        0  printfa.o(i._snputc)
    _snputc                                  0x08004abd   Thumb Code    22  printfa.o(i._snputc)
    i._sputc                                 0x08004ad2   Section        0  printfa.o(i._sputc)
    _sputc                                   0x08004ad3   Thumb Code    10  printfa.o(i._sputc)
    i.isr_evt_set                            0x08004adc   Section        0  rt_event.o(i.isr_evt_set)
    i.os_tick_init                           0x08004b00   Section        0  rt_system.o(i.os_tick_init)
    i.os_tick_irqack                         0x08004b2c   Section        0  rt_system.o(i.os_tick_irqack)
    i.rt_alloc_box                           0x08004b2e   Section        0  rt_membox.o(i.rt_alloc_box)
    i.rt_block                               0x08004b4c   Section        0  rt_task.o(i.rt_block)
    i.rt_chk_robin                           0x08004b84   Section        0  rt_robin.o(i.rt_chk_robin)
    i.rt_dec_dly                             0x08004bc8   Section        0  rt_list.o(i.rt_dec_dly)
    i.rt_dispatch                            0x08004c40   Section        0  rt_task.o(i.rt_dispatch)
    i.rt_dly_wait                            0x08004c80   Section        0  rt_time.o(i.rt_dly_wait)
    i.rt_evt_clr                             0x08004c8c   Section        0  rt_event.o(i.rt_evt_clr)
    i.rt_evt_get                             0x08004ca8   Section        0  rt_event.o(i.rt_evt_get)
    i.rt_evt_psh                             0x08004cb4   Section        0  rt_event.o(i.rt_evt_psh)
    i.rt_evt_set                             0x08004d00   Section        0  rt_event.o(i.rt_evt_set)
    i.rt_evt_wait                            0x08004d5c   Section        0  rt_event.o(i.rt_evt_wait)
    i.rt_free_box                            0x08004d9c   Section        0  rt_membox.o(i.rt_free_box)
    i.rt_get_first                           0x08004dc2   Section        0  rt_list.o(i.rt_get_first)
    i.rt_init_context                        0x08004dec   Section        0  rt_task.o(i.rt_init_context)
    rt_init_context                          0x08004ded   Thumb Code    64  rt_task.o(i.rt_init_context)
    i.rt_init_robin                          0x08004e30   Section        0  rt_robin.o(i.rt_init_robin)
    i.rt_init_stack                          0x08004e48   Section        0  hal_cm1.o(i.rt_init_stack)
    i.rt_mbx_psh                             0x08004e94   Section        0  rt_mailbox.o(i.rt_mbx_psh)
    i.rt_pop_req                             0x08004f40   Section        0  rt_system.o(i.rt_pop_req)
    i.rt_psh_req                             0x08004fb0   Section        0  rt_system.o(i.rt_psh_req)
    i.rt_psq_enq                             0x08004fd0   Section        0  rt_list.o(i.rt_psq_enq)
    i.rt_put_dly                             0x08005010   Section        0  rt_list.o(i.rt_put_dly)
    i.rt_put_prio                            0x08005060   Section        0  rt_list.o(i.rt_put_prio)
    i.rt_put_rdy_first                       0x0800509c   Section        0  rt_list.o(i.rt_put_rdy_first)
    i.rt_rmv_dly                             0x080050b0   Section        0  rt_list.o(i.rt_rmv_dly)
    i.rt_rmv_list                            0x080050dc   Section        0  rt_list.o(i.rt_rmv_list)
    i.rt_sem_psh                             0x08005110   Section        0  rt_semaphore.o(i.rt_sem_psh)
    i.rt_stk_check                           0x08005144   Section        0  rt_system.o(i.rt_stk_check)
    i.rt_switch_req                          0x0800516c   Section        0  rt_task.o(i.rt_switch_req)
    i.rt_sys_init                            0x0800517c   Section        0  rt_task.o(i.rt_sys_init)
    i.rt_systick                             0x080052b4   Section        0  rt_system.o(i.rt_systick)
    i.rt_time_get                            0x080052f0   Section        0  rt_time.o(i.rt_time_get)
    i.rt_tmr_tick                            0x080052fc   Section        0  rt_timer.o(i.rt_tmr_tick)
    i.rt_tsk_create                          0x0800533c   Section        0  rt_task.o(i.rt_tsk_create)
    i.rt_tsk_delete                          0x080053b8   Section        0  rt_task.o(i.rt_tsk_delete)
    .constdata                               0x08005454   Section       95  adc.o(.constdata)
    .constdata                               0x080054b4   Section      185  interrupted_charging.o(.constdata)
    .constdata                               0x0800556e   Section        2  rtx_conf_cm.o(.constdata)
    .constdata                               0x08005570   Section        4  rtx_conf_cm.o(.constdata)
    .constdata                               0x08005574   Section        4  rtx_conf_cm.o(.constdata)
    .constdata                               0x08005578   Section        4  rtx_conf_cm.o(.constdata)
    .constdata                               0x0800557c   Section        1  rtx_conf_cm.o(.constdata)
    .constdata                               0x08005580   Section        8  rtx_conf_cm.o(.constdata)
    __tagsym$$used                           0x08005580   Number         0  rtx_conf_cm.o(.constdata)
    __tagsym$$used                           0x08005584   Number         0  rtx_conf_cm.o(.constdata)
    .constdata                               0x08005588   Section        2  rtx_conf_cm.o(.constdata)
    .constdata                               0x0800558c   Section        4  rtx_conf_cm.o(.constdata)
    .constdata                               0x08005590   Section        1  rtx_conf_cm.o(.constdata)
    .constdata                               0x08005592   Section        2  rtx_conf_cm.o(.constdata)
    .data                                    0x20000000   Section        4  retarget.o(.data)
    .data                                    0x20000004   Section        4  adc.o(.data)
    .data                                    0x20000008   Section       12  perturb_and_observe.o(.data)
    p_panel_delay                            0x2000000c   Data           4  perturb_and_observe.o(.data)
    v_panel_delay                            0x20000010   Data           4  perturb_and_observe.o(.data)
    .data                                    0x20000014   Section        2  pwm.o(.data)
    .data                                    0x20000018   Section       56  serial.o(.data)
    rcv_buff_full                            0x20000018   Data           1  serial.o(.data)
    nb_rcv_buff_char                         0x2000001a   Data           2  serial.o(.data)
    rcv_buff_overload                        0x2000001c   Data           2  serial.o(.data)
    pt_rcv_read                              0x20000020   Data           4  serial.o(.data)
    pt_rcv_write                             0x20000024   Data           4  serial.o(.data)
    USARTx                                   0x20000028   Data           4  serial.o(.data)
    .data                                    0x20000050   Section       20  interrupted_charging.o(.data)
    .data                                    0x20000064   Section        4  interrupted_charging.o(.data)
    .data                                    0x20000068   Section       20  ui.o(.data)
    .data                                    0x2000007c   Section       16  stm32f0xx_rcc.o(.data)
    APBAHBPrescTable                         0x2000007c   Data          16  stm32f0xx_rcc.o(.data)
    .data                                    0x2000008c   Section       20  system_stm32f0xx.o(.data)
    .data                                    0x200000a0   Section        4  rtx_conf_cm.o(.data)
    .data                                    0x200000a4   Section        8  rt_task.o(.data)
    .data                                    0x200000ac   Section        4  rt_time.o(.data)
    .data                                    0x200000b0   Section        8  rt_system.o(.data)
    os_lock                                  0x200000b0   Data           1  rt_system.o(.data)
    os_psh_flag                              0x200000b1   Data           1  rt_system.o(.data)
    pend_flags                               0x200000b2   Data           1  rt_system.o(.data)
    .data                                    0x200000b8   Section        8  rt_robin.o(.data)
    .data                                    0x200000c0   Section        8  rt_timer.o(.data)
    .bss                                     0x200000c8   Section      160  adc.o(.bss)
    .bss                                     0x20000168   Section       32  pwm.o(.bss)
    .bss                                     0x20000188   Section       64  serial.o(.bss)
    rcv_buff                                 0x20000188   Data          64  serial.o(.bss)
    .bss                                     0x200001c8   Section      512  interrupted_charging.o(.bss)
    .bss                                     0x200003c8   Section      400  ui.o(.bss)
    .bss                                     0x20000558   Section      204  rtx_conf_cm.o(.bss)
    .bss                                     0x20000628   Section      656  rtx_conf_cm.o(.bss)
    .bss                                     0x200008b8   Section      132  rtx_conf_cm.o(.bss)
    .bss                                     0x2000093c   Section       16  rtx_conf_cm.o(.bss)
    .bss                                     0x2000094c   Section       48  rt_task.o(.bss)
    .bss                                     0x2000097c   Section       48  rt_list.o(.bss)
    STACK                                    0x200009b0   Section     1024  startup_stm32f0xx.o(STACK)

    Global Symbols

    Symbol Name                              Value     Ov Type        Size  Object(Section)

    BuildAttributes$$THM_ISAv3M$S$PE$A:L22$X:L11$S22$IEEE1$IW$USESV6$~STKCKD$USESV7$~SHL$OTIME$ROPI$EBA8$MICROLIB$REQ8$PRES8$EABIv2 0x00000000   Number         0  anon$$obj.o ABSOLUTE
    __ARM_use_no_argv                        0x00000000   Number         0  main.o ABSOLUTE
    __use_no_errno                           0x00000000   Number         0  useno.o ABSOLUTE
    __use_no_exception_handling              0x00000000   Number         0  useno.o ABSOLUTE
    __use_no_fp                              0x00000000   Number         0  useno.o ABSOLUTE
    __use_no_heap                            0x00000000   Number         0  useno.o ABSOLUTE
    __use_no_heap_region                     0x00000000   Number         0  useno.o ABSOLUTE
    __use_no_semihosting                     0x00000000   Number         0  useno.o ABSOLUTE
    __use_no_semihosting_swi                 0x00000000   Number         0  useno.o ABSOLUTE
    __use_no_signal_handling                 0x00000000   Number         0  useno.o ABSOLUTE
    _printf_a                                0x00000000   Number         0  stubs.o ABSOLUTE
    _printf_c                                0x00000000   Number         0  stubs.o ABSOLUTE
    _printf_charcount                        0x00000000   Number         0  stubs.o ABSOLUTE
    _printf_d                                0x00000000   Number         0  stubs.o ABSOLUTE
    _printf_e                                0x00000000   Number         0  stubs.o ABSOLUTE
    _printf_f                                0x00000000   Number         0  stubs.o ABSOLUTE
    _printf_flags                            0x00000000   Number         0  stubs.o ABSOLUTE
    _printf_fp_dec                           0x00000000   Number         0  stubs.o ABSOLUTE
    _printf_fp_hex                           0x00000000   Number         0  stubs.o ABSOLUTE
    _printf_g                                0x00000000   Number         0  stubs.o ABSOLUTE
    _printf_i                                0x00000000   Number         0  stubs.o ABSOLUTE
    _printf_int_dec                          0x00000000   Number         0  stubs.o ABSOLUTE
    _printf_l                                0x00000000   Number         0  stubs.o ABSOLUTE
    _printf_lc                               0x00000000   Number         0  stubs.o ABSOLUTE
    _printf_ll                               0x00000000   Number         0  stubs.o ABSOLUTE
    _printf_lld                              0x00000000   Number         0  stubs.o ABSOLUTE
    _printf_lli                              0x00000000   Number         0  stubs.o ABSOLUTE
    _printf_llo                              0x00000000   Number         0  stubs.o ABSOLUTE
    _printf_llu                              0x00000000   Number         0  stubs.o ABSOLUTE
    _printf_llx                              0x00000000   Number         0  stubs.o ABSOLUTE
    _printf_longlong_dec                     0x00000000   Number         0  stubs.o ABSOLUTE
    _printf_longlong_hex                     0x00000000   Number         0  stubs.o ABSOLUTE
    _printf_longlong_oct                     0x00000000   Number         0  stubs.o ABSOLUTE
    _printf_ls                               0x00000000   Number         0  stubs.o ABSOLUTE
    _printf_mbtowc                           0x00000000   Number         0  stubs.o ABSOLUTE
    _printf_n                                0x00000000   Number         0  stubs.o ABSOLUTE
    _printf_o                                0x00000000   Number         0  stubs.o ABSOLUTE
    _printf_p                                0x00000000   Number         0  stubs.o ABSOLUTE
    _printf_percent                          0x00000000   Number         0  stubs.o ABSOLUTE
    _printf_pre_padding                      0x00000000   Number         0  stubs.o ABSOLUTE
    _printf_return_value                     0x00000000   Number         0  stubs.o ABSOLUTE
    _printf_s                                0x00000000   Number         0  stubs.o ABSOLUTE
    _printf_sizespec                         0x00000000   Number         0  stubs.o ABSOLUTE
    _printf_str                              0x00000000   Number         0  stubs.o ABSOLUTE
    _printf_truncate_signed                  0x00000000   Number         0  stubs.o ABSOLUTE
    _printf_truncate_unsigned                0x00000000   Number         0  stubs.o ABSOLUTE
    _printf_u                                0x00000000   Number         0  stubs.o ABSOLUTE
    _printf_wc                               0x00000000   Number         0  stubs.o ABSOLUTE
    _printf_wctomb                           0x00000000   Number         0  stubs.o ABSOLUTE
    _printf_widthprec                        0x00000000   Number         0  stubs.o ABSOLUTE
    _printf_x                                0x00000000   Number         0  stubs.o ABSOLUTE
    __decompress                              - Undefined Weak Reference
    _clock_init                               - Undefined Weak Reference
    __Vectors_Size                           0x000000c0   Number         0  startup_stm32f0xx.o ABSOLUTE
    __RL_RTX_VER                             0x00000460   Number         0  rt_system.o ABSOLUTE
    __Vectors                                0x08000000   Data           4  startup_stm32f0xx.o(RESET)
    __Vectors_End                            0x080000c0   Data           0  startup_stm32f0xx.o(RESET)
    __main                                   0x080000c1   Thumb Code     0  entry.o(.ARM.Collect$$$$00000000)
    _main_stk                                0x080000c1   Thumb Code     0  entry2.o(.ARM.Collect$$$$00000001)
    _main_scatterload                        0x080000c5   Thumb Code     0  entry5.o(.ARM.Collect$$$$00000004)
    __main_after_scatterload                 0x080000c9   Thumb Code     0  entry5.o(.ARM.Collect$$$$00000004)
    _main_clock                              0x080000c9   Thumb Code     0  entry7b.o(.ARM.Collect$$$$00000008)
    _main_init                               0x080000c9   Thumb Code     0  entry8.o(.ARM.Collect$$$$00000009)
    rt_set_PSP                               0x080000d5   Thumb Code     6  hal_cm1.o(.emb_text)
    rt_get_PSP                               0x080000db   Thumb Code     6  hal_cm1.o(.emb_text)
    os_set_env                               0x080000e1   Thumb Code    32  hal_cm1.o(.emb_text)
    _alloc_box                               0x08000105   Thumb Code    28  hal_cm1.o(.emb_text)
    _free_box                                0x08000125   Thumb Code    28  hal_cm1.o(.emb_text)
    SVC_Handler                              0x08000145   Thumb Code   152  hal_cm1.o(.emb_text)
    PendSV_Handler                           0x080001e9   Thumb Code    92  hal_cm1.o(.emb_text)
    SysTick_Handler                          0x08000249   Thumb Code     8  hal_cm1.o(.emb_text)
    OS_Tick_Handler                          0x08000251   Thumb Code    12  hal_cm1.o(.emb_text)
    init                                     0x0800025d   Thumb Code    78  main.o(.text)
    main                                     0x080002ab   Thumb Code    28  main.o(.text)
    assert_failed                            0x080002c7   Thumb Code    12  main.o(.text)
    fputc                                    0x080003c5   Thumb Code    12  retarget.o(.text)
    fgetc                                    0x080003d1   Thumb Code     4  retarget.o(.text)
    ferror                                   0x080003d5   Thumb Code     6  retarget.o(.text)
    _ttywrch                                 0x080003db   Thumb Code    10  retarget.o(.text)
    _sys_exit                                0x080003e5   Thumb Code     2  retarget.o(.text)
    get_adc_voltage                          0x080003e9   Thumb Code   308  adc.o(.text)
    init_adc                                 0x0800051d   Thumb Code   294  adc.o(.text)
    adc_test                                 0x08000643   Thumb Code   184  adc.o(.text)
    adc_init_analog_watchdog                 0x080006fb   Thumb Code    74  adc.o(.text)
    perturb_and_observe_cc_itter             0x080007bd   Thumb Code   146  perturb_and_observe.o(.text)
    perturb_and_observe_itter                0x0800084f   Thumb Code     4  perturb_and_observe.o(.text)
    perturb_and_observe                      0x08000853   Thumb Code    28  perturb_and_observe.o(.text)
    set_mppt                                 0x0800086f   Thumb Code    84  perturb_and_observe.o(.text)
    set_duty_cycle                           0x080008dd   Thumb Code    70  pwm.o(.text)
    TIM_Config                               0x08000923   Thumb Code   128  pwm.o(.text)
    init_pwm                                 0x080009a3   Thumb Code   152  pwm.o(.text)
    pwm_out                                  0x08000a3b   Thumb Code   136  pwm.o(.text)
    putchar                                  0x08000b39   Thumb Code    32  serial.o(.text)
    begin_fcn                                0x08000b59   Thumb Code    16  serial.o(.text)
    available_fcn                            0x08000b69   Thumb Code     6  serial.o(.text)
    flush_fcn                                0x08000b6f   Thumb Code    18  serial.o(.text)
    read_fcn                                 0x08000b81   Thumb Code    42  serial.o(.text)
    peek_fcn                                 0x08000bab   Thumb Code    16  serial.o(.text)
    write_fcn                                0x08000bbb   Thumb Code     2  serial.o(.text)
    print_fcn                                0x08000bbd   Thumb Code    20  serial.o(.text)
    println_fcn                              0x08000bd1   Thumb Code    20  serial.o(.text)
    USART1_IRQHandler                        0x08000be5   Thumb Code    98  serial.o(.text)
    set_current_compensation                 0x08000ce9   Thumb Code    52  interrupted_charging.o(.text)
    set_temperature_compensation             0x08000d1d   Thumb Code    72  interrupted_charging.o(.text)
    calc_lvdc                                0x08000d65   Thumb Code    42  interrupted_charging.o(.text)
    interrupted_charging                     0x08000d8f   Thumb Code   622  interrupted_charging.o(.text)
    delay100u                                0x080011cd   Thumb Code    16  lcd_hd44780.o(.text)
    cycle_e                                  0x080011dd   Thumb Code    38  lcd_hd44780.o(.text)
    lcd_send_4_bits                          0x08001203   Thumb Code    86  lcd_hd44780.o(.text)
    lcd_putc                                 0x08001259   Thumb Code    44  lcd_hd44780.o(.text)
    lcd_write_string                         0x08001285   Thumb Code    20  lcd_hd44780.o(.text)
    lcd_write_int                            0x08001299   Thumb Code    32  lcd_hd44780.o(.text)
    lcd_send_cmd                             0x080012b9   Thumb Code    44  lcd_hd44780.o(.text)
    lcd_goto_XY                              0x080012e5   Thumb Code    14  lcd_hd44780.o(.text)
    lcd_clear                                0x080012f3   Thumb Code    18  lcd_hd44780.o(.text)
    lcd_backlight                            0x08001305   Thumb Code    28  lcd_hd44780.o(.text)
    lcd_set_custom_chars                     0x08001321   Thumb Code   250  lcd_hd44780.o(.text)
    lcd_init                                 0x0800141b   Thumb Code   144  lcd_hd44780.o(.text)
    lcd_test                                 0x080014ab   Thumb Code   134  lcd_hd44780.o(.text)
    lcd_power                                0x08001531   Thumb Code    24  lcd_hd44780.o(.text)
    NMI_Handler                              0x080015a1   Thumb Code     2  stm32f0xx_it.o(.text)
    HardFault_Handler                        0x080015a3   Thumb Code     2  stm32f0xx_it.o(.text)
    ADC1_COMP_IRQHandler                     0x080015a5   Thumb Code     2  stm32f0xx_it.o(.text)
    EXTI0_1_IRQHandler                       0x080015a7   Thumb Code    30  stm32f0xx_it.o(.text)
    EXTI4_15_IRQHandler                      0x080015c5   Thumb Code   152  stm32f0xx_it.o(.text)
    keypad_get_key                           0x08001665   Thumb Code   326  ui.o(.text)
    pwr_sw_init                              0x080017ab   Thumb Code    66  ui.o(.text)
    keypad_init                              0x080017ed   Thumb Code   212  ui.o(.text)
    ui                                       0x080018c1   Thumb Code   846  ui.o(.text)
    usb_outputs_init                         0x08001c45   Thumb Code   134  user_outputs.o(.text)
    dc_outputs_init                          0x08001ccb   Thumb Code    42  user_outputs.o(.text)
    delay                                    0x08001cf9   Thumb Code    12  buzzer.o(.text)
    buzzer_init                              0x08001d05   Thumb Code    52  buzzer.o(.text)
    buzz                                     0x08001d39   Thumb Code    60  buzzer.o(.text)
    ADC_DeInit                               0x08001d75   Thumb Code    28  stm32f0xx_adc.o(.text)
    ADC_Init                                 0x08001d91   Thumb Code    38  stm32f0xx_adc.o(.text)
    ADC_StructInit                           0x08001db7   Thumb Code    16  stm32f0xx_adc.o(.text)
    ADC_Cmd                                  0x08001dc7   Thumb Code    18  stm32f0xx_adc.o(.text)
    ADC_JitterCmd                            0x08001dd9   Thumb Code    16  stm32f0xx_adc.o(.text)
    ADC_AutoPowerOffCmd                      0x08001de9   Thumb Code    20  stm32f0xx_adc.o(.text)
    ADC_WaitModeCmd                          0x08001dfd   Thumb Code    20  stm32f0xx_adc.o(.text)
    ADC_AnalogWatchdogCmd                    0x08001e11   Thumb Code    20  stm32f0xx_adc.o(.text)
    ADC_AnalogWatchdogThresholdsConfig       0x08001e25   Thumb Code     8  stm32f0xx_adc.o(.text)
    ADC_AnalogWatchdogSingleChannelConfig    0x08001e2d   Thumb Code    14  stm32f0xx_adc.o(.text)
    ADC_AnalogWatchdogSingleChannelCmd       0x08001e3b   Thumb Code    20  stm32f0xx_adc.o(.text)
    ADC_TempSensorCmd                        0x08001e4f   Thumb Code    22  stm32f0xx_adc.o(.text)
    ADC_VrefintCmd                           0x08001e65   Thumb Code    22  stm32f0xx_adc.o(.text)
    ADC_VbatCmd                              0x08001e7b   Thumb Code    22  stm32f0xx_adc.o(.text)
    ADC_ChannelConfig                        0x08001e91   Thumb Code    10  stm32f0xx_adc.o(.text)
    ADC_ContinuousModeCmd                    0x08001e9b   Thumb Code    20  stm32f0xx_adc.o(.text)
    ADC_DiscModeCmd                          0x08001eaf   Thumb Code    20  stm32f0xx_adc.o(.text)
    ADC_OverrunModeCmd                       0x08001ec3   Thumb Code    20  stm32f0xx_adc.o(.text)
    ADC_GetCalibrationFactor                 0x08001ed7   Thumb Code    46  stm32f0xx_adc.o(.text)
    ADC_StopOfConversion                     0x08001f05   Thumb Code    10  stm32f0xx_adc.o(.text)
    ADC_StartOfConversion                    0x08001f0f   Thumb Code    10  stm32f0xx_adc.o(.text)
    ADC_GetConversionValue                   0x08001f19   Thumb Code     6  stm32f0xx_adc.o(.text)
    ADC_DMACmd                               0x08001f1f   Thumb Code    20  stm32f0xx_adc.o(.text)
    ADC_DMARequestModeConfig                 0x08001f33   Thumb Code    16  stm32f0xx_adc.o(.text)
    ADC_ITConfig                             0x08001f43   Thumb Code    16  stm32f0xx_adc.o(.text)
    ADC_GetFlagStatus                        0x08001f53   Thumb Code    28  stm32f0xx_adc.o(.text)
    ADC_ClearFlag                            0x08001f6f   Thumb Code     4  stm32f0xx_adc.o(.text)
    ADC_GetITStatus                          0x08001f73   Thumb Code    22  stm32f0xx_adc.o(.text)
    ADC_ClearITPendingBit                    0x08001f89   Thumb Code     4  stm32f0xx_adc.o(.text)
    DMA_DeInit                               0x08001f99   Thumb Code   100  stm32f0xx_dma.o(.text)
    DMA_Init                                 0x08001ffd   Thumb Code    56  stm32f0xx_dma.o(.text)
    DMA_StructInit                           0x08002035   Thumb Code    26  stm32f0xx_dma.o(.text)
    DMA_Cmd                                  0x0800204f   Thumb Code    20  stm32f0xx_dma.o(.text)
    DMA_SetCurrDataCounter                   0x08002063   Thumb Code     4  stm32f0xx_dma.o(.text)
    DMA_GetCurrDataCounter                   0x08002067   Thumb Code     6  stm32f0xx_dma.o(.text)
    DMA_ITConfig                             0x0800206d   Thumb Code    16  stm32f0xx_dma.o(.text)
    DMA_GetFlagStatus                        0x0800207d   Thumb Code    18  stm32f0xx_dma.o(.text)
    DMA_ClearFlag                            0x0800208f   Thumb Code     8  stm32f0xx_dma.o(.text)
    DMA_GetITStatus                          0x08002097   Thumb Code    18  stm32f0xx_dma.o(.text)
    DMA_ClearITPendingBit                    0x080020a9   Thumb Code     8  stm32f0xx_dma.o(.text)
    EXTI_DeInit                              0x080020bd   Thumb Code    20  stm32f0xx_exti.o(.text)
    EXTI_Init                                0x080020d1   Thumb Code   102  stm32f0xx_exti.o(.text)
    EXTI_StructInit                          0x08002137   Thumb Code    14  stm32f0xx_exti.o(.text)
    EXTI_GenerateSWInterrupt                 0x08002145   Thumb Code    10  stm32f0xx_exti.o(.text)
    EXTI_GetFlagStatus                       0x0800214f   Thumb Code    16  stm32f0xx_exti.o(.text)
    EXTI_ClearFlag                           0x0800215f   Thumb Code     6  stm32f0xx_exti.o(.text)
    EXTI_GetITStatus                         0x08002165   Thumb Code    24  stm32f0xx_exti.o(.text)
    EXTI_ClearITPendingBit                   0x0800217d   Thumb Code     6  stm32f0xx_exti.o(.text)
    GPIO_DeInit                              0x08002191   Thumb Code    78  stm32f0xx_gpio.o(.text)
    GPIO_Init                                0x080021df   Thumb Code   112  stm32f0xx_gpio.o(.text)
    GPIO_StructInit                          0x0800224f   Thumb Code    18  stm32f0xx_gpio.o(.text)
    GPIO_PinLockConfig                       0x08002261   Thumb Code    18  stm32f0xx_gpio.o(.text)
    GPIO_ReadInputDataBit                    0x08002273   Thumb Code    14  stm32f0xx_gpio.o(.text)
    GPIO_ReadInputData                       0x08002281   Thumb Code     4  stm32f0xx_gpio.o(.text)
    GPIO_ReadOutputDataBit                   0x08002285   Thumb Code    14  stm32f0xx_gpio.o(.text)
    GPIO_ReadOutputData                      0x08002293   Thumb Code     4  stm32f0xx_gpio.o(.text)
    GPIO_SetBits                             0x08002297   Thumb Code     4  stm32f0xx_gpio.o(.text)
    GPIO_ResetBits                           0x0800229b   Thumb Code     4  stm32f0xx_gpio.o(.text)
    GPIO_WriteBit                            0x0800229f   Thumb Code    12  stm32f0xx_gpio.o(.text)
    GPIO_Write                               0x080022ab   Thumb Code     4  stm32f0xx_gpio.o(.text)
    GPIO_PinAFConfig                         0x080022af   Thumb Code    32  stm32f0xx_gpio.o(.text)
    NVIC_Init                                0x080022e5   Thumb Code    70  stm32f0xx_misc.o(.text)
    NVIC_SystemLPConfig                      0x0800232b   Thumb Code    18  stm32f0xx_misc.o(.text)
    SysTick_CLKSourceConfig                  0x0800233d   Thumb Code    20  stm32f0xx_misc.o(.text)
    PWR_DeInit                               0x08002361   Thumb Code    22  stm32f0xx_pwr.o(.text)
    PWR_BackupAccessCmd                      0x08002377   Thumb Code    20  stm32f0xx_pwr.o(.text)
    PWR_PVDLevelConfig                       0x0800238b   Thumb Code    14  stm32f0xx_pwr.o(.text)
    PWR_PVDCmd                               0x08002399   Thumb Code    20  stm32f0xx_pwr.o(.text)
    PWR_WakeUpPinCmd                         0x080023ad   Thumb Code    18  stm32f0xx_pwr.o(.text)
    PWR_EnterSleepMode                       0x080023bf   Thumb Code    22  stm32f0xx_pwr.o(.text)
    PWR_EnterSTOPMode                        0x080023d5   Thumb Code    40  stm32f0xx_pwr.o(.text)
    PWR_EnterSTANDBYMode                     0x080023fd   Thumb Code    30  stm32f0xx_pwr.o(.text)
    PWR_GetFlagStatus                        0x0800241b   Thumb Code    16  stm32f0xx_pwr.o(.text)
    PWR_ClearFlag                            0x0800242b   Thumb Code    12  stm32f0xx_pwr.o(.text)
    RCC_DeInit                               0x08002441   Thumb Code    78  stm32f0xx_rcc.o(.text)
    RCC_HSEConfig                            0x0800248f   Thumb Code    10  stm32f0xx_rcc.o(.text)
    RCC_GetFlagStatus                        0x08002499   Thumb Code    48  stm32f0xx_rcc.o(.text)
    RCC_WaitForHSEStartUp                    0x080024c9   Thumb Code    38  stm32f0xx_rcc.o(.text)
    RCC_AdjustHSICalibrationValue            0x080024ef   Thumb Code    16  stm32f0xx_rcc.o(.text)
    RCC_HSICmd                               0x080024ff   Thumb Code    22  stm32f0xx_rcc.o(.text)
    RCC_AdjustHSI14CalibrationValue          0x08002515   Thumb Code    16  stm32f0xx_rcc.o(.text)
    RCC_HSI14Cmd                             0x08002525   Thumb Code    22  stm32f0xx_rcc.o(.text)
    RCC_HSI14ADCRequestCmd                   0x0800253b   Thumb Code    20  stm32f0xx_rcc.o(.text)
    RCC_LSEConfig                            0x0800254f   Thumb Code    26  stm32f0xx_rcc.o(.text)
    RCC_LSEDriveConfig                       0x08002569   Thumb Code    18  stm32f0xx_rcc.o(.text)
    RCC_LSICmd                               0x0800257b   Thumb Code    22  stm32f0xx_rcc.o(.text)
    RCC_PLLConfig                            0x08002591   Thumb Code    24  stm32f0xx_rcc.o(.text)
    RCC_PLLCmd                               0x080025a9   Thumb Code    22  stm32f0xx_rcc.o(.text)
    RCC_PREDIV1Config                        0x080025bf   Thumb Code    14  stm32f0xx_rcc.o(.text)
    RCC_ClockSecuritySystemCmd               0x080025cd   Thumb Code    22  stm32f0xx_rcc.o(.text)
    RCC_MCOConfig                            0x080025e3   Thumb Code     6  stm32f0xx_rcc.o(.text)
    RCC_SYSCLKConfig                         0x080025e9   Thumb Code    14  stm32f0xx_rcc.o(.text)
    RCC_GetSYSCLKSource                      0x080025f7   Thumb Code    10  stm32f0xx_rcc.o(.text)
    RCC_HCLKConfig                           0x08002601   Thumb Code    14  stm32f0xx_rcc.o(.text)
    RCC_PCLKConfig                           0x0800260f   Thumb Code    16  stm32f0xx_rcc.o(.text)
    RCC_ADCCLKConfig                         0x0800261f   Thumb Code    38  stm32f0xx_rcc.o(.text)
    RCC_CECCLKConfig                         0x08002645   Thumb Code    18  stm32f0xx_rcc.o(.text)
    RCC_I2CCLKConfig                         0x08002657   Thumb Code    18  stm32f0xx_rcc.o(.text)
    RCC_USARTCLKConfig                       0x08002669   Thumb Code    18  stm32f0xx_rcc.o(.text)
    RCC_GetClocksFreq                        0x0800267b   Thumb Code   218  stm32f0xx_rcc.o(.text)
    RCC_RTCCLKConfig                         0x08002755   Thumb Code    10  stm32f0xx_rcc.o(.text)
    RCC_RTCCLKCmd                            0x0800275f   Thumb Code    20  stm32f0xx_rcc.o(.text)
    RCC_BackupResetCmd                       0x08002773   Thumb Code    22  stm32f0xx_rcc.o(.text)
    RCC_AHBPeriphClockCmd                    0x08002789   Thumb Code    18  stm32f0xx_rcc.o(.text)
    RCC_APB2PeriphClockCmd                   0x0800279b   Thumb Code    18  stm32f0xx_rcc.o(.text)
    RCC_APB1PeriphClockCmd                   0x080027ad   Thumb Code    18  stm32f0xx_rcc.o(.text)
    RCC_AHBPeriphResetCmd                    0x080027bf   Thumb Code    18  stm32f0xx_rcc.o(.text)
    RCC_APB2PeriphResetCmd                   0x080027d1   Thumb Code    18  stm32f0xx_rcc.o(.text)
    RCC_APB1PeriphResetCmd                   0x080027e3   Thumb Code    18  stm32f0xx_rcc.o(.text)
    RCC_ITConfig                             0x080027f5   Thumb Code    18  stm32f0xx_rcc.o(.text)
    RCC_ClearFlag                            0x08002807   Thumb Code    14  stm32f0xx_rcc.o(.text)
    RCC_GetITStatus                          0x08002815   Thumb Code    48  stm32f0xx_rcc.o(.text)
    RCC_ClearITPendingBit                    0x08002845   Thumb Code     6  stm32f0xx_rcc.o(.text)
    SYSCFG_DeInit                            0x08002851   Thumb Code    30  stm32f0xx_syscfg.o(.text)
    SYSCFG_MemoryRemapConfig                 0x0800286f   Thumb Code    14  stm32f0xx_syscfg.o(.text)
    SYSCFG_DMAChannelRemapConfig             0x0800287d   Thumb Code    18  stm32f0xx_syscfg.o(.text)
    SYSCFG_I2CFastModePlusConfig             0x0800288f   Thumb Code    18  stm32f0xx_syscfg.o(.text)
    SYSCFG_EXTILineConfig                    0x080028a1   Thumb Code    34  stm32f0xx_syscfg.o(.text)
    SYSCFG_BreakConfig                       0x080028c3   Thumb Code    10  stm32f0xx_syscfg.o(.text)
    SYSCFG_GetFlagStatus                     0x080028cd   Thumb Code    14  stm32f0xx_syscfg.o(.text)
    SYSCFG_ClearFlag                         0x080028db   Thumb Code    10  stm32f0xx_syscfg.o(.text)
    TIM_DeInit                               0x080028e9   Thumb Code   152  stm32f0xx_tim.o(.text)
    TIM_TimeBaseInit                         0x08002981   Thumb Code    88  stm32f0xx_tim.o(.text)
    TIM_TimeBaseStructInit                   0x080029d9   Thumb Code    18  stm32f0xx_tim.o(.text)
    TIM_PrescalerConfig                      0x080029eb   Thumb Code     6  stm32f0xx_tim.o(.text)
    TIM_CounterModeConfig                    0x080029f1   Thumb Code    12  stm32f0xx_tim.o(.text)
    TIM_SetCounter                           0x080029fd   Thumb Code     4  stm32f0xx_tim.o(.text)
    TIM_SetAutoreload                        0x08002a01   Thumb Code     4  stm32f0xx_tim.o(.text)
    TIM_GetCounter                           0x08002a05   Thumb Code     4  stm32f0xx_tim.o(.text)
    TIM_GetPrescaler                         0x08002a09   Thumb Code     4  stm32f0xx_tim.o(.text)
    TIM_UpdateDisableConfig                  0x08002a0d   Thumb Code    18  stm32f0xx_tim.o(.text)
    TIM_UpdateRequestConfig                  0x08002a1f   Thumb Code    18  stm32f0xx_tim.o(.text)
    TIM_ARRPreloadConfig                     0x08002a31   Thumb Code    18  stm32f0xx_tim.o(.text)
    TIM_SelectOnePulseMode                   0x08002a43   Thumb Code    16  stm32f0xx_tim.o(.text)
    TIM_SetClockDivision                     0x08002a53   Thumb Code    16  stm32f0xx_tim.o(.text)
    TIM_Cmd                                  0x08002a63   Thumb Code    20  stm32f0xx_tim.o(.text)
    TIM_BDTRConfig                           0x08002a77   Thumb Code    34  stm32f0xx_tim.o(.text)
    TIM_BDTRStructInit                       0x08002a99   Thumb Code    18  stm32f0xx_tim.o(.text)
    TIM_CtrlPWMOutputs                       0x08002aab   Thumb Code    24  stm32f0xx_tim.o(.text)
    TIM_OC1Init                              0x08002ac3   Thumb Code   104  stm32f0xx_tim.o(.text)
    TIM_OC2Init                              0x08002b2b   Thumb Code   110  stm32f0xx_tim.o(.text)
    TIM_OC3Init                              0x08002b99   Thumb Code   110  stm32f0xx_tim.o(.text)
    TIM_OC4Init                              0x08002c07   Thumb Code    78  stm32f0xx_tim.o(.text)
    TIM_OCStructInit                         0x08002c55   Thumb Code    20  stm32f0xx_tim.o(.text)
    TIM_SelectOCxM                           0x08002c69   Thumb Code    70  stm32f0xx_tim.o(.text)
    TIM_SetCompare1                          0x08002caf   Thumb Code     4  stm32f0xx_tim.o(.text)
    TIM_SetCompare2                          0x08002cb3   Thumb Code     4  stm32f0xx_tim.o(.text)
    TIM_SetCompare3                          0x08002cb7   Thumb Code     4  stm32f0xx_tim.o(.text)
    TIM_SetCompare4                          0x08002cbb   Thumb Code     4  stm32f0xx_tim.o(.text)
    TIM_ForcedOC1Config                      0x08002cbf   Thumb Code    86  stm32f0xx_tim.o(.text)
    TIM_ForcedOC2Config                      0x08002d15   Thumb Code    14  stm32f0xx_tim.o(.text)
    TIM_ForcedOC3Config                      0x08002d23   Thumb Code    12  stm32f0xx_tim.o(.text)
    TIM_ForcedOC4Config                      0x08002d2f   Thumb Code    14  stm32f0xx_tim.o(.text)
    TIM_CCPreloadControl                     0x08002d3d   Thumb Code    20  stm32f0xx_tim.o(.text)
    TIM_OC1PreloadConfig                     0x08002d51   Thumb Code    12  stm32f0xx_tim.o(.text)
    TIM_OC2PreloadConfig                     0x08002d5d   Thumb Code    14  stm32f0xx_tim.o(.text)
    TIM_OC3PreloadConfig                     0x08002d6b   Thumb Code    12  stm32f0xx_tim.o(.text)
    TIM_OC4PreloadConfig                     0x08002d77   Thumb Code    14  stm32f0xx_tim.o(.text)
    TIM_OC1FastConfig                        0x08002d85   Thumb Code    12  stm32f0xx_tim.o(.text)
    TIM_OC2FastConfig                        0x08002d91   Thumb Code    14  stm32f0xx_tim.o(.text)
    TIM_OC3FastConfig                        0x08002d9f   Thumb Code    12  stm32f0xx_tim.o(.text)
    TIM_OC4FastConfig                        0x08002dab   Thumb Code    14  stm32f0xx_tim.o(.text)
    TIM_ClearOC1Ref                          0x08002db9   Thumb Code    12  stm32f0xx_tim.o(.text)
    TIM_ClearOC2Ref                          0x08002dc5   Thumb Code    14  stm32f0xx_tim.o(.text)
    TIM_ClearOC3Ref                          0x08002dd3   Thumb Code    12  stm32f0xx_tim.o(.text)
    TIM_ClearOC4Ref                          0x08002ddf   Thumb Code    14  stm32f0xx_tim.o(.text)
    TIM_OC1PolarityConfig                    0x08002ded   Thumb Code    12  stm32f0xx_tim.o(.text)
    TIM_OC1NPolarityConfig                   0x08002df9   Thumb Code    12  stm32f0xx_tim.o(.text)
    TIM_OC2PolarityConfig                    0x08002e05   Thumb Code    14  stm32f0xx_tim.o(.text)
    TIM_OC2NPolarityConfig                   0x08002e13   Thumb Code    14  stm32f0xx_tim.o(.text)
    TIM_OC3PolarityConfig                    0x08002e21   Thumb Code    14  stm32f0xx_tim.o(.text)
    TIM_OC3NPolarityConfig                   0x08002e2f   Thumb Code    14  stm32f0xx_tim.o(.text)
    TIM_OC4PolarityConfig                    0x08002e3d   Thumb Code    14  stm32f0xx_tim.o(.text)
    TIM_SelectOCREFClear                     0x08002e4b   Thumb Code    16  stm32f0xx_tim.o(.text)
    TIM_CCxCmd                               0x08002e5b   Thumb Code    22  stm32f0xx_tim.o(.text)
    TIM_CCxNCmd                              0x08002e71   Thumb Code    22  stm32f0xx_tim.o(.text)
    TIM_SelectCOM                            0x08002e87   Thumb Code    18  stm32f0xx_tim.o(.text)
    TIM_SetIC4Prescaler                      0x08002e99   Thumb Code    18  stm32f0xx_tim.o(.text)
    TIM_SetIC3Prescaler                      0x08002eab   Thumb Code    16  stm32f0xx_tim.o(.text)
    TIM_SetIC2Prescaler                      0x08002ebb   Thumb Code    18  stm32f0xx_tim.o(.text)
    TIM_SetIC1Prescaler                      0x08002ef7   Thumb Code    16  stm32f0xx_tim.o(.text)
    TIM_ICInit                               0x08002f2f   Thumb Code   162  stm32f0xx_tim.o(.text)
    TIM_ICStructInit                         0x08002fd1   Thumb Code    16  stm32f0xx_tim.o(.text)
    TIM_PWMIConfig                           0x08002fe1   Thumb Code   104  stm32f0xx_tim.o(.text)
    TIM_GetCapture1                          0x08003049   Thumb Code     4  stm32f0xx_tim.o(.text)
    TIM_GetCapture2                          0x0800304d   Thumb Code     4  stm32f0xx_tim.o(.text)
    TIM_GetCapture3                          0x08003051   Thumb Code     4  stm32f0xx_tim.o(.text)
    TIM_GetCapture4                          0x08003055   Thumb Code     4  stm32f0xx_tim.o(.text)
    TIM_ITConfig                             0x08003059   Thumb Code    16  stm32f0xx_tim.o(.text)
    TIM_GenerateEvent                        0x08003069   Thumb Code     4  stm32f0xx_tim.o(.text)
    TIM_GetFlagStatus                        0x0800306d   Thumb Code    14  stm32f0xx_tim.o(.text)
    TIM_ClearFlag                            0x0800307b   Thumb Code     6  stm32f0xx_tim.o(.text)
    TIM_GetITStatus                          0x08003081   Thumb Code    24  stm32f0xx_tim.o(.text)
    TIM_ClearITPendingBit                    0x08003099   Thumb Code     6  stm32f0xx_tim.o(.text)
    TIM_DMAConfig                            0x0800309f   Thumb Code     8  stm32f0xx_tim.o(.text)
    TIM_DMACmd                               0x080030a7   Thumb Code    16  stm32f0xx_tim.o(.text)
    TIM_SelectCCDMA                          0x080030b7   Thumb Code    18  stm32f0xx_tim.o(.text)
    TIM_InternalClockConfig                  0x080030c9   Thumb Code    10  stm32f0xx_tim.o(.text)
    TIM_SelectInputTrigger                   0x080030d3   Thumb Code    12  stm32f0xx_tim.o(.text)
    TIM_ITRxExternalClockConfig              0x080030df   Thumb Code    62  stm32f0xx_tim.o(.text)
    TIM_TIxExternalClockConfig               0x0800311d   Thumb Code    44  stm32f0xx_tim.o(.text)
    TIM_ETRConfig                            0x08003149   Thumb Code    18  stm32f0xx_tim.o(.text)
    TIM_ETRClockMode1Config                  0x0800315b   Thumb Code    28  stm32f0xx_tim.o(.text)
    TIM_ETRClockMode2Config                  0x08003177   Thumb Code    20  stm32f0xx_tim.o(.text)
    TIM_SelectOutputTrigger                  0x0800318b   Thumb Code    16  stm32f0xx_tim.o(.text)
    TIM_SelectSlaveMode                      0x0800319b   Thumb Code    16  stm32f0xx_tim.o(.text)
    TIM_SelectMasterSlaveMode                0x080031ab   Thumb Code    16  stm32f0xx_tim.o(.text)
    TIM_EncoderInterfaceConfig               0x080031bb   Thumb Code    42  stm32f0xx_tim.o(.text)
    TIM_SelectHallSensor                     0x080031e5   Thumb Code    18  stm32f0xx_tim.o(.text)
    TIM_RemapConfig                          0x080031f7   Thumb Code     6  stm32f0xx_tim.o(.text)
    USART_DeInit                             0x08003201   Thumb Code    54  stm32f0xx_usart.o(.text)
    USART_Init                               0x08003237   Thumb Code   166  stm32f0xx_usart.o(.text)
    USART_StructInit                         0x080032dd   Thumb Code    22  stm32f0xx_usart.o(.text)
    USART_ClockInit                          0x080032f3   Thumb Code    30  stm32f0xx_usart.o(.text)
    USART_ClockStructInit                    0x08003311   Thumb Code    12  stm32f0xx_usart.o(.text)
    USART_Cmd                                0x0800331d   Thumb Code    20  stm32f0xx_usart.o(.text)
    USART_DirectionModeCmd                   0x08003331   Thumb Code    16  stm32f0xx_usart.o(.text)
    USART_OverSampling8Cmd                   0x08003341   Thumb Code    20  stm32f0xx_usart.o(.text)
    USART_OneBitMethodCmd                    0x08003355   Thumb Code    20  stm32f0xx_usart.o(.text)
    USART_MSBFirstCmd                        0x08003369   Thumb Code    20  stm32f0xx_usart.o(.text)
    USART_DataInvCmd                         0x0800337d   Thumb Code    20  stm32f0xx_usart.o(.text)
    USART_InvPinCmd                          0x08003391   Thumb Code    16  stm32f0xx_usart.o(.text)
    USART_SWAPPinCmd                         0x080033a1   Thumb Code    20  stm32f0xx_usart.o(.text)
    USART_ReceiverTimeOutCmd                 0x080033b5   Thumb Code    20  stm32f0xx_usart.o(.text)
    USART_SetReceiverTimeOut                 0x080033c9   Thumb Code    16  stm32f0xx_usart.o(.text)
    USART_SetPrescaler                       0x080033d9   Thumb Code    16  stm32f0xx_usart.o(.text)
    USART_STOPModeCmd                        0x080033e9   Thumb Code    18  stm32f0xx_usart.o(.text)
    USART_StopModeWakeUpSourceConfig         0x080033fb   Thumb Code    18  stm32f0xx_usart.o(.text)
    USART_AutoBaudRateCmd                    0x0800340d   Thumb Code    20  stm32f0xx_usart.o(.text)
    USART_AutoBaudRateConfig                 0x08003421   Thumb Code    18  stm32f0xx_usart.o(.text)
    USART_AutoBaudRateNewRequest             0x08003433   Thumb Code    12  stm32f0xx_usart.o(.text)
    USART_SendData                           0x0800343f   Thumb Code     8  stm32f0xx_usart.o(.text)
    USART_ReceiveData                        0x08003447   Thumb Code     8  stm32f0xx_usart.o(.text)
    USART_SetAddress                         0x0800344f   Thumb Code    18  stm32f0xx_usart.o(.text)
    USART_MuteModeCmd                        0x08003461   Thumb Code    20  stm32f0xx_usart.o(.text)
    USART_MuteModeWakeUpConfig               0x08003475   Thumb Code    18  stm32f0xx_usart.o(.text)
    USART_AddressDetectionConfig             0x08003487   Thumb Code    16  stm32f0xx_usart.o(.text)
    USART_LINBreakDetectLengthConfig         0x08003497   Thumb Code    16  stm32f0xx_usart.o(.text)
    USART_LINCmd                             0x080034a7   Thumb Code    20  stm32f0xx_usart.o(.text)
    USART_HalfDuplexCmd                      0x080034bb   Thumb Code    18  stm32f0xx_usart.o(.text)
    USART_SetGuardTime                       0x080034cd   Thumb Code    16  stm32f0xx_usart.o(.text)
    USART_SmartCardCmd                       0x080034dd   Thumb Code    18  stm32f0xx_usart.o(.text)
    USART_SmartCardNACKCmd                   0x080034ef   Thumb Code    18  stm32f0xx_usart.o(.text)
    USART_SetAutoRetryCount                  0x08003501   Thumb Code    20  stm32f0xx_usart.o(.text)
    USART_SetBlockLength                     0x08003515   Thumb Code    18  stm32f0xx_usart.o(.text)
    USART_IrDAConfig                         0x08003527   Thumb Code    16  stm32f0xx_usart.o(.text)
    USART_IrDACmd                            0x08003537   Thumb Code    18  stm32f0xx_usart.o(.text)
    USART_DECmd                              0x08003549   Thumb Code    20  stm32f0xx_usart.o(.text)
    USART_DEPolarityConfig                   0x0800355d   Thumb Code    18  stm32f0xx_usart.o(.text)
    USART_SetDEAssertionTime                 0x0800356f   Thumb Code    20  stm32f0xx_usart.o(.text)
    USART_SetDEDeassertionTime               0x08003583   Thumb Code    20  stm32f0xx_usart.o(.text)
    USART_DMACmd                             0x08003597   Thumb Code    16  stm32f0xx_usart.o(.text)
    USART_DMAReceptionErrorConfig            0x080035a7   Thumb Code    18  stm32f0xx_usart.o(.text)
    USART_ITConfig                           0x080035b9   Thumb Code    56  stm32f0xx_usart.o(.text)
    USART_RequestCmd                         0x080035f1   Thumb Code    16  stm32f0xx_usart.o(.text)
    USART_OverrunDetectionConfig             0x08003601   Thumb Code    18  stm32f0xx_usart.o(.text)
    USART_GetFlagStatus                      0x08003613   Thumb Code    14  stm32f0xx_usart.o(.text)
    USART_ClearFlag                          0x08003621   Thumb Code     4  stm32f0xx_usart.o(.text)
    USART_GetITStatus                        0x08003625   Thumb Code    56  stm32f0xx_usart.o(.text)
    USART_ClearITPendingBit                  0x0800365d   Thumb Code    10  stm32f0xx_usart.o(.text)
    SystemInit                               0x08003669   Thumb Code    84  system_stm32f0xx.o(.text)
    SystemCoreClockUpdate                    0x080036bd   Thumb Code    94  system_stm32f0xx.o(.text)
    Reset_Handler                            0x08003789   Thumb Code     8  startup_stm32f0xx.o(.text)
    CEC_IRQHandler                           0x0800379b   Thumb Code     0  startup_stm32f0xx.o(.text)
    DMA1_Channel1_IRQHandler                 0x0800379b   Thumb Code     0  startup_stm32f0xx.o(.text)
    DMA1_Channel2_3_IRQHandler               0x0800379b   Thumb Code     0  startup_stm32f0xx.o(.text)
    DMA1_Channel4_5_IRQHandler               0x0800379b   Thumb Code     0  startup_stm32f0xx.o(.text)
    EXTI2_3_IRQHandler                       0x0800379b   Thumb Code     0  startup_stm32f0xx.o(.text)
    FLASH_IRQHandler                         0x0800379b   Thumb Code     0  startup_stm32f0xx.o(.text)
    I2C1_IRQHandler                          0x0800379b   Thumb Code     0  startup_stm32f0xx.o(.text)
    I2C2_IRQHandler                          0x0800379b   Thumb Code     0  startup_stm32f0xx.o(.text)
    PVD_IRQHandler                           0x0800379b   Thumb Code     0  startup_stm32f0xx.o(.text)
    RCC_IRQHandler                           0x0800379b   Thumb Code     0  startup_stm32f0xx.o(.text)
    RTC_IRQHandler                           0x0800379b   Thumb Code     0  startup_stm32f0xx.o(.text)
    SPI1_IRQHandler                          0x0800379b   Thumb Code     0  startup_stm32f0xx.o(.text)
    SPI2_IRQHandler                          0x0800379b   Thumb Code     0  startup_stm32f0xx.o(.text)
    TIM14_IRQHandler                         0x0800379b   Thumb Code     0  startup_stm32f0xx.o(.text)
    TIM15_IRQHandler                         0x0800379b   Thumb Code     0  startup_stm32f0xx.o(.text)
    TIM16_IRQHandler                         0x0800379b   Thumb Code     0  startup_stm32f0xx.o(.text)
    TIM17_IRQHandler                         0x0800379b   Thumb Code     0  startup_stm32f0xx.o(.text)
    TIM1_BRK_UP_TRG_COM_IRQHandler           0x0800379b   Thumb Code     0  startup_stm32f0xx.o(.text)
    TIM1_CC_IRQHandler                       0x0800379b   Thumb Code     0  startup_stm32f0xx.o(.text)
    TIM2_IRQHandler                          0x0800379b   Thumb Code     0  startup_stm32f0xx.o(.text)
    TIM3_IRQHandler                          0x0800379b   Thumb Code     0  startup_stm32f0xx.o(.text)
    TIM6_DAC_IRQHandler                      0x0800379b   Thumb Code     0  startup_stm32f0xx.o(.text)
    TS_IRQHandler                            0x0800379b   Thumb Code     0  startup_stm32f0xx.o(.text)
    USART2_IRQHandler                        0x0800379b   Thumb Code     0  startup_stm32f0xx.o(.text)
    WWDG_IRQHandler                          0x0800379b   Thumb Code     0  startup_stm32f0xx.o(.text)
    os_idle_demon                            0x080037a5   Thumb Code     2  rtx_conf_cm.o(.text)
    os_tmr_call                              0x080037a7   Thumb Code     2  rtx_conf_cm.o(.text)
    os_error                                 0x080037a9   Thumb Code    30  rtx_conf_cm.o(.text)
    __aeabi_uidiv                            0x08003821   Thumb Code     0  uidiv.o(.text)
    __aeabi_uidivmod                         0x08003821   Thumb Code    44  uidiv.o(.text)
    __aeabi_fadd                             0x0800384d   Thumb Code   162  fadd.o(.text)
    __aeabi_fsub                             0x080038ef   Thumb Code     8  fadd.o(.text)
    __aeabi_frsub                            0x080038f7   Thumb Code     8  fadd.o(.text)
    __aeabi_fmul                             0x080038ff   Thumb Code   122  fmul.o(.text)
    __aeabi_fdiv                             0x08003979   Thumb Code   128  fdiv.o(.text)
    __ARM_scalbnf                            0x080039f9   Thumb Code    24  fscalb.o(.text)
    scalbnf                                  0x080039f9   Thumb Code     0  fscalb.o(.text)
    __aeabi_dadd                             0x08003a11   Thumb Code   326  dadd.o(.text)
    __aeabi_dsub                             0x08003b57   Thumb Code    12  dadd.o(.text)
    __aeabi_drsub                            0x08003b63   Thumb Code    12  dadd.o(.text)
    __aeabi_dmul                             0x08003b75   Thumb Code   202  dmul.o(.text)
    __aeabi_ddiv                             0x08003c45   Thumb Code   234  ddiv.o(.text)
    __aeabi_i2f                              0x08003d35   Thumb Code    22  fflti.o(.text)
    __aeabi_ui2f                             0x08003d4b   Thumb Code    14  ffltui.o(.text)
    __aeabi_i2d                              0x08003d59   Thumb Code    34  dflti.o(.text)
    __aeabi_ui2d                             0x08003d81   Thumb Code    24  dfltui.o(.text)
    __aeabi_d2uiz                            0x08003d9d   Thumb Code    50  dfixui.o(.text)
    __aeabi_f2d                              0x08003dd9   Thumb Code    40  f2d.o(.text)
    __aeabi_d2f                              0x08003e01   Thumb Code    56  d2f.o(.text)
    __aeabi_cfcmpeq                          0x08003e39   Thumb Code     0  cfcmple.o(.text)
    __aeabi_cfcmple                          0x08003e39   Thumb Code    20  cfcmple.o(.text)
    __aeabi_cfrcmple                         0x08003e4d   Thumb Code    20  cfrcmple.o(.text)
    __aeabi_uldivmod                         0x08003e61   Thumb Code    96  uldiv.o(.text)
    __aeabi_llsl                             0x08003ec1   Thumb Code    32  llshl.o(.text)
    _ll_shift_l                              0x08003ec1   Thumb Code     0  llshl.o(.text)
    __aeabi_llsr                             0x08003ee1   Thumb Code    34  llushr.o(.text)
    _ll_ushift_r                             0x08003ee1   Thumb Code     0  llushr.o(.text)
    __aeabi_lasr                             0x08003f03   Thumb Code    38  llsshr.o(.text)
    _ll_sshift_r                             0x08003f03   Thumb Code     0  llsshr.o(.text)
    __I$use$fp                               0x08003f29   Thumb Code     0  iusefp.o(.text)
    _float_round                             0x08003f29   Thumb Code    16  fepilogue.o(.text)
    _float_epilogue                          0x08003f39   Thumb Code   116  fepilogue.o(.text)
    _double_round                            0x08003fad   Thumb Code    26  depilogue.o(.text)
    _double_epilogue                         0x08003fc7   Thumb Code   166  depilogue.o(.text)
    __aeabi_d2ulz                            0x0800406d   Thumb Code    54  dfixul.o(.text)
    __aeabi_cdrcmple                         0x080040ad   Thumb Code    38  cdrcmple.o(.text)
    __scatterload                            0x080040d5   Thumb Code    28  init.o(.text)
    __scatterload_rt2                        0x080040d5   Thumb Code     0  init.o(.text)
    SVC_Count                                0x080040f8   Data           4  SVC_Table.o(SVC_TABLE)
    SVC_Table                                0x080040fc   Data           0  SVC_Table.o(SVC_TABLE)
    __0printf                                0x080040fd   Thumb Code    24  printfa.o(i.__0printf)
    __1printf                                0x080040fd   Thumb Code     0  printfa.o(i.__0printf)
    __2printf                                0x080040fd   Thumb Code     0  printfa.o(i.__0printf)
    __c89printf                              0x080040fd   Thumb Code     0  printfa.o(i.__0printf)
    printf                                   0x080040fd   Thumb Code     0  printfa.o(i.__0printf)
    __0snprintf                              0x0800411d   Thumb Code    38  printfa.o(i.__0snprintf)
    __1snprintf                              0x0800411d   Thumb Code     0  printfa.o(i.__0snprintf)
    __2snprintf                              0x0800411d   Thumb Code     0  printfa.o(i.__0snprintf)
    __c89snprintf                            0x0800411d   Thumb Code     0  printfa.o(i.__0snprintf)
    snprintf                                 0x0800411d   Thumb Code     0  printfa.o(i.__0snprintf)
    __0sprintf                               0x08004149   Thumb Code    36  printfa.o(i.__0sprintf)
    __1sprintf                               0x08004149   Thumb Code     0  printfa.o(i.__0sprintf)
    __2sprintf                               0x08004149   Thumb Code     0  printfa.o(i.__0sprintf)
    __c89sprintf                             0x08004149   Thumb Code     0  printfa.o(i.__0sprintf)
    sprintf                                  0x08004149   Thumb Code     0  printfa.o(i.__0sprintf)
    __ARM_clz                                0x08004171   Thumb Code    46  depilogue.o(i.__ARM_clz)
    __ARM_common_switch8                     0x0800419f   Thumb Code    26  interrupted_charging.o(i.__ARM_common_switch8)
    __scatterload_copy                       0x080041b9   Thumb Code    14  handlers.o(i.__scatterload_copy)
    __scatterload_null                       0x080041c7   Thumb Code     2  handlers.o(i.__scatterload_null)
    __scatterload_zeroinit                   0x080041c9   Thumb Code    14  handlers.o(i.__scatterload_zeroinit)
    _init_box                                0x08004331   Thumb Code    72  rt_membox.o(i._init_box)
    isr_evt_set                              0x08004add   Thumb Code    30  rt_event.o(i.isr_evt_set)
    os_tick_init                             0x08004b01   Thumb Code    32  rt_system.o(i.os_tick_init)
    os_tick_irqack                           0x08004b2d   Thumb Code     2  rt_system.o(i.os_tick_irqack)
    rt_alloc_box                             0x08004b2f   Thumb Code    30  rt_membox.o(i.rt_alloc_box)
    rt_block                                 0x08004b4d   Thumb Code    42  rt_task.o(i.rt_block)
    rt_chk_robin                             0x08004b85   Thumb Code    56  rt_robin.o(i.rt_chk_robin)
    rt_dec_dly                               0x08004bc9   Thumb Code   112  rt_list.o(i.rt_dec_dly)
    rt_dispatch                              0x08004c41   Thumb Code    56  rt_task.o(i.rt_dispatch)
    rt_dly_wait                              0x08004c81   Thumb Code    10  rt_time.o(i.rt_dly_wait)
    rt_evt_clr                               0x08004c8d   Thumb Code    22  rt_event.o(i.rt_evt_clr)
    rt_evt_get                               0x08004ca9   Thumb Code     8  rt_event.o(i.rt_evt_get)
    rt_evt_psh                               0x08004cb5   Thumb Code    70  rt_event.o(i.rt_evt_psh)
    rt_evt_set                               0x08004d01   Thumb Code    88  rt_event.o(i.rt_evt_set)
    rt_evt_wait                              0x08004d5d   Thumb Code    60  rt_event.o(i.rt_evt_wait)
    rt_free_box                              0x08004d9d   Thumb Code    38  rt_membox.o(i.rt_free_box)
    rt_get_first                             0x08004dc3   Thumb Code    42  rt_list.o(i.rt_get_first)
    rt_init_robin                            0x08004e31   Thumb Code    14  rt_robin.o(i.rt_init_robin)
    rt_init_stack                            0x08004e49   Thumb Code    68  hal_cm1.o(i.rt_init_stack)
    rt_mbx_psh                               0x08004e95   Thumb Code   168  rt_mailbox.o(i.rt_mbx_psh)
    rt_pop_req                               0x08004f41   Thumb Code    98  rt_system.o(i.rt_pop_req)
    rt_psh_req                               0x08004fb1   Thumb Code    24  rt_system.o(i.rt_psh_req)
    rt_psq_enq                               0x08004fd1   Thumb Code    60  rt_list.o(i.rt_psq_enq)
    rt_put_dly                               0x08005011   Thumb Code    74  rt_list.o(i.rt_put_dly)
    rt_put_prio                              0x08005061   Thumb Code    60  rt_list.o(i.rt_put_prio)
    rt_put_rdy_first                         0x0800509d   Thumb Code    14  rt_list.o(i.rt_put_rdy_first)
    rt_rmv_dly                               0x080050b1   Thumb Code    42  rt_list.o(i.rt_rmv_dly)
    rt_rmv_list                              0x080050dd   Thumb Code    46  rt_list.o(i.rt_rmv_list)
    rt_sem_psh                               0x08005111   Thumb Code    46  rt_semaphore.o(i.rt_sem_psh)
    rt_stk_check                             0x08005145   Thumb Code    30  rt_system.o(i.rt_stk_check)
    rt_switch_req                            0x0800516d   Thumb Code    10  rt_task.o(i.rt_switch_req)
    rt_sys_init                              0x0800517d   Thumb Code   230  rt_task.o(i.rt_sys_init)
    rt_systick                               0x080052b5   Thumb Code    46  rt_system.o(i.rt_systick)
    rt_time_get                              0x080052f1   Thumb Code     6  rt_time.o(i.rt_time_get)
    rt_tmr_tick                              0x080052fd   Thumb Code    56  rt_timer.o(i.rt_tmr_tick)
    rt_tsk_create                            0x0800533d   Thumb Code   108  rt_task.o(i.rt_tsk_create)
    rt_tsk_delete                            0x080053b9   Thumb Code   134  rt_task.o(i.rt_tsk_delete)
    os_maxtaskrun                            0x0800556e   Data           2  rtx_conf_cm.o(.constdata)
    os_stackinfo                             0x08005570   Data           4  rtx_conf_cm.o(.constdata)
    os_rrobin                                0x08005574   Data           4  rtx_conf_cm.o(.constdata)
    os_trv                                   0x08005578   Data           4  rtx_conf_cm.o(.constdata)
    os_flags                                 0x0800557c   Data           1  rtx_conf_cm.o(.constdata)
    os_clockrate                             0x08005580   Data           4  rtx_conf_cm.o(.constdata)
    os_timernum                              0x08005584   Data           4  rtx_conf_cm.o(.constdata)
    mp_tcb_size                              0x08005588   Data           2  rtx_conf_cm.o(.constdata)
    mp_stk_size                              0x0800558c   Data           4  rtx_conf_cm.o(.constdata)
    os_fifo_size                             0x08005590   Data           1  rtx_conf_cm.o(.constdata)
    mp_tmr_size                              0x08005592   Data           2  rtx_conf_cm.o(.constdata)
    Region$$Table$$Base                      0x08005594   Number         0  anon$$obj.o(Region$$Table)
    Region$$Table$$Limit                     0x080055b4   Number         0  anon$$obj.o(Region$$Table)
    __stdout                                 0x20000000   Data           4  retarget.o(.data)
    ts_cal1                                  0x20000004   Data           2  adc.o(.data)
    ts_cal2                                  0x20000006   Data           2  adc.o(.data)
    duty_cycle                               0x20000008   Data           4  perturb_and_observe.o(.data)
    TimerPeriod                              0x20000014   Data           2  pwm.o(.data)
    Serial                                   0x2000002c   Data          36  serial.o(.data)
    v_high                                   0x20000050   Data           4  interrupted_charging.o(.data)
    v_low                                    0x20000054   Data           4  interrupted_charging.o(.data)
    v_restart                                0x20000058   Data           4  interrupted_charging.o(.data)
    pulse_duty                               0x2000005c   Data           4  interrupted_charging.o(.data)
    cc_state                                 0x20000060   Data           4  interrupted_charging.o(.data)
    interrupted_charging_t                   0x20000064   Data           4  interrupted_charging.o(.data)
    ui_state                                 0x20000068   Data           4  ui.o(.data)
    ui_t                                     0x2000006c   Data           4  ui.o(.data)
    i                                        0x20000070   Data           4  ui.o(.data)
    str                                      0x20000074   Data           8  ui.o(.data)
    SystemCoreClock                          0x2000008c   Data           4  system_stm32f0xx.o(.data)
    AHBPrescTable                            0x20000090   Data          16  system_stm32f0xx.o(.data)
    m_tmr                                    0x200000a0   Data           4  rtx_conf_cm.o(.data)
    os_tsk                                   0x200000a4   Data           8  rt_task.o(.data)
    os_time                                  0x200000ac   Data           4  rt_time.o(.data)
    os_tick_irqn                             0x200000b4   Data           4  rt_system.o(.data)
    os_robin                                 0x200000b8   Data           8  rt_robin.o(.data)
    os_tmr                                   0x200000c0   Data           8  rt_timer.o(.data)
    RegularConvData_Tab                      0x200000c8   Data         160  adc.o(.bss)
    TIM_TimeBaseStructure_PWM                0x20000168   Data          12  pwm.o(.bss)
    TIM_OCInitStructure_PWM                  0x20000174   Data          20  pwm.o(.bss)
    interrupted_charging_stk                 0x200001c8   Data         512  interrupted_charging.o(.bss)
    ui_stk                                   0x200003c8   Data         400  ui.o(.bss)
    mp_tcb                                   0x20000558   Data         204  rtx_conf_cm.o(.bss)
    mp_stk                                   0x20000628   Data         656  rtx_conf_cm.o(.bss)
    os_fifo                                  0x200008b8   Data         132  rtx_conf_cm.o(.bss)
    os_active_TCB                            0x2000093c   Data          16  rtx_conf_cm.o(.bss)
    os_idle_TCB                              0x2000094c   Data          48  rt_task.o(.bss)
    os_rdy                                   0x2000097c   Data          24  rt_list.o(.bss)
    os_dly                                   0x20000994   Data          24  rt_list.o(.bss)
    __initial_sp                             0x20000db0   Data           0  startup_stm32f0xx.o(STACK)



==============================================================================

Memory Map of the image

  Image Entry point : 0x080000c1

  Load Region LR_IROM1 (Base: 0x08000000, Size: 0x0000567c, Max: 0x00007800, ABSOLUTE)

    Execution Region ER_IROM1 (Base: 0x08000000, Size: 0x000055b4, Max: 0x00007800, ABSOLUTE)

    Base Addr    Size         Type   Attr      Idx    E Section Name        Object

    0x08000000   0x000000c0   Data   RO          975    RESET               startup_stm32f0xx.o
    0x080000c0   0x00000000   Code   RO         1562  * .ARM.Collect$$$$00000000  mc_p.l(entry.o)
    0x080000c0   0x00000004   Code   RO         1867    .ARM.Collect$$$$00000001  mc_p.l(entry2.o)
    0x080000c4   0x00000004   Code   RO         1870    .ARM.Collect$$$$00000004  mc_p.l(entry5.o)
    0x080000c8   0x00000000   Code   RO         1872    .ARM.Collect$$$$00000008  mc_p.l(entry7b.o)
    0x080000c8   0x00000008   Code   RO         1873    .ARM.Collect$$$$00000009  mc_p.l(entry8.o)
    0x080000d0   0x00000004   Code   RO         1868    .ARM.Collect$$$$00002712  mc_p.l(entry2.o)
    0x080000d4   0x00000188   Code   RO         1214    .emb_text           RTX_CM1.LIB(hal_cm1.o)
    0x0800025c   0x00000168   Code   RO            3    .text               main.o
    0x080003c4   0x00000022   Code   RO          160    .text               retarget.o
    0x080003e6   0x00000002   PAD
    0x080003e8   0x000003d4   Code   RO          195    .text               adc.o
    0x080007bc   0x00000120   Code   RO          232    .text               perturb_and_observe.o
    0x080008dc   0x0000025c   Code   RO          263    .text               pwm.o
    0x08000b38   0x000001b0   Code   RO          287    .text               serial.o
    0x08000ce8   0x000004e4   Code   RO          318    .text               interrupted_charging.o
    0x080011cc   0x000003d4   Code   RO          353    .text               lcd_hd44780.o
    0x080015a0   0x000000c4   Code   RO          377    .text               stm32f0xx_it.o
    0x08001664   0x000005e0   Code   RO          400    .text               ui.o
    0x08001c44   0x000000b4   Code   RO          431    .text               user_outputs.o
    0x08001cf8   0x0000007c   Code   RO          483    .text               buzzer.o
    0x08001d74   0x00000224   Code   RO          524    .text               stm32f0xx_adc.o
    0x08001f98   0x00000124   Code   RO          644    .text               stm32f0xx_dma.o
    0x080020bc   0x000000d4   Code   RO          664    .text               stm32f0xx_exti.o
    0x08002190   0x00000154   Code   RO          705    .text               stm32f0xx_gpio.o
    0x080022e4   0x0000007c   Code   RO          765    .text               stm32f0xx_misc.o
    0x08002360   0x000000e0   Code   RO          785    .text               stm32f0xx_pwr.o
    0x08002440   0x00000410   Code   RO          805    .text               stm32f0xx_rcc.o
    0x08002850   0x00000098   Code   RO          868    .text               stm32f0xx_syscfg.o
    0x080028e8   0x00000918   Code   RO          888    .text               stm32f0xx_tim.o
    0x08003200   0x00000466   Code   RO          909    .text               stm32f0xx_usart.o
    0x08003666   0x00000002   PAD
    0x08003668   0x00000120   Code   RO          949    .text               system_stm32f0xx.o
    0x08003788   0x0000001c   Code   RO          976    .text               startup_stm32f0xx.o
    0x080037a4   0x0000007c   Code   RO          980    .text               rtx_conf_cm.o
    0x08003820   0x0000002c   Code   RO         1565    .text               mc_p.l(uidiv.o)
    0x0800384c   0x000000b2   Code   RO         1835    .text               mf_p.l(fadd.o)
    0x080038fe   0x0000007a   Code   RO         1837    .text               mf_p.l(fmul.o)
    0x08003978   0x00000080   Code   RO         1839    .text               mf_p.l(fdiv.o)
    0x080039f8   0x00000018   Code   RO         1841    .text               mf_p.l(fscalb.o)
    0x08003a10   0x00000164   Code   RO         1843    .text               mf_p.l(dadd.o)
    0x08003b74   0x000000d0   Code   RO         1845    .text               mf_p.l(dmul.o)
    0x08003c44   0x000000f0   Code   RO         1847    .text               mf_p.l(ddiv.o)
    0x08003d34   0x00000016   Code   RO         1849    .text               mf_p.l(fflti.o)
    0x08003d4a   0x0000000e   Code   RO         1851    .text               mf_p.l(ffltui.o)
    0x08003d58   0x00000028   Code   RO         1853    .text               mf_p.l(dflti.o)
    0x08003d80   0x0000001c   Code   RO         1855    .text               mf_p.l(dfltui.o)
    0x08003d9c   0x0000003c   Code   RO         1857    .text               mf_p.l(dfixui.o)
    0x08003dd8   0x00000028   Code   RO         1859    .text               mf_p.l(f2d.o)
    0x08003e00   0x00000038   Code   RO         1861    .text               mf_p.l(d2f.o)
    0x08003e38   0x00000014   Code   RO         1863    .text               mf_p.l(cfcmple.o)
    0x08003e4c   0x00000014   Code   RO         1865    .text               mf_p.l(cfrcmple.o)
    0x08003e60   0x00000060   Code   RO         1876    .text               mc_p.l(uldiv.o)
    0x08003ec0   0x00000020   Code   RO         1878    .text               mc_p.l(llshl.o)
    0x08003ee0   0x00000022   Code   RO         1880    .text               mc_p.l(llushr.o)
    0x08003f02   0x00000026   Code   RO         1882    .text               mc_p.l(llsshr.o)
    0x08003f28   0x00000000   Code   RO         1890    .text               mc_p.l(iusefp.o)
    0x08003f28   0x00000084   Code   RO         1891    .text               mf_p.l(fepilogue.o)
    0x08003fac   0x000000c0   Code   RO         1893    .text               mf_p.l(depilogue.o)
    0x0800406c   0x00000040   Code   RO         1897    .text               mf_p.l(dfixul.o)
    0x080040ac   0x00000028   Code   RO         1899    .text               mf_p.l(cdrcmple.o)
    0x080040d4   0x00000024   Code   RO         1901    .text               mc_p.l(init.o)
    0x080040f8   0x00000004   Code   RO         1448    SVC_TABLE           RTX_CM1.LIB(SVC_Table.o)
    0x080040fc   0x00000020   Code   RO         1807    i.__0printf         mc_p.l(printfa.o)
    0x0800411c   0x0000002c   Code   RO         1808    i.__0snprintf       mc_p.l(printfa.o)
    0x08004148   0x00000028   Code   RO         1809    i.__0sprintf        mc_p.l(printfa.o)
    0x08004170   0x0000002e   Code   RO         1895    i.__ARM_clz         mf_p.l(depilogue.o)
    0x0800419e   0x0000001a   Code   RO          339    i.__ARM_common_switch8  interrupted_charging.o
    0x080041b8   0x0000000e   Code   RO         1905    i.__scatterload_copy  mc_p.l(handlers.o)
    0x080041c6   0x00000002   Code   RO         1906    i.__scatterload_null  mc_p.l(handlers.o)
    0x080041c8   0x0000000e   Code   RO         1907    i.__scatterload_zeroinit  mc_p.l(handlers.o)
    0x080041d6   0x00000002   PAD
    0x080041d8   0x00000158   Code   RO         1814    i._fp_digits        mc_p.l(printfa.o)
    0x08004330   0x00000048   Code   RO         1419    i._init_box         RTX_CM1.LIB(rt_membox.o)
    0x08004378   0x000006f8   Code   RO         1815    i._printf_core      mc_p.l(printfa.o)
    0x08004a70   0x00000020   Code   RO         1816    i._printf_post_padding  mc_p.l(printfa.o)
    0x08004a90   0x0000002c   Code   RO         1817    i._printf_pre_padding  mc_p.l(printfa.o)
    0x08004abc   0x00000016   Code   RO         1818    i._snputc           mc_p.l(printfa.o)
    0x08004ad2   0x0000000a   Code   RO         1819    i._sputc            mc_p.l(printfa.o)
    0x08004adc   0x00000024   Code   RO         1135    i.isr_evt_set       RTX_CM1.LIB(rt_event.o)
    0x08004b00   0x0000002c   Code   RO         1235    i.os_tick_init      RTX_CM1.LIB(rt_system.o)
    0x08004b2c   0x00000002   Code   RO         1236    i.os_tick_irqack    RTX_CM1.LIB(rt_system.o)
    0x08004b2e   0x0000001e   Code   RO         1420    i.rt_alloc_box      RTX_CM1.LIB(rt_membox.o)
    0x08004b4c   0x00000038   Code   RO         1036    i.rt_block          RTX_CM1.LIB(rt_task.o)
    0x08004b84   0x00000044   Code   RO         1397    i.rt_chk_robin      RTX_CM1.LIB(rt_robin.o)
    0x08004bc8   0x00000078   Code   RO         1318    i.rt_dec_dly        RTX_CM1.LIB(rt_list.o)
    0x08004c40   0x00000040   Code   RO         1037    i.rt_dispatch       RTX_CM1.LIB(rt_task.o)
    0x08004c80   0x0000000a   Code   RO         1181    i.rt_dly_wait       RTX_CM1.LIB(rt_time.o)
    0x08004c8a   0x00000002   PAD
    0x08004c8c   0x0000001c   Code   RO         1136    i.rt_evt_clr        RTX_CM1.LIB(rt_event.o)
    0x08004ca8   0x0000000c   Code   RO         1137    i.rt_evt_get        RTX_CM1.LIB(rt_event.o)
    0x08004cb4   0x0000004c   Code   RO         1138    i.rt_evt_psh        RTX_CM1.LIB(rt_event.o)
    0x08004d00   0x0000005c   Code   RO         1139    i.rt_evt_set        RTX_CM1.LIB(rt_event.o)
    0x08004d5c   0x00000040   Code   RO         1140    i.rt_evt_wait       RTX_CM1.LIB(rt_event.o)
    0x08004d9c   0x00000026   Code   RO         1421    i.rt_free_box       RTX_CM1.LIB(rt_membox.o)
    0x08004dc2   0x0000002a   Code   RO         1319    i.rt_get_first      RTX_CM1.LIB(rt_list.o)
    0x08004dec   0x00000044   Code   RO         1038    i.rt_init_context   RTX_CM1.LIB(rt_task.o)
    0x08004e30   0x00000018   Code   RO         1398    i.rt_init_robin     RTX_CM1.LIB(rt_robin.o)
    0x08004e48   0x0000004c   Code   RO         1215    i.rt_init_stack     RTX_CM1.LIB(hal_cm1.o)
    0x08004e94   0x000000ac   Code   RO         1455    i.rt_mbx_psh        RTX_CM1.LIB(rt_mailbox.o)
    0x08004f40   0x00000070   Code   RO         1237    i.rt_pop_req        RTX_CM1.LIB(rt_system.o)
    0x08004fb0   0x00000020   Code   RO         1238    i.rt_psh_req        RTX_CM1.LIB(rt_system.o)
    0x08004fd0   0x00000040   Code   RO         1321    i.rt_psq_enq        RTX_CM1.LIB(rt_list.o)
    0x08005010   0x00000050   Code   RO         1322    i.rt_put_dly        RTX_CM1.LIB(rt_list.o)
    0x08005060   0x0000003c   Code   RO         1323    i.rt_put_prio       RTX_CM1.LIB(rt_list.o)
    0x0800509c   0x00000014   Code   RO         1324    i.rt_put_rdy_first  RTX_CM1.LIB(rt_list.o)
    0x080050b0   0x0000002a   Code   RO         1326    i.rt_rmv_dly        RTX_CM1.LIB(rt_list.o)
    0x080050da   0x00000002   PAD
    0x080050dc   0x00000034   Code   RO         1327    i.rt_rmv_list       RTX_CM1.LIB(rt_list.o)
    0x08005110   0x00000034   Code   RO         1501    i.rt_sem_psh        RTX_CM1.LIB(rt_semaphore.o)
    0x08005144   0x00000028   Code   RO         1240    i.rt_stk_check      RTX_CM1.LIB(rt_system.o)
    0x0800516c   0x00000010   Code   RO         1039    i.rt_switch_req     RTX_CM1.LIB(rt_task.o)
    0x0800517c   0x00000138   Code   RO         1040    i.rt_sys_init       RTX_CM1.LIB(rt_task.o)
    0x080052b4   0x0000003c   Code   RO         1242    i.rt_systick        RTX_CM1.LIB(rt_system.o)
    0x080052f0   0x0000000c   Code   RO         1184    i.rt_time_get       RTX_CM1.LIB(rt_time.o)
    0x080052fc   0x00000040   Code   RO         1537    i.rt_tmr_tick       RTX_CM1.LIB(rt_timer.o)
    0x0800533c   0x0000007c   Code   RO         1041    i.rt_tsk_create     RTX_CM1.LIB(rt_task.o)
    0x080053b8   0x0000009c   Code   RO         1042    i.rt_tsk_delete     RTX_CM1.LIB(rt_task.o)
    0x08005454   0x0000005f   Data   RO          198    .constdata          adc.o
    0x080054b3   0x00000001   PAD
    0x080054b4   0x000000b9   Data   RO          320    .constdata          interrupted_charging.o
    0x0800556d   0x00000001   PAD
    0x0800556e   0x00000002   Data   RO          985    .constdata          rtx_conf_cm.o
    0x08005570   0x00000004   Data   RO          986    .constdata          rtx_conf_cm.o
    0x08005574   0x00000004   Data   RO          987    .constdata          rtx_conf_cm.o
    0x08005578   0x00000004   Data   RO          988    .constdata          rtx_conf_cm.o
    0x0800557c   0x00000001   Data   RO          989    .constdata          rtx_conf_cm.o
    0x0800557d   0x00000003   PAD
    0x08005580   0x00000008   Data   RO          990    .constdata          rtx_conf_cm.o
    0x08005588   0x00000002   Data   RO          991    .constdata          rtx_conf_cm.o
    0x0800558a   0x00000002   PAD
    0x0800558c   0x00000004   Data   RO          992    .constdata          rtx_conf_cm.o
    0x08005590   0x00000001   Data   RO          993    .constdata          rtx_conf_cm.o
    0x08005591   0x00000001   PAD
    0x08005592   0x00000002   Data   RO          994    .constdata          rtx_conf_cm.o
    0x08005594   0x00000020   Data   RO         1903    Region$$Table       anon$$obj.o


    Execution Region RW_IRAM1 (Base: 0x20000000, Size: 0x00000db0, Max: 0x00001000, ABSOLUTE)

    Base Addr    Size         Type   Attr      Idx    E Section Name        Object

    0x20000000   0x00000004   Data   RW          161    .data               retarget.o
    0x20000004   0x00000004   Data   RW          200    .data               adc.o
    0x20000008   0x0000000c   Data   RW          233    .data               perturb_and_observe.o
    0x20000014   0x00000002   Data   RW          265    .data               pwm.o
    0x20000016   0x00000002   PAD
    0x20000018   0x00000038   Data   RW          289    .data               serial.o
    0x20000050   0x00000014   Data   RW          321    .data               interrupted_charging.o
    0x20000064   0x00000004   Data   RW          322    .data               interrupted_charging.o
    0x20000068   0x00000014   Data   RW          402    .data               ui.o
    0x2000007c   0x00000010   Data   RW          806    .data               stm32f0xx_rcc.o
    0x2000008c   0x00000014   Data   RW          950    .data               system_stm32f0xx.o
    0x200000a0   0x00000004   Data   RW          995    .data               rtx_conf_cm.o
    0x200000a4   0x00000008   Data   RW         1047    .data               RTX_CM1.LIB(rt_task.o)
    0x200000ac   0x00000004   Data   RW         1185    .data               RTX_CM1.LIB(rt_time.o)
    0x200000b0   0x00000008   Data   RW         1245    .data               RTX_CM1.LIB(rt_system.o)
    0x200000b8   0x00000008   Data   RW         1399    .data               RTX_CM1.LIB(rt_robin.o)
    0x200000c0   0x00000008   Data   RW         1538    .data               RTX_CM1.LIB(rt_timer.o)
    0x200000c8   0x000000a0   Zero   RW          196    .bss                adc.o
    0x20000168   0x00000020   Zero   RW          264    .bss                pwm.o
    0x20000188   0x00000040   Zero   RW          288    .bss                serial.o
    0x200001c8   0x00000200   Zero   RW          319    .bss                interrupted_charging.o
    0x200003c8   0x00000190   Zero   RW          401    .bss                ui.o
    0x20000558   0x000000cc   Zero   RW          981    .bss                rtx_conf_cm.o
    0x20000624   0x00000004   PAD
    0x20000628   0x00000290   Zero   RW          982    .bss                rtx_conf_cm.o
    0x200008b8   0x00000084   Zero   RW          983    .bss                rtx_conf_cm.o
    0x2000093c   0x00000010   Zero   RW          984    .bss                rtx_conf_cm.o
    0x2000094c   0x00000030   Zero   RW         1046    .bss                RTX_CM1.LIB(rt_task.o)
    0x2000097c   0x00000030   Zero   RW         1328    .bss                RTX_CM1.LIB(rt_list.o)
    0x200009ac   0x00000004   PAD
    0x200009b0   0x00000400   Zero   RW          973    STACK               startup_stm32f0xx.o


==============================================================================

Image component sizes


      Code (inc. data)   RO Data    RW Data    ZI Data      Debug   Object Name

       980        120         95          4        160       9097   adc.o
       124          0          0          0          0       1039   buzzer.o
      1278        472        185         24        512       2572   interrupted_charging.o
       980         88          0          0          0       5160   lcd_hd44780.o
       360        242          0          0          0     149418   main.o
       288         26          0         12          0       1777   perturb_and_observe.o
       604        118          0          2         32       1373   pwm.o
        34          0          0          4          0       2676   retarget.o
       124         90         32          4       1008       1876   rtx_conf_cm.o
       432         22          0         56         64       3883   serial.o
        28          8        192          0       1024        640   startup_stm32f0xx.o
       548         12          0          0          0       5879   stm32f0xx_adc.o
       292         12          0          0          0       3174   stm32f0xx_dma.o
       212         14          0          0          0       2127   stm32f0xx_exti.o
       340         22          0          0          0       3253   stm32f0xx_gpio.o
       196          8          0          0          0       1004   stm32f0xx_it.o
       124         16          0          0          0       1296   stm32f0xx_misc.o
       224         10          0          0          0       1954   stm32f0xx_pwr.o
      1040         38          0         16          0       7686   stm32f0xx_rcc.o
       152          4          0          0          0       1806   stm32f0xx_syscfg.o
      2328        122          0          0          0      19255   stm32f0xx_tim.o
      1126         14          0          0          0      10091   stm32f0xx_usart.o
       288         30          0         20          0       1467   system_stm32f0xx.o
      1504        202          0         20        400       2609   ui.o
       180          4          0          0          0        767   user_outputs.o

    ----------------------------------------------------------------------
     13790       1694        544        164       3204     241879   Object Totals
         0          0         32          0          0          0   (incl. Generated)
         4          0          8          2          4          0   (incl. Padding)

    ----------------------------------------------------------------------

      Code (inc. data)   RO Data    RW Data    ZI Data      Debug   Library Member Name

         4          4          0          0          0        136   SVC_Table.o
       468         50          0          0          0       1300   hal_cm1.o
       308         30          0          0          0       2776   rt_event.o
       480         30          0          0         48       6120   rt_list.o
       172          4          0          0          0        549   rt_mailbox.o
       140          0          0          0          0       1505   rt_membox.o
        92         22          0          8          0        906   rt_robin.o
        52          6          0          0          0        433   rt_semaphore.o
       290         58          0          8          0       3247   rt_system.o
       796        152          0          8         48       6034   rt_task.o
        22          6          0          4          0        878   rt_time.o
        64          8          0          8          0        575   rt_timer.o
         0          0          0          0          0          0   entry.o
         8          4          0          0          0          0   entry2.o
         4          0          0          0          0          0   entry5.o
         0          0          0          0          0          0   entry7b.o
         8          4          0          0          0          0   entry8.o
        30          0          0          0          0          0   handlers.o
        36          8          0          0          0         68   init.o
         0          0          0          0          0          0   iusefp.o
        32          0          0          0          0         68   llshl.o
        38          0          0          0          0         68   llsshr.o
        34          0          0          0          0         68   llushr.o
      2352        112          0          0          0        696   printfa.o
        44          0          0          0          0         72   uidiv.o
        96          0          0          0          0         84   uldiv.o
        40          2          0          0          0         68   cdrcmple.o
        20          0          0          0          0         68   cfcmple.o
        20          0          0          0          0         68   cfrcmple.o
        56          0          0          0          0         68   d2f.o
       356          6          0          0          0        136   dadd.o
       240          6          0          0          0         80   ddiv.o
       238          0          0          0          0        212   depilogue.o
        60         10          0          0          0         68   dfixui.o
        64         10          0          0          0         68   dfixul.o
        40          6          0          0          0         68   dflti.o
        28          4          0          0          0         68   dfltui.o
       208          6          0          0          0         84   dmul.o
        40          0          0          0          0         60   f2d.o
       178          0          0          0          0        108   fadd.o
       128          0          0          0          0         72   fdiv.o
       132          0          0          0          0        144   fepilogue.o
        22          0          0          0          0         68   fflti.o
        14          0          0          0          0         68   ffltui.o
       122          0          0          0          0         72   fmul.o
        24          0          0          0          0         60   fscalb.o

    ----------------------------------------------------------------------
      7606        548          0         36        100      27291   Library Totals
         6          0          0          0          4          0   (incl. Padding)

    ----------------------------------------------------------------------

      Code (inc. data)   RO Data    RW Data    ZI Data      Debug   Library Name

      2888        370          0         36         96      24459   RTX_CM1.LIB
      2682        128          0          0          0       1124   mc_p.l
      2030         50          0          0          0       1708   mf_p.l

    ----------------------------------------------------------------------
      7606        548          0         36        100      27291   Library Totals

    ----------------------------------------------------------------------

==============================================================================


      Code (inc. data)   RO Data    RW Data    ZI Data      Debug   

     21396       2242        544        200       3304     263190   Grand Totals
     21396       2242        544        200       3304     263190   ELF Image Totals
     21396       2242        544        200          0          0   ROM Totals

==============================================================================

    Total RO  Size (Code + RO Data)                21940 (  21.43kB)
    Total RW  Size (RW Data + ZI Data)              3504 (   3.42kB)
    Total ROM Size (Code + RO Data + RW Data)      22140 (  21.62kB)

==============================================================================

