ARM Linker, 5.02 [Build 28] [MDK-ARM Lite]

==============================================================================

Section Cross References

    main.o(.text) refers to adc.o(.text) for init_adc
    main.o(.text) refers to printfa.o(i.__0printf) for __2printf
    main.o(.text) refers to stm32f0xx_rcc.o(.text) for RCC_AHBPeriphClockCmd
    main.o(.text) refers to stm32f0xx_gpio.o(.text) for GPIO_Init
    main.o(.text) refers to stm32f0xx_syscfg.o(.text) for SYSCFG_EXTILineConfig
    main.o(.text) refers to stm32f0xx_exti.o(.text) for EXTI_Init
    main.o(.text) refers to stm32f0xx_misc.o(.text) for NVIC_Init
    main.o(.text) refers to stm32f0xx_rtc.o(.text) for RTC_TimeStructInit
    main.o(.text) refers to stm32f0xx_pwr.o(.text) for PWR_BackupAccessCmd
    main.o(.text) refers to hal_cm1.o(.emb_text) for os_set_env
    main.o(.text) refers to mktime.o(.text) for mktime
    main.o(.text) refers to memcpya.o(.text) for __aeabi_memcpy4
    main.o(.text) refers to interrupted_charging.o(.text) for interrupted_charging
    main.o(.text) refers to rt_task.o(i.rt_tsk_create) for rt_tsk_create
    main.o(.text) refers to main.o(.data) for .data
    main.o(.text) refers to ui.o(.text) for ui
    main.o(.text) refers to ui.o(.data) for ui_t
    main.o(.text) refers to rt_task.o(i.rt_tsk_delete) for rt_tsk_delete
    main.o(.text) refers to serial.o(.data) for Serial
    main.o(.text) refers to rt_task.o(i.rt_sys_init) for rt_sys_init
    retarget.o(.text) refers to serial.o(.text) for write_fcn
    adc.o(.text) refers to stm32f0xx_dma.o(.text) for DMA_GetFlagStatus
    adc.o(.text) refers to printfa.o(i.__0printf) for __2printf
    adc.o(.text) refers to ffltui.o(.text) for __aeabi_ui2f
    adc.o(.text) refers to fmul.o(.text) for __aeabi_fmul
    adc.o(.text) refers to fdiv.o(.text) for __aeabi_fdiv
    adc.o(.text) refers to f2d.o(.text) for __aeabi_f2d
    adc.o(.text) refers to stm32f0xx_rcc.o(.text) for RCC_AHBPeriphClockCmd
    adc.o(.text) refers to stm32f0xx_gpio.o(.text) for GPIO_StructInit
    adc.o(.text) refers to stm32f0xx_adc.o(.text) for ADC_DeInit
    adc.o(.text) refers to adc.o(.data) for .data
    adc.o(.text) refers to rt_time.o(i.rt_dly_wait) for rt_dly_wait
    perturb_and_observe.o(.text) refers to adc.o(.text) for get_adc_voltage
    perturb_and_observe.o(.text) refers to fmul.o(.text) for __aeabi_fmul
    perturb_and_observe.o(.text) refers to fadd.o(.text) for __aeabi_fsub
    perturb_and_observe.o(.text) refers to pwm.o(.text) for set_duty_cycle
    perturb_and_observe.o(.text) refers to f2d.o(.text) for __aeabi_f2d
    perturb_and_observe.o(.text) refers to printfa.o(i.__0printf) for __2printf
    perturb_and_observe.o(.text) refers to cfrcmple.o(.text) for __aeabi_cfrcmple
    perturb_and_observe.o(.text) refers to perturb_and_observe.o(.data) for .data
    perturb_and_observe.o(.text) refers to rt_time.o(i.rt_dly_wait) for rt_dly_wait
    pwm.o(.text) refers to dflti.o(.text) for __aeabi_i2d
    pwm.o(.text) refers to f2d.o(.text) for __aeabi_f2d
    pwm.o(.text) refers to dadd.o(.text) for __aeabi_drsub
    pwm.o(.text) refers to dmul.o(.text) for __aeabi_dmul
    pwm.o(.text) refers to ddiv.o(.text) for __aeabi_ddiv
    pwm.o(.text) refers to dfixui.o(.text) for __aeabi_d2uiz
    pwm.o(.text) refers to stm32f0xx_tim.o(.text) for TIM_OC1Init
    pwm.o(.text) refers to stm32f0xx_rcc.o(.text) for RCC_AHBPeriphClockCmd
    pwm.o(.text) refers to stm32f0xx_gpio.o(.text) for GPIO_Init
    pwm.o(.text) refers to uidiv.o(.text) for __aeabi_uidivmod
    pwm.o(.text) refers to dfltui.o(.text) for __aeabi_ui2d
    pwm.o(.text) refers to d2f.o(.text) for __aeabi_d2f
    pwm.o(.text) refers to adc.o(.text) for get_adc_voltage
    pwm.o(.text) refers to printfa.o(i.__0printf) for __2printf
    pwm.o(.text) refers to pwm.o(.data) for .data
    pwm.o(.text) refers to pwm.o(.bss) for .bss
    pwm.o(.text) refers to system_stm32f0xx.o(.data) for SystemCoreClock
    pwm.o(.text) refers to rt_time.o(i.rt_dly_wait) for rt_dly_wait
    serial.o(.text) refers to stm32f0xx_usart.o(.text) for USART_GetFlagStatus
    serial.o(.text) refers to stm32f0xx_rcc.o(.text) for RCC_AHBPeriphClockCmd
    serial.o(.text) refers to stm32f0xx_gpio.o(.text) for GPIO_PinAFConfig
    serial.o(.text) refers to stm32f0xx_misc.o(.text) for NVIC_Init
    serial.o(.text) refers to serial.o(.data) for .data
    serial.o(.text) refers to serial.o(.bss) for .bss
    serial.o(.data) refers to serial.o(.bss) for rcv_buff
    serial.o(.data) refers to serial.o(.text) for begin_fcn
    interrupted_charging.o(.text) refers to pwm.o(.text) for init_pwm
    interrupted_charging.o(.text) refers to perturb_and_observe.o(.text) for set_mppt
    interrupted_charging.o(.text) refers to adc.o(.text) for get_adc_voltage
    interrupted_charging.o(.text) refers to f2d.o(.text) for __aeabi_f2d
    interrupted_charging.o(.text) refers to printfa.o(i.__0printf) for __2printf
[...]
    .text                                    0x08003fd0   Section        0  dfixui.o(.text)
    .text                                    0x0800400c   Section        0  f2d.o(.text)
    .text                                    0x08004034   Section        0  d2f.o(.text)
    .text                                    0x0800406c   Section       20  cfrcmple.o(.text)
    .text                                    0x08004080   Section        0  idiv.o(.text)
    .text                                    0x080040a8   Section        0  uldiv.o(.text)
    .text                                    0x08004108   Section        0  llshl.o(.text)
    .text                                    0x08004128   Section        0  llushr.o(.text)
    .text                                    0x0800414a   Section        0  llsshr.o(.text)
    .text                                    0x08004170   Section        0  localtime_i.o(.text)
    .text                                    0x080041e4   Section        0  iusefp.o(.text)
    .text                                    0x080041e4   Section        0  fepilogue.o(.text)
    .text                                    0x08004268   Section        0  depilogue.o(.text)
    .text                                    0x08004328   Section        0  dfixul.o(.text)
    .text                                    0x08004368   Section       40  cdrcmple.o(.text)
    .text                                    0x08004390   Section       36  init.o(.text)
    SVC_TABLE                                0x080043b4   Section        4  SVC_Table.o(SVC_TABLE)
    i.__0printf                              0x080043b8   Section        0  printfa.o(i.__0printf)
    i.__0snprintf                            0x080043d8   Section        0  printfa.o(i.__0snprintf)
    i.__ARM_clz                              0x08004404   Section        0  depilogue.o(i.__ARM_clz)
    i.__ARM_common_switch8                   0x08004432   Section        0  interrupted_charging.o(i.__ARM_common_switch8)
    i.__scatterload_copy                     0x0800444c   Section       14  handlers.o(i.__scatterload_copy)
    i.__scatterload_null                     0x0800445a   Section        2  handlers.o(i.__scatterload_null)
    i.__scatterload_zeroinit                 0x0800445c   Section       14  handlers.o(i.__scatterload_zeroinit)
    i._fp_digits                             0x0800446c   Section        0  printfa.o(i._fp_digits)
    _fp_digits                               0x0800446d   Thumb Code   314  printfa.o(i._fp_digits)
    i._init_box                              0x080045c4   Section        0  rt_membox.o(i._init_box)
    i._printf_core                           0x0800460c   Section        0  printfa.o(i._printf_core)
    _printf_core                             0x0800460d   Thumb Code  1766  printfa.o(i._printf_core)
    i._printf_post_padding                   0x08004d04   Section        0  printfa.o(i._printf_post_padding)
    _printf_post_padding                     0x08004d05   Thumb Code    32  printfa.o(i._printf_post_padding)
    i._printf_pre_padding                    0x08004d24   Section        0  printfa.o(i._printf_pre_padding)
    _printf_pre_padding                      0x08004d25   Thumb Code    44  printfa.o(i._printf_pre_padding)
    i._snputc                                0x08004d50   Section        0  printfa.o(i._snputc)
    _snputc                                  0x08004d51   Thumb Code    22  printfa.o(i._snputc)
    i.isr_evt_set                            0x08004d68   Section        0  rt_event.o(i.isr_evt_set)
    i.os_tick_init                           0x08004d8c   Section        0  rt_system.o(i.os_tick_init)
    i.os_tick_irqack                         0x08004db8   Section        0  rt_system.o(i.os_tick_irqack)
    i.rt_alloc_box                           0x08004dba   Section        0  rt_membox.o(i.rt_alloc_box)
    i.rt_block                               0x08004dd8   Section        0  rt_task.o(i.rt_block)
    i.rt_chk_robin                           0x08004e10   Section        0  rt_robin.o(i.rt_chk_robin)
    i.rt_dec_dly                             0x08004e54   Section        0  rt_list.o(i.rt_dec_dly)
    i.rt_dispatch                            0x08004ecc   Section        0  rt_task.o(i.rt_dispatch)
    i.rt_dly_wait                            0x08004f0c   Section        0  rt_time.o(i.rt_dly_wait)
    i.rt_evt_clr                             0x08004f18   Section        0  rt_event.o(i.rt_evt_clr)
    i.rt_evt_get                             0x08004f34   Section        0  rt_event.o(i.rt_evt_get)
    i.rt_evt_psh                             0x08004f40   Section        0  rt_event.o(i.rt_evt_psh)
    i.rt_evt_wait                            0x08004f8c   Section        0  rt_event.o(i.rt_evt_wait)
    i.rt_free_box                            0x08004fcc   Section        0  rt_membox.o(i.rt_free_box)
    i.rt_get_first                           0x08004ff2   Section        0  rt_list.o(i.rt_get_first)
    i.rt_init_context                        0x0800501c   Section        0  rt_task.o(i.rt_init_context)
    rt_init_context                          0x0800501d   Thumb Code    64  rt_task.o(i.rt_init_context)
    i.rt_init_robin                          0x08005060   Section        0  rt_robin.o(i.rt_init_robin)
    i.rt_init_stack                          0x08005078   Section        0  hal_cm1.o(i.rt_init_stack)
    i.rt_mbx_psh                             0x080050c4   Section        0  rt_mailbox.o(i.rt_mbx_psh)
    i.rt_pop_req                             0x08005170   Section        0  rt_system.o(i.rt_pop_req)
    i.rt_psh_req                             0x080051e0   Section        0  rt_system.o(i.rt_psh_req)
    i.rt_psq_enq                             0x08005200   Section        0  rt_list.o(i.rt_psq_enq)
    i.rt_put_dly                             0x08005240   Section        0  rt_list.o(i.rt_put_dly)
    i.rt_put_prio                            0x08005290   Section        0  rt_list.o(i.rt_put_prio)
    i.rt_put_rdy_first                       0x080052cc   Section        0  rt_list.o(i.rt_put_rdy_first)
    i.rt_rmv_dly                             0x080052e0   Section        0  rt_list.o(i.rt_rmv_dly)
    i.rt_rmv_list                            0x0800530c   Section        0  rt_list.o(i.rt_rmv_list)
    i.rt_sem_psh                             0x08005340   Section        0  rt_semaphore.o(i.rt_sem_psh)
    i.rt_stk_check                           0x08005374   Section        0  rt_system.o(i.rt_stk_check)
    i.rt_switch_req                          0x0800539c   Section        0  rt_task.o(i.rt_switch_req)
    i.rt_sys_init                            0x080053ac   Section        0  rt_task.o(i.rt_sys_init)
    i.rt_systick                             0x080054e4   Section        0  rt_system.o(i.rt_systick)
    i.rt_time_get                            0x08005520   Section        0  rt_time.o(i.rt_time_get)
    i.rt_tmr_tick                            0x0800552c   Section        0  rt_timer.o(i.rt_tmr_tick)
    i.rt_tsk_create                          0x0800556c   Section        0  rt_task.o(i.rt_tsk_create)
    i.rt_tsk_delete                          0x080055e8   Section        0  rt_task.o(i.rt_tsk_delete)
    .constdata                               0x08005684   Section       84  interrupted_charging.o(.constdata)
    .constdata                               0x080056d8   Section        2  rtx_conf_cm.o(.constdata)
    .constdata                               0x080056dc   Section        4  rtx_conf_cm.o(.constdata)
    .constdata                               0x080056e0   Section        4  rtx_conf_cm.o(.constdata)
    .constdata                               0x080056e4   Section        4  rtx_conf_cm.o(.constdata)
    .constdata                               0x080056e8   Section        1  rtx_conf_cm.o(.constdata)
    .constdata                               0x080056ec   Section        8  rtx_conf_cm.o(.constdata)
    __tagsym$$used                           0x080056ec   Number         0  rtx_conf_cm.o(.constdata)
    __tagsym$$used                           0x080056f0   Number         0  rtx_conf_cm.o(.constdata)
    .constdata                               0x080056f4   Section        2  rtx_conf_cm.o(.constdata)
    .constdata                               0x080056f8   Section        4  rtx_conf_cm.o(.constdata)
    .constdata                               0x080056fc   Section        1  rtx_conf_cm.o(.constdata)
    .constdata                               0x080056fe   Section        2  rtx_conf_cm.o(.constdata)
    .constdata                               0x08005700   Section       12  mktime.o(.constdata)
    monlen                                   0x08005700   Data          12  mktime.o(.constdata)
    .constdata                               0x0800570c   Section       12  localtime_i.o(.constdata)
    monlen                                   0x0800570c   Data          12  localtime_i.o(.constdata)
    .data                                    0x20000000   Section        4  main.o(.data)
    .data                                    0x20000004   Section        4  retarget.o(.data)
    .data                                    0x20000008   Section        8  adc.o(.data)
    .data                                    0x20000010   Section       16  perturb_and_observe.o(.data)
    duty_cycle                               0x20000014   Data           4  perturb_and_observe.o(.data)
    p_panel_delay                            0x20000018   Data           4  perturb_and_observe.o(.data)
    v_panel_delay                            0x2000001c   Data           4  perturb_and_observe.o(.data)
    .data                                    0x20000020   Section        2  pwm.o(.data)
    .data                                    0x20000024   Section       56  serial.o(.data)
    rcv_buff_full                            0x20000024   Data           1  serial.o(.data)
    nb_rcv_buff_char                         0x20000026   Data           2  serial.o(.data)
    rcv_buff_overload                        0x20000028   Data           2  serial.o(.data)
    pt_rcv_read                              0x2000002c   Data           4  serial.o(.data)
    pt_rcv_write                             0x20000030   Data           4  serial.o(.data)
    USARTx                                   0x20000034   Data           4  serial.o(.data)
    .data                                    0x2000005c   Section        4  interrupted_charging.o(.data)
    .data                                    0x20000060   Section        4  ui.o(.data)
    .data                                    0x20000064   Section       16  stm32f0xx_rcc.o(.data)
    APBAHBPrescTable                         0x20000064   Data          16  stm32f0xx_rcc.o(.data)
    .data                                    0x20000074   Section       20  system_stm32f0xx.o(.data)
    .data                                    0x20000088   Section        4  rtx_conf_cm.o(.data)
    .data                                    0x2000008c   Section        8  rt_task.o(.data)
    .data                                    0x20000094   Section        4  rt_time.o(.data)
    .data                                    0x20000098   Section        8  rt_system.o(.data)
    os_lock                                  0x20000098   Data           1  rt_system.o(.data)
    os_psh_flag                              0x20000099   Data           1  rt_system.o(.data)
    pend_flags                               0x2000009a   Data           1  rt_system.o(.data)
    .data                                    0x200000a0   Section        8  rt_robin.o(.data)
    .data                                    0x200000a8   Section        8  rt_timer.o(.data)
    .bss                                     0x200000b0   Section       32  pwm.o(.bss)
    .bss                                     0x200000d0   Section       64  serial.o(.bss)
    rcv_buff                                 0x200000d0   Data          64  serial.o(.bss)
    .bss                                     0x20000110   Section      156  rtx_conf_cm.o(.bss)
    .bss                                     0x200001b0   Section     2064  rtx_conf_cm.o(.bss)
    .bss                                     0x200009c0   Section      132  rtx_conf_cm.o(.bss)
    .bss                                     0x20000a44   Section       12  rtx_conf_cm.o(.bss)
    .bss                                     0x20000a50   Section       48  rt_task.o(.bss)
    .bss                                     0x20000a80   Section       48  rt_list.o(.bss)
    STACK                                    0x20000ab0   Section     1024  startup_stm32f0xx.o(STACK)

    Global Symbols

    Symbol Name                              Value     Ov Type        Size  Object(Section)

    BuildAttributes$$THM_ISAv3M$S$PE$A:L22$X:L11$S22$IEEE1$IW$USESV6$~STKCKD$USESV7$~SHL$OTIME$ROPI$EBA8$MICROLIB$REQ8$PRES8$EABIv2 0x00000000   Number         0  anon$$obj.o ABSOLUTE
    __ARM_use_no_argv                        0x00000000   Number         0  main.o ABSOLUTE
    __use_no_errno                           0x00000000   Number         0  useno.o ABSOLUTE
    __use_no_exception_handling              0x00000000   Number         0  useno.o ABSOLUTE
    __use_no_fp                              0x00000000   Number         0  useno.o ABSOLUTE
    __use_no_heap                            0x00000000   Number         0  useno.o ABSOLUTE
    __use_no_heap_region                     0x00000000   Number         0  useno.o ABSOLUTE
    __use_no_semihosting                     0x00000000   Number         0  useno.o ABSOLUTE
    __use_no_semihosting_swi                 0x00000000   Number         0  useno.o ABSOLUTE
    __use_no_signal_handling                 0x00000000   Number         0  useno.o ABSOLUTE
    _printf_a                                0x00000000   Number         0  stubs.o ABSOLUTE
    _printf_c                                0x00000000   Number         0  stubs.o ABSOLUTE
    _printf_charcount                        0x00000000   Number         0  stubs.o ABSOLUTE
    _printf_d                                0x00000000   Number         0  stubs.o ABSOLUTE
    _printf_e                                0x00000000   Number         0  stubs.o ABSOLUTE
    _printf_f                                0x00000000   Number         0  stubs.o ABSOLUTE
    _printf_flags                            0x00000000   Number         0  stubs.o ABSOLUTE
    _printf_fp_dec                           0x00000000   Number         0  stubs.o ABSOLUTE
    _printf_fp_hex                           0x00000000   Number         0  stubs.o ABSOLUTE
    _printf_g                                0x00000000   Number         0  stubs.o ABSOLUTE
    _printf_i                                0x00000000   Number         0  stubs.o ABSOLUTE
    _printf_int_dec                          0x00000000   Number         0  stubs.o ABSOLUTE
    _printf_l                                0x00000000   Number         0  stubs.o ABSOLUTE
    _printf_lc                               0x00000000   Number         0  stubs.o ABSOLUTE
    _printf_ll                               0x00000000   Number         0  stubs.o ABSOLUTE
    _printf_lld                              0x00000000   Number         0  stubs.o ABSOLUTE
    _printf_lli                              0x00000000   Number         0  stubs.o ABSOLUTE
    _printf_llo                              0x00000000   Number         0  stubs.o ABSOLUTE
    _printf_llu                              0x00000000   Number         0  stubs.o ABSOLUTE
    _printf_llx                              0x00000000   Number         0  stubs.o ABSOLUTE
    _printf_longlong_dec                     0x00000000   Number         0  stubs.o ABSOLUTE
    _printf_longlong_hex                     0x00000000   Number         0  stubs.o ABSOLUTE
    _printf_longlong_oct                     0x00000000   Number         0  stubs.o ABSOLUTE
    _printf_ls                               0x00000000   Number         0  stubs.o ABSOLUTE
    _printf_mbtowc                           0x00000000   Number         0  stubs.o ABSOLUTE
    _printf_n                                0x00000000   Number         0  stubs.o ABSOLUTE
    _printf_o                                0x00000000   Number         0  stubs.o ABSOLUTE
    _printf_p                                0x00000000   Number         0  stubs.o ABSOLUTE
    _printf_percent                          0x00000000   Number         0  stubs.o ABSOLUTE
    _printf_pre_padding                      0x00000000   Number         0  stubs.o ABSOLUTE
    _printf_return_value                     0x00000000   Number         0  stubs.o ABSOLUTE
    _printf_s                                0x00000000   Number         0  stubs.o ABSOLUTE
    _printf_sizespec                         0x00000000   Number         0  stubs.o ABSOLUTE
    _printf_str                              0x00000000   Number         0  stubs.o ABSOLUTE
    _printf_truncate_signed                  0x00000000   Number         0  stubs.o ABSOLUTE
    _printf_truncate_unsigned                0x00000000   Number         0  stubs.o ABSOLUTE
    _printf_u                                0x00000000   Number         0  stubs.o ABSOLUTE
    _printf_wc                               0x00000000   Number         0  stubs.o ABSOLUTE
    _printf_wctomb                           0x00000000   Number         0  stubs.o ABSOLUTE
    _printf_widthprec                        0x00000000   Number         0  stubs.o ABSOLUTE
    _printf_x                                0x00000000   Number         0  stubs.o ABSOLUTE
    __decompress                              - Undefined Weak Reference
    _clock_init                               - Undefined Weak Reference
    __Vectors_Size                           0x000000c0   Number         0  startup_stm32f0xx.o ABSOLUTE
    __RL_RTX_VER                             0x00000460   Number         0  rt_system.o ABSOLUTE
    __Vectors                                0x08000000   Data           4  startup_stm32f0xx.o(RESET)
    __Vectors_End                            0x080000c0   Data           0  startup_stm32f0xx.o(RESET)
    __main                                   0x080000c1   Thumb Code     0  entry.o(.ARM.Collect$$$$00000000)
    _main_stk                                0x080000c1   Thumb Code     0  entry2.o(.ARM.Collect$$$$00000001)
    _main_scatterload                        0x080000c5   Thumb Code     0  entry5.o(.ARM.Collect$$$$00000004)
    __main_after_scatterload                 0x080000c9   Thumb Code     0  entry5.o(.ARM.Collect$$$$00000004)
    _main_clock                              0x080000c9   Thumb Code     0  entry7b.o(.ARM.Collect$$$$00000008)
    _main_init                               0x080000c9   Thumb Code     0  entry8.o(.ARM.Collect$$$$00000009)
    rt_set_PSP                               0x080000d5   Thumb Code     6  hal_cm1.o(.emb_text)
    rt_get_PSP                               0x080000db   Thumb Code     6  hal_cm1.o(.emb_text)
    os_set_env                               0x080000e1   Thumb Code    32  hal_cm1.o(.emb_text)
    _alloc_box                               0x08000105   Thumb Code    28  hal_cm1.o(.emb_text)
    _free_box                                0x08000125   Thumb Code    28  hal_cm1.o(.emb_text)
    SVC_Handler                              0x08000145   Thumb Code   152  hal_cm1.o(.emb_text)
    PendSV_Handler                           0x080001e9   Thumb Code    92  hal_cm1.o(.emb_text)
    SysTick_Handler                          0x08000249   Thumb Code     8  hal_cm1.o(.emb_text)
    OS_Tick_Handler                          0x08000251   Thumb Code    12  hal_cm1.o(.emb_text)
    delay                                    0x0800025d   Thumb Code    12  main.o(.text)
    init                                     0x08000269   Thumb Code    80  main.o(.text)
    dc_outputs_config                        0x080002b9   Thumb Code    42  main.o(.text)
    usb_err_isr_config                       0x080002e3   Thumb Code   120  main.o(.text)
    usb_outputs_config                       0x0800035b   Thumb Code    42  main.o(.text)
    print_time_date                          0x08000385   Thumb Code    68  main.o(.text)
    setup_rtc                                0x080003c9   Thumb Code    66  main.o(.text)
    main                                     0x0800040b   Thumb Code    60  main.o(.text)
    get_time_struct                          0x08000447   Thumb Code    90  main.o(.text)
    assert_failed                            0x080004a1   Thumb Code    12  main.o(.text)
    fputc                                    0x080005c5   Thumb Code    12  retarget.o(.text)
    fgetc                                    0x080005d1   Thumb Code     4  retarget.o(.text)
    ferror                                   0x080005d5   Thumb Code     6  retarget.o(.text)
    _ttywrch                                 0x080005db   Thumb Code    10  retarget.o(.text)
    _sys_exit                                0x080005e5   Thumb Code     2  retarget.o(.text)
    get_adc_voltage                          0x080005e9   Thumb Code   158  adc.o(.text)
    adc_test                                 0x08000687   Thumb Code   102  adc.o(.text)
    init_adc                                 0x080006ed   Thumb Code   250  adc.o(.text)
    perturb_and_observe_itter                0x08000885   Thumb Code   202  perturb_and_observe.o(.text)
    perturb_and_observe                      0x0800094f   Thumb Code    20  perturb_and_observe.o(.text)
    set_mppt                                 0x08000963   Thumb Code   144  perturb_and_observe.o(.text)
    set_duty_cycle                           0x08000a81   Thumb Code    70  pwm.o(.text)
    TIM_Config                               0x08000ac7   Thumb Code   128  pwm.o(.text)
    init_pwm                                 0x08000b47   Thumb Code   152  pwm.o(.text)
    pwm_out                                  0x08000bdf   Thumb Code    94  pwm.o(.text)
    putchar                                  0x08000c95   Thumb Code    32  serial.o(.text)
    begin_fcn                                0x08000cb5   Thumb Code    16  serial.o(.text)
    available_fcn                            0x08000cc5   Thumb Code     6  serial.o(.text)
    flush_fcn                                0x08000ccb   Thumb Code    18  serial.o(.text)
    read_fcn                                 0x08000cdd   Thumb Code    42  serial.o(.text)
    peek_fcn                                 0x08000d07   Thumb Code    16  serial.o(.text)
    write_fcn                                0x08000d17   Thumb Code     2  serial.o(.text)
    print_fcn                                0x08000d19   Thumb Code    20  serial.o(.text)
    println_fcn                              0x08000d2d   Thumb Code    20  serial.o(.text)
    USART1_IRQHandler                        0x08000d41   Thumb Code    98  serial.o(.text)
    init_hardware                            0x08000e45   Thumb Code    10  interrupted_charging.o(.text)
    interrupted_charging                     0x08000e4f   Thumb Code   344  interrupted_charging.o(.text)
    delay100u                                0x080010e5   Thumb Code    16  lcd_hd44780.o(.text)
    cycle_e                                  0x080010f5   Thumb Code    38  lcd_hd44780.o(.text)
    lcd_send_4_bits                          0x0800111b   Thumb Code    86  lcd_hd44780.o(.text)
    lcd_putc                                 0x08001171   Thumb Code    44  lcd_hd44780.o(.text)
    lcd_write_string                         0x0800119d   Thumb Code    20  lcd_hd44780.o(.text)
    lcd_write_int                            0x080011b1   Thumb Code    32  lcd_hd44780.o(.text)
    lcd_send_cmd                             0x080011d1   Thumb Code    44  lcd_hd44780.o(.text)
    lcd_goto_XY                              0x080011fd   Thumb Code    14  lcd_hd44780.o(.text)
    lcd_clear                                0x0800120b   Thumb Code    18  lcd_hd44780.o(.text)
    lcd_backlight                            0x0800121d   Thumb Code    28  lcd_hd44780.o(.text)
    lcd_init                                 0x08001239   Thumb Code   100  lcd_hd44780.o(.text)
    lcd                                      0x0800129d   Thumb Code   134  lcd_hd44780.o(.text)
    NMI_Handler                              0x08001379   Thumb Code     2  stm32f0xx_it.o(.text)
    HardFault_Handler                        0x0800137b   Thumb Code     2  stm32f0xx_it.o(.text)
    EXTI0_1_IRQHandler                       0x0800137d   Thumb Code    40  stm32f0xx_it.o(.text)
    EXTI4_15_IRQHandler                      0x080013a5   Thumb Code   136  stm32f0xx_it.o(.text)
    keypad_get_key                           0x0800143d   Thumb Code   304  ui.o(.text)
    keypad_init                              0x0800156d   Thumb Code   244  ui.o(.text)
    ui                                       0x08001661   Thumb Code   158  ui.o(.text)
    ADC_DeInit                               0x08001761   Thumb Code    28  stm32f0xx_adc.o(.text)
    ADC_Init                                 0x0800177d   Thumb Code    38  stm32f0xx_adc.o(.text)
    ADC_StructInit                           0x080017a3   Thumb Code    16  stm32f0xx_adc.o(.text)
    ADC_Cmd                                  0x080017b3   Thumb Code    18  stm32f0xx_adc.o(.text)
    ADC_JitterCmd                            0x080017c5   Thumb Code    16  stm32f0xx_adc.o(.text)
    ADC_AutoPowerOffCmd                      0x080017d5   Thumb Code    20  stm32f0xx_adc.o(.text)
    ADC_WaitModeCmd                          0x080017e9   Thumb Code    20  stm32f0xx_adc.o(.text)
    ADC_AnalogWatchdogCmd                    0x080017fd   Thumb Code    20  stm32f0xx_adc.o(.text)
    ADC_AnalogWatchdogThresholdsConfig       0x08001811   Thumb Code     8  stm32f0xx_adc.o(.text)
    ADC_AnalogWatchdogSingleChannelConfig    0x08001819   Thumb Code    14  stm32f0xx_adc.o(.text)
    ADC_AnalogWatchdogSingleChannelCmd       0x08001827   Thumb Code    20  stm32f0xx_adc.o(.text)
    ADC_TempSensorCmd                        0x0800183b   Thumb Code    22  stm32f0xx_adc.o(.text)
    ADC_VrefintCmd                           0x08001851   Thumb Code    22  stm32f0xx_adc.o(.text)
    ADC_VbatCmd                              0x08001867   Thumb Code    22  stm32f0xx_adc.o(.text)
    ADC_ChannelConfig                        0x0800187d   Thumb Code    10  stm32f0xx_adc.o(.text)
    ADC_ContinuousModeCmd                    0x08001887   Thumb Code    20  stm32f0xx_adc.o(.text)
    ADC_DiscModeCmd                          0x0800189b   Thumb Code    20  stm32f0xx_adc.o(.text)
    ADC_OverrunModeCmd                       0x080018af   Thumb Code    20  stm32f0xx_adc.o(.text)
    ADC_GetCalibrationFactor                 0x080018c3   Thumb Code    46  stm32f0xx_adc.o(.text)
    ADC_StopOfConversion                     0x080018f1   Thumb Code    10  stm32f0xx_adc.o(.text)
    ADC_StartOfConversion                    0x080018fb   Thumb Code    10  stm32f0xx_adc.o(.text)
    ADC_GetConversionValue                   0x08001905   Thumb Code     6  stm32f0xx_adc.o(.text)
    ADC_DMACmd                               0x0800190b   Thumb Code    20  stm32f0xx_adc.o(.text)
    ADC_DMARequestModeConfig                 0x0800191f   Thumb Code    16  stm32f0xx_adc.o(.text)
    ADC_ITConfig                             0x0800192f   Thumb Code    16  stm32f0xx_adc.o(.text)
    ADC_GetFlagStatus                        0x0800193f   Thumb Code    28  stm32f0xx_adc.o(.text)
    ADC_ClearFlag                            0x0800195b   Thumb Code     4  stm32f0xx_adc.o(.text)
    ADC_GetITStatus                          0x0800195f   Thumb Code    22  stm32f0xx_adc.o(.text)
    ADC_ClearITPendingBit                    0x08001975   Thumb Code     4  stm32f0xx_adc.o(.text)
    DMA_DeInit                               0x08001985   Thumb Code   100  stm32f0xx_dma.o(.text)
    DMA_Init                                 0x080019e9   Thumb Code    56  stm32f0xx_dma.o(.text)
    DMA_StructInit                           0x08001a21   Thumb Code    26  stm32f0xx_dma.o(.text)
    DMA_Cmd                                  0x08001a3b   Thumb Code    20  stm32f0xx_dma.o(.text)
    DMA_SetCurrDataCounter                   0x08001a4f   Thumb Code     4  stm32f0xx_dma.o(.text)
    DMA_GetCurrDataCounter                   0x08001a53   Thumb Code     6  stm32f0xx_dma.o(.text)
    DMA_ITConfig                             0x08001a59   Thumb Code    16  stm32f0xx_dma.o(.text)
    DMA_GetFlagStatus                        0x08001a69   Thumb Code    18  stm32f0xx_dma.o(.text)
    DMA_ClearFlag                            0x08001a7b   Thumb Code     8  stm32f0xx_dma.o(.text)
    DMA_GetITStatus                          0x08001a83   Thumb Code    18  stm32f0xx_dma.o(.text)
    DMA_ClearITPendingBit                    0x08001a95   Thumb Code     8  stm32f0xx_dma.o(.text)
    EXTI_DeInit                              0x08001aa9   Thumb Code    20  stm32f0xx_exti.o(.text)
    EXTI_Init                                0x08001abd   Thumb Code   102  stm32f0xx_exti.o(.text)
    EXTI_StructInit                          0x08001b23   Thumb Code    14  stm32f0xx_exti.o(.text)
    EXTI_GenerateSWInterrupt                 0x08001b31   Thumb Code    10  stm32f0xx_exti.o(.text)
    EXTI_GetFlagStatus                       0x08001b3b   Thumb Code    16  stm32f0xx_exti.o(.text)
    EXTI_ClearFlag                           0x08001b4b   Thumb Code     6  stm32f0xx_exti.o(.text)
    EXTI_GetITStatus                         0x08001b51   Thumb Code    24  stm32f0xx_exti.o(.text)
    EXTI_ClearITPendingBit                   0x08001b69   Thumb Code     6  stm32f0xx_exti.o(.text)
    GPIO_DeInit                              0x08001b7d   Thumb Code    78  stm32f0xx_gpio.o(.text)
    GPIO_Init                                0x08001bcb   Thumb Code   112  stm32f0xx_gpio.o(.text)
    GPIO_StructInit                          0x08001c3b   Thumb Code    18  stm32f0xx_gpio.o(.text)
    GPIO_PinLockConfig                       0x08001c4d   Thumb Code    18  stm32f0xx_gpio.o(.text)
    GPIO_ReadInputDataBit                    0x08001c5f   Thumb Code    14  stm32f0xx_gpio.o(.text)
    GPIO_ReadInputData                       0x08001c6d   Thumb Code     4  stm32f0xx_gpio.o(.text)
    GPIO_ReadOutputDataBit                   0x08001c71   Thumb Code    14  stm32f0xx_gpio.o(.text)
    GPIO_ReadOutputData                      0x08001c7f   Thumb Code     4  stm32f0xx_gpio.o(.text)
    GPIO_SetBits                             0x08001c83   Thumb Code     4  stm32f0xx_gpio.o(.text)
    GPIO_ResetBits                           0x08001c87   Thumb Code     4  stm32f0xx_gpio.o(.text)
    GPIO_WriteBit                            0x08001c8b   Thumb Code    12  stm32f0xx_gpio.o(.text)
    GPIO_Write                               0x08001c97   Thumb Code     4  stm32f0xx_gpio.o(.text)
    GPIO_PinAFConfig                         0x08001c9b   Thumb Code    32  stm32f0xx_gpio.o(.text)
    NVIC_Init                                0x08001cd1   Thumb Code    70  stm32f0xx_misc.o(.text)
    NVIC_SystemLPConfig                      0x08001d17   Thumb Code    18  stm32f0xx_misc.o(.text)
    SysTick_CLKSourceConfig                  0x08001d29   Thumb Code    20  stm32f0xx_misc.o(.text)
    PWR_DeInit                               0x08001d4d   Thumb Code    22  stm32f0xx_pwr.o(.text)
    PWR_BackupAccessCmd                      0x08001d63   Thumb Code    20  stm32f0xx_pwr.o(.text)
    PWR_PVDLevelConfig                       0x08001d77   Thumb Code    14  stm32f0xx_pwr.o(.text)
    PWR_PVDCmd                               0x08001d85   Thumb Code    20  stm32f0xx_pwr.o(.text)
    PWR_WakeUpPinCmd                         0x08001d99   Thumb Code    18  stm32f0xx_pwr.o(.text)
    PWR_EnterSleepMode                       0x08001dab   Thumb Code    22  stm32f0xx_pwr.o(.text)
    PWR_EnterSTOPMode                        0x08001dc1   Thumb Code    40  stm32f0xx_pwr.o(.text)
    PWR_EnterSTANDBYMode                     0x08001de9   Thumb Code    30  stm32f0xx_pwr.o(.text)
    PWR_GetFlagStatus                        0x08001e07   Thumb Code    16  stm32f0xx_pwr.o(.text)
    PWR_ClearFlag                            0x08001e17   Thumb Code    12  stm32f0xx_pwr.o(.text)
    RCC_DeInit                               0x08001e2d   Thumb Code    78  stm32f0xx_rcc.o(.text)
    RCC_HSEConfig                            0x08001e7b   Thumb Code    10  stm32f0xx_rcc.o(.text)
    RCC_GetFlagStatus                        0x08001e85   Thumb Code    48  stm32f0xx_rcc.o(.text)
    RCC_WaitForHSEStartUp                    0x08001eb5   Thumb Code    38  stm32f0xx_rcc.o(.text)
    RCC_AdjustHSICalibrationValue            0x08001edb   Thumb Code    16  stm32f0xx_rcc.o(.text)
    RCC_HSICmd                               0x08001eeb   Thumb Code    22  stm32f0xx_rcc.o(.text)
    RCC_AdjustHSI14CalibrationValue          0x08001f01   Thumb Code    16  stm32f0xx_rcc.o(.text)
    RCC_HSI14Cmd                             0x08001f11   Thumb Code    22  stm32f0xx_rcc.o(.text)
    RCC_HSI14ADCRequestCmd                   0x08001f27   Thumb Code    20  stm32f0xx_rcc.o(.text)
    RCC_LSEConfig                            0x08001f3b   Thumb Code    26  stm32f0xx_rcc.o(.text)
    RCC_LSEDriveConfig                       0x08001f55   Thumb Code    18  stm32f0xx_rcc.o(.text)
    RCC_LSICmd                               0x08001f67   Thumb Code    22  stm32f0xx_rcc.o(.text)
    RCC_PLLConfig                            0x08001f7d   Thumb Code    24  stm32f0xx_rcc.o(.text)
    RCC_PLLCmd                               0x08001f95   Thumb Code    22  stm32f0xx_rcc.o(.text)
    RCC_PREDIV1Config                        0x08001fab   Thumb Code    14  stm32f0xx_rcc.o(.text)
    RCC_ClockSecuritySystemCmd               0x08001fb9   Thumb Code    22  stm32f0xx_rcc.o(.text)
    RCC_MCOConfig                            0x08001fcf   Thumb Code     6  stm32f0xx_rcc.o(.text)
    RCC_SYSCLKConfig                         0x08001fd5   Thumb Code    14  stm32f0xx_rcc.o(.text)
    RCC_GetSYSCLKSource                      0x08001fe3   Thumb Code    10  stm32f0xx_rcc.o(.text)
    RCC_HCLKConfig                           0x08001fed   Thumb Code    14  stm32f0xx_rcc.o(.text)
    RCC_PCLKConfig                           0x08001ffb   Thumb Code    16  stm32f0xx_rcc.o(.text)
    RCC_ADCCLKConfig                         0x0800200b   Thumb Code    38  stm32f0xx_rcc.o(.text)
    RCC_CECCLKConfig                         0x08002031   Thumb Code    18  stm32f0xx_rcc.o(.text)
    RCC_I2CCLKConfig                         0x08002043   Thumb Code    18  stm32f0xx_rcc.o(.text)
    RCC_USARTCLKConfig                       0x08002055   Thumb Code    18  stm32f0xx_rcc.o(.text)
    RCC_GetClocksFreq                        0x08002067   Thumb Code   218  stm32f0xx_rcc.o(.text)
    RCC_RTCCLKConfig                         0x08002141   Thumb Code    10  stm32f0xx_rcc.o(.text)
    RCC_RTCCLKCmd                            0x0800214b   Thumb Code    20  stm32f0xx_rcc.o(.text)
    RCC_BackupResetCmd                       0x0800215f   Thumb Code    22  stm32f0xx_rcc.o(.text)
    RCC_AHBPeriphClockCmd                    0x08002175   Thumb Code    18  stm32f0xx_rcc.o(.text)
    RCC_APB2PeriphClockCmd                   0x08002187   Thumb Code    18  stm32f0xx_rcc.o(.text)
    RCC_APB1PeriphClockCmd                   0x08002199   Thumb Code    18  stm32f0xx_rcc.o(.text)
    RCC_AHBPeriphResetCmd                    0x080021ab   Thumb Code    18  stm32f0xx_rcc.o(.text)
    RCC_APB2PeriphResetCmd                   0x080021bd   Thumb Code    18  stm32f0xx_rcc.o(.text)
    RCC_APB1PeriphResetCmd                   0x080021cf   Thumb Code    18  stm32f0xx_rcc.o(.text)
    RCC_ITConfig                             0x080021e1   Thumb Code    18  stm32f0xx_rcc.o(.text)
    RCC_ClearFlag                            0x080021f3   Thumb Code    14  stm32f0xx_rcc.o(.text)
    RCC_GetITStatus                          0x08002201   Thumb Code    48  stm32f0xx_rcc.o(.text)
    RCC_ClearITPendingBit                    0x08002231   Thumb Code     6  stm32f0xx_rcc.o(.text)
    RTC_WaitForSynchro                       0x0800223d   Thumb Code    68  stm32f0xx_rtc.o(.text)
    RTC_EnterInitMode                        0x08002281   Thumb Code    48  stm32f0xx_rtc.o(.text)
    RTC_DeInit                               0x080022b1   Thumb Code    72  stm32f0xx_rtc.o(.text)
    RTC_ExitInitMode                         0x080022f9   Thumb Code    12  stm32f0xx_rtc.o(.text)
    RTC_Init                                 0x08002305   Thumb Code    68  stm32f0xx_rtc.o(.text)
    RTC_StructInit                           0x08002349   Thumb Code    14  stm32f0xx_rtc.o(.text)
    RTC_WriteProtectionCmd                   0x08002357   Thumb Code    20  stm32f0xx_rtc.o(.text)
    RTC_RefClockCmd                          0x0800236b   Thumb Code    54  stm32f0xx_rtc.o(.text)
    RTC_BypassShadowCmd                      0x080023a1   Thumb Code    34  stm32f0xx_rtc.o(.text)
    RTC_SetTime                              0x080023c3   Thumb Code   136  stm32f0xx_rtc.o(.text)
    RTC_TimeStructInit                       0x0800244b   Thumb Code    12  stm32f0xx_rtc.o(.text)
    RTC_GetTime                              0x08002457   Thumb Code    68  stm32f0xx_rtc.o(.text)
    RTC_GetSubSecond                         0x0800249b   Thumb Code     8  stm32f0xx_rtc.o(.text)
    RTC_SetDate                              0x080024a3   Thumb Code   138  stm32f0xx_rtc.o(.text)
    RTC_DateStructInit                       0x0800252d   Thumb Code    14  stm32f0xx_rtc.o(.text)
    RTC_GetDate                              0x0800253b   Thumb Code    64  stm32f0xx_rtc.o(.text)
    RTC_SetAlarm                             0x0800257b   Thumb Code   130  stm32f0xx_rtc.o(.text)
    RTC_AlarmStructInit                      0x080025fd   Thumb Code    20  stm32f0xx_rtc.o(.text)
    RTC_GetAlarm                             0x08002611   Thumb Code   112  stm32f0xx_rtc.o(.text)
    RTC_AlarmCmd                             0x08002681   Thumb Code    68  stm32f0xx_rtc.o(.text)
    RTC_AlarmSubSecondConfig                 0x080026c5   Thumb Code    26  stm32f0xx_rtc.o(.text)
    RTC_GetAlarmSubSecond                    0x080026df   Thumb Code    12  stm32f0xx_rtc.o(.text)
    RTC_DayLightSavingConfig                 0x080026eb   Thumb Code    36  stm32f0xx_rtc.o(.text)
    RTC_GetStoreOperation                    0x0800270f   Thumb Code    12  stm32f0xx_rtc.o(.text)
    RTC_OutputConfig                         0x0800271b   Thumb Code    36  stm32f0xx_rtc.o(.text)
    RTC_CalibOutputCmd                       0x0800273f   Thumb Code    34  stm32f0xx_rtc.o(.text)
    RTC_CalibOutputConfig                    0x08002761   Thumb Code    32  stm32f0xx_rtc.o(.text)
    RTC_SmoothCalibConfig                    0x08002781   Thumb Code    60  stm32f0xx_rtc.o(.text)
    RTC_TimeStampCmd                         0x080027bd   Thumb Code    36  stm32f0xx_rtc.o(.text)
    RTC_GetTimeStamp                         0x080027e1   Thumb Code   124  stm32f0xx_rtc.o(.text)
    RTC_GetTimeStampSubSecond                0x0800285d   Thumb Code     6  stm32f0xx_rtc.o(.text)
    RTC_TamperTriggerConfig                  0x08002863   Thumb Code    22  stm32f0xx_rtc.o(.text)
    RTC_TamperCmd                            0x08002879   Thumb Code    20  stm32f0xx_rtc.o(.text)
    RTC_TamperFilterConfig                   0x0800288d   Thumb Code    22  stm32f0xx_rtc.o(.text)
    RTC_TamperSamplingFreqConfig             0x080028a3   Thumb Code    22  stm32f0xx_rtc.o(.text)
    RTC_TamperPinsPrechargeDuration          0x080028b9   Thumb Code    22  stm32f0xx_rtc.o(.text)
    RTC_TimeStampOnTamperDetectionCmd        0x080028cf   Thumb Code    22  stm32f0xx_rtc.o(.text)
    RTC_TamperPullUpCmd                      0x080028e5   Thumb Code    22  stm32f0xx_rtc.o(.text)
    RTC_WriteBackupRegister                  0x080028fb   Thumb Code    12  stm32f0xx_rtc.o(.text)
    RTC_ReadBackupRegister                   0x08002907   Thumb Code    12  stm32f0xx_rtc.o(.text)
    RTC_OutputTypeConfig                     0x08002913   Thumb Code    22  stm32f0xx_rtc.o(.text)
    RTC_SynchroShiftConfig                   0x08002929   Thumb Code    72  stm32f0xx_rtc.o(.text)
    RTC_ITConfig                             0x08002971   Thumb Code    56  stm32f0xx_rtc.o(.text)
    RTC_GetFlagStatus                        0x080029a9   Thumb Code    20  stm32f0xx_rtc.o(.text)
    RTC_ClearFlag                            0x080029bd   Thumb Code    22  stm32f0xx_rtc.o(.text)
    RTC_GetITStatus                          0x080029d3   Thumb Code    54  stm32f0xx_rtc.o(.text)
    RTC_ClearITPendingBit                    0x08002a09   Thumb Code    22  stm32f0xx_rtc.o(.text)
    SYSCFG_DeInit                            0x08002a5d   Thumb Code    30  stm32f0xx_syscfg.o(.text)
    SYSCFG_MemoryRemapConfig                 0x08002a7b   Thumb Code    14  stm32f0xx_syscfg.o(.text)
    SYSCFG_DMAChannelRemapConfig             0x08002a89   Thumb Code    18  stm32f0xx_syscfg.o(.text)
    SYSCFG_I2CFastModePlusConfig             0x08002a9b   Thumb Code    18  stm32f0xx_syscfg.o(.text)
    SYSCFG_EXTILineConfig                    0x08002aad   Thumb Code    34  stm32f0xx_syscfg.o(.text)
    SYSCFG_BreakConfig                       0x08002acf   Thumb Code    10  stm32f0xx_syscfg.o(.text)
    SYSCFG_GetFlagStatus                     0x08002ad9   Thumb Code    14  stm32f0xx_syscfg.o(.text)
    SYSCFG_ClearFlag                         0x08002ae7   Thumb Code    10  stm32f0xx_syscfg.o(.text)
    TIM_DeInit                               0x08002af5   Thumb Code   152  stm32f0xx_tim.o(.text)
    TIM_TimeBaseInit                         0x08002b8d   Thumb Code    88  stm32f0xx_tim.o(.text)
    TIM_TimeBaseStructInit                   0x08002be5   Thumb Code    18  stm32f0xx_tim.o(.text)
    TIM_PrescalerConfig                      0x08002bf7   Thumb Code     6  stm32f0xx_tim.o(.text)
    TIM_CounterModeConfig                    0x08002bfd   Thumb Code    12  stm32f0xx_tim.o(.text)
    TIM_SetCounter                           0x08002c09   Thumb Code     4  stm32f0xx_tim.o(.text)
    TIM_SetAutoreload                        0x08002c0d   Thumb Code     4  stm32f0xx_tim.o(.text)
    TIM_GetCounter                           0x08002c11   Thumb Code     4  stm32f0xx_tim.o(.text)
    TIM_GetPrescaler                         0x08002c15   Thumb Code     4  stm32f0xx_tim.o(.text)
    TIM_UpdateDisableConfig                  0x08002c19   Thumb Code    18  stm32f0xx_tim.o(.text)
    TIM_UpdateRequestConfig                  0x08002c2b   Thumb Code    18  stm32f0xx_tim.o(.text)
    TIM_ARRPreloadConfig                     0x08002c3d   Thumb Code    18  stm32f0xx_tim.o(.text)
    TIM_SelectOnePulseMode                   0x08002c4f   Thumb Code    16  stm32f0xx_tim.o(.text)
    TIM_SetClockDivision                     0x08002c5f   Thumb Code    16  stm32f0xx_tim.o(.text)
    TIM_Cmd                                  0x08002c6f   Thumb Code    20  stm32f0xx_tim.o(.text)
    TIM_BDTRConfig                           0x08002c83   Thumb Code    34  stm32f0xx_tim.o(.text)
    TIM_BDTRStructInit                       0x08002ca5   Thumb Code    18  stm32f0xx_tim.o(.text)
    TIM_CtrlPWMOutputs                       0x08002cb7   Thumb Code    24  stm32f0xx_tim.o(.text)
    TIM_OC1Init                              0x08002ccf   Thumb Code   104  stm32f0xx_tim.o(.text)
    TIM_OC2Init                              0x08002d37   Thumb Code   110  stm32f0xx_tim.o(.text)
    TIM_OC3Init                              0x08002da5   Thumb Code   110  stm32f0xx_tim.o(.text)
    TIM_OC4Init                              0x08002e13   Thumb Code    78  stm32f0xx_tim.o(.text)
    TIM_OCStructInit                         0x08002e61   Thumb Code    20  stm32f0xx_tim.o(.text)
    TIM_SelectOCxM                           0x08002e75   Thumb Code    70  stm32f0xx_tim.o(.text)
    TIM_SetCompare1                          0x08002ebb   Thumb Code     4  stm32f0xx_tim.o(.text)
    TIM_SetCompare2                          0x08002ebf   Thumb Code     4  stm32f0xx_tim.o(.text)
    TIM_SetCompare3                          0x08002ec3   Thumb Code     4  stm32f0xx_tim.o(.text)
    TIM_SetCompare4                          0x08002ec7   Thumb Code     4  stm32f0xx_tim.o(.text)
    TIM_ForcedOC1Config                      0x08002ecb   Thumb Code    86  stm32f0xx_tim.o(.text)
    TIM_ForcedOC2Config                      0x08002f21   Thumb Code    14  stm32f0xx_tim.o(.text)
    TIM_ForcedOC3Config                      0x08002f2f   Thumb Code    12  stm32f0xx_tim.o(.text)
    TIM_ForcedOC4Config                      0x08002f3b   Thumb Code    14  stm32f0xx_tim.o(.text)
    TIM_CCPreloadControl                     0x08002f49   Thumb Code    20  stm32f0xx_tim.o(.text)
    TIM_OC1PreloadConfig                     0x08002f5d   Thumb Code    12  stm32f0xx_tim.o(.text)
    TIM_OC2PreloadConfig                     0x08002f69   Thumb Code    14  stm32f0xx_tim.o(.text)
    TIM_OC3PreloadConfig                     0x08002f77   Thumb Code    12  stm32f0xx_tim.o(.text)
    TIM_OC4PreloadConfig                     0x08002f83   Thumb Code    14  stm32f0xx_tim.o(.text)
    TIM_OC1FastConfig                        0x08002f91   Thumb Code    12  stm32f0xx_tim.o(.text)
    TIM_OC2FastConfig                        0x08002f9d   Thumb Code    14  stm32f0xx_tim.o(.text)
    TIM_OC3FastConfig                        0x08002fab   Thumb Code    12  stm32f0xx_tim.o(.text)
    TIM_OC4FastConfig                        0x08002fb7   Thumb Code    14  stm32f0xx_tim.o(.text)
    TIM_ClearOC1Ref                          0x08002fc5   Thumb Code    12  stm32f0xx_tim.o(.text)
    TIM_ClearOC2Ref                          0x08002fd1   Thumb Code    14  stm32f0xx_tim.o(.text)
    TIM_ClearOC3Ref                          0x08002fdf   Thumb Code    12  stm32f0xx_tim.o(.text)
    TIM_ClearOC4Ref                          0x08002feb   Thumb Code    14  stm32f0xx_tim.o(.text)
    TIM_OC1PolarityConfig                    0x08002ff9   Thumb Code    12  stm32f0xx_tim.o(.text)
    TIM_OC1NPolarityConfig                   0x08003005   Thumb Code    12  stm32f0xx_tim.o(.text)
    TIM_OC2PolarityConfig                    0x08003011   Thumb Code    14  stm32f0xx_tim.o(.text)
    TIM_OC2NPolarityConfig                   0x0800301f   Thumb Code    14  stm32f0xx_tim.o(.text)
    TIM_OC3PolarityConfig                    0x0800302d   Thumb Code    14  stm32f0xx_tim.o(.text)
    TIM_OC3NPolarityConfig                   0x0800303b   Thumb Code    14  stm32f0xx_tim.o(.text)
    TIM_OC4PolarityConfig                    0x08003049   Thumb Code    14  stm32f0xx_tim.o(.text)
    TIM_SelectOCREFClear                     0x08003057   Thumb Code    16  stm32f0xx_tim.o(.text)
    TIM_CCxCmd                               0x08003067   Thumb Code    22  stm32f0xx_tim.o(.text)
    TIM_CCxNCmd                              0x0800307d   Thumb Code    22  stm32f0xx_tim.o(.text)
    TIM_SelectCOM                            0x08003093   Thumb Code    18  stm32f0xx_tim.o(.text)
    TIM_SetIC4Prescaler                      0x080030a5   Thumb Code    18  stm32f0xx_tim.o(.text)
    TIM_SetIC3Prescaler                      0x080030b7   Thumb Code    16  stm32f0xx_tim.o(.text)
    TIM_SetIC2Prescaler                      0x080030c7   Thumb Code    18  stm32f0xx_tim.o(.text)
    TIM_SetIC1Prescaler                      0x08003103   Thumb Code    16  stm32f0xx_tim.o(.text)
    TIM_ICInit                               0x0800313b   Thumb Code   162  stm32f0xx_tim.o(.text)
    TIM_ICStructInit                         0x080031dd   Thumb Code    16  stm32f0xx_tim.o(.text)
    TIM_PWMIConfig                           0x080031ed   Thumb Code   104  stm32f0xx_tim.o(.text)
    TIM_GetCapture1                          0x08003255   Thumb Code     4  stm32f0xx_tim.o(.text)
    TIM_GetCapture2                          0x08003259   Thumb Code     4  stm32f0xx_tim.o(.text)
    TIM_GetCapture3                          0x0800325d   Thumb Code     4  stm32f0xx_tim.o(.text)
    TIM_GetCapture4                          0x08003261   Thumb Code     4  stm32f0xx_tim.o(.text)
    TIM_ITConfig                             0x08003265   Thumb Code    16  stm32f0xx_tim.o(.text)
    TIM_GenerateEvent                        0x08003275   Thumb Code     4  stm32f0xx_tim.o(.text)
    TIM_GetFlagStatus                        0x08003279   Thumb Code    14  stm32f0xx_tim.o(.text)
    TIM_ClearFlag                            0x08003287   Thumb Code     6  stm32f0xx_tim.o(.text)
    TIM_GetITStatus                          0x0800328d   Thumb Code    24  stm32f0xx_tim.o(.text)
    TIM_ClearITPendingBit                    0x080032a5   Thumb Code     6  stm32f0xx_tim.o(.text)
    TIM_DMAConfig                            0x080032ab   Thumb Code     8  stm32f0xx_tim.o(.text)
    TIM_DMACmd                               0x080032b3   Thumb Code    16  stm32f0xx_tim.o(.text)
    TIM_SelectCCDMA                          0x080032c3   Thumb Code    18  stm32f0xx_tim.o(.text)
    TIM_InternalClockConfig                  0x080032d5   Thumb Code    10  stm32f0xx_tim.o(.text)
    TIM_SelectInputTrigger                   0x080032df   Thumb Code    12  stm32f0xx_tim.o(.text)
    TIM_ITRxExternalClockConfig              0x080032eb   Thumb Code    62  stm32f0xx_tim.o(.text)
    TIM_TIxExternalClockConfig               0x08003329   Thumb Code    44  stm32f0xx_tim.o(.text)
    TIM_ETRConfig                            0x08003355   Thumb Code    18  stm32f0xx_tim.o(.text)
    TIM_ETRClockMode1Config                  0x08003367   Thumb Code    28  stm32f0xx_tim.o(.text)
    TIM_ETRClockMode2Config                  0x08003383   Thumb Code    20  stm32f0xx_tim.o(.text)
    TIM_SelectOutputTrigger                  0x08003397   Thumb Code    16  stm32f0xx_tim.o(.text)
    TIM_SelectSlaveMode                      0x080033a7   Thumb Code    16  stm32f0xx_tim.o(.text)
    TIM_SelectMasterSlaveMode                0x080033b7   Thumb Code    16  stm32f0xx_tim.o(.text)
    TIM_EncoderInterfaceConfig               0x080033c7   Thumb Code    42  stm32f0xx_tim.o(.text)
    TIM_SelectHallSensor                     0x080033f1   Thumb Code    18  stm32f0xx_tim.o(.text)
    TIM_RemapConfig                          0x08003403   Thumb Code     6  stm32f0xx_tim.o(.text)
    USART_DeInit                             0x0800340d   Thumb Code    54  stm32f0xx_usart.o(.text)
    USART_Init                               0x08003443   Thumb Code   166  stm32f0xx_usart.o(.text)
    USART_StructInit                         0x080034e9   Thumb Code    22  stm32f0xx_usart.o(.text)
    USART_ClockInit                          0x080034ff   Thumb Code    30  stm32f0xx_usart.o(.text)
    USART_ClockStructInit                    0x0800351d   Thumb Code    12  stm32f0xx_usart.o(.text)
    USART_Cmd                                0x08003529   Thumb Code    20  stm32f0xx_usart.o(.text)
    USART_DirectionModeCmd                   0x0800353d   Thumb Code    16  stm32f0xx_usart.o(.text)
    USART_OverSampling8Cmd                   0x0800354d   Thumb Code    20  stm32f0xx_usart.o(.text)
    USART_OneBitMethodCmd                    0x08003561   Thumb Code    20  stm32f0xx_usart.o(.text)
    USART_MSBFirstCmd                        0x08003575   Thumb Code    20  stm32f0xx_usart.o(.text)
    USART_DataInvCmd                         0x08003589   Thumb Code    20  stm32f0xx_usart.o(.text)
    USART_InvPinCmd                          0x0800359d   Thumb Code    16  stm32f0xx_usart.o(.text)
    USART_SWAPPinCmd                         0x080035ad   Thumb Code    20  stm32f0xx_usart.o(.text)
    USART_ReceiverTimeOutCmd                 0x080035c1   Thumb Code    20  stm32f0xx_usart.o(.text)
    USART_SetReceiverTimeOut                 0x080035d5   Thumb Code    16  stm32f0xx_usart.o(.text)
    USART_SetPrescaler                       0x080035e5   Thumb Code    16  stm32f0xx_usart.o(.text)
    USART_STOPModeCmd                        0x080035f5   Thumb Code    18  stm32f0xx_usart.o(.text)
    USART_StopModeWakeUpSourceConfig         0x08003607   Thumb Code    18  stm32f0xx_usart.o(.text)
    USART_AutoBaudRateCmd                    0x08003619   Thumb Code    20  stm32f0xx_usart.o(.text)
    USART_AutoBaudRateConfig                 0x0800362d   Thumb Code    18  stm32f0xx_usart.o(.text)
    USART_AutoBaudRateNewRequest             0x0800363f   Thumb Code    12  stm32f0xx_usart.o(.text)
    USART_SendData                           0x0800364b   Thumb Code     8  stm32f0xx_usart.o(.text)
    USART_ReceiveData                        0x08003653   Thumb Code     8  stm32f0xx_usart.o(.text)
    USART_SetAddress                         0x0800365b   Thumb Code    18  stm32f0xx_usart.o(.text)
    USART_MuteModeCmd                        0x0800366d   Thumb Code    20  stm32f0xx_usart.o(.text)
    USART_MuteModeWakeUpConfig               0x08003681   Thumb Code    18  stm32f0xx_usart.o(.text)
    USART_AddressDetectionConfig             0x08003693   Thumb Code    16  stm32f0xx_usart.o(.text)
    USART_LINBreakDetectLengthConfig         0x080036a3   Thumb Code    16  stm32f0xx_usart.o(.text)
    USART_LINCmd                             0x080036b3   Thumb Code    20  stm32f0xx_usart.o(.text)
    USART_HalfDuplexCmd                      0x080036c7   Thumb Code    18  stm32f0xx_usart.o(.text)
    USART_SetGuardTime                       0x080036d9   Thumb Code    16  stm32f0xx_usart.o(.text)
    USART_SmartCardCmd                       0x080036e9   Thumb Code    18  stm32f0xx_usart.o(.text)
    USART_SmartCardNACKCmd                   0x080036fb   Thumb Code    18  stm32f0xx_usart.o(.text)
    USART_SetAutoRetryCount                  0x0800370d   Thumb Code    20  stm32f0xx_usart.o(.text)
    USART_SetBlockLength                     0x08003721   Thumb Code    18  stm32f0xx_usart.o(.text)
    USART_IrDAConfig                         0x08003733   Thumb Code    16  stm32f0xx_usart.o(.text)
    USART_IrDACmd                            0x08003743   Thumb Code    18  stm32f0xx_usart.o(.text)
    USART_DECmd                              0x08003755   Thumb Code    20  stm32f0xx_usart.o(.text)
    USART_DEPolarityConfig                   0x08003769   Thumb Code    18  stm32f0xx_usart.o(.text)
    USART_SetDEAssertionTime                 0x0800377b   Thumb Code    20  stm32f0xx_usart.o(.text)
    USART_SetDEDeassertionTime               0x0800378f   Thumb Code    20  stm32f0xx_usart.o(.text)
    USART_DMACmd                             0x080037a3   Thumb Code    16  stm32f0xx_usart.o(.text)
    USART_DMAReceptionErrorConfig            0x080037b3   Thumb Code    18  stm32f0xx_usart.o(.text)
    USART_ITConfig                           0x080037c5   Thumb Code    56  stm32f0xx_usart.o(.text)
    USART_RequestCmd                         0x080037fd   Thumb Code    16  stm32f0xx_usart.o(.text)
    USART_OverrunDetectionConfig             0x0800380d   Thumb Code    18  stm32f0xx_usart.o(.text)
    USART_GetFlagStatus                      0x0800381f   Thumb Code    14  stm32f0xx_usart.o(.text)
    USART_ClearFlag                          0x0800382d   Thumb Code     4  stm32f0xx_usart.o(.text)
    USART_GetITStatus                        0x08003831   Thumb Code    56  stm32f0xx_usart.o(.text)
    USART_ClearITPendingBit                  0x08003869   Thumb Code    10  stm32f0xx_usart.o(.text)
    SystemInit                               0x08003875   Thumb Code    84  system_stm32f0xx.o(.text)
    SystemCoreClockUpdate                    0x080038c9   Thumb Code    94  system_stm32f0xx.o(.text)
    Reset_Handler                            0x08003995   Thumb Code     8  startup_stm32f0xx.o(.text)
    ADC1_COMP_IRQHandler                     0x080039a7   Thumb Code     0  startup_stm32f0xx.o(.text)
    CEC_IRQHandler                           0x080039a7   Thumb Code     0  startup_stm32f0xx.o(.text)
    DMA1_Channel1_IRQHandler                 0x080039a7   Thumb Code     0  startup_stm32f0xx.o(.text)
    DMA1_Channel2_3_IRQHandler               0x080039a7   Thumb Code     0  startup_stm32f0xx.o(.text)
    DMA1_Channel4_5_IRQHandler               0x080039a7   Thumb Code     0  startup_stm32f0xx.o(.text)
    EXTI2_3_IRQHandler                       0x080039a7   Thumb Code     0  startup_stm32f0xx.o(.text)
    FLASH_IRQHandler                         0x080039a7   Thumb Code     0  startup_stm32f0xx.o(.text)
    I2C1_IRQHandler                          0x080039a7   Thumb Code     0  startup_stm32f0xx.o(.text)
    I2C2_IRQHandler                          0x080039a7   Thumb Code     0  startup_stm32f0xx.o(.text)
    PVD_IRQHandler                           0x080039a7   Thumb Code     0  startup_stm32f0xx.o(.text)
    RCC_IRQHandler                           0x080039a7   Thumb Code     0  startup_stm32f0xx.o(.text)
    RTC_IRQHandler                           0x080039a7   Thumb Code     0  startup_stm32f0xx.o(.text)
    SPI1_IRQHandler                          0x080039a7   Thumb Code     0  startup_stm32f0xx.o(.text)
    SPI2_IRQHandler                          0x080039a7   Thumb Code     0  startup_stm32f0xx.o(.text)
    TIM14_IRQHandler                         0x080039a7   Thumb Code     0  startup_stm32f0xx.o(.text)
    TIM15_IRQHandler                         0x080039a7   Thumb Code     0  startup_stm32f0xx.o(.text)
    TIM16_IRQHandler                         0x080039a7   Thumb Code     0  startup_stm32f0xx.o(.text)
    TIM17_IRQHandler                         0x080039a7   Thumb Code     0  startup_stm32f0xx.o(.text)
    TIM1_BRK_UP_TRG_COM_IRQHandler           0x080039a7   Thumb Code     0  startup_stm32f0xx.o(.text)
    TIM1_CC_IRQHandler                       0x080039a7   Thumb Code     0  startup_stm32f0xx.o(.text)
    TIM2_IRQHandler                          0x080039a7   Thumb Code     0  startup_stm32f0xx.o(.text)
    TIM3_IRQHandler                          0x080039a7   Thumb Code     0  startup_stm32f0xx.o(.text)
    TIM6_DAC_IRQHandler                      0x080039a7   Thumb Code     0  startup_stm32f0xx.o(.text)
    TS_IRQHandler                            0x080039a7   Thumb Code     0  startup_stm32f0xx.o(.text)
    USART2_IRQHandler                        0x080039a7   Thumb Code     0  startup_stm32f0xx.o(.text)
    WWDG_IRQHandler                          0x080039a7   Thumb Code     0  startup_stm32f0xx.o(.text)
    os_idle_demon                            0x080039b1   Thumb Code     2  rtx_conf_cm.o(.text)
    os_tmr_call                              0x080039b3   Thumb Code     2  rtx_conf_cm.o(.text)
    os_error                                 0x080039b5   Thumb Code    10  rtx_conf_cm.o(.text)
    __aeabi_uidiv                            0x080039d1   Thumb Code     0  uidiv.o(.text)
    __aeabi_uidivmod                         0x080039d1   Thumb Code    44  uidiv.o(.text)
    mktime                                   0x080039fd   Thumb Code   124  mktime.o(.text)
    __aeabi_memcpy                           0x08003a89   Thumb Code    36  memcpya.o(.text)
    __aeabi_memcpy4                          0x08003a89   Thumb Code     0  memcpya.o(.text)
    __aeabi_memcpy8                          0x08003a89   Thumb Code     0  memcpya.o(.text)
    __aeabi_fadd                             0x08003aad   Thumb Code   162  fadd.o(.text)
    __aeabi_fsub                             0x08003b4f   Thumb Code     8  fadd.o(.text)
    __aeabi_frsub                            0x08003b57   Thumb Code     8  fadd.o(.text)
    __aeabi_fmul                             0x08003b5f   Thumb Code   122  fmul.o(.text)
    __aeabi_fdiv                             0x08003bd9   Thumb Code   128  fdiv.o(.text)
    __aeabi_dadd                             0x08003c59   Thumb Code   326  dadd.o(.text)
    __aeabi_dsub                             0x08003d9f   Thumb Code    12  dadd.o(.text)
    __aeabi_drsub                            0x08003dab   Thumb Code    12  dadd.o(.text)
    __aeabi_dmul                             0x08003dbd   Thumb Code   202  dmul.o(.text)
    __aeabi_ddiv                             0x08003e8d   Thumb Code   234  ddiv.o(.text)
    __aeabi_ui2f                             0x08003f7d   Thumb Code    14  ffltui.o(.text)
    __aeabi_i2d                              0x08003f8d   Thumb Code    34  dflti.o(.text)
    __aeabi_ui2d                             0x08003fb5   Thumb Code    24  dfltui.o(.text)
    __aeabi_d2uiz                            0x08003fd1   Thumb Code    50  dfixui.o(.text)
    __aeabi_f2d                              0x0800400d   Thumb Code    40  f2d.o(.text)
    __aeabi_d2f                              0x08004035   Thumb Code    56  d2f.o(.text)
    __aeabi_cfrcmple                         0x0800406d   Thumb Code    20  cfrcmple.o(.text)
    __aeabi_idiv                             0x08004081   Thumb Code     0  idiv.o(.text)
    __aeabi_idivmod                          0x08004081   Thumb Code    40  idiv.o(.text)
    __aeabi_uldivmod                         0x080040a9   Thumb Code    96  uldiv.o(.text)
    __aeabi_llsl                             0x08004109   Thumb Code    32  llshl.o(.text)
    _ll_shift_l                              0x08004109   Thumb Code     0  llshl.o(.text)
    __aeabi_llsr                             0x08004129   Thumb Code    34  llushr.o(.text)
    _ll_ushift_r                             0x08004129   Thumb Code     0  llushr.o(.text)
    __aeabi_lasr                             0x0800414b   Thumb Code    38  llsshr.o(.text)
    _ll_sshift_r                             0x0800414b   Thumb Code     0  llsshr.o(.text)
    _localtime                               0x08004171   Thumb Code   104  localtime_i.o(.text)
    __I$use$fp                               0x080041e5   Thumb Code     0  iusefp.o(.text)
    _float_round                             0x080041e5   Thumb Code    16  fepilogue.o(.text)
    _float_epilogue                          0x080041f5   Thumb Code   116  fepilogue.o(.text)
    _double_round                            0x08004269   Thumb Code    26  depilogue.o(.text)
    _double_epilogue                         0x08004283   Thumb Code   166  depilogue.o(.text)
    __aeabi_d2ulz                            0x08004329   Thumb Code    54  dfixul.o(.text)
    __aeabi_cdrcmple                         0x08004369   Thumb Code    38  cdrcmple.o(.text)
    __scatterload                            0x08004391   Thumb Code    28  init.o(.text)
    __scatterload_rt2                        0x08004391   Thumb Code     0  init.o(.text)
    SVC_Count                                0x080043b4   Data           4  SVC_Table.o(SVC_TABLE)
    SVC_Table                                0x080043b8   Data           0  SVC_Table.o(SVC_TABLE)
    __0printf                                0x080043b9   Thumb Code    24  printfa.o(i.__0printf)
    __1printf                                0x080043b9   Thumb Code     0  printfa.o(i.__0printf)
    __2printf                                0x080043b9   Thumb Code     0  printfa.o(i.__0printf)
    __c89printf                              0x080043b9   Thumb Code     0  printfa.o(i.__0printf)
    printf                                   0x080043b9   Thumb Code     0  printfa.o(i.__0printf)
    __0snprintf                              0x080043d9   Thumb Code    38  printfa.o(i.__0snprintf)
    __1snprintf                              0x080043d9   Thumb Code     0  printfa.o(i.__0snprintf)
    __2snprintf                              0x080043d9   Thumb Code     0  printfa.o(i.__0snprintf)
    __c89snprintf                            0x080043d9   Thumb Code     0  printfa.o(i.__0snprintf)
    snprintf                                 0x080043d9   Thumb Code     0  printfa.o(i.__0snprintf)
    __ARM_clz                                0x08004405   Thumb Code    46  depilogue.o(i.__ARM_clz)
    __ARM_common_switch8                     0x08004433   Thumb Code    26  interrupted_charging.o(i.__ARM_common_switch8)
    __scatterload_copy                       0x0800444d   Thumb Code    14  handlers.o(i.__scatterload_copy)
    __scatterload_null                       0x0800445b   Thumb Code     2  handlers.o(i.__scatterload_null)
    __scatterload_zeroinit                   0x0800445d   Thumb Code    14  handlers.o(i.__scatterload_zeroinit)
    _init_box                                0x080045c5   Thumb Code    72  rt_membox.o(i._init_box)
    isr_evt_set                              0x08004d69   Thumb Code    30  rt_event.o(i.isr_evt_set)
    os_tick_init                             0x08004d8d   Thumb Code    32  rt_system.o(i.os_tick_init)
    os_tick_irqack                           0x08004db9   Thumb Code     2  rt_system.o(i.os_tick_irqack)
    rt_alloc_box                             0x08004dbb   Thumb Code    30  rt_membox.o(i.rt_alloc_box)
    rt_block                                 0x08004dd9   Thumb Code    42  rt_task.o(i.rt_block)
    rt_chk_robin                             0x08004e11   Thumb Code    56  rt_robin.o(i.rt_chk_robin)
    rt_dec_dly                               0x08004e55   Thumb Code   112  rt_list.o(i.rt_dec_dly)
    rt_dispatch                              0x08004ecd   Thumb Code    56  rt_task.o(i.rt_dispatch)
    rt_dly_wait                              0x08004f0d   Thumb Code    10  rt_time.o(i.rt_dly_wait)
    rt_evt_clr                               0x08004f19   Thumb Code    22  rt_event.o(i.rt_evt_clr)
    rt_evt_get                               0x08004f35   Thumb Code     8  rt_event.o(i.rt_evt_get)
    rt_evt_psh                               0x08004f41   Thumb Code    70  rt_event.o(i.rt_evt_psh)
    rt_evt_wait                              0x08004f8d   Thumb Code    60  rt_event.o(i.rt_evt_wait)
    rt_free_box                              0x08004fcd   Thumb Code    38  rt_membox.o(i.rt_free_box)
    rt_get_first                             0x08004ff3   Thumb Code    42  rt_list.o(i.rt_get_first)
    rt_init_robin                            0x08005061   Thumb Code    14  rt_robin.o(i.rt_init_robin)
    rt_init_stack                            0x08005079   Thumb Code    68  hal_cm1.o(i.rt_init_stack)
    rt_mbx_psh                               0x080050c5   Thumb Code   168  rt_mailbox.o(i.rt_mbx_psh)
    rt_pop_req                               0x08005171   Thumb Code    98  rt_system.o(i.rt_pop_req)
    rt_psh_req                               0x080051e1   Thumb Code    24  rt_system.o(i.rt_psh_req)
    rt_psq_enq                               0x08005201   Thumb Code    60  rt_list.o(i.rt_psq_enq)
    rt_put_dly                               0x08005241   Thumb Code    74  rt_list.o(i.rt_put_dly)
    rt_put_prio                              0x08005291   Thumb Code    60  rt_list.o(i.rt_put_prio)
    rt_put_rdy_first                         0x080052cd   Thumb Code    14  rt_list.o(i.rt_put_rdy_first)
    rt_rmv_dly                               0x080052e1   Thumb Code    42  rt_list.o(i.rt_rmv_dly)
    rt_rmv_list                              0x0800530d   Thumb Code    46  rt_list.o(i.rt_rmv_list)
    rt_sem_psh                               0x08005341   Thumb Code    46  rt_semaphore.o(i.rt_sem_psh)
    rt_stk_check                             0x08005375   Thumb Code    30  rt_system.o(i.rt_stk_check)
    rt_switch_req                            0x0800539d   Thumb Code    10  rt_task.o(i.rt_switch_req)
    rt_sys_init                              0x080053ad   Thumb Code   230  rt_task.o(i.rt_sys_init)
    rt_systick                               0x080054e5   Thumb Code    46  rt_system.o(i.rt_systick)
    rt_time_get                              0x08005521   Thumb Code     6  rt_time.o(i.rt_time_get)
    rt_tmr_tick                              0x0800552d   Thumb Code    56  rt_timer.o(i.rt_tmr_tick)
    rt_tsk_create                            0x0800556d   Thumb Code   108  rt_task.o(i.rt_tsk_create)
    rt_tsk_delete                            0x080055e9   Thumb Code   134  rt_task.o(i.rt_tsk_delete)
    os_maxtaskrun                            0x080056d8   Data           2  rtx_conf_cm.o(.constdata)
    os_stackinfo                             0x080056dc   Data           4  rtx_conf_cm.o(.constdata)
    os_rrobin                                0x080056e0   Data           4  rtx_conf_cm.o(.constdata)
    os_trv                                   0x080056e4   Data           4  rtx_conf_cm.o(.constdata)
    os_flags                                 0x080056e8   Data           1  rtx_conf_cm.o(.constdata)
    os_clockrate                             0x080056ec   Data           4  rtx_conf_cm.o(.constdata)
    os_timernum                              0x080056f0   Data           4  rtx_conf_cm.o(.constdata)
    mp_tcb_size                              0x080056f4   Data           2  rtx_conf_cm.o(.constdata)
    mp_stk_size                              0x080056f8   Data           4  rtx_conf_cm.o(.constdata)
    os_fifo_size                             0x080056fc   Data           1  rtx_conf_cm.o(.constdata)
    mp_tmr_size                              0x080056fe   Data           2  rtx_conf_cm.o(.constdata)
    Region$$Table$$Base                      0x08005718   Number         0  anon$$obj.o(Region$$Table)
    Region$$Table$$Limit                     0x08005738   Number         0  anon$$obj.o(Region$$Table)
    interrupted_charging_t                   0x20000000   Data           4  main.o(.data)
    __stdout                                 0x20000004   Data           4  retarget.o(.data)
    RegularConvData_Tab                      0x20000008   Data           8  adc.o(.data)
    duty_cycle_start                         0x20000010   Data           4  perturb_and_observe.o(.data)
    TimerPeriod                              0x20000020   Data           2  pwm.o(.data)
    Serial                                   0x20000038   Data          36  serial.o(.data)
    state                                    0x2000005c   Data           4  interrupted_charging.o(.data)
    ui_t                                     0x20000060   Data           4  ui.o(.data)
    SystemCoreClock                          0x20000074   Data           4  system_stm32f0xx.o(.data)
    AHBPrescTable                            0x20000078   Data          16  system_stm32f0xx.o(.data)
    m_tmr                                    0x20000088   Data           4  rtx_conf_cm.o(.data)
    os_tsk                                   0x2000008c   Data           8  rt_task.o(.data)
    os_time                                  0x20000094   Data           4  rt_time.o(.data)
    os_tick_irqn                             0x2000009c   Data           4  rt_system.o(.data)
    os_robin                                 0x200000a0   Data           8  rt_robin.o(.data)
    os_tmr                                   0x200000a8   Data           8  rt_timer.o(.data)
    TIM_TimeBaseStructure_PWM                0x200000b0   Data          12  pwm.o(.bss)
    TIM_OCInitStructure_PWM                  0x200000bc   Data          20  pwm.o(.bss)
    mp_tcb                                   0x20000110   Data         156  rtx_conf_cm.o(.bss)
    mp_stk                                   0x200001b0   Data        2064  rtx_conf_cm.o(.bss)
    os_fifo                                  0x200009c0   Data         132  rtx_conf_cm.o(.bss)
    os_active_TCB                            0x20000a44   Data          12  rtx_conf_cm.o(.bss)
    os_idle_TCB                              0x20000a50   Data          48  rt_task.o(.bss)
    os_rdy                                   0x20000a80   Data          24  rt_list.o(.bss)
    os_dly                                   0x20000a98   Data          24  rt_list.o(.bss)
    __initial_sp                             0x20000eb0   Data           0  startup_stm32f0xx.o(STACK)



==============================================================================

Memory Map of the image

  Image Entry point : 0x080000c1

  Load Region LR_IROM1 (Base: 0x08000000, Size: 0x000057e8, Max: 0x00008000, ABSOLUTE)

    Execution Region ER_IROM1 (Base: 0x08000000, Size: 0x00005738, Max: 0x00008000, ABSOLUTE)

    Base Addr    Size         Type   Attr      Idx    E Section Name        Object

    0x08000000   0x000000c0   Data   RO          874    RESET               startup_stm32f0xx.o
    0x080000c0   0x00000000   Code   RO         1437  * .ARM.Collect$$$$00000000  mc_p.l(entry.o)
    0x080000c0   0x00000004   Code   RO         1736    .ARM.Collect$$$$00000001  mc_p.l(entry2.o)
    0x080000c4   0x00000004   Code   RO         1739    .ARM.Collect$$$$00000004  mc_p.l(entry5.o)
    0x080000c8   0x00000000   Code   RO         1741    .ARM.Collect$$$$00000008  mc_p.l(entry7b.o)
    0x080000c8   0x00000008   Code   RO         1742    .ARM.Collect$$$$00000009  mc_p.l(entry8.o)
    0x080000d0   0x00000004   Code   RO         1737    .ARM.Collect$$$$00002712  mc_p.l(entry2.o)
    0x080000d4   0x00000188   Code   RO         1089    .emb_text           RTX_CM1.LIB(hal_cm1.o)
    0x0800025c   0x00000368   Code   RO            3    .text               main.o
    0x080005c4   0x00000022   Code   RO          152    .text               retarget.o
    0x080005e6   0x00000002   PAD
    0x080005e8   0x0000029c   Code   RO          187    .text               adc.o
    0x08000884   0x000001fc   Code   RO          217    .text               perturb_and_observe.o
    0x08000a80   0x00000214   Code   RO          240    .text               pwm.o
    0x08000c94   0x000001b0   Code   RO          264    .text               serial.o
    0x08000e44   0x000002a0   Code   RO          295    .text               interrupted_charging.o
    0x080010e4   0x00000294   Code   RO          322    .text               lcd_hd44780.o
    0x08001378   0x000000c4   Code   RO          343    .text               stm32f0xx_it.o
    0x0800143c   0x00000324   Code   RO          370    .text               ui.o
    0x08001760   0x00000224   Code   RO          423    .text               stm32f0xx_adc.o
    0x08001984   0x00000124   Code   RO          543    .text               stm32f0xx_dma.o
    0x08001aa8   0x000000d4   Code   RO          563    .text               stm32f0xx_exti.o
    0x08001b7c   0x00000154   Code   RO          604    .text               stm32f0xx_gpio.o
    0x08001cd0   0x0000007c   Code   RO          664    .text               stm32f0xx_misc.o
    0x08001d4c   0x000000e0   Code   RO          684    .text               stm32f0xx_pwr.o
    0x08001e2c   0x00000410   Code   RO          704    .text               stm32f0xx_rcc.o
    0x0800223c   0x00000820   Code   RO          726    .text               stm32f0xx_rtc.o
    0x08002a5c   0x00000098   Code   RO          767    .text               stm32f0xx_syscfg.o
    0x08002af4   0x00000918   Code   RO          787    .text               stm32f0xx_tim.o
    0x0800340c   0x00000466   Code   RO          808    .text               stm32f0xx_usart.o
    0x08003872   0x00000002   PAD
    0x08003874   0x00000120   Code   RO          848    .text               system_stm32f0xx.o
    0x08003994   0x0000001c   Code   RO          875    .text               startup_stm32f0xx.o
    0x080039b0   0x00000020   Code   RO          879    .text               rtx_conf_cm.o
    0x080039d0   0x0000002c   Code   RO         1440    .text               mc_p.l(uidiv.o)
    0x080039fc   0x0000008c   Code   RO         1442    .text               mc_p.l(mktime.o)
    0x08003a88   0x00000024   Code   RO         1445    .text               mc_p.l(memcpya.o)
    0x08003aac   0x000000b2   Code   RO         1710    .text               mf_p.l(fadd.o)
    0x08003b5e   0x0000007a   Code   RO         1712    .text               mf_p.l(fmul.o)
    0x08003bd8   0x00000080   Code   RO         1714    .text               mf_p.l(fdiv.o)
    0x08003c58   0x00000164   Code   RO         1716    .text               mf_p.l(dadd.o)
    0x08003dbc   0x000000d0   Code   RO         1718    .text               mf_p.l(dmul.o)
    0x08003e8c   0x000000f0   Code   RO         1720    .text               mf_p.l(ddiv.o)
    0x08003f7c   0x0000000e   Code   RO         1722    .text               mf_p.l(ffltui.o)
    0x08003f8a   0x00000002   PAD
    0x08003f8c   0x00000028   Code   RO         1724    .text               mf_p.l(dflti.o)
    0x08003fb4   0x0000001c   Code   RO         1726    .text               mf_p.l(dfltui.o)
    0x08003fd0   0x0000003c   Code   RO         1728    .text               mf_p.l(dfixui.o)
    0x0800400c   0x00000028   Code   RO         1730    .text               mf_p.l(f2d.o)
    0x08004034   0x00000038   Code   RO         1732    .text               mf_p.l(d2f.o)
    0x0800406c   0x00000014   Code   RO         1734    .text               mf_p.l(cfrcmple.o)
    0x08004080   0x00000028   Code   RO         1743    .text               mc_p.l(idiv.o)
    0x080040a8   0x00000060   Code   RO         1745    .text               mc_p.l(uldiv.o)
    0x08004108   0x00000020   Code   RO         1747    .text               mc_p.l(llshl.o)
    0x08004128   0x00000022   Code   RO         1749    .text               mc_p.l(llushr.o)
    0x0800414a   0x00000026   Code   RO         1751    .text               mc_p.l(llsshr.o)
    0x08004170   0x00000074   Code   RO         1756    .text               mc_p.l(localtime_i.o)
    0x080041e4   0x00000000   Code   RO         1759    .text               mc_p.l(iusefp.o)
    0x080041e4   0x00000084   Code   RO         1760    .text               mf_p.l(fepilogue.o)
    0x08004268   0x000000c0   Code   RO         1762    .text               mf_p.l(depilogue.o)
    0x08004328   0x00000040   Code   RO         1766    .text               mf_p.l(dfixul.o)
    0x08004368   0x00000028   Code   RO         1768    .text               mf_p.l(cdrcmple.o)
    0x08004390   0x00000024   Code   RO         1770    .text               mc_p.l(init.o)
    0x080043b4   0x00000004   Code   RO         1323    SVC_TABLE           RTX_CM1.LIB(SVC_Table.o)
    0x080043b8   0x00000020   Code   RO         1682    i.__0printf         mc_p.l(printfa.o)
    0x080043d8   0x0000002c   Code   RO         1683    i.__0snprintf       mc_p.l(printfa.o)
    0x08004404   0x0000002e   Code   RO         1764    i.__ARM_clz         mf_p.l(depilogue.o)
    0x08004432   0x0000001a   Code   RO          314    i.__ARM_common_switch8  interrupted_charging.o
    0x0800444c   0x0000000e   Code   RO         1774    i.__scatterload_copy  mc_p.l(handlers.o)
    0x0800445a   0x00000002   Code   RO         1775    i.__scatterload_null  mc_p.l(handlers.o)
    0x0800445c   0x0000000e   Code   RO         1776    i.__scatterload_zeroinit  mc_p.l(handlers.o)
    0x0800446a   0x00000002   PAD
    0x0800446c   0x00000158   Code   RO         1689    i._fp_digits        mc_p.l(printfa.o)
    0x080045c4   0x00000048   Code   RO         1294    i._init_box         RTX_CM1.LIB(rt_membox.o)
    0x0800460c   0x000006f8   Code   RO         1690    i._printf_core      mc_p.l(printfa.o)
    0x08004d04   0x00000020   Code   RO         1691    i._printf_post_padding  mc_p.l(printfa.o)
    0x08004d24   0x0000002c   Code   RO         1692    i._printf_pre_padding  mc_p.l(printfa.o)
    0x08004d50   0x00000016   Code   RO         1693    i._snputc           mc_p.l(printfa.o)
    0x08004d66   0x00000002   PAD
    0x08004d68   0x00000024   Code   RO         1010    i.isr_evt_set       RTX_CM1.LIB(rt_event.o)
    0x08004d8c   0x0000002c   Code   RO         1110    i.os_tick_init      RTX_CM1.LIB(rt_system.o)
    0x08004db8   0x00000002   Code   RO         1111    i.os_tick_irqack    RTX_CM1.LIB(rt_system.o)
    0x08004dba   0x0000001e   Code   RO         1295    i.rt_alloc_box      RTX_CM1.LIB(rt_membox.o)
    0x08004dd8   0x00000038   Code   RO          911    i.rt_block          RTX_CM1.LIB(rt_task.o)
    0x08004e10   0x00000044   Code   RO         1272    i.rt_chk_robin      RTX_CM1.LIB(rt_robin.o)
    0x08004e54   0x00000078   Code   RO         1193    i.rt_dec_dly        RTX_CM1.LIB(rt_list.o)
    0x08004ecc   0x00000040   Code   RO          912    i.rt_dispatch       RTX_CM1.LIB(rt_task.o)
    0x08004f0c   0x0000000a   Code   RO         1056    i.rt_dly_wait       RTX_CM1.LIB(rt_time.o)
    0x08004f16   0x00000002   PAD
    0x08004f18   0x0000001c   Code   RO         1011    i.rt_evt_clr        RTX_CM1.LIB(rt_event.o)
    0x08004f34   0x0000000c   Code   RO         1012    i.rt_evt_get        RTX_CM1.LIB(rt_event.o)
    0x08004f40   0x0000004c   Code   RO         1013    i.rt_evt_psh        RTX_CM1.LIB(rt_event.o)
    0x08004f8c   0x00000040   Code   RO         1015    i.rt_evt_wait       RTX_CM1.LIB(rt_event.o)
    0x08004fcc   0x00000026   Code   RO         1296    i.rt_free_box       RTX_CM1.LIB(rt_membox.o)
    0x08004ff2   0x0000002a   Code   RO         1194    i.rt_get_first      RTX_CM1.LIB(rt_list.o)
    0x0800501c   0x00000044   Code   RO          913    i.rt_init_context   RTX_CM1.LIB(rt_task.o)
    0x08005060   0x00000018   Code   RO         1273    i.rt_init_robin     RTX_CM1.LIB(rt_robin.o)
    0x08005078   0x0000004c   Code   RO         1090    i.rt_init_stack     RTX_CM1.LIB(hal_cm1.o)
    0x080050c4   0x000000ac   Code   RO         1330    i.rt_mbx_psh        RTX_CM1.LIB(rt_mailbox.o)
    0x08005170   0x00000070   Code   RO         1112    i.rt_pop_req        RTX_CM1.LIB(rt_system.o)
    0x080051e0   0x00000020   Code   RO         1113    i.rt_psh_req        RTX_CM1.LIB(rt_system.o)
    0x08005200   0x00000040   Code   RO         1196    i.rt_psq_enq        RTX_CM1.LIB(rt_list.o)
    0x08005240   0x00000050   Code   RO         1197    i.rt_put_dly        RTX_CM1.LIB(rt_list.o)
    0x08005290   0x0000003c   Code   RO         1198    i.rt_put_prio       RTX_CM1.LIB(rt_list.o)
    0x080052cc   0x00000014   Code   RO         1199    i.rt_put_rdy_first  RTX_CM1.LIB(rt_list.o)
    0x080052e0   0x0000002a   Code   RO         1201    i.rt_rmv_dly        RTX_CM1.LIB(rt_list.o)
    0x0800530a   0x00000002   PAD
    0x0800530c   0x00000034   Code   RO         1202    i.rt_rmv_list       RTX_CM1.LIB(rt_list.o)
    0x08005340   0x00000034   Code   RO         1376    i.rt_sem_psh        RTX_CM1.LIB(rt_semaphore.o)
    0x08005374   0x00000028   Code   RO         1115    i.rt_stk_check      RTX_CM1.LIB(rt_system.o)
    0x0800539c   0x00000010   Code   RO          914    i.rt_switch_req     RTX_CM1.LIB(rt_task.o)
    0x080053ac   0x00000138   Code   RO          915    i.rt_sys_init       RTX_CM1.LIB(rt_task.o)
    0x080054e4   0x0000003c   Code   RO         1117    i.rt_systick        RTX_CM1.LIB(rt_system.o)
    0x08005520   0x0000000c   Code   RO         1059    i.rt_time_get       RTX_CM1.LIB(rt_time.o)
    0x0800552c   0x00000040   Code   RO         1412    i.rt_tmr_tick       RTX_CM1.LIB(rt_timer.o)
    0x0800556c   0x0000007c   Code   RO          916    i.rt_tsk_create     RTX_CM1.LIB(rt_task.o)
    0x080055e8   0x0000009c   Code   RO          917    i.rt_tsk_delete     RTX_CM1.LIB(rt_task.o)
    0x08005684   0x00000054   Data   RO          296    .constdata          interrupted_charging.o
    0x080056d8   0x00000002   Data   RO          884    .constdata          rtx_conf_cm.o
    0x080056da   0x00000002   PAD
    0x080056dc   0x00000004   Data   RO          885    .constdata          rtx_conf_cm.o
    0x080056e0   0x00000004   Data   RO          886    .constdata          rtx_conf_cm.o
    0x080056e4   0x00000004   Data   RO          887    .constdata          rtx_conf_cm.o
    0x080056e8   0x00000001   Data   RO          888    .constdata          rtx_conf_cm.o
    0x080056e9   0x00000003   PAD
    0x080056ec   0x00000008   Data   RO          889    .constdata          rtx_conf_cm.o
    0x080056f4   0x00000002   Data   RO          890    .constdata          rtx_conf_cm.o
    0x080056f6   0x00000002   PAD
    0x080056f8   0x00000004   Data   RO          891    .constdata          rtx_conf_cm.o
    0x080056fc   0x00000001   Data   RO          892    .constdata          rtx_conf_cm.o
    0x080056fd   0x00000001   PAD
    0x080056fe   0x00000002   Data   RO          893    .constdata          rtx_conf_cm.o
    0x08005700   0x0000000c   Data   RO         1443    .constdata          mc_p.l(mktime.o)
    0x0800570c   0x0000000c   Data   RO         1757    .constdata          mc_p.l(localtime_i.o)
    0x08005718   0x00000020   Data   RO         1772    Region$$Table       anon$$obj.o


    Execution Region RW_IRAM1 (Base: 0x20000000, Size: 0x00000eb0, Max: 0x00001000, ABSOLUTE)

    Base Addr    Size         Type   Attr      Idx    E Section Name        Object

    0x20000000   0x00000004   Data   RW            8    .data               main.o
    0x20000004   0x00000004   Data   RW          153    .data               retarget.o
    0x20000008   0x00000008   Data   RW          188    .data               adc.o
    0x20000010   0x00000010   Data   RW          218    .data               perturb_and_observe.o
    0x20000020   0x00000002   Data   RW          242    .data               pwm.o
    0x20000022   0x00000002   PAD
    0x20000024   0x00000038   Data   RW          266    .data               serial.o
    0x2000005c   0x00000004   Data   RW          297    .data               interrupted_charging.o
    0x20000060   0x00000004   Data   RW          371    .data               ui.o
    0x20000064   0x00000010   Data   RW          705    .data               stm32f0xx_rcc.o
    0x20000074   0x00000014   Data   RW          849    .data               system_stm32f0xx.o
    0x20000088   0x00000004   Data   RW          894    .data               rtx_conf_cm.o
    0x2000008c   0x00000008   Data   RW          922    .data               RTX_CM1.LIB(rt_task.o)
    0x20000094   0x00000004   Data   RW         1060    .data               RTX_CM1.LIB(rt_time.o)
    0x20000098   0x00000008   Data   RW         1120    .data               RTX_CM1.LIB(rt_system.o)
    0x200000a0   0x00000008   Data   RW         1274    .data               RTX_CM1.LIB(rt_robin.o)
    0x200000a8   0x00000008   Data   RW         1413    .data               RTX_CM1.LIB(rt_timer.o)
    0x200000b0   0x00000020   Zero   RW          241    .bss                pwm.o
    0x200000d0   0x00000040   Zero   RW          265    .bss                serial.o
    0x20000110   0x0000009c   Zero   RW          880    .bss                rtx_conf_cm.o
    0x200001ac   0x00000004   PAD
    0x200001b0   0x00000810   Zero   RW          881    .bss                rtx_conf_cm.o
    0x200009c0   0x00000084   Zero   RW          882    .bss                rtx_conf_cm.o
    0x20000a44   0x0000000c   Zero   RW          883    .bss                rtx_conf_cm.o
    0x20000a50   0x00000030   Zero   RW          921    .bss                RTX_CM1.LIB(rt_task.o)
    0x20000a80   0x00000030   Zero   RW         1203    .bss                RTX_CM1.LIB(rt_list.o)
    0x20000ab0   0x00000400   Zero   RW          872    STACK               startup_stm32f0xx.o


==============================================================================

Image component sizes


      Code (inc. data)   RO Data    RW Data    ZI Data      Debug   Object Name

       668        158          0          8          0       8362   adc.o
       698        326         84          4          0       1579   interrupted_charging.o
       660         86          0          0          0       2960   lcd_hd44780.o
       872        280          0          4          0     171294   main.o
       508        142          0         16          0       1392   perturb_and_observe.o
       532         88          0          2         32       1365   pwm.o
        34          0          0          4          0       2676   retarget.o
        32         18         32          4       2364       1860   rtx_conf_cm.o
       432         22          0         56         64       3883   serial.o
        28          8        192          0       1024        640   startup_stm32f0xx.o
       548         12          0          0          0       5879   stm32f0xx_adc.o
       292         12          0          0          0       3174   stm32f0xx_dma.o
       212         14          0          0          0       2127   stm32f0xx_exti.o
       340         22          0          0          0       3253   stm32f0xx_gpio.o
       196         16          0          0          0        911   stm32f0xx_it.o
       124         16          0          0          0       1296   stm32f0xx_misc.o
       224         10          0          0          0       1954   stm32f0xx_pwr.o
      1040         38          0         16          0       7686   stm32f0xx_rcc.o
      2080         42          0          0          0      11854   stm32f0xx_rtc.o
       152          4          0          0          0       1806   stm32f0xx_syscfg.o
      2328        122          0          0          0      19255   stm32f0xx_tim.o
      1126         14          0          0          0      10091   stm32f0xx_usart.o
       288         30          0         20          0       1467   system_stm32f0xx.o
       804         98          0          4          0       1603   ui.o

    ----------------------------------------------------------------------
     14222       1578        348        140       3488     268367   Object Totals
         0          0         32          0          0          0   (incl. Generated)
         4          0          8          2          4          0   (incl. Padding)

    ----------------------------------------------------------------------

      Code (inc. data)   RO Data    RW Data    ZI Data      Debug   Library Member Name

         4          4          0          0          0        136   SVC_Table.o
       468         50          0          0          0       1300   hal_cm1.o
       216         26          0          0          0       2287   rt_event.o
       480         30          0          0         48       6120   rt_list.o
       172          4          0          0          0        549   rt_mailbox.o
       140          0          0          0          0       1505   rt_membox.o
        92         22          0          8          0        906   rt_robin.o
        52          6          0          0          0        433   rt_semaphore.o
       290         58          0          8          0       3247   rt_system.o
       796        152          0          8         48       6034   rt_task.o
        22          6          0          4          0        878   rt_time.o
        64          8          0          8          0        575   rt_timer.o
         0          0          0          0          0          0   entry.o
         8          4          0          0          0          0   entry2.o
         4          0          0          0          0          0   entry5.o
         0          0          0          0          0          0   entry7b.o
         8          4          0          0          0          0   entry8.o
        30          0          0          0          0          0   handlers.o
        40          0          0          0          0         72   idiv.o
        36          8          0          0          0         68   init.o
         0          0          0          0          0          0   iusefp.o
        32          0          0          0          0         68   llshl.o
        38          0          0          0          0         68   llsshr.o
        34          0          0          0          0         68   llushr.o
       116         12         12          0          0         72   localtime_i.o
        36          0          0          0          0         60   memcpya.o
       140         16         12          0          0         72   mktime.o
      2302        108          0          0          0        552   printfa.o
        44          0          0          0          0         72   uidiv.o
        96          0          0          0          0         84   uldiv.o
        40          2          0          0          0         68   cdrcmple.o
        20          0          0          0          0         68   cfrcmple.o
        56          0          0          0          0         68   d2f.o
       356          6          0          0          0        136   dadd.o
       240          6          0          0          0         80   ddiv.o
       238          0          0          0          0        212   depilogue.o
        60         10          0          0          0         68   dfixui.o
        64         10          0          0          0         68   dfixul.o
        40          6          0          0          0         68   dflti.o
        28          4          0          0          0         68   dfltui.o
       208          6          0          0          0         84   dmul.o
        40          0          0          0          0         60   f2d.o
       178          0          0          0          0        108   fadd.o
       128          0          0          0          0         72   fdiv.o
       132          0          0          0          0        144   fepilogue.o
        14          0          0          0          0         68   ffltui.o
       122          0          0          0          0         72   fmul.o

    ----------------------------------------------------------------------
      7734        568         24         36         96      26738   Library Totals
        10          0          0          0          0          0   (incl. Padding)

    ----------------------------------------------------------------------

      Code (inc. data)   RO Data    RW Data    ZI Data      Debug   Library Name

      2796        366          0         36         96      23970   RTX_CM1.LIB
      2964        152         24          0          0       1256   mc_p.l
      1964         50          0          0          0       1512   mf_p.l

    ----------------------------------------------------------------------
      7734        568         24         36         96      26738   Library Totals

    ----------------------------------------------------------------------

==============================================================================


      Code (inc. data)   RO Data    RW Data    ZI Data      Debug   

     21956       2146        372        176       3584     289089   Grand Totals
     21956       2146        372        176       3584     289089   ELF Image Totals
     21956       2146        372        176          0          0   ROM Totals

==============================================================================

    Total RO  Size (Code + RO Data)                22328 (  21.80kB)
    Total RW  Size (RW Data + ZI Data)              3760 (   3.67kB)
    Total ROM Size (Code + RO Data + RW Data)      22504 (  21.98kB)

==============================================================================

