ARM Linker, 5.02 [Build 28] [MDK-ARM Lite]

==============================================================================

Section Cross References

    main.o(i.charge_control) refers to adc.o(i.init_adc) for init_adc
    main.o(i.charge_control) refers to pwm.o(i.init_pwm) for init_pwm
    main.o(i.charge_control) refers to perturb_and_observe.o(i.perturb_and_observe) for perturb_and_observe
    main.o(i.charge_control) refers to rt_task.o(i.rt_tsk_create) for rt_tsk_create
    main.o(i.charge_control) refers to main.o(.data) for .data
    main.o(i.charge_control) refers to rt_task.o(i.rt_tsk_delete) for rt_tsk_delete
    main.o(i.init) refers to noretval__2printf.o(.text) for __2printf
    main.o(i.init) refers to pwm.o(i.pwm_out) for pwm_out
    main.o(i.init) refers to rt_task.o(i.rt_tsk_create) for rt_tsk_create
    main.o(i.init) refers to main.o(.data) for .data
    main.o(i.init) refers to adc.o(i.adc_in) for adc_in
    main.o(i.init) refers to rt_task.o(i.rt_tsk_delete) for rt_tsk_delete
    main.o(i.main) refers to serial.o(i.begin_fcn) for begin_fcn
    main.o(i.main) refers to hal_cm1.o(.emb_text) for os_set_env
    main.o(i.main) refers to main.o(i.init) for init
    main.o(i.main) refers to rt_task.o(i.rt_sys_init) for rt_sys_init
    retarget.o(.emb_text) refers (Special) to use_no_semi.o(.text) for __use_no_semihosting_swi
    retarget.o(i._sys_exit) refers (Special) to use_no_semi.o(.text) for __use_no_semihosting_swi
    retarget.o(i._ttywrch) refers (Special) to use_no_semi.o(.text) for __use_no_semihosting_swi
    retarget.o(i._ttywrch) refers to serial.o(i.write_fcn) for write_fcn
    retarget.o(i.ferror) refers (Special) to use_no_semi.o(.text) for __use_no_semihosting_swi
    retarget.o(i.fgetc) refers (Special) to use_no_semi.o(.text) for __use_no_semihosting_swi
    retarget.o(i.fputc) refers (Special) to use_no_semi.o(.text) for __use_no_semihosting_swi
    retarget.o(i.fputc) refers to serial.o(i.write_fcn) for write_fcn
    retarget.o(.data) refers (Special) to use_no_semi.o(.text) for __use_no_semihosting_swi
    retarget.o(.data) refers (Special) to use_no_semi.o(.text) for __use_no_semihosting_swi
    adc.o(i.adc_in) refers to _printf_percent.o(.ARM.Collect$$_printf_percent$$00000000) for _printf_percent
    adc.o(i.adc_in) refers to _printf_f.o(.ARM.Collect$$_printf_percent$$00000003) for _printf_f
    adc.o(i.adc_in) refers to printf1.o(x$fpl$printf1) for _printf_fp_dec
    adc.o(i.adc_in) refers to adc.o(i.init_adc) for init_adc
    adc.o(i.adc_in) refers to adc.o(i.get_adc_voltage) for get_adc_voltage
    adc.o(i.adc_in) refers to f2d.o(.text) for __aeabi_f2d
    adc.o(i.adc_in) refers to noretval__2printf.o(.text) for __2printf
    adc.o(i.adc_in) refers to rt_time.o(i.rt_dly_wait) for rt_dly_wait
    adc.o(i.get_adc_voltage) refers to stm32f0xx_adc.o(i.ADC_ChannelConfig) for ADC_ChannelConfig
    adc.o(i.get_adc_voltage) refers to stm32f0xx_adc.o(i.ADC_StartOfConversion) for ADC_StartOfConversion
    adc.o(i.get_adc_voltage) refers to stm32f0xx_adc.o(i.ADC_GetFlagStatus) for ADC_GetFlagStatus
    adc.o(i.get_adc_voltage) refers to stm32f0xx_adc.o(i.ADC_GetConversionValue) for ADC_GetConversionValue
    adc.o(i.get_adc_voltage) refers to dflti.o(.text) for __aeabi_ui2d
    adc.o(i.get_adc_voltage) refers to dmul.o(.text) for __aeabi_dmul
    adc.o(i.get_adc_voltage) refers to ddiv.o(.text) for __aeabi_ddiv
    adc.o(i.get_adc_voltage) refers to d2f.o(.text) for __aeabi_d2f
    adc.o(i.init_adc) refers to stm32f0xx_rcc.o(i.RCC_AHBPeriphClockCmd) for RCC_AHBPeriphClockCmd
    adc.o(i.init_adc) refers to stm32f0xx_rcc.o(i.RCC_APB2PeriphClockCmd) for RCC_APB2PeriphClockCmd
    adc.o(i.init_adc) refers to stm32f0xx_gpio.o(i.GPIO_Init) for GPIO_Init
    adc.o(i.init_adc) refers to stm32f0xx_tim.o(i.TIM_DeInit) for TIM_DeInit
    adc.o(i.init_adc) refers to stm32f0xx_tim.o(i.TIM_TimeBaseStructInit) for TIM_TimeBaseStructInit
    adc.o(i.init_adc) refers to stm32f0xx_tim.o(i.TIM_OCStructInit) for TIM_OCStructInit
    adc.o(i.init_adc) refers to stm32f0xx_tim.o(i.TIM_TimeBaseInit) for TIM_TimeBaseInit
    adc.o(i.init_adc) refers to stm32f0xx_tim.o(i.TIM_OC4Init) for TIM_OC4Init
    adc.o(i.init_adc) refers to stm32f0xx_tim.o(i.TIM_Cmd) for TIM_Cmd
    adc.o(i.init_adc) refers to stm32f0xx_tim.o(i.TIM_CtrlPWMOutputs) for TIM_CtrlPWMOutputs
    adc.o(i.init_adc) refers to stm32f0xx_adc.o(i.ADC_DeInit) for ADC_DeInit
    adc.o(i.init_adc) refers to stm32f0xx_adc.o(i.ADC_StructInit) for ADC_StructInit
    adc.o(i.init_adc) refers to stm32f0xx_adc.o(i.ADC_Init) for ADC_Init
    adc.o(i.init_adc) refers to stm32f0xx_adc.o(i.ADC_ChannelConfig) for ADC_ChannelConfig
    adc.o(i.init_adc) refers to stm32f0xx_adc.o(i.ADC_GetCalibrationFactor) for ADC_GetCalibrationFactor
    adc.o(i.init_adc) refers to stm32f0xx_adc.o(i.ADC_Cmd) for ADC_Cmd
    adc.o(i.init_adc) refers to stm32f0xx_adc.o(i.ADC_GetFlagStatus) for ADC_GetFlagStatus
[...]
    STM32F0xx_StdPeriph_Driver\src\stm32f0xx_dma.c 0x00000000   Number         0  stm32f0xx_dma.o ABSOLUTE
    STM32F0xx_StdPeriph_Driver\src\stm32f0xx_exti.c 0x00000000   Number         0  stm32f0xx_exti.o ABSOLUTE
    STM32F0xx_StdPeriph_Driver\src\stm32f0xx_flash.c 0x00000000   Number         0  stm32f0xx_flash.o ABSOLUTE
    STM32F0xx_StdPeriph_Driver\src\stm32f0xx_gpio.c 0x00000000   Number         0  stm32f0xx_gpio.o ABSOLUTE
    STM32F0xx_StdPeriph_Driver\src\stm32f0xx_i2c.c 0x00000000   Number         0  stm32f0xx_i2c.o ABSOLUTE
    STM32F0xx_StdPeriph_Driver\src\stm32f0xx_iwdg.c 0x00000000   Number         0  stm32f0xx_iwdg.o ABSOLUTE
    STM32F0xx_StdPeriph_Driver\src\stm32f0xx_misc.c 0x00000000   Number         0  stm32f0xx_misc.o ABSOLUTE
    STM32F0xx_StdPeriph_Driver\src\stm32f0xx_pwr.c 0x00000000   Number         0  stm32f0xx_pwr.o ABSOLUTE
    STM32F0xx_StdPeriph_Driver\src\stm32f0xx_rcc.c 0x00000000   Number         0  stm32f0xx_rcc.o ABSOLUTE
    STM32F0xx_StdPeriph_Driver\src\stm32f0xx_rtc.c 0x00000000   Number         0  stm32f0xx_rtc.o ABSOLUTE
    STM32F0xx_StdPeriph_Driver\src\stm32f0xx_spi.c 0x00000000   Number         0  stm32f0xx_spi.o ABSOLUTE
    STM32F0xx_StdPeriph_Driver\src\stm32f0xx_syscfg.c 0x00000000   Number         0  stm32f0xx_syscfg.o ABSOLUTE
    STM32F0xx_StdPeriph_Driver\src\stm32f0xx_tim.c 0x00000000   Number         0  stm32f0xx_tim.o ABSOLUTE
    STM32F0xx_StdPeriph_Driver\src\stm32f0xx_usart.c 0x00000000   Number         0  stm32f0xx_usart.o ABSOLUTE
    STM32F0xx_StdPeriph_Driver\src\stm32f0xx_wwdg.c 0x00000000   Number         0  stm32f0xx_wwdg.o ABSOLUTE
    adc.c                                    0x00000000   Number         0  adc.o ABSOLUTE
    adc.c                                    0x00000000   Number         0  adc.o ABSOLUTE
    dc.s                                     0x00000000   Number         0  dc.o ABSOLUTE
    main.c                                   0x00000000   Number         0  main.o ABSOLUTE
    main.c                                   0x00000000   Number         0  main.o ABSOLUTE
    perturb_and_observe.c                    0x00000000   Number         0  perturb_and_observe.o ABSOLUTE
    perturb_and_observe.c                    0x00000000   Number         0  perturb_and_observe.o ABSOLUTE
    pwm.c                                    0x00000000   Number         0  pwm.o ABSOLUTE
    pwm.c                                    0x00000000   Number         0  pwm.o ABSOLUTE
    system_stm32f0xx.c                       0x00000000   Number         0  system_stm32f0xx.o ABSOLUTE
    system_stm32f0xx.c                       0x00000000   Number         0  system_stm32f0xx.o ABSOLUTE
    RESET                                    0x08000000   Section      192  startup_stm32f0xx.o(RESET)
    !!!main                                  0x080000c0   Section        8  __main.o(!!!main)
    !!!scatter                               0x080000c8   Section       60  __scatter.o(!!!scatter)
    !!handler_zi                             0x08000104   Section       28  __scatter_zi.o(!!handler_zi)
    .ARM.Collect$$_printf_percent$$00000000  0x08000120   Section        2  _printf_percent.o(.ARM.Collect$$_printf_percent$$00000000)
    .ARM.Collect$$_printf_percent$$00000003  0x08000122   Section       10  _printf_f.o(.ARM.Collect$$_printf_percent$$00000003)
    .ARM.Collect$$_printf_percent$$00000008  0x0800012c   Section       10  _printf_i.o(.ARM.Collect$$_printf_percent$$00000008)
    .ARM.Collect$$_printf_percent$$00000017  0x08000136   Section        4  _printf_percent_end.o(.ARM.Collect$$_printf_percent$$00000017)
    .ARM.Collect$$libinit$$00000000          0x0800013a   Section        2  libinit.o(.ARM.Collect$$libinit$$00000000)
    .ARM.Collect$$libinit$$00000001          0x0800013c   Section        4  libinit2.o(.ARM.Collect$$libinit$$00000001)
    .ARM.Collect$$libinit$$00000008          0x08000140   Section        0  libinit2.o(.ARM.Collect$$libinit$$00000008)
    .ARM.Collect$$libinit$$0000000A          0x08000140   Section        0  libinit2.o(.ARM.Collect$$libinit$$0000000A)
    .ARM.Collect$$libinit$$0000000C          0x08000140   Section        0  libinit2.o(.ARM.Collect$$libinit$$0000000C)
    .ARM.Collect$$libinit$$0000000D          0x08000140   Section        6  libinit2.o(.ARM.Collect$$libinit$$0000000D)
    .ARM.Collect$$libinit$$0000000F          0x08000146   Section        0  libinit2.o(.ARM.Collect$$libinit$$0000000F)
    .ARM.Collect$$libinit$$00000011          0x08000146   Section        0  libinit2.o(.ARM.Collect$$libinit$$00000011)
    .ARM.Collect$$libinit$$00000013          0x08000146   Section        0  libinit2.o(.ARM.Collect$$libinit$$00000013)
    .ARM.Collect$$libinit$$00000014          0x08000146   Section       10  libinit2.o(.ARM.Collect$$libinit$$00000014)
    .ARM.Collect$$libinit$$00000015          0x08000150   Section        0  libinit2.o(.ARM.Collect$$libinit$$00000015)
    .ARM.Collect$$libinit$$00000017          0x08000150   Section        0  libinit2.o(.ARM.Collect$$libinit$$00000017)
    .ARM.Collect$$libinit$$00000019          0x08000150   Section        0  libinit2.o(.ARM.Collect$$libinit$$00000019)
    .ARM.Collect$$libinit$$0000001B          0x08000150   Section        0  libinit2.o(.ARM.Collect$$libinit$$0000001B)
    .ARM.Collect$$libinit$$0000001D          0x08000150   Section        0  libinit2.o(.ARM.Collect$$libinit$$0000001D)
    .ARM.Collect$$libinit$$0000001F          0x08000150   Section        0  libinit2.o(.ARM.Collect$$libinit$$0000001F)
    .ARM.Collect$$libinit$$00000021          0x08000150   Section        0  libinit2.o(.ARM.Collect$$libinit$$00000021)
    .ARM.Collect$$libinit$$00000023          0x08000150   Section        0  libinit2.o(.ARM.Collect$$libinit$$00000023)
    .ARM.Collect$$libinit$$0000002A          0x08000150   Section        0  libinit2.o(.ARM.Collect$$libinit$$0000002A)
    .ARM.Collect$$libinit$$0000002C          0x08000150   Section        0  libinit2.o(.ARM.Collect$$libinit$$0000002C)
    .ARM.Collect$$libinit$$0000002E          0x08000150   Section        0  libinit2.o(.ARM.Collect$$libinit$$0000002E)
    .ARM.Collect$$libinit$$00000030          0x08000150   Section        0  libinit2.o(.ARM.Collect$$libinit$$00000030)
    .ARM.Collect$$libinit$$00000031          0x08000150   Section        2  libinit2.o(.ARM.Collect$$libinit$$00000031)
    .ARM.Collect$$libshutdown$$00000000      0x08000152   Section        2  libshutdown.o(.ARM.Collect$$libshutdown$$00000000)
    .ARM.Collect$$libshutdown$$00000003      0x08000154   Section        0  libshutdown2.o(.ARM.Collect$$libshutdown$$00000003)
    .ARM.Collect$$libshutdown$$00000006      0x08000154   Section        0  libshutdown2.o(.ARM.Collect$$libshutdown$$00000006)
    .ARM.Collect$$libshutdown$$00000009      0x08000154   Section        0  libshutdown2.o(.ARM.Collect$$libshutdown$$00000009)
    .ARM.Collect$$libshutdown$$0000000B      0x08000154   Section        0  libshutdown2.o(.ARM.Collect$$libshutdown$$0000000B)
    .ARM.Collect$$libshutdown$$0000000E      0x08000154   Section        0  libshutdown2.o(.ARM.Collect$$libshutdown$$0000000E)
    .ARM.Collect$$libshutdown$$0000000F      0x08000154   Section        2  libshutdown2.o(.ARM.Collect$$libshutdown$$0000000F)
    .ARM.Collect$$rtentry$$00000000          0x08000156   Section        0  rtentry.o(.ARM.Collect$$rtentry$$00000000)
    .ARM.Collect$$rtentry$$00000002          0x08000156   Section        0  rtentry2.o(.ARM.Collect$$rtentry$$00000002)
    .ARM.Collect$$rtentry$$00000004          0x08000156   Section        6  rtentry4.o(.ARM.Collect$$rtentry$$00000004)
    .ARM.Collect$$rtentry$$00000009          0x0800015c   Section        0  rtentry2.o(.ARM.Collect$$rtentry$$00000009)
    .ARM.Collect$$rtentry$$0000000A          0x0800015c   Section        4  rtentry2.o(.ARM.Collect$$rtentry$$0000000A)
    .ARM.Collect$$rtentry$$0000000C          0x08000160   Section        0  rtentry2.o(.ARM.Collect$$rtentry$$0000000C)
    .ARM.Collect$$rtentry$$0000000D          0x08000160   Section        8  rtentry2.o(.ARM.Collect$$rtentry$$0000000D)
    .ARM.Collect$$rtexit$$00000000           0x08000168   Section        2  rtexit.o(.ARM.Collect$$rtexit$$00000000)
    .ARM.Collect$$rtexit$$00000002           0x0800016a   Section        0  rtexit2.o(.ARM.Collect$$rtexit$$00000002)
    .ARM.Collect$$rtexit$$00000003           0x0800016a   Section        4  rtexit2.o(.ARM.Collect$$rtexit$$00000003)
    .ARM.Collect$$rtexit$$00000004           0x0800016e   Section        6  rtexit2.o(.ARM.Collect$$rtexit$$00000004)
    .emb_text                                0x08000174   Section      392  hal_cm1.o(.emb_text)
    .text                                    0x080002fc   Section       56  startup_stm32f0xx.o(.text)
    .text                                    0x08000334   Section        8  libspace.o(.text)
    .text                                    0x0800033c   Section        2  use_no_semi.o(.text)
    .text                                    0x08000340   Section        0  noretval__2printf.o(.text)
    .text                                    0x0800035c   Section        0  __printf.o(.text)
    .text                                    0x080003cc   Section        0  _printf_dec.o(.text)
    .text                                    0x08000438   Section      346  aeabi_sdiv.o(.text)
    .text                                    0x08000592   Section        0  heapauxi.o(.text)
    .text                                    0x08000598   Section        0  d2f.o(.text)
    .text                                    0x08000614   Section        0  daddsub.o(.text)
    _dadd1                                   0x08000615   Thumb Code   286  daddsub.o(.text)
    _dsub1                                   0x08000733   Thumb Code   468  daddsub.o(.text)
    .text                                    0x08000960   Section        0  ddiv.o(.text)
    .text                                    0x08000db0   Section        0  dfixui.o(.text)
    .text                                    0x08000df8   Section        0  dflti.o(.text)
    .text                                    0x08000e50   Section        0  dmul.o(.text)
    .text                                    0x080010a8   Section        0  f2d.o(.text)
    .text                                    0x080010f8   Section        0  _printf_intcommon.o(.text)
    .text                                    0x080011a8   Section        0  _printf_fp_dec.o(.text)
    _fp_digits                               0x080011ab   Thumb Code   412  _printf_fp_dec.o(.text)
    .text                                    0x080015bc   Section        0  _printf_char_file.o(.text)
    .text                                    0x080015e4   Section        0  rtudiv10.o(.text)
    .text                                    0x0800160c   Section       10  rt_locale_twolibspace.o(.text)
    .text                                    0x08001616   Section        0  lludiv10.o(.text)
    .text                                    0x08001690   Section        0  _printf_char_common.o(.text)
    _printf_input_char                       0x08001691   Thumb Code    10  _printf_char_common.o(.text)
    .text                                    0x080016c0   Section        0  _printf_fp_infnan.o(.text)
    .text                                    0x08001748   Section        0  bigflt0.o(.text)
    .text                                    0x08001814   Section        0  btod.o(.text)
    btod_internal_mul                        0x08001855   Thumb Code   456  btod.o(.text)
    btod_internal_div                        0x08001a1d   Thumb Code   494  btod.o(.text)
    .text                                    0x08001cbc   Section       62  sys_stackheap_outer.o(.text)
    .text                                    0x08001cfa   Section        0  exit.o(.text)
    .text                                    0x08001d08   Section        0  strcmp.o(.text)
    .text                                    0x08001d90   Section        0  __dczerorl2.o(.text)
    SVC_TABLE                                0x08001de8   Section        4  SVC_Table.o(SVC_TABLE)
    i.ADC_ChannelConfig                      0x08001dec   Section        0  stm32f0xx_adc.o(i.ADC_ChannelConfig)
    i.ADC_Cmd                                0x08001df6   Section        0  stm32f0xx_adc.o(i.ADC_Cmd)
    i.ADC_DeInit                             0x08001e10   Section        0  stm32f0xx_adc.o(i.ADC_DeInit)
    i.ADC_GetCalibrationFactor               0x08001e30   Section        0  stm32f0xx_adc.o(i.ADC_GetCalibrationFactor)
    i.ADC_GetConversionValue                 0x08001e5e   Section        0  stm32f0xx_adc.o(i.ADC_GetConversionValue)
    i.ADC_GetFlagStatus                      0x08001e64   Section        0  stm32f0xx_adc.o(i.ADC_GetFlagStatus)
    i.ADC_Init                               0x08001e84   Section        0  stm32f0xx_adc.o(i.ADC_Init)
    i.ADC_StartOfConversion                  0x08001eb0   Section        0  stm32f0xx_adc.o(i.ADC_StartOfConversion)
    i.ADC_StructInit                         0x08001eba   Section        0  stm32f0xx_adc.o(i.ADC_StructInit)
    i.GPIO_Configuration_USART2              0x08001eca   Section        0  serial.o(i.GPIO_Configuration_USART2)
    GPIO_Configuration_USART2                0x08001ecb   Thumb Code    76  serial.o(i.GPIO_Configuration_USART2)
    i.GPIO_Init                              0x08001f16   Section        0  stm32f0xx_gpio.o(i.GPIO_Init)
    i.GPIO_PinAFConfig                       0x08001f86   Section        0  stm32f0xx_gpio.o(i.GPIO_PinAFConfig)
    i.NVIC_Configuration                     0x08001fa6   Section        0  serial.o(i.NVIC_Configuration)
    NVIC_Configuration                       0x08001fa7   Thumb Code    24  serial.o(i.NVIC_Configuration)
    i.NVIC_Init                              0x08001fc0   Section        0  stm32f0xx_misc.o(i.NVIC_Init)
    i.RCC_AHBPeriphClockCmd                  0x08002010   Section        0  stm32f0xx_rcc.o(i.RCC_AHBPeriphClockCmd)
    i.RCC_APB1PeriphClockCmd                 0x0800202c   Section        0  stm32f0xx_rcc.o(i.RCC_APB1PeriphClockCmd)
    i.RCC_APB1PeriphResetCmd                 0x08002048   Section        0  stm32f0xx_rcc.o(i.RCC_APB1PeriphResetCmd)
    i.RCC_APB2PeriphClockCmd                 0x08002064   Section        0  stm32f0xx_rcc.o(i.RCC_APB2PeriphClockCmd)
    i.RCC_APB2PeriphResetCmd                 0x08002080   Section        0  stm32f0xx_rcc.o(i.RCC_APB2PeriphResetCmd)
    i.RCC_GetClocksFreq                      0x0800209c   Section        0  stm32f0xx_rcc.o(i.RCC_GetClocksFreq)
    i.SetSysClock                            0x0800219c   Section        0  system_stm32f0xx.o(i.SetSysClock)
    SetSysClock                              0x0800219d   Thumb Code    80  system_stm32f0xx.o(i.SetSysClock)
    i.SystemInit                             0x080021f4   Section        0  system_stm32f0xx.o(i.SystemInit)
    i.TIM_Cmd                                0x08002254   Section        0  stm32f0xx_tim.o(i.TIM_Cmd)
    i.TIM_Config                             0x0800226c   Section        0  pwm.o(i.TIM_Config)
    i.TIM_CtrlPWMOutputs                     0x080022c8   Section        0  stm32f0xx_tim.o(i.TIM_CtrlPWMOutputs)
    i.TIM_DeInit                             0x080022e4   Section        0  stm32f0xx_tim.o(i.TIM_DeInit)
    i.TIM_OC1Init                            0x080023d0   Section        0  stm32f0xx_tim.o(i.TIM_OC1Init)
    i.TIM_OC4Init                            0x08002454   Section        0  stm32f0xx_tim.o(i.TIM_OC4Init)
    i.TIM_OCStructInit                       0x080024c0   Section        0  stm32f0xx_tim.o(i.TIM_OCStructInit)
    i.TIM_TimeBaseInit                       0x080024d4   Section        0  stm32f0xx_tim.o(i.TIM_TimeBaseInit)
    i.TIM_TimeBaseStructInit                 0x08002548   Section        0  stm32f0xx_tim.o(i.TIM_TimeBaseStructInit)
    i.UART2_Init                             0x0800255c   Section        0  serial.o(i.UART2_Init)
    UART2_Init                               0x0800255d   Thumb Code    62  serial.o(i.UART2_Init)
    i.USART2_IRQHandler                      0x080025a4   Section        0  serial.o(i.USART2_IRQHandler)
    i.USART_ClearITPendingBit                0x08002618   Section        0  stm32f0xx_usart.o(i.USART_ClearITPendingBit)
    i.USART_Cmd                              0x08002622   Section        0  stm32f0xx_usart.o(i.USART_Cmd)
    i.USART_GetFlagStatus                    0x0800263a   Section        0  stm32f0xx_usart.o(i.USART_GetFlagStatus)
    i.USART_GetITStatus                      0x08002648   Section        0  stm32f0xx_usart.o(i.USART_GetITStatus)
    i.USART_ITConfig                         0x08002684   Section        0  stm32f0xx_usart.o(i.USART_ITConfig)
    i.USART_Init                             0x080026b4   Section        0  stm32f0xx_usart.o(i.USART_Init)
    i.USART_ReceiveData                      0x08002774   Section        0  stm32f0xx_usart.o(i.USART_ReceiveData)
    i.USART_SendData                         0x0800277c   Section        0  stm32f0xx_usart.o(i.USART_SendData)
    i.__ARM_common_ll_muluu                  0x08002784   Section        0  btod.o(i.__ARM_common_ll_muluu)
    i.__ARM_fpclassify                       0x080027b4   Section        0  fpclassify.o(i.__ARM_fpclassify)
    i._init_box                              0x080027e0   Section        0  rt_membox.o(i._init_box)
    i._mutex_acquire                         0x08002828   Section        0  rtx_conf_cm.o(i._mutex_acquire)
    __tagsym$$used                           0x08002829   Number         0  rtx_conf_cm.o(i._mutex_acquire)
    i._mutex_release                         0x08002848   Section        0  rtx_conf_cm.o(i._mutex_release)
    __tagsym$$used                           0x08002849   Number         0  rtx_conf_cm.o(i._mutex_release)
    i._sys_exit                              0x08002864   Section        0  retarget.o(i._sys_exit)
    i.adc_in                                 0x08002868   Section        0  adc.o(i.adc_in)
    i.available_fcn                          0x080028d0   Section        0  serial.o(i.available_fcn)
    i.begin_fcn                              0x080028dc   Section        0  serial.o(i.begin_fcn)
    i.ferror                                 0x08002900   Section        0  retarget.o(i.ferror)
    i.flush_fcn                              0x08002908   Section        0  serial.o(i.flush_fcn)
    i.fputc                                  0x08002924   Section        0  retarget.o(i.fputc)
    i.get_adc_voltage                        0x08002930   Section        0  adc.o(i.get_adc_voltage)
    i.init                                   0x08002980   Section        0  main.o(i.init)
    i.init_adc                               0x080029fc   Section        0  adc.o(i.init_adc)
    i.init_pwm                               0x08002af0   Section        0  pwm.o(i.init_pwm)
    i.main                                   0x08002ba0   Section        0  main.o(i.main)
    i.os_error                               0x08002bc8   Section        0  rtx_conf_cm.o(i.os_error)
    i.os_idle_demon                          0x08002be8   Section        0  rtx_conf_cm.o(i.os_idle_demon)
    i.os_tick_init                           0x08002bec   Section        0  rt_system.o(i.os_tick_init)
    i.os_tick_irqack                         0x08002c18   Section        0  rt_system.o(i.os_tick_irqack)
    i.os_tmr_call                            0x08002c1a   Section        0  rtx_conf_cm.o(i.os_tmr_call)
    i.peek_fcn                               0x08002c1c   Section        0  serial.o(i.peek_fcn)
    i.pinSetMode                             0x08002c30   Section        0  gpio.o(i.pinSetMode)
    i.print_fcn                              0x08002c40   Section        0  serial.o(i.print_fcn)
    i.println_fcn                            0x08002c54   Section        0  serial.o(i.println_fcn)
    i.putchar                                0x08002c68   Section        0  serial.o(i.putchar)
    i.pwm_out                                0x08002c8c   Section        0  pwm.o(i.pwm_out)
    i.read_fcn                               0x08002ce0   Section        0  serial.o(i.read_fcn)
    i.rt_alloc_box                           0x08002d14   Section        0  rt_membox.o(i.rt_alloc_box)
    i.rt_block                               0x08002d34   Section        0  rt_task.o(i.rt_block)
    i.rt_chk_robin                           0x08002d6c   Section        0  rt_robin.o(i.rt_chk_robin)
    i.rt_dec_dly                             0x08002db0   Section        0  rt_list.o(i.rt_dec_dly)
    i.rt_dispatch                            0x08002e28   Section        0  rt_task.o(i.rt_dispatch)
    i.rt_dly_wait                            0x08002e68   Section        0  rt_time.o(i.rt_dly_wait)
    i.rt_evt_psh                             0x08002e74   Section        0  rt_event.o(i.rt_evt_psh)
    i.rt_free_box                            0x08002ec0   Section        0  rt_membox.o(i.rt_free_box)
    i.rt_get_first                           0x08002ee6   Section        0  rt_list.o(i.rt_get_first)
    i.rt_init_context                        0x08002f10   Section        0  rt_task.o(i.rt_init_context)
    rt_init_context                          0x08002f11   Thumb Code    64  rt_task.o(i.rt_init_context)
    i.rt_init_robin                          0x08002f54   Section        0  rt_robin.o(i.rt_init_robin)
    i.rt_init_stack                          0x08002f6c   Section        0  hal_cm1.o(i.rt_init_stack)
    i.rt_mbx_psh                             0x08002fb8   Section        0  rt_mailbox.o(i.rt_mbx_psh)
    i.rt_mut_release                         0x08003064   Section        0  rt_mutex.o(i.rt_mut_release)
    i.rt_mut_wait                            0x0800310c   Section        0  rt_mutex.o(i.rt_mut_wait)
    i.rt_pop_req                             0x08003178   Section        0  rt_system.o(i.rt_pop_req)
    i.rt_put_dly                             0x080031e8   Section        0  rt_list.o(i.rt_put_dly)
    i.rt_put_prio                            0x08003238   Section        0  rt_list.o(i.rt_put_prio)
    i.rt_put_rdy_first                       0x08003274   Section        0  rt_list.o(i.rt_put_rdy_first)
    i.rt_resort_prio                         0x08003288   Section        0  rt_list.o(i.rt_resort_prio)
    i.rt_rmv_dly                             0x080032b8   Section        0  rt_list.o(i.rt_rmv_dly)
    i.rt_rmv_list                            0x080032e4   Section        0  rt_list.o(i.rt_rmv_list)
    i.rt_sem_psh                             0x08003318   Section        0  rt_semaphore.o(i.rt_sem_psh)
    i.rt_stk_check                           0x0800334c   Section        0  rt_system.o(i.rt_stk_check)
    i.rt_switch_req                          0x08003374   Section        0  rt_task.o(i.rt_switch_req)
    i.rt_sys_init                            0x08003384   Section        0  rt_task.o(i.rt_sys_init)
    i.rt_systick                             0x080034bc   Section        0  rt_system.o(i.rt_systick)
    i.rt_tmr_tick                            0x080034f8   Section        0  rt_timer.o(i.rt_tmr_tick)
    i.rt_tsk_create                          0x08003538   Section        0  rt_task.o(i.rt_tsk_create)
    i.rt_tsk_delete                          0x080035b4   Section        0  rt_task.o(i.rt_tsk_delete)
    i.rt_tsk_self                            0x08003650   Section        0  rt_task.o(i.rt_tsk_self)
    i.set_duty_cycle                         0x08003660   Section        0  pwm.o(i.set_duty_cycle)
    i.write_fcn                              0x080036b8   Section        0  serial.o(i.write_fcn)
    locale$$code                             0x080036c0   Section       44  lc_numeric_c.o(locale$$code)
    x$fpl$printf1                            0x080036ec   Section       16  printf1.o(x$fpl$printf1)
    .constdata                               0x080036fc   Section        2  rtx_conf_cm.o(.constdata)
    x$fpl$usenofp                            0x080036fc   Section        0  usenofp.o(x$fpl$usenofp)
    .constdata                               0x08003700   Section        4  rtx_conf_cm.o(.constdata)
    .constdata                               0x08003704   Section        4  rtx_conf_cm.o(.constdata)
    .constdata                               0x08003708   Section        4  rtx_conf_cm.o(.constdata)
    .constdata                               0x0800370c   Section        1  rtx_conf_cm.o(.constdata)
    .constdata                               0x08003710   Section        8  rtx_conf_cm.o(.constdata)
    __tagsym$$used                           0x08003710   Number         0  rtx_conf_cm.o(.constdata)
    __tagsym$$used                           0x08003714   Number         0  rtx_conf_cm.o(.constdata)
    .constdata                               0x08003718   Section        2  rtx_conf_cm.o(.constdata)
    .constdata                               0x0800371c   Section        4  rtx_conf_cm.o(.constdata)
    .constdata                               0x08003720   Section        1  rtx_conf_cm.o(.constdata)
    .constdata                               0x08003722   Section        2  rtx_conf_cm.o(.constdata)
    .constdata                               0x08003724   Section      128  ddiv.o(.constdata)
    ddiv_reciptbl                            0x08003724   Data         128  ddiv.o(.constdata)
    .constdata                               0x080037a4   Section      148  bigflt0.o(.constdata)
    tenpwrs_x                                0x080037a4   Data          60  bigflt0.o(.constdata)
    tenpwrs_i                                0x080037e0   Data          64  bigflt0.o(.constdata)
    locale$$data                             0x08003858   Section       28  lc_numeric_c.o(locale$$data)
    __lcnum_c_name                           0x0800385c   Data           2  lc_numeric_c.o(locale$$data)
    __lcnum_c_start                          0x08003864   Data           0  lc_numeric_c.o(locale$$data)
    __lcnum_c_point                          0x08003870   Data           0  lc_numeric_c.o(locale$$data)
    __lcnum_c_thousands                      0x08003872   Data           0  lc_numeric_c.o(locale$$data)
    __lcnum_c_grouping                       0x08003873   Data           0  lc_numeric_c.o(locale$$data)
    __lcnum_c_end                            0x08003874   Data           0  lc_numeric_c.o(locale$$data)
    .data                                    0x20000000   Section       12  main.o(.data)
    .data                                    0x2000000c   Section        4  retarget.o(.data)
    .data                                    0x20000010   Section        2  pwm.o(.data)
    .data                                    0x20000012   Section       16  stm32f0xx_rcc.o(.data)
    APBAHBPrescTable                         0x20000012   Data          16  stm32f0xx_rcc.o(.data)
    .data                                    0x20000024   Section       20  system_stm32f0xx.o(.data)
    .data                                    0x20000038   Section        4  rtx_conf_cm.o(.data)
    .data                                    0x2000003c   Section      284  gpio.o(.data)
    NVIC_InitStructure                       0x2000003c   Data           3  gpio.o(.data)
    GPIO_InitStructure                       0x20000040   Data           8  gpio.o(.data)
    EXTI_InitStructure                       0x20000048   Data           8  gpio.o(.data)
    ArduinoPort                              0x20000050   Data         264  gpio.o(.data)
    .data                                    0x20000158   Section       56  serial.o(.data)
    rcv_buff_full                            0x20000158   Data           1  serial.o(.data)
    nb_rcv_buff_char                         0x2000015a   Data           2  serial.o(.data)
    rcv_buff_overload                        0x2000015c   Data           2  serial.o(.data)
    pt_rcv_read                              0x20000160   Data           4  serial.o(.data)
    pt_rcv_write                             0x20000164   Data           4  serial.o(.data)
    USARTx                                   0x20000168   Data           4  serial.o(.data)
    .data                                    0x20000190   Section        8  rt_task.o(.data)
    .data                                    0x20000198   Section        4  rt_time.o(.data)
    .data                                    0x2000019c   Section        8  rt_system.o(.data)
    os_lock                                  0x2000019c   Data           1  rt_system.o(.data)
    os_psh_flag                              0x2000019d   Data           1  rt_system.o(.data)
    pend_flags                               0x2000019e   Data           1  rt_system.o(.data)
    .data                                    0x200001a4   Section        8  rt_robin.o(.data)
    .data                                    0x200001ac   Section        8  rt_timer.o(.data)
    .bss                                     0x200001b4   Section       32  pwm.o(.bss)
    .bss                                     0x200001d4   Section      156  rtx_conf_cm.o(.bss)
    .bss                                     0x20000270   Section     3216  rtx_conf_cm.o(.bss)
    .bss                                     0x20000f00   Section      132  rtx_conf_cm.o(.bss)
    .bss                                     0x20000f84   Section       12  rtx_conf_cm.o(.bss)
    .bss                                     0x20000f90   Section      256  serial.o(.bss)
    rcv_buff                                 0x20000f90   Data         256  serial.o(.bss)
    .bss                                     0x20001090   Section       48  rt_task.o(.bss)
    .bss                                     0x200010c0   Section       48  rt_list.o(.bss)
    .bss                                     0x200010f0   Section       96  libspace.o(.bss)
    HEAP                                     0x20001150   Section      512  startup_stm32f0xx.o(HEAP)
    Heap_Mem                                 0x20001150   Data         512  startup_stm32f0xx.o(HEAP)
    STACK                                    0x20001350   Section     1024  startup_stm32f0xx.o(STACK)
    Stack_Mem                                0x20001350   Data        1024  startup_stm32f0xx.o(STACK)
    __initial_sp                             0x20001750   Data           0  startup_stm32f0xx.o(STACK)

    Global Symbols

    Symbol Name                              Value     Ov Type        Size  Object(Section)

    BuildAttributes$$THM_ISAv3M$S$PE$A:L22$X:L11$S22$IEEE1$IW$USESV6$~STKCKD$USESV7$~SHL$OTIME$ROPI$IEEEJ$EBA8$UX$STANDARDLIB$REQ8$PRES8$EABIv2 0x00000000   Number         0  anon$$obj.o ABSOLUTE
    __ARM_use_no_argv                        0x00000000   Number         0  main.o ABSOLUTE
    __ARM_exceptions_init                     - Undefined Weak Reference
    __alloca_initialize                       - Undefined Weak Reference
    __cpp_initialize__aeabi_                  - Undefined Weak Reference
    __cxa_finalize                            - Undefined Weak Reference
    __sigvec_lookup                           - Undefined Weak Reference
    _atexit_init                              - Undefined Weak Reference
    _call_atexit_fns                          - Undefined Weak Reference
    _clock_init                               - Undefined Weak Reference
    _fp_trap_init                             - Undefined Weak Reference
    _fp_trap_shutdown                         - Undefined Weak Reference
    _get_lc_collate                           - Undefined Weak Reference
    _get_lc_ctype                             - Undefined Weak Reference
    _get_lc_monetary                          - Undefined Weak Reference
    _get_lc_time                              - Undefined Weak Reference
    _getenv_init                              - Undefined Weak Reference
    _handle_redirection                       - Undefined Weak Reference
    _init_alloc                               - Undefined Weak Reference
    _init_user_alloc                          - Undefined Weak Reference
    _initio                                   - Undefined Weak Reference
    _printf_post_padding                      - Undefined Weak Reference
    _printf_pre_padding                       - Undefined Weak Reference
    _printf_truncate_signed                   - Undefined Weak Reference
    _printf_truncate_unsigned                 - Undefined Weak Reference
    _rand_init                                - Undefined Weak Reference
    _signal_finish                            - Undefined Weak Reference
    _signal_init                              - Undefined Weak Reference
    _terminate_alloc                          - Undefined Weak Reference
    _terminate_user_alloc                     - Undefined Weak Reference
    _terminateio                              - Undefined Weak Reference
    __Vectors_Size                           0x000000c0   Number         0  startup_stm32f0xx.o ABSOLUTE
    __RL_RTX_VER                             0x00000460   Number         0  rt_system.o ABSOLUTE
    __Vectors                                0x08000000   Data           4  startup_stm32f0xx.o(RESET)
    __Vectors_End                            0x080000c0   Data           0  startup_stm32f0xx.o(RESET)
    __main                                   0x080000c1   Thumb Code     8  __main.o(!!!main)
    __scatterload                            0x080000c9   Thumb Code     0  __scatter.o(!!!scatter)
    __scatterload_rt2                        0x080000c9   Thumb Code    52  __scatter.o(!!!scatter)
    __scatterload_rt2_thumb_only             0x080000c9   Thumb Code     0  __scatter.o(!!!scatter)
    __scatterload_null                       0x080000d9   Thumb Code     0  __scatter.o(!!!scatter)
    __scatterload_zeroinit                   0x08000105   Thumb Code    28  __scatter_zi.o(!!handler_zi)
    _printf_percent                          0x08000121   Thumb Code     0  _printf_percent.o(.ARM.Collect$$_printf_percent$$00000000)
    _printf_f                                0x08000123   Thumb Code     0  _printf_f.o(.ARM.Collect$$_printf_percent$$00000003)
    _printf_i                                0x0800012d   Thumb Code     0  _printf_i.o(.ARM.Collect$$_printf_percent$$00000008)
    _printf_percent_end                      0x08000137   Thumb Code     0  _printf_percent_end.o(.ARM.Collect$$_printf_percent$$00000017)
    __rt_lib_init                            0x0800013b   Thumb Code     0  libinit.o(.ARM.Collect$$libinit$$00000000)
    __rt_lib_init_fp_1                       0x0800013d   Thumb Code     0  libinit2.o(.ARM.Collect$$libinit$$00000001)
    __rt_lib_init_heap_1                     0x08000141   Thumb Code     0  libinit2.o(.ARM.Collect$$libinit$$00000008)
    __rt_lib_init_lc_common                  0x08000141   Thumb Code     0  libinit2.o(.ARM.Collect$$libinit$$0000000D)
    __rt_lib_init_rand_1                     0x08000141   Thumb Code     0  libinit2.o(.ARM.Collect$$libinit$$0000000C)
    __rt_lib_init_user_alloc_1               0x08000141   Thumb Code     0  libinit2.o(.ARM.Collect$$libinit$$0000000A)
    __rt_lib_init_lc_collate_1               0x08000147   Thumb Code     0  libinit2.o(.ARM.Collect$$libinit$$0000000F)
    __rt_lib_init_lc_ctype_1                 0x08000147   Thumb Code     0  libinit2.o(.ARM.Collect$$libinit$$00000011)
    __rt_lib_init_lc_monetary_1              0x08000147   Thumb Code     0  libinit2.o(.ARM.Collect$$libinit$$00000013)
    __rt_lib_init_lc_numeric_2               0x08000147   Thumb Code     0  libinit2.o(.ARM.Collect$$libinit$$00000014)
    __rt_lib_init_alloca_1                   0x08000151   Thumb Code     0  libinit2.o(.ARM.Collect$$libinit$$0000002C)
    __rt_lib_init_argv_1                     0x08000151   Thumb Code     0  libinit2.o(.ARM.Collect$$libinit$$0000002A)
    __rt_lib_init_atexit_1                   0x08000151   Thumb Code     0  libinit2.o(.ARM.Collect$$libinit$$00000019)
    __rt_lib_init_clock_1                    0x08000151   Thumb Code     0  libinit2.o(.ARM.Collect$$libinit$$0000001F)
    __rt_lib_init_cpp_1                      0x08000151   Thumb Code     0  libinit2.o(.ARM.Collect$$libinit$$00000030)
    __rt_lib_init_exceptions_1               0x08000151   Thumb Code     0  libinit2.o(.ARM.Collect$$libinit$$0000002E)
    __rt_lib_init_fp_trap_1                  0x08000151   Thumb Code     0  libinit2.o(.ARM.Collect$$libinit$$0000001D)
    __rt_lib_init_getenv_1                   0x08000151   Thumb Code     0  libinit2.o(.ARM.Collect$$libinit$$00000021)
    __rt_lib_init_lc_numeric_1               0x08000151   Thumb Code     0  libinit2.o(.ARM.Collect$$libinit$$00000015)
    __rt_lib_init_lc_time_1                  0x08000151   Thumb Code     0  libinit2.o(.ARM.Collect$$libinit$$00000017)
    __rt_lib_init_return                     0x08000151   Thumb Code     0  libinit2.o(.ARM.Collect$$libinit$$00000031)
    __rt_lib_init_signal_1                   0x08000151   Thumb Code     0  libinit2.o(.ARM.Collect$$libinit$$0000001B)
    __rt_lib_init_stdio_1                    0x08000151   Thumb Code     0  libinit2.o(.ARM.Collect$$libinit$$00000023)
    __rt_lib_shutdown                        0x08000153   Thumb Code     0  libshutdown.o(.ARM.Collect$$libshutdown$$00000000)
    __rt_lib_shutdown_fp_trap_1              0x08000155   Thumb Code     0  libshutdown2.o(.ARM.Collect$$libshutdown$$00000006)
    __rt_lib_shutdown_heap_1                 0x08000155   Thumb Code     0  libshutdown2.o(.ARM.Collect$$libshutdown$$0000000E)
    __rt_lib_shutdown_return                 0x08000155   Thumb Code     0  libshutdown2.o(.ARM.Collect$$libshutdown$$0000000F)
    __rt_lib_shutdown_signal_1               0x08000155   Thumb Code     0  libshutdown2.o(.ARM.Collect$$libshutdown$$00000009)
    __rt_lib_shutdown_stdio_1                0x08000155   Thumb Code     0  libshutdown2.o(.ARM.Collect$$libshutdown$$00000003)
    __rt_lib_shutdown_user_alloc_1           0x08000155   Thumb Code     0  libshutdown2.o(.ARM.Collect$$libshutdown$$0000000B)
    __rt_entry                               0x08000157   Thumb Code     0  rtentry.o(.ARM.Collect$$rtentry$$00000000)
    __rt_entry_presh_1                       0x08000157   Thumb Code     0  rtentry2.o(.ARM.Collect$$rtentry$$00000002)
    __rt_entry_sh                            0x08000157   Thumb Code     0  rtentry4.o(.ARM.Collect$$rtentry$$00000004)
    __rt_entry_li                            0x0800015d   Thumb Code     0  rtentry2.o(.ARM.Collect$$rtentry$$0000000A)
    __rt_entry_postsh_1                      0x0800015d   Thumb Code     0  rtentry2.o(.ARM.Collect$$rtentry$$00000009)
    __rt_entry_main                          0x08000161   Thumb Code     0  rtentry2.o(.ARM.Collect$$rtentry$$0000000D)
    __rt_entry_postli_1                      0x08000161   Thumb Code     0  rtentry2.o(.ARM.Collect$$rtentry$$0000000C)
    __rt_exit                                0x08000169   Thumb Code     0  rtexit.o(.ARM.Collect$$rtexit$$00000000)
    __rt_exit_ls                             0x0800016b   Thumb Code     0  rtexit2.o(.ARM.Collect$$rtexit$$00000003)
    __rt_exit_prels_1                        0x0800016b   Thumb Code     0  rtexit2.o(.ARM.Collect$$rtexit$$00000002)
    __rt_exit_exit                           0x0800016f   Thumb Code     0  rtexit2.o(.ARM.Collect$$rtexit$$00000004)
    rt_set_PSP                               0x08000175   Thumb Code     6  hal_cm1.o(.emb_text)
    rt_get_PSP                               0x0800017b   Thumb Code     6  hal_cm1.o(.emb_text)
    os_set_env                               0x08000181   Thumb Code    32  hal_cm1.o(.emb_text)
    _alloc_box                               0x080001a5   Thumb Code    28  hal_cm1.o(.emb_text)
    _free_box                                0x080001c5   Thumb Code    28  hal_cm1.o(.emb_text)
    SVC_Handler                              0x080001e5   Thumb Code   152  hal_cm1.o(.emb_text)
    PendSV_Handler                           0x08000289   Thumb Code    92  hal_cm1.o(.emb_text)
    SysTick_Handler                          0x080002e9   Thumb Code     8  hal_cm1.o(.emb_text)
    OS_Tick_Handler                          0x080002f1   Thumb Code    12  hal_cm1.o(.emb_text)
    Reset_Handler                            0x080002fd   Thumb Code     8  startup_stm32f0xx.o(.text)
    NMI_Handler                              0x08000305   Thumb Code     2  startup_stm32f0xx.o(.text)
    HardFault_Handler                        0x08000307   Thumb Code     2  startup_stm32f0xx.o(.text)
    ADC1_COMP_IRQHandler                     0x0800030f   Thumb Code     0  startup_stm32f0xx.o(.text)
    CEC_IRQHandler                           0x0800030f   Thumb Code     0  startup_stm32f0xx.o(.text)
    DMA1_Channel1_IRQHandler                 0x0800030f   Thumb Code     0  startup_stm32f0xx.o(.text)
    DMA1_Channel2_3_IRQHandler               0x0800030f   Thumb Code     0  startup_stm32f0xx.o(.text)
    DMA1_Channel4_5_IRQHandler               0x0800030f   Thumb Code     0  startup_stm32f0xx.o(.text)
    EXTI0_1_IRQHandler                       0x0800030f   Thumb Code     0  startup_stm32f0xx.o(.text)
    EXTI2_3_IRQHandler                       0x0800030f   Thumb Code     0  startup_stm32f0xx.o(.text)
    EXTI4_15_IRQHandler                      0x0800030f   Thumb Code     0  startup_stm32f0xx.o(.text)
    FLASH_IRQHandler                         0x0800030f   Thumb Code     0  startup_stm32f0xx.o(.text)
    I2C1_IRQHandler                          0x0800030f   Thumb Code     0  startup_stm32f0xx.o(.text)
    I2C2_IRQHandler                          0x0800030f   Thumb Code     0  startup_stm32f0xx.o(.text)
    PVD_IRQHandler                           0x0800030f   Thumb Code     0  startup_stm32f0xx.o(.text)
    RCC_IRQHandler                           0x0800030f   Thumb Code     0  startup_stm32f0xx.o(.text)
    RTC_IRQHandler                           0x0800030f   Thumb Code     0  startup_stm32f0xx.o(.text)
    SPI1_IRQHandler                          0x0800030f   Thumb Code     0  startup_stm32f0xx.o(.text)
    SPI2_IRQHandler                          0x0800030f   Thumb Code     0  startup_stm32f0xx.o(.text)
    TIM14_IRQHandler                         0x0800030f   Thumb Code     0  startup_stm32f0xx.o(.text)
    TIM15_IRQHandler                         0x0800030f   Thumb Code     0  startup_stm32f0xx.o(.text)
    TIM16_IRQHandler                         0x0800030f   Thumb Code     0  startup_stm32f0xx.o(.text)
    TIM17_IRQHandler                         0x0800030f   Thumb Code     0  startup_stm32f0xx.o(.text)
    TIM1_BRK_UP_TRG_COM_IRQHandler           0x0800030f   Thumb Code     0  startup_stm32f0xx.o(.text)
    TIM1_CC_IRQHandler                       0x0800030f   Thumb Code     0  startup_stm32f0xx.o(.text)
    TIM2_IRQHandler                          0x0800030f   Thumb Code     0  startup_stm32f0xx.o(.text)
    TIM3_IRQHandler                          0x0800030f   Thumb Code     0  startup_stm32f0xx.o(.text)
    TIM6_DAC_IRQHandler                      0x0800030f   Thumb Code     0  startup_stm32f0xx.o(.text)
    TS_IRQHandler                            0x0800030f   Thumb Code     0  startup_stm32f0xx.o(.text)
    USART1_IRQHandler                        0x0800030f   Thumb Code     0  startup_stm32f0xx.o(.text)
    WWDG_IRQHandler                          0x0800030f   Thumb Code     0  startup_stm32f0xx.o(.text)
    __user_initial_stackheap                 0x08000311   Thumb Code     0  startup_stm32f0xx.o(.text)
    __user_libspace                          0x08000335   Thumb Code     8  libspace.o(.text)
    __user_perproc_libspace                  0x08000335   Thumb Code     0  libspace.o(.text)
    __I$use$semihosting                      0x0800033d   Thumb Code     0  use_no_semi.o(.text)
    __use_no_semihosting_swi                 0x0800033d   Thumb Code     2  use_no_semi.o(.text)
    __2printf                                0x08000341   Thumb Code    22  noretval__2printf.o(.text)
    __printf                                 0x0800035d   Thumb Code   110  __printf.o(.text)
    _printf_int_dec                          0x080003cd   Thumb Code    90  _printf_dec.o(.text)
    __aeabi_uidiv                            0x08000439   Thumb Code     0  aeabi_sdiv.o(.text)
    __aeabi_uidivmod                         0x08000439   Thumb Code    20  aeabi_sdiv.o(.text)
    __aeabi_idiv                             0x0800044d   Thumb Code     0  aeabi_sdiv.o(.text)
    __aeabi_idivmod                          0x0800044d   Thumb Code   326  aeabi_sdiv.o(.text)
    __use_two_region_memory                  0x08000593   Thumb Code     2  heapauxi.o(.text)
    __rt_heap_escrow$2region                 0x08000595   Thumb Code     2  heapauxi.o(.text)
    __rt_heap_expand$2region                 0x08000597   Thumb Code     2  heapauxi.o(.text)
    __aeabi_d2f                              0x08000599   Thumb Code     0  d2f.o(.text)
    _d2f                                     0x08000599   Thumb Code   120  d2f.o(.text)
    __aeabi_dadd                             0x08000907   Thumb Code     0  daddsub.o(.text)
    _dadd                                    0x08000907   Thumb Code    22  daddsub.o(.text)
    __aeabi_dsub                             0x0800091d   Thumb Code     0  daddsub.o(.text)
    _dsub                                    0x0800091d   Thumb Code    22  daddsub.o(.text)
    __aeabi_drsub                            0x08000933   Thumb Code     0  daddsub.o(.text)
    _drsb                                    0x08000933   Thumb Code    24  daddsub.o(.text)
    __aeabi_ddiv                             0x08000961   Thumb Code     0  ddiv.o(.text)
    _ddiv                                    0x08000961   Thumb Code  1080  ddiv.o(.text)
    _drdiv                                   0x08000d99   Thumb Code    20  ddiv.o(.text)
    __aeabi_d2uiz                            0x08000db1   Thumb Code     0  dfixui.o(.text)
    _dfixu                                   0x08000db1   Thumb Code    62  dfixui.o(.text)
    __aeabi_i2d_normalise                    0x08000df9   Thumb Code    66  dflti.o(.text)
    __aeabi_i2d                              0x08000e3b   Thumb Code    16  dflti.o(.text)
    _dflt                                    0x08000e3b   Thumb Code     0  dflti.o(.text)
    __aeabi_ui2d                             0x08000e4b   Thumb Code     6  dflti.o(.text)
    _dfltu                                   0x08000e4b   Thumb Code     0  dflti.o(.text)
    __aeabi_dmul                             0x08000e51   Thumb Code     0  dmul.o(.text)
    _dmul                                    0x08000e51   Thumb Code   580  dmul.o(.text)
    __aeabi_f2d                              0x080010a9   Thumb Code     0  f2d.o(.text)
    _f2d                                     0x080010a9   Thumb Code    74  f2d.o(.text)
    _printf_int_common                       0x080010f9   Thumb Code   176  _printf_intcommon.o(.text)
    __lib_sel_fp_printf                      0x080011a9   Thumb Code     2  _printf_fp_dec.o(.text)
    _printf_fp_dec_real                      0x08001347   Thumb Code   618  _printf_fp_dec.o(.text)
    _printf_char_file                        0x080015bd   Thumb Code    34  _printf_char_file.o(.text)
    __rt_udiv10                              0x080015e5   Thumb Code    40  rtudiv10.o(.text)
    __rt_locale                              0x0800160d   Thumb Code    10  rt_locale_twolibspace.o(.text)
    _ll_udiv10                               0x08001617   Thumb Code   122  lludiv10.o(.text)
    _printf_char_common                      0x0800169b   Thumb Code    32  _printf_char_common.o(.text)
    _printf_fp_infnan                        0x080016c1   Thumb Code   120  _printf_fp_infnan.o(.text)
    _btod_etento                             0x08001749   Thumb Code   200  bigflt0.o(.text)
    _btod_d2e                                0x08001815   Thumb Code    64  btod.o(.text)
    _btod_emul                               0x08001c0b   Thumb Code    24  btod.o(.text)
    _btod_emuld                              0x08001c23   Thumb Code    60  btod.o(.text)
    _btod_ediv                               0x08001c5f   Thumb Code    22  btod.o(.text)
    _btod_edivd                              0x08001c75   Thumb Code    60  btod.o(.text)
    __user_setup_stackheap                   0x08001cbd   Thumb Code    62  sys_stackheap_outer.o(.text)
    exit                                     0x08001cfb   Thumb Code    12  exit.o(.text)
    strcmp                                   0x08001d09   Thumb Code   132  strcmp.o(.text)
    __decompress                             0x08001d91   Thumb Code     0  __dczerorl2.o(.text)
    __decompress1                            0x08001d91   Thumb Code    86  __dczerorl2.o(.text)
    SVC_Count                                0x08001de8   Data           4  SVC_Table.o(SVC_TABLE)
    ADC_ChannelConfig                        0x08001ded   Thumb Code    10  stm32f0xx_adc.o(i.ADC_ChannelConfig)
    SVC_Table                                0x08001dec   Data           0  SVC_Table.o(SVC_TABLE)
    ADC_Cmd                                  0x08001df7   Thumb Code    24  stm32f0xx_adc.o(i.ADC_Cmd)
    ADC_DeInit                               0x08001e11   Thumb Code    28  stm32f0xx_adc.o(i.ADC_DeInit)
    ADC_GetCalibrationFactor                 0x08001e31   Thumb Code    46  stm32f0xx_adc.o(i.ADC_GetCalibrationFactor)
    ADC_GetConversionValue                   0x08001e5f   Thumb Code     6  stm32f0xx_adc.o(i.ADC_GetConversionValue)
    ADC_GetFlagStatus                        0x08001e65   Thumb Code    30  stm32f0xx_adc.o(i.ADC_GetFlagStatus)
    ADC_Init                                 0x08001e85   Thumb Code    38  stm32f0xx_adc.o(i.ADC_Init)
    ADC_StartOfConversion                    0x08001eb1   Thumb Code    10  stm32f0xx_adc.o(i.ADC_StartOfConversion)
    ADC_StructInit                           0x08001ebb   Thumb Code    16  stm32f0xx_adc.o(i.ADC_StructInit)
    GPIO_Init                                0x08001f17   Thumb Code   112  stm32f0xx_gpio.o(i.GPIO_Init)
    GPIO_PinAFConfig                         0x08001f87   Thumb Code    32  stm32f0xx_gpio.o(i.GPIO_PinAFConfig)
    NVIC_Init                                0x08001fc1   Thumb Code    72  stm32f0xx_misc.o(i.NVIC_Init)
    RCC_AHBPeriphClockCmd                    0x08002011   Thumb Code    22  stm32f0xx_rcc.o(i.RCC_AHBPeriphClockCmd)
    RCC_APB1PeriphClockCmd                   0x0800202d   Thumb Code    22  stm32f0xx_rcc.o(i.RCC_APB1PeriphClockCmd)
    RCC_APB1PeriphResetCmd                   0x08002049   Thumb Code    22  stm32f0xx_rcc.o(i.RCC_APB1PeriphResetCmd)
    RCC_APB2PeriphClockCmd                   0x08002065   Thumb Code    22  stm32f0xx_rcc.o(i.RCC_APB2PeriphClockCmd)
    RCC_APB2PeriphResetCmd                   0x08002081   Thumb Code    22  stm32f0xx_rcc.o(i.RCC_APB2PeriphResetCmd)
    RCC_GetClocksFreq                        0x0800209d   Thumb Code   232  stm32f0xx_rcc.o(i.RCC_GetClocksFreq)
    SystemInit                               0x080021f5   Thumb Code    84  system_stm32f0xx.o(i.SystemInit)
    TIM_Cmd                                  0x08002255   Thumb Code    24  stm32f0xx_tim.o(i.TIM_Cmd)
    TIM_Config                               0x0800226d   Thumb Code    88  pwm.o(i.TIM_Config)
    TIM_CtrlPWMOutputs                       0x080022c9   Thumb Code    28  stm32f0xx_tim.o(i.TIM_CtrlPWMOutputs)
    TIM_DeInit                               0x080022e5   Thumb Code   206  stm32f0xx_tim.o(i.TIM_DeInit)
    TIM_OC1Init                              0x080023d1   Thumb Code   108  stm32f0xx_tim.o(i.TIM_OC1Init)
    TIM_OC4Init                              0x08002455   Thumb Code    82  stm32f0xx_tim.o(i.TIM_OC4Init)
    TIM_OCStructInit                         0x080024c1   Thumb Code    20  stm32f0xx_tim.o(i.TIM_OCStructInit)
    TIM_TimeBaseInit                         0x080024d5   Thumb Code    88  stm32f0xx_tim.o(i.TIM_TimeBaseInit)
    TIM_TimeBaseStructInit                   0x08002549   Thumb Code    18  stm32f0xx_tim.o(i.TIM_TimeBaseStructInit)
    USART2_IRQHandler                        0x080025a5   Thumb Code    96  serial.o(i.USART2_IRQHandler)
    USART_ClearITPendingBit                  0x08002619   Thumb Code    10  stm32f0xx_usart.o(i.USART_ClearITPendingBit)
    USART_Cmd                                0x08002623   Thumb Code    24  stm32f0xx_usart.o(i.USART_Cmd)
    USART_GetFlagStatus                      0x0800263b   Thumb Code    14  stm32f0xx_usart.o(i.USART_GetFlagStatus)
    USART_GetITStatus                        0x08002649   Thumb Code    60  stm32f0xx_usart.o(i.USART_GetITStatus)
    USART_ITConfig                           0x08002685   Thumb Code    46  stm32f0xx_usart.o(i.USART_ITConfig)
    USART_Init                               0x080026b5   Thumb Code   182  stm32f0xx_usart.o(i.USART_Init)
    USART_ReceiveData                        0x08002775   Thumb Code     8  stm32f0xx_usart.o(i.USART_ReceiveData)
    USART_SendData                           0x0800277d   Thumb Code     8  stm32f0xx_usart.o(i.USART_SendData)
    __ARM_common_ll_muluu                    0x08002785   Thumb Code    48  btod.o(i.__ARM_common_ll_muluu)
    __ARM_fpclassify                         0x080027b5   Thumb Code    38  fpclassify.o(i.__ARM_fpclassify)
    _init_box                                0x080027e1   Thumb Code    72  rt_membox.o(i._init_box)
    _mutex_acquire                           0x08002829   Thumb Code    24  rtx_conf_cm.o(i._mutex_acquire)
    _mutex_release                           0x08002849   Thumb Code    22  rtx_conf_cm.o(i._mutex_release)
    _sys_exit                                0x08002865   Thumb Code     2  retarget.o(i._sys_exit)
    adc_in                                   0x08002869   Thumb Code    60  adc.o(i.adc_in)
    available_fcn                            0x080028d1   Thumb Code     6  serial.o(i.available_fcn)
    begin_fcn                                0x080028dd   Thumb Code    32  serial.o(i.begin_fcn)
    ferror                                   0x08002901   Thumb Code     6  retarget.o(i.ferror)
    flush_fcn                                0x08002909   Thumb Code    18  serial.o(i.flush_fcn)
    fputc                                    0x08002925   Thumb Code    12  retarget.o(i.fputc)
    get_adc_voltage                          0x08002931   Thumb Code    64  adc.o(i.get_adc_voltage)
    init                                     0x08002981   Thumb Code    52  main.o(i.init)
    init_adc                                 0x080029fd   Thumb Code   226  adc.o(i.init_adc)
    init_pwm                                 0x08002af1   Thumb Code   152  pwm.o(i.init_pwm)
    main                                     0x08002ba1   Thumb Code    30  main.o(i.main)
    os_error                                 0x08002bc9   Thumb Code    10  rtx_conf_cm.o(i.os_error)
    os_idle_demon                            0x08002be9   Thumb Code     2  rtx_conf_cm.o(i.os_idle_demon)
    os_tick_init                             0x08002bed   Thumb Code    32  rt_system.o(i.os_tick_init)
    os_tick_irqack                           0x08002c19   Thumb Code     2  rt_system.o(i.os_tick_irqack)
    os_tmr_call                              0x08002c1b   Thumb Code     2  rtx_conf_cm.o(i.os_tmr_call)
    peek_fcn                                 0x08002c1d   Thumb Code    16  serial.o(i.peek_fcn)
    pinSetMode                               0x08002c31   Thumb Code    12  gpio.o(i.pinSetMode)
    print_fcn                                0x08002c41   Thumb Code    20  serial.o(i.print_fcn)
    println_fcn                              0x08002c55   Thumb Code    20  serial.o(i.println_fcn)
    putchar                                  0x08002c69   Thumb Code    32  serial.o(i.putchar)
    pwm_out                                  0x08002c8d   Thumb Code    64  pwm.o(i.pwm_out)
    read_fcn                                 0x08002ce1   Thumb Code    42  serial.o(i.read_fcn)
    rt_alloc_box                             0x08002d15   Thumb Code    30  rt_membox.o(i.rt_alloc_box)
    rt_block                                 0x08002d35   Thumb Code    42  rt_task.o(i.rt_block)
    rt_chk_robin                             0x08002d6d   Thumb Code    56  rt_robin.o(i.rt_chk_robin)
    rt_dec_dly                               0x08002db1   Thumb Code   112  rt_list.o(i.rt_dec_dly)
    rt_dispatch                              0x08002e29   Thumb Code    56  rt_task.o(i.rt_dispatch)
    rt_dly_wait                              0x08002e69   Thumb Code    10  rt_time.o(i.rt_dly_wait)
    rt_evt_psh                               0x08002e75   Thumb Code    70  rt_event.o(i.rt_evt_psh)
    rt_free_box                              0x08002ec1   Thumb Code    38  rt_membox.o(i.rt_free_box)
    rt_get_first                             0x08002ee7   Thumb Code    42  rt_list.o(i.rt_get_first)
    rt_init_robin                            0x08002f55   Thumb Code    14  rt_robin.o(i.rt_init_robin)
    rt_init_stack                            0x08002f6d   Thumb Code    68  hal_cm1.o(i.rt_init_stack)
    rt_mbx_psh                               0x08002fb9   Thumb Code   168  rt_mailbox.o(i.rt_mbx_psh)
    rt_mut_release                           0x08003065   Thumb Code   158  rt_mutex.o(i.rt_mut_release)
    rt_mut_wait                              0x0800310d   Thumb Code   102  rt_mutex.o(i.rt_mut_wait)
    rt_pop_req                               0x08003179   Thumb Code    98  rt_system.o(i.rt_pop_req)
    rt_put_dly                               0x080031e9   Thumb Code    74  rt_list.o(i.rt_put_dly)
    rt_put_prio                              0x08003239   Thumb Code    60  rt_list.o(i.rt_put_prio)
    rt_put_rdy_first                         0x08003275   Thumb Code    14  rt_list.o(i.rt_put_rdy_first)
    rt_resort_prio                           0x08003289   Thumb Code    44  rt_list.o(i.rt_resort_prio)
    rt_rmv_dly                               0x080032b9   Thumb Code    42  rt_list.o(i.rt_rmv_dly)
    rt_rmv_list                              0x080032e5   Thumb Code    46  rt_list.o(i.rt_rmv_list)
    rt_sem_psh                               0x08003319   Thumb Code    46  rt_semaphore.o(i.rt_sem_psh)
    rt_stk_check                             0x0800334d   Thumb Code    30  rt_system.o(i.rt_stk_check)
    rt_switch_req                            0x08003375   Thumb Code    10  rt_task.o(i.rt_switch_req)
    rt_sys_init                              0x08003385   Thumb Code   230  rt_task.o(i.rt_sys_init)
    rt_systick                               0x080034bd   Thumb Code    46  rt_system.o(i.rt_systick)
    rt_tmr_tick                              0x080034f9   Thumb Code    56  rt_timer.o(i.rt_tmr_tick)
    rt_tsk_create                            0x08003539   Thumb Code   108  rt_task.o(i.rt_tsk_create)
    rt_tsk_delete                            0x080035b5   Thumb Code   134  rt_task.o(i.rt_tsk_delete)
    rt_tsk_self                              0x08003651   Thumb Code    12  rt_task.o(i.rt_tsk_self)
    set_duty_cycle                           0x08003661   Thumb Code    70  pwm.o(i.set_duty_cycle)
    write_fcn                                0x080036b9   Thumb Code     8  serial.o(i.write_fcn)
    _get_lc_numeric                          0x080036c1   Thumb Code    44  lc_numeric_c.o(locale$$code)
    _printf_fp_dec                           0x080036ed   Thumb Code    16  printf1.o(x$fpl$printf1)
    __I$use$fp                               0x080036fc   Number         0  usenofp.o(x$fpl$usenofp)
    os_maxtaskrun                            0x080036fc   Data           2  rtx_conf_cm.o(.constdata)
    os_stackinfo                             0x08003700   Data           4  rtx_conf_cm.o(.constdata)
    os_rrobin                                0x08003704   Data           4  rtx_conf_cm.o(.constdata)
    os_trv                                   0x08003708   Data           4  rtx_conf_cm.o(.constdata)
    os_flags                                 0x0800370c   Data           1  rtx_conf_cm.o(.constdata)
    os_clockrate                             0x08003710   Data           4  rtx_conf_cm.o(.constdata)
    os_timernum                              0x08003714   Data           4  rtx_conf_cm.o(.constdata)
    mp_tcb_size                              0x08003718   Data           2  rtx_conf_cm.o(.constdata)
    mp_stk_size                              0x0800371c   Data           4  rtx_conf_cm.o(.constdata)
    os_fifo_size                             0x08003720   Data           1  rtx_conf_cm.o(.constdata)
    mp_tmr_size                              0x08003722   Data           2  rtx_conf_cm.o(.constdata)
    Region$$Table$$Base                      0x08003838   Number         0  anon$$obj.o(Region$$Table)
    Region$$Table$$Limit                     0x08003858   Number         0  anon$$obj.o(Region$$Table)
    pwm_out_t                                0x20000000   Data           4  main.o(.data)
    adc_in_t                                 0x20000004   Data           4  main.o(.data)
    perturb_and_observe_t                    0x20000008   Data           4  main.o(.data)
    __stdout                                 0x2000000c   Data           4  retarget.o(.data)
    TimerPeriod                              0x20000010   Data           2  pwm.o(.data)
    SystemCoreClock                          0x20000024   Data           4  system_stm32f0xx.o(.data)
    AHBPrescTable                            0x20000028   Data          16  system_stm32f0xx.o(.data)
    m_tmr                                    0x20000038   Data           4  rtx_conf_cm.o(.data)
    Serial                                   0x2000016c   Data          36  serial.o(.data)
    os_tsk                                   0x20000190   Data           8  rt_task.o(.data)
    os_time                                  0x20000198   Data           4  rt_time.o(.data)
    os_tick_irqn                             0x200001a0   Data           4  rt_system.o(.data)
    os_robin                                 0x200001a4   Data           8  rt_robin.o(.data)
    os_tmr                                   0x200001ac   Data           8  rt_timer.o(.data)
    TIM_TimeBaseStructure_PWM                0x200001b4   Data          12  pwm.o(.bss)
    TIM_OCInitStructure_PWM                  0x200001c0   Data          20  pwm.o(.bss)
    mp_tcb                                   0x200001d4   Data         156  rtx_conf_cm.o(.bss)
    mp_stk                                   0x20000270   Data        3216  rtx_conf_cm.o(.bss)
    os_fifo                                  0x20000f00   Data         132  rtx_conf_cm.o(.bss)
    os_active_TCB                            0x20000f84   Data          12  rtx_conf_cm.o(.bss)
    os_idle_TCB                              0x20001090   Data          48  rt_task.o(.bss)
    os_rdy                                   0x200010c0   Data          24  rt_list.o(.bss)
    os_dly                                   0x200010d8   Data          24  rt_list.o(.bss)
    __libspace_start                         0x200010f0   Data          96  libspace.o(.bss)
    __temporary_stack_top$libspace           0x20001150   Data           0  libspace.o(.bss)



==============================================================================

Memory Map of the image

  Image Entry point : 0x080000c1

  Load Region LR_IROM1 (Base: 0x08000000, Size: 0x00003a28, Max: 0x00010000, ABSOLUTE, COMPRESSED[0x00003908])

    Execution Region ER_IROM1 (Base: 0x08000000, Size: 0x00003874, Max: 0x00010000, ABSOLUTE)

    Base Addr    Size         Type   Attr      Idx    E Section Name        Object

    0x08000000   0x000000c0   Data   RO         3470    RESET               startup_stm32f0xx.o
    0x080000c0   0x00000008   Code   RO         4450  * !!!main             c_p.l(__main.o)
    0x080000c8   0x0000003c   Code   RO         4678    !!!scatter          c_p.l(__scatter.o)
    0x08000104   0x0000001c   Code   RO         4680    !!handler_zi        c_p.l(__scatter_zi.o)
    0x08000120   0x00000002   Code   RO         4443    .ARM.Collect$$_printf_percent$$00000000  c_p.l(_printf_percent.o)
    0x08000122   0x0000000a   Code   RO         4442    .ARM.Collect$$_printf_percent$$00000003  c_p.l(_printf_f.o)
    0x0800012c   0x0000000a   Code   RO         4441    .ARM.Collect$$_printf_percent$$00000008  c_p.l(_printf_i.o)
    0x08000136   0x00000004   Code   RO         4488    .ARM.Collect$$_printf_percent$$00000017  c_p.l(_printf_percent_end.o)
    0x0800013a   0x00000002   Code   RO         4557    .ARM.Collect$$libinit$$00000000  c_p.l(libinit.o)
    0x0800013c   0x00000004   Code   RO         4558    .ARM.Collect$$libinit$$00000001  c_p.l(libinit2.o)
    0x08000140   0x00000000   Code   RO         4562    .ARM.Collect$$libinit$$00000008  c_p.l(libinit2.o)
    0x08000140   0x00000000   Code   RO         4564    .ARM.Collect$$libinit$$0000000A  c_p.l(libinit2.o)
    0x08000140   0x00000000   Code   RO         4566    .ARM.Collect$$libinit$$0000000C  c_p.l(libinit2.o)
    0x08000140   0x00000006   Code   RO         4567    .ARM.Collect$$libinit$$0000000D  c_p.l(libinit2.o)
    0x08000146   0x00000000   Code   RO         4569    .ARM.Collect$$libinit$$0000000F  c_p.l(libinit2.o)
    0x08000146   0x00000000   Code   RO         4571    .ARM.Collect$$libinit$$00000011  c_p.l(libinit2.o)
    0x08000146   0x00000000   Code   RO         4573    .ARM.Collect$$libinit$$00000013  c_p.l(libinit2.o)
    0x08000146   0x0000000a   Code   RO         4574    .ARM.Collect$$libinit$$00000014  c_p.l(libinit2.o)
    0x08000150   0x00000000   Code   RO         4575    .ARM.Collect$$libinit$$00000015  c_p.l(libinit2.o)
    0x08000150   0x00000000   Code   RO         4577    .ARM.Collect$$libinit$$00000017  c_p.l(libinit2.o)
    0x08000150   0x00000000   Code   RO         4579    .ARM.Collect$$libinit$$00000019  c_p.l(libinit2.o)
    0x08000150   0x00000000   Code   RO         4581    .ARM.Collect$$libinit$$0000001B  c_p.l(libinit2.o)
    0x08000150   0x00000000   Code   RO         4583    .ARM.Collect$$libinit$$0000001D  c_p.l(libinit2.o)
    0x08000150   0x00000000   Code   RO         4585    .ARM.Collect$$libinit$$0000001F  c_p.l(libinit2.o)
    0x08000150   0x00000000   Code   RO         4587    .ARM.Collect$$libinit$$00000021  c_p.l(libinit2.o)
    0x08000150   0x00000000   Code   RO         4589    .ARM.Collect$$libinit$$00000023  c_p.l(libinit2.o)
    0x08000150   0x00000000   Code   RO         4593    .ARM.Collect$$libinit$$0000002A  c_p.l(libinit2.o)
    0x08000150   0x00000000   Code   RO         4595    .ARM.Collect$$libinit$$0000002C  c_p.l(libinit2.o)
    0x08000150   0x00000000   Code   RO         4597    .ARM.Collect$$libinit$$0000002E  c_p.l(libinit2.o)
    0x08000150   0x00000000   Code   RO         4599    .ARM.Collect$$libinit$$00000030  c_p.l(libinit2.o)
    0x08000150   0x00000002   Code   RO         4600    .ARM.Collect$$libinit$$00000031  c_p.l(libinit2.o)
    0x08000152   0x00000002   Code   RO         4641    .ARM.Collect$$libshutdown$$00000000  c_p.l(libshutdown.o)
    0x08000154   0x00000000   Code   RO         4661    .ARM.Collect$$libshutdown$$00000003  c_p.l(libshutdown2.o)
    0x08000154   0x00000000   Code   RO         4664    .ARM.Collect$$libshutdown$$00000006  c_p.l(libshutdown2.o)
    0x08000154   0x00000000   Code   RO         4667    .ARM.Collect$$libshutdown$$00000009  c_p.l(libshutdown2.o)
    0x08000154   0x00000000   Code   RO         4669    .ARM.Collect$$libshutdown$$0000000B  c_p.l(libshutdown2.o)
    0x08000154   0x00000000   Code   RO         4672    .ARM.Collect$$libshutdown$$0000000E  c_p.l(libshutdown2.o)
    0x08000154   0x00000002   Code   RO         4673    .ARM.Collect$$libshutdown$$0000000F  c_p.l(libshutdown2.o)
    0x08000156   0x00000000   Code   RO         4477    .ARM.Collect$$rtentry$$00000000  c_p.l(rtentry.o)
    0x08000156   0x00000000   Code   RO         4493    .ARM.Collect$$rtentry$$00000002  c_p.l(rtentry2.o)
    0x08000156   0x00000006   Code   RO         4505    .ARM.Collect$$rtentry$$00000004  c_p.l(rtentry4.o)
    0x0800015c   0x00000000   Code   RO         4495    .ARM.Collect$$rtentry$$00000009  c_p.l(rtentry2.o)
    0x0800015c   0x00000004   Code   RO         4496    .ARM.Collect$$rtentry$$0000000A  c_p.l(rtentry2.o)
    0x08000160   0x00000000   Code   RO         4498    .ARM.Collect$$rtentry$$0000000C  c_p.l(rtentry2.o)
    0x08000160   0x00000008   Code   RO         4499    .ARM.Collect$$rtentry$$0000000D  c_p.l(rtentry2.o)
    0x08000168   0x00000002   Code   RO         4602    .ARM.Collect$$rtexit$$00000000  c_p.l(rtexit.o)
    0x0800016a   0x00000000   Code   RO         4615    .ARM.Collect$$rtexit$$00000002  c_p.l(rtexit2.o)
    0x0800016a   0x00000004   Code   RO         4616    .ARM.Collect$$rtexit$$00000003  c_p.l(rtexit2.o)
    0x0800016e   0x00000006   Code   RO         4617    .ARM.Collect$$rtexit$$00000004  c_p.l(rtexit2.o)
    0x08000174   0x00000188   Code   RO         4016    .emb_text           RTX_CM1.LIB(hal_cm1.o)
    0x080002fc   0x00000038   Code   RO         3471    .text               startup_stm32f0xx.o
    0x08000334   0x00000008   Code   RO         4408    .text               c_p.l(libspace.o)
    0x0800033c   0x00000002   Code   RO         4411    .text               c_p.l(use_no_semi.o)
    0x0800033e   0x00000002   PAD
    0x08000340   0x0000001c   Code   RO         4415    .text               c_p.l(noretval__2printf.o)
    0x0800035c   0x0000006e   Code   RO         4417    .text               c_p.l(__printf.o)
    0x080003ca   0x00000002   PAD
    0x080003cc   0x0000006c   Code   RO         4419    .text               c_p.l(_printf_dec.o)
    0x08000438   0x0000015a   Code   RO         4444    .text               c_p.l(aeabi_sdiv.o)
    0x08000592   0x00000006   Code   RO         4448    .text               c_p.l(heapauxi.o)
    0x08000598   0x0000007c   Code   RO         4452    .text               fz_ps.l(d2f.o)
    0x08000614   0x0000034c   Code   RO         4454    .text               fz_ps.l(daddsub.o)
    0x08000960   0x00000450   Code   RO         4456    .text               fz_ps.l(ddiv.o)
    0x08000db0   0x00000048   Code   RO         4459    .text               fz_ps.l(dfixui.o)
    0x08000df8   0x00000058   Code   RO         4461    .text               fz_ps.l(dflti.o)
    0x08000e50   0x00000258   Code   RO         4463    .text               fz_ps.l(dmul.o)
    0x080010a8   0x00000050   Code   RO         4465    .text               fz_ps.l(f2d.o)
    0x080010f8   0x000000b0   Code   RO         4482    .text               c_p.l(_printf_intcommon.o)
    0x080011a8   0x00000414   Code   RO         4484    .text               c_p.l(_printf_fp_dec.o)
    0x080015bc   0x00000028   Code   RO         4486    .text               c_p.l(_printf_char_file.o)
    0x080015e4   0x00000028   Code   RO         4489    .text               c_p.l(rtudiv10.o)
    0x0800160c   0x0000000a   Code   RO         4514    .text               c_p.l(rt_locale_twolibspace.o)
    0x08001616   0x0000007a   Code   RO         4516    .text               c_p.l(lludiv10.o)
    0x08001690   0x00000030   Code   RO         4518    .text               c_p.l(_printf_char_common.o)
    0x080016c0   0x00000088   Code   RO         4520    .text               c_p.l(_printf_fp_infnan.o)
    0x08001748   0x000000cc   Code   RO         4522    .text               c_p.l(bigflt0.o)
    0x08001814   0x000004a8   Code   RO         4525    .text               c_p.l(btod.o)
    0x08001cbc   0x0000003e   Code   RO         4539    .text               c_p.l(sys_stackheap_outer.o)
    0x08001cfa   0x0000000c   Code   RO         4544    .text               c_p.l(exit.o)
    0x08001d06   0x00000002   PAD
    0x08001d08   0x00000088   Code   RO         4550    .text               c_p.l(strcmp.o)
    0x08001d90   0x00000056   Code   RO         4676    .text               c_p.l(__dczerorl2.o)
    0x08001de6   0x00000002   PAD
    0x08001de8   0x00000004   Code   RO         4250    SVC_TABLE           RTX_CM1.LIB(SVC_Table.o)
    0x08001dec   0x0000000a   Code   RO          343    i.ADC_ChannelConfig  stm32f0xx_adc.o
    0x08001df6   0x00000018   Code   RO          346    i.ADC_Cmd           stm32f0xx_adc.o
    0x08001e0e   0x00000002   PAD
    0x08001e10   0x00000020   Code   RO          350    i.ADC_DeInit        stm32f0xx_adc.o
    0x08001e30   0x0000002e   Code   RO          352    i.ADC_GetCalibrationFactor  stm32f0xx_adc.o
    0x08001e5e   0x00000006   Code   RO          353    i.ADC_GetConversionValue  stm32f0xx_adc.o
    0x08001e64   0x0000001e   Code   RO          354    i.ADC_GetFlagStatus  stm32f0xx_adc.o
    0x08001e82   0x00000002   PAD
    0x08001e84   0x0000002c   Code   RO          357    i.ADC_Init          stm32f0xx_adc.o
    0x08001eb0   0x0000000a   Code   RO          360    i.ADC_StartOfConversion  stm32f0xx_adc.o
    0x08001eba   0x00000010   Code   RO          362    i.ADC_StructInit    stm32f0xx_adc.o
    0x08001eca   0x0000004c   Code   RO         3717    i.GPIO_Configuration_USART2  serial.o
    0x08001f16   0x00000070   Code   RO         1203    i.GPIO_Init         stm32f0xx_gpio.o
    0x08001f86   0x00000020   Code   RO         1204    i.GPIO_PinAFConfig  stm32f0xx_gpio.o
    0x08001fa6   0x00000018   Code   RO         3718    i.NVIC_Configuration  serial.o
    0x08001fbe   0x00000002   PAD
    0x08001fc0   0x00000050   Code   RO         1604    i.NVIC_Init         stm32f0xx_misc.o
    0x08002010   0x0000001c   Code   RO         1703    i.RCC_AHBPeriphClockCmd  stm32f0xx_rcc.o
    0x0800202c   0x0000001c   Code   RO         1705    i.RCC_APB1PeriphClockCmd  stm32f0xx_rcc.o
    0x08002048   0x0000001c   Code   RO         1706    i.RCC_APB1PeriphResetCmd  stm32f0xx_rcc.o
    0x08002064   0x0000001c   Code   RO         1707    i.RCC_APB2PeriphClockCmd  stm32f0xx_rcc.o
    0x08002080   0x0000001c   Code   RO         1708    i.RCC_APB2PeriphResetCmd  stm32f0xx_rcc.o
    0x0800209c   0x00000100   Code   RO         1717    i.RCC_GetClocksFreq  stm32f0xx_rcc.o
    0x0800219c   0x00000058   Code   RO         3436    i.SetSysClock       system_stm32f0xx.o
    0x080021f4   0x00000060   Code   RO         3438    i.SystemInit        system_stm32f0xx.o
    0x08002254   0x00000018   Code   RO         2520    i.TIM_Cmd           stm32f0xx_tim.o
    0x0800226c   0x0000005c   Code   RO          247    i.TIM_Config        pwm.o
    0x080022c8   0x0000001c   Code   RO         2522    i.TIM_CtrlPWMOutputs  stm32f0xx_tim.o
    0x080022e4   0x000000ec   Code   RO         2525    i.TIM_DeInit        stm32f0xx_tim.o
    0x080023d0   0x00000084   Code   RO         2549    i.TIM_OC1Init       stm32f0xx_tim.o
    0x08002454   0x0000006c   Code   RO         2564    i.TIM_OC4Init       stm32f0xx_tim.o
    0x080024c0   0x00000014   Code   RO         2567    i.TIM_OCStructInit  stm32f0xx_tim.o
    0x080024d4   0x00000074   Code   RO         2593    i.TIM_TimeBaseInit  stm32f0xx_tim.o
    0x08002548   0x00000012   Code   RO         2594    i.TIM_TimeBaseStructInit  stm32f0xx_tim.o
    0x0800255a   0x00000002   PAD
    0x0800255c   0x00000048   Code   RO         3719    i.UART2_Init        serial.o
    0x080025a4   0x00000074   Code   RO         3720    i.USART2_IRQHandler  serial.o
    0x08002618   0x0000000a   Code   RO         3073    i.USART_ClearITPendingBit  stm32f0xx_usart.o
    0x08002622   0x00000018   Code   RO         3076    i.USART_Cmd         stm32f0xx_usart.o
    0x0800263a   0x0000000e   Code   RO         3084    i.USART_GetFlagStatus  stm32f0xx_usart.o
    0x08002648   0x0000003c   Code   RO         3085    i.USART_GetITStatus  stm32f0xx_usart.o
    0x08002684   0x0000002e   Code   RO         3087    i.USART_ITConfig    stm32f0xx_usart.o
    0x080026b2   0x00000002   PAD
    0x080026b4   0x000000c0   Code   RO         3088    i.USART_Init        stm32f0xx_usart.o
    0x08002774   0x00000008   Code   RO         3100    i.USART_ReceiveData  stm32f0xx_usart.o
    0x0800277c   0x00000008   Code   RO         3105    i.USART_SendData    stm32f0xx_usart.o
    0x08002784   0x00000030   Code   RO         4527    i.__ARM_common_ll_muluu  c_p.l(btod.o)
    0x080027b4   0x0000002c   Code   RO         4537    i.__ARM_fpclassify  m_ps.l(fpclassify.o)
    0x080027e0   0x00000048   Code   RO         4221    i._init_box         RTX_CM1.LIB(rt_membox.o)
    0x08002828   0x00000020   Code   RO         3476    i._mutex_acquire    rtx_conf_cm.o
    0x08002848   0x0000001c   Code   RO         3478    i._mutex_release    rtx_conf_cm.o
    0x08002864   0x00000002   Code   RO          139    i._sys_exit         retarget.o
    0x08002866   0x00000002   PAD
    0x08002868   0x00000068   Code   RO          194    i.adc_in            adc.o
    0x080028d0   0x0000000c   Code   RO         3721    i.available_fcn     serial.o
    0x080028dc   0x00000024   Code   RO         3722    i.begin_fcn         serial.o
    0x08002900   0x00000006   Code   RO          141    i.ferror            retarget.o
    0x08002906   0x00000002   PAD
    0x08002908   0x0000001c   Code   RO         3723    i.flush_fcn         serial.o
    0x08002924   0x0000000c   Code   RO          143    i.fputc             retarget.o
    0x08002930   0x00000050   Code   RO          195    i.get_adc_voltage   adc.o
    0x08002980   0x0000007c   Code   RO            3    i.init              main.o
    0x080029fc   0x000000f4   Code   RO          196    i.init_adc          adc.o
    0x08002af0   0x000000b0   Code   RO          248    i.init_pwm          pwm.o
    0x08002ba0   0x00000028   Code   RO            4    i.main              main.o
    0x08002bc8   0x00000020   Code   RO         3479    i.os_error          rtx_conf_cm.o
    0x08002be8   0x00000002   Code   RO         3480    i.os_idle_demon     rtx_conf_cm.o
    0x08002bea   0x00000002   PAD
    0x08002bec   0x0000002c   Code   RO         4037    i.os_tick_init      RTX_CM1.LIB(rt_system.o)
    0x08002c18   0x00000002   Code   RO         4038    i.os_tick_irqack    RTX_CM1.LIB(rt_system.o)
    0x08002c1a   0x00000002   Code   RO         3481    i.os_tmr_call       rtx_conf_cm.o
    0x08002c1c   0x00000014   Code   RO         3724    i.peek_fcn          serial.o
    0x08002c30   0x00000010   Code   RO         3653    i.pinSetMode        gpio.o
    0x08002c40   0x00000014   Code   RO         3725    i.print_fcn         serial.o
    0x08002c54   0x00000014   Code   RO         3726    i.println_fcn       serial.o
    0x08002c68   0x00000024   Code   RO         3727    i.putchar           serial.o
    0x08002c8c   0x00000054   Code   RO          249    i.pwm_out           pwm.o
    0x08002ce0   0x00000034   Code   RO         3728    i.read_fcn          serial.o
    0x08002d14   0x0000001e   Code   RO         4222    i.rt_alloc_box      RTX_CM1.LIB(rt_membox.o)
    0x08002d32   0x00000002   PAD
    0x08002d34   0x00000038   Code   RO         3856    i.rt_block          RTX_CM1.LIB(rt_task.o)
    0x08002d6c   0x00000044   Code   RO         4199    i.rt_chk_robin      RTX_CM1.LIB(rt_robin.o)
    0x08002db0   0x00000078   Code   RO         4120    i.rt_dec_dly        RTX_CM1.LIB(rt_list.o)
    0x08002e28   0x00000040   Code   RO         3857    i.rt_dispatch       RTX_CM1.LIB(rt_task.o)
    0x08002e68   0x0000000a   Code   RO         3955    i.rt_dly_wait       RTX_CM1.LIB(rt_time.o)
    0x08002e72   0x00000002   PAD
    0x08002e74   0x0000004c   Code   RO         4256    i.rt_evt_psh        RTX_CM1.LIB(rt_event.o)
    0x08002ec0   0x00000026   Code   RO         4223    i.rt_free_box       RTX_CM1.LIB(rt_membox.o)
    0x08002ee6   0x0000002a   Code   RO         4121    i.rt_get_first      RTX_CM1.LIB(rt_list.o)
    0x08002f10   0x00000044   Code   RO         3858    i.rt_init_context   RTX_CM1.LIB(rt_task.o)
    0x08002f54   0x00000018   Code   RO         4200    i.rt_init_robin     RTX_CM1.LIB(rt_robin.o)
    0x08002f6c   0x0000004c   Code   RO         4017    i.rt_init_stack     RTX_CM1.LIB(hal_cm1.o)
    0x08002fb8   0x000000ac   Code   RO         4299    i.rt_mbx_psh        RTX_CM1.LIB(rt_mailbox.o)
    0x08003064   0x000000a8   Code   RO         3993    i.rt_mut_release    RTX_CM1.LIB(rt_mutex.o)
    0x0800310c   0x0000006c   Code   RO         3994    i.rt_mut_wait       RTX_CM1.LIB(rt_mutex.o)
    0x08003178   0x00000070   Code   RO         4039    i.rt_pop_req        RTX_CM1.LIB(rt_system.o)
    0x080031e8   0x00000050   Code   RO         4124    i.rt_put_dly        RTX_CM1.LIB(rt_list.o)
    0x08003238   0x0000003c   Code   RO         4125    i.rt_put_prio       RTX_CM1.LIB(rt_list.o)
    0x08003274   0x00000014   Code   RO         4126    i.rt_put_rdy_first  RTX_CM1.LIB(rt_list.o)
    0x08003288   0x00000030   Code   RO         4127    i.rt_resort_prio    RTX_CM1.LIB(rt_list.o)
    0x080032b8   0x0000002a   Code   RO         4128    i.rt_rmv_dly        RTX_CM1.LIB(rt_list.o)
    0x080032e2   0x00000002   PAD
    0x080032e4   0x00000034   Code   RO         4129    i.rt_rmv_list       RTX_CM1.LIB(rt_list.o)
    0x08003318   0x00000034   Code   RO         4345    i.rt_sem_psh        RTX_CM1.LIB(rt_semaphore.o)
    0x0800334c   0x00000028   Code   RO         4042    i.rt_stk_check      RTX_CM1.LIB(rt_system.o)
    0x08003374   0x00000010   Code   RO         3859    i.rt_switch_req     RTX_CM1.LIB(rt_task.o)
    0x08003384   0x00000138   Code   RO         3860    i.rt_sys_init       RTX_CM1.LIB(rt_task.o)
    0x080034bc   0x0000003c   Code   RO         4044    i.rt_systick        RTX_CM1.LIB(rt_system.o)
    0x080034f8   0x00000040   Code   RO         4381    i.rt_tmr_tick       RTX_CM1.LIB(rt_timer.o)
    0x08003538   0x0000007c   Code   RO         3861    i.rt_tsk_create     RTX_CM1.LIB(rt_task.o)
    0x080035b4   0x0000009c   Code   RO         3862    i.rt_tsk_delete     RTX_CM1.LIB(rt_task.o)
    0x08003650   0x00000010   Code   RO         3865    i.rt_tsk_self       RTX_CM1.LIB(rt_task.o)
    0x08003660   0x00000058   Code   RO          250    i.set_duty_cycle    pwm.o
    0x080036b8   0x00000008   Code   RO         3729    i.write_fcn         serial.o
    0x080036c0   0x0000002c   Code   RO         4530    locale$$code        c_p.l(lc_numeric_c.o)
    0x080036ec   0x00000010   Code   RO         4475    x$fpl$printf1       fz_ps.l(printf1.o)
    0x080036fc   0x00000000   Code   RO         4491    x$fpl$usenofp       fz_ps.l(usenofp.o)
    0x080036fc   0x00000002   Data   RO         3487    .constdata          rtx_conf_cm.o
    0x080036fe   0x00000002   PAD
    0x08003700   0x00000004   Data   RO         3488    .constdata          rtx_conf_cm.o
    0x08003704   0x00000004   Data   RO         3489    .constdata          rtx_conf_cm.o
    0x08003708   0x00000004   Data   RO         3490    .constdata          rtx_conf_cm.o
    0x0800370c   0x00000001   Data   RO         3491    .constdata          rtx_conf_cm.o
    0x0800370d   0x00000003   PAD
    0x08003710   0x00000008   Data   RO         3492    .constdata          rtx_conf_cm.o
    0x08003718   0x00000002   Data   RO         3493    .constdata          rtx_conf_cm.o
    0x0800371a   0x00000002   PAD
    0x0800371c   0x00000004   Data   RO         3494    .constdata          rtx_conf_cm.o
    0x08003720   0x00000001   Data   RO         3495    .constdata          rtx_conf_cm.o
    0x08003721   0x00000001   PAD
    0x08003722   0x00000002   Data   RO         3496    .constdata          rtx_conf_cm.o
    0x08003724   0x00000080   Data   RO         4457    .constdata          fz_ps.l(ddiv.o)
    0x080037a4   0x00000094   Data   RO         4523    .constdata          c_p.l(bigflt0.o)
    0x08003838   0x00000020   Data   RO         4674    Region$$Table       anon$$obj.o
    0x08003858   0x0000001c   Data   RO         4529    locale$$data        c_p.l(lc_numeric_c.o)


    Execution Region RW_IRAM1 (Base: 0x20000000, Size: 0x00001750, Max: 0x00002000, ABSOLUTE, COMPRESSED[0x00000094])

    Base Addr    Size         Type   Attr      Idx    E Section Name        Object

    0x20000000   0x0000000c   Data   RW            6    .data               main.o
    0x2000000c   0x00000004   Data   RW          144    .data               retarget.o
    0x20000010   0x00000002   Data   RW          252    .data               pwm.o
    0x20000012   0x00000010   Data   RW         1741    .data               stm32f0xx_rcc.o
    0x20000022   0x00000002   PAD
    0x20000024   0x00000014   Data   RW         3439    .data               system_stm32f0xx.o
    0x20000038   0x00000004   Data   RW         3497    .data               rtx_conf_cm.o
    0x2000003c   0x0000011c   Data   RW         3656    .data               gpio.o
    0x20000158   0x00000038   Data   RW         3731    .data               serial.o
    0x20000190   0x00000008   Data   RW         3867    .data               RTX_CM1.LIB(rt_task.o)
    0x20000198   0x00000004   Data   RW         3959    .data               RTX_CM1.LIB(rt_time.o)
    0x2000019c   0x00000008   Data   RW         4047    .data               RTX_CM1.LIB(rt_system.o)
    0x200001a4   0x00000008   Data   RW         4201    .data               RTX_CM1.LIB(rt_robin.o)
    0x200001ac   0x00000008   Data   RW         4382    .data               RTX_CM1.LIB(rt_timer.o)
    0x200001b4   0x00000020   Zero   RW          251    .bss                pwm.o
    0x200001d4   0x0000009c   Zero   RW         3482    .bss                rtx_conf_cm.o
    0x20000270   0x00000c90   Zero   RW         3483    .bss                rtx_conf_cm.o
    0x20000f00   0x00000084   Zero   RW         3484    .bss                rtx_conf_cm.o
    0x20000f84   0x0000000c   Zero   RW         3485    .bss                rtx_conf_cm.o
    0x20000f90   0x00000100   Zero   RW         3730    .bss                serial.o
    0x20001090   0x00000030   Zero   RW         3866    .bss                RTX_CM1.LIB(rt_task.o)
    0x200010c0   0x00000030   Zero   RW         4130    .bss                RTX_CM1.LIB(rt_list.o)
    0x200010f0   0x00000060   Zero   RW         4409    .bss                c_p.l(libspace.o)
    0x20001150   0x00000200   Zero   RW         3469    HEAP                startup_stm32f0xx.o
    0x20001350   0x00000400   Zero   RW         3468    STACK               startup_stm32f0xx.o


==============================================================================

Image component sizes


      Code (inc. data)   RO Data    RW Data    ZI Data      Debug   Object Name

       428         78          0          0          0       8402   adc.o
        16          4          0        284          0       2465   gpio.o
       164         82          0         12          0     150786   main.o
       440         66          0          2         32       2159   pwm.o
        20          0          0          4          0       2993   retarget.o
        96         36         32          4       3516       3441   rtx_conf_cm.o
       520         68          0         56        256       7351   serial.o
        56         26        192          0       1536        648   startup_stm32f0xx.o
       218         10          0          0          0       5495   stm32f0xx_adc.o
       144          0          0          0          0       1707   stm32f0xx_gpio.o
        80          8          0          0          0        956   stm32f0xx_misc.o
       396         54          0         16          0       4564   stm32f0xx_rcc.o
       682        108          0          0          0       5631   stm32f0xx_tim.o
       362         10          0          0          0       6055   stm32f0xx_usart.o
       184         20          0         20          0       1413   system_stm32f0xx.o

    ----------------------------------------------------------------------
      3822        570        264        400       5340     204066   Object Totals
         0          0         32          0          0          0   (incl. Generated)
        16          0          8          2          0          0   (incl. Padding)

    ----------------------------------------------------------------------

      Code (inc. data)   RO Data    RW Data    ZI Data      Debug   Library Member Name

         4          4          0          0          0        136   SVC_Table.o
       468         50          0          0          0       1300   hal_cm1.o
        76          6          0          0          0        509   rt_event.o
       464         30          0          0         48       3730   rt_list.o
       172          4          0          0          0        549   rt_mailbox.o
       140          0          0          0          0       1505   rt_membox.o
       276         16          0          0          0       1191   rt_mutex.o
        92         22          0          8          0        906   rt_robin.o
        52          6          0          0          0        433   rt_semaphore.o
       258         50          0          8          0       2886   rt_system.o
       812        156          0          8         48       6400   rt_task.o
        10          0          0          4          0        524   rt_time.o
        64          8          0          8          0        575   rt_timer.o
        86          0          0          0          0          0   __dczerorl2.o
         8          0          0          0          0         68   __main.o
       110          0          0          0          0         76   __printf.o
        60          8          0          0          0          0   __scatter.o
        28          0          0          0          0          0   __scatter_zi.o
        48          6          0          0          0         88   _printf_char_common.o
        40          6          0          0          0         72   _printf_char_file.o
       108         18          0          0          0         76   _printf_dec.o
        10          0          0          0          0          0   _printf_f.o
      1044         12          0          0          0        172   _printf_fp_dec.o
       136         16          0          0          0         76   _printf_fp_infnan.o
        10          0          0          0          0          0   _printf_i.o
       176          0          0          0          0         80   _printf_intcommon.o
         2          0          0          0          0          0   _printf_percent.o
         4          0          0          0          0          0   _printf_percent_end.o
       346          0          0          0          0         92   aeabi_sdiv.o
       204          4        148          0          0         80   bigflt0.o
      1240         12          0          0          0        316   btod.o
        12          0          0          0          0         64   exit.o
         6          0          0          0          0        136   heapauxi.o
        44         10         28          0          0         76   lc_numeric_c.o
         2          0          0          0          0          0   libinit.o
        22          0          0          0          0          0   libinit2.o
         2          0          0          0          0          0   libshutdown.o
         2          0          0          0          0          0   libshutdown2.o
         8          4          0          0         96         68   libspace.o
       122          0          0          0          0         72   lludiv10.o
        28          6          0          0          0         84   noretval__2printf.o
        10          0          0          0          0         76   rt_locale_twolibspace.o
         0          0          0          0          0          0   rtentry.o
        12          0          0          0          0          0   rtentry2.o
         6          0          0          0          0          0   rtentry4.o
         2          0          0          0          0          0   rtexit.o
        10          0          0          0          0          0   rtexit2.o
        40          0          0          0          0         60   rtudiv10.o
       136          4          0          0          0         72   strcmp.o
        62          0          0          0          0         80   sys_stackheap_outer.o
         2          0          0          0          0         68   use_no_semi.o
       124          4          0          0          0         72   d2f.o
       844         22          0          0          0        224   daddsub.o
      1104         30        128          0          0        112   ddiv.o
        72         10          0          0          0         68   dfixui.o
        88          0          0          0          0         92   dflti.o
       600         20          0          0          0         80   dmul.o
        80          6          0          0          0         60   f2d.o
        16          4          0          0          0         76   printf1.o
         0          0          0          0          0          0   usenofp.o
        44          6          0          0          0         60   fpclassify.o

    ----------------------------------------------------------------------
     10062        560        304         36        192      23540   Library Totals
        14          0          0          0          0          0   (incl. Padding)

    ----------------------------------------------------------------------

      Code (inc. data)   RO Data    RW Data    ZI Data      Debug   Library Name

      2888        352          0         36         96      20644   RTX_CM1.LIB
      4188        106        176          0         96       2052   c_p.l
      2928         96        128          0          0        784   fz_ps.l
        44          6          0          0          0         60   m_ps.l

    ----------------------------------------------------------------------
     10062        560        304         36        192      23540   Library Totals

    ----------------------------------------------------------------------

==============================================================================


      Code (inc. data)   RO Data    RW Data    ZI Data      Debug   

     13884       1130        568        436       5532     221990   Grand Totals
     13884       1130        568        148       5532     221990   ELF Image Totals (compressed)
     13884       1130        568        148          0          0   ROM Totals

==============================================================================

    Total RO  Size (Code + RO Data)                14452 (  14.11kB)
    Total RW  Size (RW Data + ZI Data)              5968 (   5.83kB)
    Total ROM Size (Code + RO Data + RW Data)      14600 (  14.26kB)

==============================================================================

