ARM Linker, 5.02 [Build 28] [MDK-ARM Lite]

==============================================================================

Section Cross References

    main.o(.text) refers to printfa.o(i.__0printf) for __2printf
    main.o(.text) refers to hal_cm1.o(.emb_text) for os_set_env
    main.o(.text) refers to interrupted_charging.o(.bss) for interrupted_charging_stk
    main.o(.text) refers to interrupted_charging.o(.text) for interrupted_charging
    main.o(.text) refers to rt_task.o(i.rt_tsk_create) for rt_tsk_create
    main.o(.text) refers to interrupted_charging.o(.data) for interrupted_charging_t
    main.o(.text) refers to ui.o(.bss) for ui_stk
    main.o(.text) refers to ui.o(.text) for ui
    main.o(.text) refers to ui.o(.data) for ui_t
    main.o(.text) refers to payment_control.o(.bss) for payment_control_stk
    main.o(.text) refers to payment_control.o(.text) for payment_control
    main.o(.text) refers to payment_control.o(.data) for payment_control_t
    main.o(.text) refers to rt_task.o(i.rt_tsk_delete) for rt_tsk_delete
    main.o(.text) refers to serial.o(.data) for Serial
    main.o(.text) refers to rt_task.o(i.rt_sys_init) for rt_sys_init
    retarget.o(.text) refers to serial.o(.text) for write_fcn
    adc.o(.text) refers to fflti.o(.text) for __aeabi_i2f
    adc.o(.text) refers to fdiv.o(.text) for __aeabi_fdiv
    adc.o(.text) refers to stm32f0xx_dma.o(.text) for DMA_GetFlagStatus
    adc.o(.text) refers to printfa.o(i.__0printf) for __2printf
    adc.o(.text) refers to ffltui.o(.text) for __aeabi_ui2f
    adc.o(.text) refers to fmul.o(.text) for __aeabi_fmul
    adc.o(.text) refers to fadd.o(.text) for __aeabi_fsub
    adc.o(.text) refers to stm32f0xx_rcc.o(.text) for RCC_AHBPeriphClockCmd
    adc.o(.text) refers to stm32f0xx_gpio.o(.text) for GPIO_StructInit
    adc.o(.text) refers to stm32f0xx_adc.o(.text) for ADC_DeInit
    adc.o(.text) refers to pwm.o(.text) for init_pwm
    adc.o(.text) refers to f2d.o(.text) for __aeabi_f2d
    adc.o(.text) refers to stm32f0xx_misc.o(.text) for NVIC_Init
    adc.o(.text) refers to adc.o(.data) for .data
    adc.o(.text) refers to adc.o(.bss) for .bss
    adc.o(.text) refers to adc.o(.constdata) for .constdata
    adc.o(.text) refers to rt_time.o(i.rt_dly_wait) for rt_dly_wait
    perturb_and_observe.o(.text) refers to adc.o(.text) for get_adc_voltage
    perturb_and_observe.o(.text) refers to fmul.o(.text) for __aeabi_fmul
    perturb_and_observe.o(.text) refers to fadd.o(.text) for __aeabi_fsub
    perturb_and_observe.o(.text) refers to cfcmple.o(.text) for __aeabi_cfcmple
    perturb_and_observe.o(.text) refers to pwm.o(.text) for set_duty_cycle
    perturb_and_observe.o(.text) refers to cfrcmple.o(.text) for __aeabi_cfrcmple
    perturb_and_observe.o(.text) refers to perturb_and_observe.o(.data) for .data
    perturb_and_observe.o(.text) refers to rt_time.o(i.rt_dly_wait) for rt_dly_wait
    pwm.o(.text) refers to dflti.o(.text) for __aeabi_i2d
    pwm.o(.text) refers to f2d.o(.text) for __aeabi_f2d
    pwm.o(.text) refers to dadd.o(.text) for __aeabi_drsub
    pwm.o(.text) refers to dmul.o(.text) for __aeabi_dmul
    pwm.o(.text) refers to ddiv.o(.text) for __aeabi_ddiv
    pwm.o(.text) refers to dfixui.o(.text) for __aeabi_d2uiz
    pwm.o(.text) refers to stm32f0xx_tim.o(.text) for TIM_OC1Init
    pwm.o(.text) refers to stm32f0xx_rcc.o(.text) for RCC_AHBPeriphClockCmd
    pwm.o(.text) refers to stm32f0xx_gpio.o(.text) for GPIO_Init
    pwm.o(.text) refers to uidiv.o(.text) for __aeabi_uidivmod
    pwm.o(.text) refers to dfltui.o(.text) for __aeabi_ui2d
    pwm.o(.text) refers to adc.o(.text) for init_adc
    pwm.o(.text) refers to d2f.o(.text) for __aeabi_d2f
    pwm.o(.text) refers to printfa.o(i.__0printf) for __2printf
    pwm.o(.text) refers to pwm.o(.data) for .data
    pwm.o(.text) refers to pwm.o(.bss) for .bss
    pwm.o(.text) refers to system_stm32f0xx.o(.data) for SystemCoreClock
    pwm.o(.text) refers to rt_time.o(i.rt_dly_wait) for rt_dly_wait
    serial.o(.text) refers to stm32f0xx_usart.o(.text) for USART_GetFlagStatus
    serial.o(.text) refers to stm32f0xx_rcc.o(.text) for RCC_AHBPeriphClockCmd
    serial.o(.text) refers to stm32f0xx_gpio.o(.text) for GPIO_PinAFConfig
    serial.o(.text) refers to stm32f0xx_misc.o(.text) for NVIC_Init
    serial.o(.text) refers to serial.o(.data) for .data
    serial.o(.text) refers to serial.o(.bss) for .bss
    serial.o(.data) refers to serial.o(.bss) for rcv_buff
    serial.o(.data) refers to serial.o(.text) for begin_fcn
    interrupted_charging.o(.text) refers to fdiv.o(.text) for __aeabi_fdiv
    interrupted_charging.o(.text) refers to fmul.o(.text) for __aeabi_fmul
    interrupted_charging.o(.text) refers to fadd.o(.text) for __aeabi_fadd
    interrupted_charging.o(.text) refers to pwm.o(.text) for init_pwm
    interrupted_charging.o(.text) refers to adc.o(.text) for init_adc
    interrupted_charging.o(.text) refers to perturb_and_observe.o(.text) for set_mppt
[...]
    .data                                    0x20000004   Section        4  adc.o(.data)
    .data                                    0x20000008   Section       12  perturb_and_observe.o(.data)
    p_panel_delay                            0x2000000c   Data           4  perturb_and_observe.o(.data)
    v_panel_delay                            0x20000010   Data           4  perturb_and_observe.o(.data)
    .data                                    0x20000014   Section        2  pwm.o(.data)
    .data                                    0x20000018   Section       56  serial.o(.data)
    rcv_buff_full                            0x20000018   Data           1  serial.o(.data)
    nb_rcv_buff_char                         0x2000001a   Data           2  serial.o(.data)
    rcv_buff_overload                        0x2000001c   Data           2  serial.o(.data)
    pt_rcv_read                              0x20000020   Data           4  serial.o(.data)
    pt_rcv_write                             0x20000024   Data           4  serial.o(.data)
    USARTx                                   0x20000028   Data           4  serial.o(.data)
    .data                                    0x20000050   Section        4  interrupted_charging.o(.data)
    .data                                    0x20000054   Section        4  interrupted_charging.o(.data)
    .data                                    0x20000058   Section       20  ui.o(.data)
    .data                                    0x2000006c   Section        6  payment_control.o(.data)
    .data                                    0x20000074   Section        4  payment_control.o(.data)
    .data                                    0x20000078   Section        2  payment_control.o(.data)
    .data                                    0x2000007a   Section       16  stm32f0xx_rcc.o(.data)
    APBAHBPrescTable                         0x2000007a   Data          16  stm32f0xx_rcc.o(.data)
    .data                                    0x2000008c   Section       20  system_stm32f0xx.o(.data)
    .data                                    0x200000a0   Section        4  rtx_conf_cm.o(.data)
    .data                                    0x200000a4   Section        2  eeprom.o(.data)
    .data                                    0x200000a8   Section        8  rt_task.o(.data)
    .data                                    0x200000b0   Section        4  rt_time.o(.data)
    .data                                    0x200000b4   Section        8  rt_system.o(.data)
    os_lock                                  0x200000b4   Data           1  rt_system.o(.data)
    os_psh_flag                              0x200000b5   Data           1  rt_system.o(.data)
    pend_flags                               0x200000b6   Data           1  rt_system.o(.data)
    .data                                    0x200000bc   Section        8  rt_robin.o(.data)
    .data                                    0x200000c4   Section        8  rt_timer.o(.data)
    .bss                                     0x200000cc   Section      160  adc.o(.bss)
    .bss                                     0x2000016c   Section       32  pwm.o(.bss)
    .bss                                     0x2000018c   Section       64  serial.o(.bss)
    rcv_buff                                 0x2000018c   Data          64  serial.o(.bss)
    .bss                                     0x200001d0   Section      512  interrupted_charging.o(.bss)
    .bss                                     0x200003d0   Section      400  ui.o(.bss)
    .bss                                     0x20000560   Section      512  payment_control.o(.bss)
    .bss                                     0x20000760   Section      204  rtx_conf_cm.o(.bss)
    .bss                                     0x20000830   Section      656  rtx_conf_cm.o(.bss)
    .bss                                     0x20000ac0   Section      132  rtx_conf_cm.o(.bss)
    .bss                                     0x20000b44   Section       16  rtx_conf_cm.o(.bss)
    .bss                                     0x20000b54   Section       48  rt_task.o(.bss)
    .bss                                     0x20000b84   Section       48  rt_list.o(.bss)
    STACK                                    0x20000bb8   Section     1024  startup_stm32f0xx.o(STACK)

    Global Symbols

    Symbol Name                              Value     Ov Type        Size  Object(Section)

    BuildAttributes$$THM_ISAv3M$S$PE$A:L22$X:L11$S22$IEEE1$IW$USESV6$~STKCKD$USESV7$~SHL$OTIME$ROPI$EBA8$MICROLIB$REQ8$PRES8$EABIv2 0x00000000   Number         0  anon$$obj.o ABSOLUTE
    __ARM_use_no_argv                        0x00000000   Number         0  main.o ABSOLUTE
    __use_no_errno                           0x00000000   Number         0  useno.o ABSOLUTE
    __use_no_exception_handling              0x00000000   Number         0  useno.o ABSOLUTE
    __use_no_fp                              0x00000000   Number         0  useno.o ABSOLUTE
    __use_no_heap                            0x00000000   Number         0  useno.o ABSOLUTE
    __use_no_heap_region                     0x00000000   Number         0  useno.o ABSOLUTE
    __use_no_semihosting                     0x00000000   Number         0  useno.o ABSOLUTE
    __use_no_semihosting_swi                 0x00000000   Number         0  useno.o ABSOLUTE
    __use_no_signal_handling                 0x00000000   Number         0  useno.o ABSOLUTE
    _printf_a                                0x00000000   Number         0  stubs.o ABSOLUTE
    _printf_c                                0x00000000   Number         0  stubs.o ABSOLUTE
    _printf_charcount                        0x00000000   Number         0  stubs.o ABSOLUTE
    _printf_d                                0x00000000   Number         0  stubs.o ABSOLUTE
    _printf_e                                0x00000000   Number         0  stubs.o ABSOLUTE
    _printf_f                                0x00000000   Number         0  stubs.o ABSOLUTE
    _printf_flags                            0x00000000   Number         0  stubs.o ABSOLUTE
    _printf_fp_dec                           0x00000000   Number         0  stubs.o ABSOLUTE
    _printf_fp_hex                           0x00000000   Number         0  stubs.o ABSOLUTE
    _printf_g                                0x00000000   Number         0  stubs.o ABSOLUTE
    _printf_i                                0x00000000   Number         0  stubs.o ABSOLUTE
    _printf_int_dec                          0x00000000   Number         0  stubs.o ABSOLUTE
    _printf_l                                0x00000000   Number         0  stubs.o ABSOLUTE
    _printf_lc                               0x00000000   Number         0  stubs.o ABSOLUTE
    _printf_ll                               0x00000000   Number         0  stubs.o ABSOLUTE
    _printf_lld                              0x00000000   Number         0  stubs.o ABSOLUTE
    _printf_lli                              0x00000000   Number         0  stubs.o ABSOLUTE
    _printf_llo                              0x00000000   Number         0  stubs.o ABSOLUTE
    _printf_llu                              0x00000000   Number         0  stubs.o ABSOLUTE
    _printf_llx                              0x00000000   Number         0  stubs.o ABSOLUTE
    _printf_longlong_dec                     0x00000000   Number         0  stubs.o ABSOLUTE
    _printf_longlong_hex                     0x00000000   Number         0  stubs.o ABSOLUTE
    _printf_longlong_oct                     0x00000000   Number         0  stubs.o ABSOLUTE
    _printf_ls                               0x00000000   Number         0  stubs.o ABSOLUTE
    _printf_mbtowc                           0x00000000   Number         0  stubs.o ABSOLUTE
    _printf_n                                0x00000000   Number         0  stubs.o ABSOLUTE
    _printf_o                                0x00000000   Number         0  stubs.o ABSOLUTE
    _printf_p                                0x00000000   Number         0  stubs.o ABSOLUTE
    _printf_percent                          0x00000000   Number         0  stubs.o ABSOLUTE
    _printf_pre_padding                      0x00000000   Number         0  stubs.o ABSOLUTE
    _printf_return_value                     0x00000000   Number         0  stubs.o ABSOLUTE
    _printf_s                                0x00000000   Number         0  stubs.o ABSOLUTE
    _printf_sizespec                         0x00000000   Number         0  stubs.o ABSOLUTE
    _printf_str                              0x00000000   Number         0  stubs.o ABSOLUTE
    _printf_truncate_signed                  0x00000000   Number         0  stubs.o ABSOLUTE
    _printf_truncate_unsigned                0x00000000   Number         0  stubs.o ABSOLUTE
    _printf_u                                0x00000000   Number         0  stubs.o ABSOLUTE
    _printf_wc                               0x00000000   Number         0  stubs.o ABSOLUTE
    _printf_wctomb                           0x00000000   Number         0  stubs.o ABSOLUTE
    _printf_widthprec                        0x00000000   Number         0  stubs.o ABSOLUTE
    _printf_x                                0x00000000   Number         0  stubs.o ABSOLUTE
    __decompress                              - Undefined Weak Reference
    _clock_init                               - Undefined Weak Reference
    __Vectors_Size                           0x000000c0   Number         0  startup_stm32f0xx.o ABSOLUTE
    __RL_RTX_VER                             0x00000460   Number         0  rt_system.o ABSOLUTE
    __Vectors                                0x08000000   Data           4  startup_stm32f0xx.o(RESET)
    __Vectors_End                            0x080000c0   Data           0  startup_stm32f0xx.o(RESET)
    __main                                   0x080000c1   Thumb Code     0  entry.o(.ARM.Collect$$$$00000000)
    _main_stk                                0x080000c1   Thumb Code     0  entry2.o(.ARM.Collect$$$$00000001)
    _main_scatterload                        0x080000c5   Thumb Code     0  entry5.o(.ARM.Collect$$$$00000004)
    __main_after_scatterload                 0x080000c9   Thumb Code     0  entry5.o(.ARM.Collect$$$$00000004)
    _main_clock                              0x080000c9   Thumb Code     0  entry7b.o(.ARM.Collect$$$$00000008)
    _main_init                               0x080000c9   Thumb Code     0  entry8.o(.ARM.Collect$$$$00000009)
    rt_set_PSP                               0x080000d5   Thumb Code     6  hal_cm1.o(.emb_text)
    rt_get_PSP                               0x080000db   Thumb Code     6  hal_cm1.o(.emb_text)
    os_set_env                               0x080000e1   Thumb Code    32  hal_cm1.o(.emb_text)
    _alloc_box                               0x08000105   Thumb Code    28  hal_cm1.o(.emb_text)
    _free_box                                0x08000125   Thumb Code    28  hal_cm1.o(.emb_text)
    SVC_Handler                              0x08000145   Thumb Code   152  hal_cm1.o(.emb_text)
    PendSV_Handler                           0x080001e9   Thumb Code    92  hal_cm1.o(.emb_text)
    SysTick_Handler                          0x08000249   Thumb Code     8  hal_cm1.o(.emb_text)
    OS_Tick_Handler                          0x08000251   Thumb Code    12  hal_cm1.o(.emb_text)
    init                                     0x0800025d   Thumb Code   112  main.o(.text)
    main                                     0x080002cd   Thumb Code    28  main.o(.text)
    assert_failed                            0x080002e9   Thumb Code    12  main.o(.text)
    fputc                                    0x08000445   Thumb Code    12  retarget.o(.text)
    fgetc                                    0x08000451   Thumb Code     4  retarget.o(.text)
    ferror                                   0x08000455   Thumb Code     6  retarget.o(.text)
    _ttywrch                                 0x0800045b   Thumb Code    10  retarget.o(.text)
    _sys_exit                                0x08000465   Thumb Code     2  retarget.o(.text)
    get_adc_voltage                          0x08000469   Thumb Code   298  adc.o(.text)
    init_adc                                 0x08000593   Thumb Code   294  adc.o(.text)
    adc_test                                 0x080006b9   Thumb Code   178  adc.o(.text)
    adc_init_analog_watchdog                 0x0800076b   Thumb Code    72  adc.o(.text)
    perturb_and_observe_cc_itter             0x08000831   Thumb Code   146  perturb_and_observe.o(.text)
    perturb_and_observe_itter                0x080008c3   Thumb Code     4  perturb_and_observe.o(.text)
    perturb_and_observe                      0x080008c7   Thumb Code    28  perturb_and_observe.o(.text)
    set_mppt                                 0x080008e3   Thumb Code    84  perturb_and_observe.o(.text)
    set_duty_cycle                           0x08000951   Thumb Code    70  pwm.o(.text)
    TIM_Config                               0x08000997   Thumb Code   128  pwm.o(.text)
    init_pwm                                 0x08000a17   Thumb Code   152  pwm.o(.text)
    pwm_out                                  0x08000aaf   Thumb Code   136  pwm.o(.text)
    putchar                                  0x08000bad   Thumb Code    32  serial.o(.text)
    begin_fcn                                0x08000bcd   Thumb Code    16  serial.o(.text)
    available_fcn                            0x08000bdd   Thumb Code     6  serial.o(.text)
    flush_fcn                                0x08000be3   Thumb Code    18  serial.o(.text)
    read_fcn                                 0x08000bf5   Thumb Code    42  serial.o(.text)
    peek_fcn                                 0x08000c1f   Thumb Code    16  serial.o(.text)
    write_fcn                                0x08000c2f   Thumb Code     2  serial.o(.text)
    print_fcn                                0x08000c31   Thumb Code    20  serial.o(.text)
    println_fcn                              0x08000c45   Thumb Code    20  serial.o(.text)
    USART1_IRQHandler                        0x08000c59   Thumb Code    98  serial.o(.text)
    calc_lvdc                                0x08000d5d   Thumb Code    42  interrupted_charging.o(.text)
    interrupted_charging                     0x08000d87   Thumb Code   570  interrupted_charging.o(.text)
    delay100u                                0x08001161   Thumb Code    16  lcd_hd44780.o(.text)
    cycle_e                                  0x08001171   Thumb Code    38  lcd_hd44780.o(.text)
    lcd_send_4_bits                          0x08001197   Thumb Code    86  lcd_hd44780.o(.text)
    lcd_putc                                 0x080011ed   Thumb Code    44  lcd_hd44780.o(.text)
    lcd_write_string                         0x08001219   Thumb Code    20  lcd_hd44780.o(.text)
    lcd_write_int                            0x0800122d   Thumb Code    32  lcd_hd44780.o(.text)
    lcd_send_cmd                             0x0800124d   Thumb Code    44  lcd_hd44780.o(.text)
    lcd_goto_XY                              0x08001279   Thumb Code    14  lcd_hd44780.o(.text)
    lcd_clear                                0x08001287   Thumb Code    18  lcd_hd44780.o(.text)
    lcd_backlight                            0x08001299   Thumb Code    28  lcd_hd44780.o(.text)
    lcd_set_custom_chars                     0x080012b5   Thumb Code   250  lcd_hd44780.o(.text)
    lcd_init                                 0x080013af   Thumb Code   102  lcd_hd44780.o(.text)
    lcd_test                                 0x08001415   Thumb Code   134  lcd_hd44780.o(.text)
    NMI_Handler                              0x080014f5   Thumb Code     2  stm32f0xx_it.o(.text)
    HardFault_Handler                        0x080014f7   Thumb Code     2  stm32f0xx_it.o(.text)
    ADC1_COMP_IRQHandler                     0x080014f9   Thumb Code     2  stm32f0xx_it.o(.text)
    EXTI0_1_IRQHandler                       0x080014fb   Thumb Code    30  stm32f0xx_it.o(.text)
    EXTI4_15_IRQHandler                      0x08001519   Thumb Code   152  stm32f0xx_it.o(.text)
    keypad_get_key                           0x080015b9   Thumb Code   326  ui.o(.text)
    pwr_sw_init                              0x080016ff   Thumb Code    66  ui.o(.text)
    keypad_init                              0x08001741   Thumb Code   212  ui.o(.text)
    ui                                       0x08001815   Thumb Code   884  ui.o(.text)
    usb_outputs_init                         0x08001bc1   Thumb Code   134  user_outputs.o(.text)
    dc_outputs_init                          0x08001c47   Thumb Code    42  user_outputs.o(.text)
    payment_control                          0x08001c75   Thumb Code    96  payment_control.o(.text)
    delay                                    0x08001d49   Thumb Code    12  buzzer.o(.text)
    buzzer_init                              0x08001d55   Thumb Code    52  buzzer.o(.text)
    buzz                                     0x08001d89   Thumb Code    60  buzzer.o(.text)
    print_time_date                          0x08001dc5   Thumb Code    68  rtc.o(.text)
    rtc_init                                 0x08001e09   Thumb Code    74  rtc.o(.text)
    get_time_struct                          0x08001e53   Thumb Code    90  rtc.o(.text)
    ADC_DeInit                               0x08001ec5   Thumb Code    28  stm32f0xx_adc.o(.text)
    ADC_Init                                 0x08001ee1   Thumb Code    38  stm32f0xx_adc.o(.text)
    ADC_StructInit                           0x08001f07   Thumb Code    16  stm32f0xx_adc.o(.text)
    ADC_Cmd                                  0x08001f17   Thumb Code    18  stm32f0xx_adc.o(.text)
    ADC_JitterCmd                            0x08001f29   Thumb Code    16  stm32f0xx_adc.o(.text)
    ADC_AutoPowerOffCmd                      0x08001f39   Thumb Code    20  stm32f0xx_adc.o(.text)
    ADC_WaitModeCmd                          0x08001f4d   Thumb Code    20  stm32f0xx_adc.o(.text)
    ADC_AnalogWatchdogCmd                    0x08001f61   Thumb Code    20  stm32f0xx_adc.o(.text)
    ADC_AnalogWatchdogThresholdsConfig       0x08001f75   Thumb Code     8  stm32f0xx_adc.o(.text)
    ADC_AnalogWatchdogSingleChannelConfig    0x08001f7d   Thumb Code    14  stm32f0xx_adc.o(.text)
    ADC_AnalogWatchdogSingleChannelCmd       0x08001f8b   Thumb Code    20  stm32f0xx_adc.o(.text)
    ADC_TempSensorCmd                        0x08001f9f   Thumb Code    22  stm32f0xx_adc.o(.text)
    ADC_VrefintCmd                           0x08001fb5   Thumb Code    22  stm32f0xx_adc.o(.text)
    ADC_VbatCmd                              0x08001fcb   Thumb Code    22  stm32f0xx_adc.o(.text)
    ADC_ChannelConfig                        0x08001fe1   Thumb Code    10  stm32f0xx_adc.o(.text)
    ADC_ContinuousModeCmd                    0x08001feb   Thumb Code    20  stm32f0xx_adc.o(.text)
    ADC_DiscModeCmd                          0x08001fff   Thumb Code    20  stm32f0xx_adc.o(.text)
    ADC_OverrunModeCmd                       0x08002013   Thumb Code    20  stm32f0xx_adc.o(.text)
    ADC_GetCalibrationFactor                 0x08002027   Thumb Code    46  stm32f0xx_adc.o(.text)
    ADC_StopOfConversion                     0x08002055   Thumb Code    10  stm32f0xx_adc.o(.text)
    ADC_StartOfConversion                    0x0800205f   Thumb Code    10  stm32f0xx_adc.o(.text)
    ADC_GetConversionValue                   0x08002069   Thumb Code     6  stm32f0xx_adc.o(.text)
    ADC_DMACmd                               0x0800206f   Thumb Code    20  stm32f0xx_adc.o(.text)
    ADC_DMARequestModeConfig                 0x08002083   Thumb Code    16  stm32f0xx_adc.o(.text)
    ADC_ITConfig                             0x08002093   Thumb Code    16  stm32f0xx_adc.o(.text)
    ADC_GetFlagStatus                        0x080020a3   Thumb Code    28  stm32f0xx_adc.o(.text)
    ADC_ClearFlag                            0x080020bf   Thumb Code     4  stm32f0xx_adc.o(.text)
    ADC_GetITStatus                          0x080020c3   Thumb Code    22  stm32f0xx_adc.o(.text)
    ADC_ClearITPendingBit                    0x080020d9   Thumb Code     4  stm32f0xx_adc.o(.text)
    DMA_DeInit                               0x080020e9   Thumb Code   100  stm32f0xx_dma.o(.text)
    DMA_Init                                 0x0800214d   Thumb Code    56  stm32f0xx_dma.o(.text)
    DMA_StructInit                           0x08002185   Thumb Code    26  stm32f0xx_dma.o(.text)
    DMA_Cmd                                  0x0800219f   Thumb Code    20  stm32f0xx_dma.o(.text)
    DMA_SetCurrDataCounter                   0x080021b3   Thumb Code     4  stm32f0xx_dma.o(.text)
    DMA_GetCurrDataCounter                   0x080021b7   Thumb Code     6  stm32f0xx_dma.o(.text)
    DMA_ITConfig                             0x080021bd   Thumb Code    16  stm32f0xx_dma.o(.text)
    DMA_GetFlagStatus                        0x080021cd   Thumb Code    18  stm32f0xx_dma.o(.text)
    DMA_ClearFlag                            0x080021df   Thumb Code     8  stm32f0xx_dma.o(.text)
    DMA_GetITStatus                          0x080021e7   Thumb Code    18  stm32f0xx_dma.o(.text)
    DMA_ClearITPendingBit                    0x080021f9   Thumb Code     8  stm32f0xx_dma.o(.text)
    EXTI_DeInit                              0x0800220d   Thumb Code    20  stm32f0xx_exti.o(.text)
    EXTI_Init                                0x08002221   Thumb Code   102  stm32f0xx_exti.o(.text)
    EXTI_StructInit                          0x08002287   Thumb Code    14  stm32f0xx_exti.o(.text)
    EXTI_GenerateSWInterrupt                 0x08002295   Thumb Code    10  stm32f0xx_exti.o(.text)
    EXTI_GetFlagStatus                       0x0800229f   Thumb Code    16  stm32f0xx_exti.o(.text)
    EXTI_ClearFlag                           0x080022af   Thumb Code     6  stm32f0xx_exti.o(.text)
    EXTI_GetITStatus                         0x080022b5   Thumb Code    24  stm32f0xx_exti.o(.text)
    EXTI_ClearITPendingBit                   0x080022cd   Thumb Code     6  stm32f0xx_exti.o(.text)
    FLASH_SetLatency                         0x080022e1   Thumb Code    14  stm32f0xx_flash.o(.text)
    FLASH_PrefetchBufferCmd                  0x080022ef   Thumb Code    20  stm32f0xx_flash.o(.text)
    FLASH_GetPrefetchBufferStatus            0x08002303   Thumb Code    14  stm32f0xx_flash.o(.text)
    FLASH_Unlock                             0x08002311   Thumb Code    18  stm32f0xx_flash.o(.text)
    FLASH_Lock                               0x08002323   Thumb Code    12  stm32f0xx_flash.o(.text)
    FLASH_GetStatus                          0x0800232f   Thumb Code    34  stm32f0xx_flash.o(.text)
    FLASH_WaitForLastOperation               0x08002351   Thumb Code    34  stm32f0xx_flash.o(.text)
    FLASH_ErasePage                          0x08002373   Thumb Code    52  stm32f0xx_flash.o(.text)
    FLASH_EraseAllPages                      0x080023a7   Thumb Code    48  stm32f0xx_flash.o(.text)
    FLASH_ProgramWord                        0x080023d7   Thumb Code    62  stm32f0xx_flash.o(.text)
    FLASH_ProgramHalfWord                    0x08002415   Thumb Code    48  stm32f0xx_flash.o(.text)
    FLASH_OB_Unlock                          0x08002445   Thumb Code    18  stm32f0xx_flash.o(.text)
    FLASH_OB_Lock                            0x08002457   Thumb Code    12  stm32f0xx_flash.o(.text)
    FLASH_OB_Launch                          0x08002463   Thumb Code    14  stm32f0xx_flash.o(.text)
    FLASH_OB_GetRDP                          0x08002471   Thumb Code    16  stm32f0xx_flash.o(.text)
    FLASH_OB_Erase                           0x08002481   Thumb Code   106  stm32f0xx_flash.o(.text)
    FLASH_OB_EnableWRP                       0x080024eb   Thumb Code    80  stm32f0xx_flash.o(.text)
    FLASH_OB_RDPConfig                       0x0800253b   Thumb Code    82  stm32f0xx_flash.o(.text)
    FLASH_OB_UserConfig                      0x0800258d   Thumb Code    64  stm32f0xx_flash.o(.text)
    FLASH_OB_BOOTConfig                      0x080025cd   Thumb Code    54  stm32f0xx_flash.o(.text)
    FLASH_OB_VDDAConfig                      0x08002603   Thumb Code    54  stm32f0xx_flash.o(.text)
    FLASH_OB_SRAMParityConfig                0x08002639   Thumb Code    54  stm32f0xx_flash.o(.text)
    FLASH_OB_WriteUser                       0x0800266f   Thumb Code    54  stm32f0xx_flash.o(.text)
    FLASH_ProgramOptionByteData              0x080026a5   Thumb Code    68  stm32f0xx_flash.o(.text)
    FLASH_OB_GetUser                         0x080026e9   Thumb Code    10  stm32f0xx_flash.o(.text)
    FLASH_OB_GetWRP                          0x080026f3   Thumb Code     6  stm32f0xx_flash.o(.text)
    FLASH_ITConfig                           0x080026f9   Thumb Code    18  stm32f0xx_flash.o(.text)
    FLASH_GetFlagStatus                      0x0800270b   Thumb Code    16  stm32f0xx_flash.o(.text)
    FLASH_ClearFlag                          0x0800271b   Thumb Code     6  stm32f0xx_flash.o(.text)
    GPIO_DeInit                              0x08002725   Thumb Code    78  stm32f0xx_gpio.o(.text)
    GPIO_Init                                0x08002773   Thumb Code   112  stm32f0xx_gpio.o(.text)
    GPIO_StructInit                          0x080027e3   Thumb Code    18  stm32f0xx_gpio.o(.text)
    GPIO_PinLockConfig                       0x080027f5   Thumb Code    18  stm32f0xx_gpio.o(.text)
    GPIO_ReadInputDataBit                    0x08002807   Thumb Code    14  stm32f0xx_gpio.o(.text)
    GPIO_ReadInputData                       0x08002815   Thumb Code     4  stm32f0xx_gpio.o(.text)
    GPIO_ReadOutputDataBit                   0x08002819   Thumb Code    14  stm32f0xx_gpio.o(.text)
    GPIO_ReadOutputData                      0x08002827   Thumb Code     4  stm32f0xx_gpio.o(.text)
    GPIO_SetBits                             0x0800282b   Thumb Code     4  stm32f0xx_gpio.o(.text)
    GPIO_ResetBits                           0x0800282f   Thumb Code     4  stm32f0xx_gpio.o(.text)
    GPIO_WriteBit                            0x08002833   Thumb Code    12  stm32f0xx_gpio.o(.text)
    GPIO_Write                               0x0800283f   Thumb Code     4  stm32f0xx_gpio.o(.text)
    GPIO_PinAFConfig                         0x08002843   Thumb Code    32  stm32f0xx_gpio.o(.text)
    NVIC_Init                                0x08002879   Thumb Code    70  stm32f0xx_misc.o(.text)
    NVIC_SystemLPConfig                      0x080028bf   Thumb Code    18  stm32f0xx_misc.o(.text)
    SysTick_CLKSourceConfig                  0x080028d1   Thumb Code    20  stm32f0xx_misc.o(.text)
    PWR_DeInit                               0x080028f5   Thumb Code    22  stm32f0xx_pwr.o(.text)
    PWR_BackupAccessCmd                      0x0800290b   Thumb Code    20  stm32f0xx_pwr.o(.text)
    PWR_PVDLevelConfig                       0x0800291f   Thumb Code    14  stm32f0xx_pwr.o(.text)
    PWR_PVDCmd                               0x0800292d   Thumb Code    20  stm32f0xx_pwr.o(.text)
    PWR_WakeUpPinCmd                         0x08002941   Thumb Code    18  stm32f0xx_pwr.o(.text)
    PWR_EnterSleepMode                       0x08002953   Thumb Code    22  stm32f0xx_pwr.o(.text)
    PWR_EnterSTOPMode                        0x08002969   Thumb Code    40  stm32f0xx_pwr.o(.text)
    PWR_EnterSTANDBYMode                     0x08002991   Thumb Code    30  stm32f0xx_pwr.o(.text)
    PWR_GetFlagStatus                        0x080029af   Thumb Code    16  stm32f0xx_pwr.o(.text)
    PWR_ClearFlag                            0x080029bf   Thumb Code    12  stm32f0xx_pwr.o(.text)
    RCC_DeInit                               0x080029d5   Thumb Code    78  stm32f0xx_rcc.o(.text)
    RCC_HSEConfig                            0x08002a23   Thumb Code    10  stm32f0xx_rcc.o(.text)
    RCC_GetFlagStatus                        0x08002a2d   Thumb Code    48  stm32f0xx_rcc.o(.text)
    RCC_WaitForHSEStartUp                    0x08002a5d   Thumb Code    38  stm32f0xx_rcc.o(.text)
    RCC_AdjustHSICalibrationValue            0x08002a83   Thumb Code    16  stm32f0xx_rcc.o(.text)
    RCC_HSICmd                               0x08002a93   Thumb Code    22  stm32f0xx_rcc.o(.text)
    RCC_AdjustHSI14CalibrationValue          0x08002aa9   Thumb Code    16  stm32f0xx_rcc.o(.text)
    RCC_HSI14Cmd                             0x08002ab9   Thumb Code    22  stm32f0xx_rcc.o(.text)
    RCC_HSI14ADCRequestCmd                   0x08002acf   Thumb Code    20  stm32f0xx_rcc.o(.text)
    RCC_LSEConfig                            0x08002ae3   Thumb Code    26  stm32f0xx_rcc.o(.text)
    RCC_LSEDriveConfig                       0x08002afd   Thumb Code    18  stm32f0xx_rcc.o(.text)
    RCC_LSICmd                               0x08002b0f   Thumb Code    22  stm32f0xx_rcc.o(.text)
    RCC_PLLConfig                            0x08002b25   Thumb Code    24  stm32f0xx_rcc.o(.text)
    RCC_PLLCmd                               0x08002b3d   Thumb Code    22  stm32f0xx_rcc.o(.text)
    RCC_PREDIV1Config                        0x08002b53   Thumb Code    14  stm32f0xx_rcc.o(.text)
    RCC_ClockSecuritySystemCmd               0x08002b61   Thumb Code    22  stm32f0xx_rcc.o(.text)
    RCC_MCOConfig                            0x08002b77   Thumb Code     6  stm32f0xx_rcc.o(.text)
    RCC_SYSCLKConfig                         0x08002b7d   Thumb Code    14  stm32f0xx_rcc.o(.text)
    RCC_GetSYSCLKSource                      0x08002b8b   Thumb Code    10  stm32f0xx_rcc.o(.text)
    RCC_HCLKConfig                           0x08002b95   Thumb Code    14  stm32f0xx_rcc.o(.text)
    RCC_PCLKConfig                           0x08002ba3   Thumb Code    16  stm32f0xx_rcc.o(.text)
    RCC_ADCCLKConfig                         0x08002bb3   Thumb Code    38  stm32f0xx_rcc.o(.text)
    RCC_CECCLKConfig                         0x08002bd9   Thumb Code    18  stm32f0xx_rcc.o(.text)
    RCC_I2CCLKConfig                         0x08002beb   Thumb Code    18  stm32f0xx_rcc.o(.text)
    RCC_USARTCLKConfig                       0x08002bfd   Thumb Code    18  stm32f0xx_rcc.o(.text)
    RCC_GetClocksFreq                        0x08002c0f   Thumb Code   218  stm32f0xx_rcc.o(.text)
    RCC_RTCCLKConfig                         0x08002ce9   Thumb Code    10  stm32f0xx_rcc.o(.text)
    RCC_RTCCLKCmd                            0x08002cf3   Thumb Code    20  stm32f0xx_rcc.o(.text)
    RCC_BackupResetCmd                       0x08002d07   Thumb Code    22  stm32f0xx_rcc.o(.text)
    RCC_AHBPeriphClockCmd                    0x08002d1d   Thumb Code    18  stm32f0xx_rcc.o(.text)
    RCC_APB2PeriphClockCmd                   0x08002d2f   Thumb Code    18  stm32f0xx_rcc.o(.text)
    RCC_APB1PeriphClockCmd                   0x08002d41   Thumb Code    18  stm32f0xx_rcc.o(.text)
    RCC_AHBPeriphResetCmd                    0x08002d53   Thumb Code    18  stm32f0xx_rcc.o(.text)
    RCC_APB2PeriphResetCmd                   0x08002d65   Thumb Code    18  stm32f0xx_rcc.o(.text)
    RCC_APB1PeriphResetCmd                   0x08002d77   Thumb Code    18  stm32f0xx_rcc.o(.text)
    RCC_ITConfig                             0x08002d89   Thumb Code    18  stm32f0xx_rcc.o(.text)
    RCC_ClearFlag                            0x08002d9b   Thumb Code    14  stm32f0xx_rcc.o(.text)
    RCC_GetITStatus                          0x08002da9   Thumb Code    48  stm32f0xx_rcc.o(.text)
    RCC_ClearITPendingBit                    0x08002dd9   Thumb Code     6  stm32f0xx_rcc.o(.text)
    RTC_WaitForSynchro                       0x08002de5   Thumb Code    68  stm32f0xx_rtc.o(.text)
    RTC_EnterInitMode                        0x08002e29   Thumb Code    48  stm32f0xx_rtc.o(.text)
    RTC_DeInit                               0x08002e59   Thumb Code    72  stm32f0xx_rtc.o(.text)
    RTC_ExitInitMode                         0x08002ea1   Thumb Code    12  stm32f0xx_rtc.o(.text)
    RTC_Init                                 0x08002ead   Thumb Code    68  stm32f0xx_rtc.o(.text)
    RTC_StructInit                           0x08002ef1   Thumb Code    14  stm32f0xx_rtc.o(.text)
    RTC_WriteProtectionCmd                   0x08002eff   Thumb Code    20  stm32f0xx_rtc.o(.text)
    RTC_RefClockCmd                          0x08002f13   Thumb Code    54  stm32f0xx_rtc.o(.text)
    RTC_BypassShadowCmd                      0x08002f49   Thumb Code    34  stm32f0xx_rtc.o(.text)
    RTC_SetTime                              0x08002f6b   Thumb Code   136  stm32f0xx_rtc.o(.text)
    RTC_TimeStructInit                       0x08002ff3   Thumb Code    12  stm32f0xx_rtc.o(.text)
    RTC_GetTime                              0x08002fff   Thumb Code    68  stm32f0xx_rtc.o(.text)
    RTC_GetSubSecond                         0x08003043   Thumb Code     8  stm32f0xx_rtc.o(.text)
    RTC_SetDate                              0x0800304b   Thumb Code   138  stm32f0xx_rtc.o(.text)
    RTC_DateStructInit                       0x080030d5   Thumb Code    14  stm32f0xx_rtc.o(.text)
    RTC_GetDate                              0x080030e3   Thumb Code    64  stm32f0xx_rtc.o(.text)
    RTC_SetAlarm                             0x08003123   Thumb Code   130  stm32f0xx_rtc.o(.text)
    RTC_AlarmStructInit                      0x080031a5   Thumb Code    20  stm32f0xx_rtc.o(.text)
    RTC_GetAlarm                             0x080031b9   Thumb Code   112  stm32f0xx_rtc.o(.text)
    RTC_AlarmCmd                             0x08003229   Thumb Code    68  stm32f0xx_rtc.o(.text)
    RTC_AlarmSubSecondConfig                 0x0800326d   Thumb Code    26  stm32f0xx_rtc.o(.text)
    RTC_GetAlarmSubSecond                    0x08003287   Thumb Code    12  stm32f0xx_rtc.o(.text)
    RTC_DayLightSavingConfig                 0x08003293   Thumb Code    36  stm32f0xx_rtc.o(.text)
    RTC_GetStoreOperation                    0x080032b7   Thumb Code    12  stm32f0xx_rtc.o(.text)
    RTC_OutputConfig                         0x080032c3   Thumb Code    36  stm32f0xx_rtc.o(.text)
    RTC_CalibOutputCmd                       0x080032e7   Thumb Code    34  stm32f0xx_rtc.o(.text)
    RTC_CalibOutputConfig                    0x08003309   Thumb Code    32  stm32f0xx_rtc.o(.text)
    RTC_SmoothCalibConfig                    0x08003329   Thumb Code    60  stm32f0xx_rtc.o(.text)
    RTC_TimeStampCmd                         0x08003365   Thumb Code    36  stm32f0xx_rtc.o(.text)
    RTC_GetTimeStamp                         0x08003389   Thumb Code   124  stm32f0xx_rtc.o(.text)
    RTC_GetTimeStampSubSecond                0x08003405   Thumb Code     6  stm32f0xx_rtc.o(.text)
    RTC_TamperTriggerConfig                  0x0800340b   Thumb Code    22  stm32f0xx_rtc.o(.text)
    RTC_TamperCmd                            0x08003421   Thumb Code    20  stm32f0xx_rtc.o(.text)
    RTC_TamperFilterConfig                   0x08003435   Thumb Code    22  stm32f0xx_rtc.o(.text)
    RTC_TamperSamplingFreqConfig             0x0800344b   Thumb Code    22  stm32f0xx_rtc.o(.text)
    RTC_TamperPinsPrechargeDuration          0x08003461   Thumb Code    22  stm32f0xx_rtc.o(.text)
    RTC_TimeStampOnTamperDetectionCmd        0x08003477   Thumb Code    22  stm32f0xx_rtc.o(.text)
    RTC_TamperPullUpCmd                      0x0800348d   Thumb Code    22  stm32f0xx_rtc.o(.text)
    RTC_WriteBackupRegister                  0x080034a3   Thumb Code    12  stm32f0xx_rtc.o(.text)
    RTC_ReadBackupRegister                   0x080034af   Thumb Code    12  stm32f0xx_rtc.o(.text)
    RTC_OutputTypeConfig                     0x080034bb   Thumb Code    22  stm32f0xx_rtc.o(.text)
    RTC_SynchroShiftConfig                   0x080034d1   Thumb Code    72  stm32f0xx_rtc.o(.text)
    RTC_ITConfig                             0x08003519   Thumb Code    56  stm32f0xx_rtc.o(.text)
    RTC_GetFlagStatus                        0x08003551   Thumb Code    20  stm32f0xx_rtc.o(.text)
    RTC_ClearFlag                            0x08003565   Thumb Code    22  stm32f0xx_rtc.o(.text)
    RTC_GetITStatus                          0x0800357b   Thumb Code    54  stm32f0xx_rtc.o(.text)
    RTC_ClearITPendingBit                    0x080035b1   Thumb Code    22  stm32f0xx_rtc.o(.text)
    SYSCFG_DeInit                            0x08003605   Thumb Code    30  stm32f0xx_syscfg.o(.text)
    SYSCFG_MemoryRemapConfig                 0x08003623   Thumb Code    14  stm32f0xx_syscfg.o(.text)
    SYSCFG_DMAChannelRemapConfig             0x08003631   Thumb Code    18  stm32f0xx_syscfg.o(.text)
    SYSCFG_I2CFastModePlusConfig             0x08003643   Thumb Code    18  stm32f0xx_syscfg.o(.text)
    SYSCFG_EXTILineConfig                    0x08003655   Thumb Code    34  stm32f0xx_syscfg.o(.text)
    SYSCFG_BreakConfig                       0x08003677   Thumb Code    10  stm32f0xx_syscfg.o(.text)
    SYSCFG_GetFlagStatus                     0x08003681   Thumb Code    14  stm32f0xx_syscfg.o(.text)
    SYSCFG_ClearFlag                         0x0800368f   Thumb Code    10  stm32f0xx_syscfg.o(.text)
    TIM_DeInit                               0x0800369d   Thumb Code   152  stm32f0xx_tim.o(.text)
    TIM_TimeBaseInit                         0x08003735   Thumb Code    88  stm32f0xx_tim.o(.text)
    TIM_TimeBaseStructInit                   0x0800378d   Thumb Code    18  stm32f0xx_tim.o(.text)
    TIM_PrescalerConfig                      0x0800379f   Thumb Code     6  stm32f0xx_tim.o(.text)
    TIM_CounterModeConfig                    0x080037a5   Thumb Code    12  stm32f0xx_tim.o(.text)
    TIM_SetCounter                           0x080037b1   Thumb Code     4  stm32f0xx_tim.o(.text)
    TIM_SetAutoreload                        0x080037b5   Thumb Code     4  stm32f0xx_tim.o(.text)
    TIM_GetCounter                           0x080037b9   Thumb Code     4  stm32f0xx_tim.o(.text)
    TIM_GetPrescaler                         0x080037bd   Thumb Code     4  stm32f0xx_tim.o(.text)
    TIM_UpdateDisableConfig                  0x080037c1   Thumb Code    18  stm32f0xx_tim.o(.text)
    TIM_UpdateRequestConfig                  0x080037d3   Thumb Code    18  stm32f0xx_tim.o(.text)
    TIM_ARRPreloadConfig                     0x080037e5   Thumb Code    18  stm32f0xx_tim.o(.text)
    TIM_SelectOnePulseMode                   0x080037f7   Thumb Code    16  stm32f0xx_tim.o(.text)
    TIM_SetClockDivision                     0x08003807   Thumb Code    16  stm32f0xx_tim.o(.text)
    TIM_Cmd                                  0x08003817   Thumb Code    20  stm32f0xx_tim.o(.text)
    TIM_BDTRConfig                           0x0800382b   Thumb Code    34  stm32f0xx_tim.o(.text)
    TIM_BDTRStructInit                       0x0800384d   Thumb Code    18  stm32f0xx_tim.o(.text)
    TIM_CtrlPWMOutputs                       0x0800385f   Thumb Code    24  stm32f0xx_tim.o(.text)
    TIM_OC1Init                              0x08003877   Thumb Code   104  stm32f0xx_tim.o(.text)
    TIM_OC2Init                              0x080038df   Thumb Code   110  stm32f0xx_tim.o(.text)
    TIM_OC3Init                              0x0800394d   Thumb Code   110  stm32f0xx_tim.o(.text)
    TIM_OC4Init                              0x080039bb   Thumb Code    78  stm32f0xx_tim.o(.text)
    TIM_OCStructInit                         0x08003a09   Thumb Code    20  stm32f0xx_tim.o(.text)
    TIM_SelectOCxM                           0x08003a1d   Thumb Code    70  stm32f0xx_tim.o(.text)
    TIM_SetCompare1                          0x08003a63   Thumb Code     4  stm32f0xx_tim.o(.text)
    TIM_SetCompare2                          0x08003a67   Thumb Code     4  stm32f0xx_tim.o(.text)
    TIM_SetCompare3                          0x08003a6b   Thumb Code     4  stm32f0xx_tim.o(.text)
    TIM_SetCompare4                          0x08003a6f   Thumb Code     4  stm32f0xx_tim.o(.text)
    TIM_ForcedOC1Config                      0x08003a73   Thumb Code    86  stm32f0xx_tim.o(.text)
    TIM_ForcedOC2Config                      0x08003ac9   Thumb Code    14  stm32f0xx_tim.o(.text)
    TIM_ForcedOC3Config                      0x08003ad7   Thumb Code    12  stm32f0xx_tim.o(.text)
    TIM_ForcedOC4Config                      0x08003ae3   Thumb Code    14  stm32f0xx_tim.o(.text)
    TIM_CCPreloadControl                     0x08003af1   Thumb Code    20  stm32f0xx_tim.o(.text)
    TIM_OC1PreloadConfig                     0x08003b05   Thumb Code    12  stm32f0xx_tim.o(.text)
    TIM_OC2PreloadConfig                     0x08003b11   Thumb Code    14  stm32f0xx_tim.o(.text)
    TIM_OC3PreloadConfig                     0x08003b1f   Thumb Code    12  stm32f0xx_tim.o(.text)
    TIM_OC4PreloadConfig                     0x08003b2b   Thumb Code    14  stm32f0xx_tim.o(.text)
    TIM_OC1FastConfig                        0x08003b39   Thumb Code    12  stm32f0xx_tim.o(.text)
    TIM_OC2FastConfig                        0x08003b45   Thumb Code    14  stm32f0xx_tim.o(.text)
    TIM_OC3FastConfig                        0x08003b53   Thumb Code    12  stm32f0xx_tim.o(.text)
    TIM_OC4FastConfig                        0x08003b5f   Thumb Code    14  stm32f0xx_tim.o(.text)
    TIM_ClearOC1Ref                          0x08003b6d   Thumb Code    12  stm32f0xx_tim.o(.text)
    TIM_ClearOC2Ref                          0x08003b79   Thumb Code    14  stm32f0xx_tim.o(.text)
    TIM_ClearOC3Ref                          0x08003b87   Thumb Code    12  stm32f0xx_tim.o(.text)
    TIM_ClearOC4Ref                          0x08003b93   Thumb Code    14  stm32f0xx_tim.o(.text)
    TIM_OC1PolarityConfig                    0x08003ba1   Thumb Code    12  stm32f0xx_tim.o(.text)
    TIM_OC1NPolarityConfig                   0x08003bad   Thumb Code    12  stm32f0xx_tim.o(.text)
    TIM_OC2PolarityConfig                    0x08003bb9   Thumb Code    14  stm32f0xx_tim.o(.text)
    TIM_OC2NPolarityConfig                   0x08003bc7   Thumb Code    14  stm32f0xx_tim.o(.text)
    TIM_OC3PolarityConfig                    0x08003bd5   Thumb Code    14  stm32f0xx_tim.o(.text)
    TIM_OC3NPolarityConfig                   0x08003be3   Thumb Code    14  stm32f0xx_tim.o(.text)
    TIM_OC4PolarityConfig                    0x08003bf1   Thumb Code    14  stm32f0xx_tim.o(.text)
    TIM_SelectOCREFClear                     0x08003bff   Thumb Code    16  stm32f0xx_tim.o(.text)
    TIM_CCxCmd                               0x08003c0f   Thumb Code    22  stm32f0xx_tim.o(.text)
    TIM_CCxNCmd                              0x08003c25   Thumb Code    22  stm32f0xx_tim.o(.text)
    TIM_SelectCOM                            0x08003c3b   Thumb Code    18  stm32f0xx_tim.o(.text)
    TIM_SetIC4Prescaler                      0x08003c4d   Thumb Code    18  stm32f0xx_tim.o(.text)
    TIM_SetIC3Prescaler                      0x08003c5f   Thumb Code    16  stm32f0xx_tim.o(.text)
    TIM_SetIC2Prescaler                      0x08003c6f   Thumb Code    18  stm32f0xx_tim.o(.text)
    TIM_SetIC1Prescaler                      0x08003cab   Thumb Code    16  stm32f0xx_tim.o(.text)
    TIM_ICInit                               0x08003ce3   Thumb Code   162  stm32f0xx_tim.o(.text)
    TIM_ICStructInit                         0x08003d85   Thumb Code    16  stm32f0xx_tim.o(.text)
    TIM_PWMIConfig                           0x08003d95   Thumb Code   104  stm32f0xx_tim.o(.text)
    TIM_GetCapture1                          0x08003dfd   Thumb Code     4  stm32f0xx_tim.o(.text)
    TIM_GetCapture2                          0x08003e01   Thumb Code     4  stm32f0xx_tim.o(.text)
    TIM_GetCapture3                          0x08003e05   Thumb Code     4  stm32f0xx_tim.o(.text)
    TIM_GetCapture4                          0x08003e09   Thumb Code     4  stm32f0xx_tim.o(.text)
    TIM_ITConfig                             0x08003e0d   Thumb Code    16  stm32f0xx_tim.o(.text)
    TIM_GenerateEvent                        0x08003e1d   Thumb Code     4  stm32f0xx_tim.o(.text)
    TIM_GetFlagStatus                        0x08003e21   Thumb Code    14  stm32f0xx_tim.o(.text)
    TIM_ClearFlag                            0x08003e2f   Thumb Code     6  stm32f0xx_tim.o(.text)
    TIM_GetITStatus                          0x08003e35   Thumb Code    24  stm32f0xx_tim.o(.text)
    TIM_ClearITPendingBit                    0x08003e4d   Thumb Code     6  stm32f0xx_tim.o(.text)
    TIM_DMAConfig                            0x08003e53   Thumb Code     8  stm32f0xx_tim.o(.text)
    TIM_DMACmd                               0x08003e5b   Thumb Code    16  stm32f0xx_tim.o(.text)
    TIM_SelectCCDMA                          0x08003e6b   Thumb Code    18  stm32f0xx_tim.o(.text)
    TIM_InternalClockConfig                  0x08003e7d   Thumb Code    10  stm32f0xx_tim.o(.text)
    TIM_SelectInputTrigger                   0x08003e87   Thumb Code    12  stm32f0xx_tim.o(.text)
    TIM_ITRxExternalClockConfig              0x08003e93   Thumb Code    62  stm32f0xx_tim.o(.text)
    TIM_TIxExternalClockConfig               0x08003ed1   Thumb Code    44  stm32f0xx_tim.o(.text)
    TIM_ETRConfig                            0x08003efd   Thumb Code    18  stm32f0xx_tim.o(.text)
    TIM_ETRClockMode1Config                  0x08003f0f   Thumb Code    28  stm32f0xx_tim.o(.text)
    TIM_ETRClockMode2Config                  0x08003f2b   Thumb Code    20  stm32f0xx_tim.o(.text)
    TIM_SelectOutputTrigger                  0x08003f3f   Thumb Code    16  stm32f0xx_tim.o(.text)
    TIM_SelectSlaveMode                      0x08003f4f   Thumb Code    16  stm32f0xx_tim.o(.text)
    TIM_SelectMasterSlaveMode                0x08003f5f   Thumb Code    16  stm32f0xx_tim.o(.text)
    TIM_EncoderInterfaceConfig               0x08003f6f   Thumb Code    42  stm32f0xx_tim.o(.text)
    TIM_SelectHallSensor                     0x08003f99   Thumb Code    18  stm32f0xx_tim.o(.text)
    TIM_RemapConfig                          0x08003fab   Thumb Code     6  stm32f0xx_tim.o(.text)
    USART_DeInit                             0x08003fb5   Thumb Code    54  stm32f0xx_usart.o(.text)
    USART_Init                               0x08003feb   Thumb Code   166  stm32f0xx_usart.o(.text)
    USART_StructInit                         0x08004091   Thumb Code    22  stm32f0xx_usart.o(.text)
    USART_ClockInit                          0x080040a7   Thumb Code    30  stm32f0xx_usart.o(.text)
    USART_ClockStructInit                    0x080040c5   Thumb Code    12  stm32f0xx_usart.o(.text)
    USART_Cmd                                0x080040d1   Thumb Code    20  stm32f0xx_usart.o(.text)
    USART_DirectionModeCmd                   0x080040e5   Thumb Code    16  stm32f0xx_usart.o(.text)
    USART_OverSampling8Cmd                   0x080040f5   Thumb Code    20  stm32f0xx_usart.o(.text)
    USART_OneBitMethodCmd                    0x08004109   Thumb Code    20  stm32f0xx_usart.o(.text)
    USART_MSBFirstCmd                        0x0800411d   Thumb Code    20  stm32f0xx_usart.o(.text)
    USART_DataInvCmd                         0x08004131   Thumb Code    20  stm32f0xx_usart.o(.text)
    USART_InvPinCmd                          0x08004145   Thumb Code    16  stm32f0xx_usart.o(.text)
    USART_SWAPPinCmd                         0x08004155   Thumb Code    20  stm32f0xx_usart.o(.text)
    USART_ReceiverTimeOutCmd                 0x08004169   Thumb Code    20  stm32f0xx_usart.o(.text)
    USART_SetReceiverTimeOut                 0x0800417d   Thumb Code    16  stm32f0xx_usart.o(.text)
    USART_SetPrescaler                       0x0800418d   Thumb Code    16  stm32f0xx_usart.o(.text)
    USART_STOPModeCmd                        0x0800419d   Thumb Code    18  stm32f0xx_usart.o(.text)
    USART_StopModeWakeUpSourceConfig         0x080041af   Thumb Code    18  stm32f0xx_usart.o(.text)
    USART_AutoBaudRateCmd                    0x080041c1   Thumb Code    20  stm32f0xx_usart.o(.text)
    USART_AutoBaudRateConfig                 0x080041d5   Thumb Code    18  stm32f0xx_usart.o(.text)
    USART_AutoBaudRateNewRequest             0x080041e7   Thumb Code    12  stm32f0xx_usart.o(.text)
    USART_SendData                           0x080041f3   Thumb Code     8  stm32f0xx_usart.o(.text)
    USART_ReceiveData                        0x080041fb   Thumb Code     8  stm32f0xx_usart.o(.text)
    USART_SetAddress                         0x08004203   Thumb Code    18  stm32f0xx_usart.o(.text)
    USART_MuteModeCmd                        0x08004215   Thumb Code    20  stm32f0xx_usart.o(.text)
    USART_MuteModeWakeUpConfig               0x08004229   Thumb Code    18  stm32f0xx_usart.o(.text)
    USART_AddressDetectionConfig             0x0800423b   Thumb Code    16  stm32f0xx_usart.o(.text)
    USART_LINBreakDetectLengthConfig         0x0800424b   Thumb Code    16  stm32f0xx_usart.o(.text)
    USART_LINCmd                             0x0800425b   Thumb Code    20  stm32f0xx_usart.o(.text)
    USART_HalfDuplexCmd                      0x0800426f   Thumb Code    18  stm32f0xx_usart.o(.text)
    USART_SetGuardTime                       0x08004281   Thumb Code    16  stm32f0xx_usart.o(.text)
    USART_SmartCardCmd                       0x08004291   Thumb Code    18  stm32f0xx_usart.o(.text)
    USART_SmartCardNACKCmd                   0x080042a3   Thumb Code    18  stm32f0xx_usart.o(.text)
    USART_SetAutoRetryCount                  0x080042b5   Thumb Code    20  stm32f0xx_usart.o(.text)
    USART_SetBlockLength                     0x080042c9   Thumb Code    18  stm32f0xx_usart.o(.text)
    USART_IrDAConfig                         0x080042db   Thumb Code    16  stm32f0xx_usart.o(.text)
    USART_IrDACmd                            0x080042eb   Thumb Code    18  stm32f0xx_usart.o(.text)
    USART_DECmd                              0x080042fd   Thumb Code    20  stm32f0xx_usart.o(.text)
    USART_DEPolarityConfig                   0x08004311   Thumb Code    18  stm32f0xx_usart.o(.text)
    USART_SetDEAssertionTime                 0x08004323   Thumb Code    20  stm32f0xx_usart.o(.text)
    USART_SetDEDeassertionTime               0x08004337   Thumb Code    20  stm32f0xx_usart.o(.text)
    USART_DMACmd                             0x0800434b   Thumb Code    16  stm32f0xx_usart.o(.text)
    USART_DMAReceptionErrorConfig            0x0800435b   Thumb Code    18  stm32f0xx_usart.o(.text)
    USART_ITConfig                           0x0800436d   Thumb Code    56  stm32f0xx_usart.o(.text)
    USART_RequestCmd                         0x080043a5   Thumb Code    16  stm32f0xx_usart.o(.text)
    USART_OverrunDetectionConfig             0x080043b5   Thumb Code    18  stm32f0xx_usart.o(.text)
    USART_GetFlagStatus                      0x080043c7   Thumb Code    14  stm32f0xx_usart.o(.text)
    USART_ClearFlag                          0x080043d5   Thumb Code     4  stm32f0xx_usart.o(.text)
    USART_GetITStatus                        0x080043d9   Thumb Code    56  stm32f0xx_usart.o(.text)
    USART_ClearITPendingBit                  0x08004411   Thumb Code    10  stm32f0xx_usart.o(.text)
    SystemInit                               0x0800441d   Thumb Code    84  system_stm32f0xx.o(.text)
    SystemCoreClockUpdate                    0x08004471   Thumb Code    94  system_stm32f0xx.o(.text)
    Reset_Handler                            0x0800453d   Thumb Code     8  startup_stm32f0xx.o(.text)
    CEC_IRQHandler                           0x0800454f   Thumb Code     0  startup_stm32f0xx.o(.text)
    DMA1_Channel1_IRQHandler                 0x0800454f   Thumb Code     0  startup_stm32f0xx.o(.text)
    DMA1_Channel2_3_IRQHandler               0x0800454f   Thumb Code     0  startup_stm32f0xx.o(.text)
    DMA1_Channel4_5_IRQHandler               0x0800454f   Thumb Code     0  startup_stm32f0xx.o(.text)
    EXTI2_3_IRQHandler                       0x0800454f   Thumb Code     0  startup_stm32f0xx.o(.text)
    FLASH_IRQHandler                         0x0800454f   Thumb Code     0  startup_stm32f0xx.o(.text)
    I2C1_IRQHandler                          0x0800454f   Thumb Code     0  startup_stm32f0xx.o(.text)
    I2C2_IRQHandler                          0x0800454f   Thumb Code     0  startup_stm32f0xx.o(.text)
    PVD_IRQHandler                           0x0800454f   Thumb Code     0  startup_stm32f0xx.o(.text)
    RCC_IRQHandler                           0x0800454f   Thumb Code     0  startup_stm32f0xx.o(.text)
    RTC_IRQHandler                           0x0800454f   Thumb Code     0  startup_stm32f0xx.o(.text)
    SPI1_IRQHandler                          0x0800454f   Thumb Code     0  startup_stm32f0xx.o(.text)
    SPI2_IRQHandler                          0x0800454f   Thumb Code     0  startup_stm32f0xx.o(.text)
    TIM14_IRQHandler                         0x0800454f   Thumb Code     0  startup_stm32f0xx.o(.text)
    TIM15_IRQHandler                         0x0800454f   Thumb Code     0  startup_stm32f0xx.o(.text)
    TIM16_IRQHandler                         0x0800454f   Thumb Code     0  startup_stm32f0xx.o(.text)
    TIM17_IRQHandler                         0x0800454f   Thumb Code     0  startup_stm32f0xx.o(.text)
    TIM1_BRK_UP_TRG_COM_IRQHandler           0x0800454f   Thumb Code     0  startup_stm32f0xx.o(.text)
    TIM1_CC_IRQHandler                       0x0800454f   Thumb Code     0  startup_stm32f0xx.o(.text)
    TIM2_IRQHandler                          0x0800454f   Thumb Code     0  startup_stm32f0xx.o(.text)
    TIM3_IRQHandler                          0x0800454f   Thumb Code     0  startup_stm32f0xx.o(.text)
    TIM6_DAC_IRQHandler                      0x0800454f   Thumb Code     0  startup_stm32f0xx.o(.text)
    TS_IRQHandler                            0x0800454f   Thumb Code     0  startup_stm32f0xx.o(.text)
    USART2_IRQHandler                        0x0800454f   Thumb Code     0  startup_stm32f0xx.o(.text)
    WWDG_IRQHandler                          0x0800454f   Thumb Code     0  startup_stm32f0xx.o(.text)
    os_idle_demon                            0x08004559   Thumb Code     2  rtx_conf_cm.o(.text)
    os_tmr_call                              0x0800455b   Thumb Code     2  rtx_conf_cm.o(.text)
    os_error                                 0x0800455d   Thumb Code    30  rtx_conf_cm.o(.text)
    EE_ReadVariable                          0x08004655   Thumb Code    60  eeprom.o(.text)
    EE_Init                                  0x08004691   Thumb Code   246  eeprom.o(.text)
    EE_WriteVariable                         0x08004787   Thumb Code    24  eeprom.o(.text)
    __aeabi_uidiv                            0x08004855   Thumb Code     0  uidiv.o(.text)
    __aeabi_uidivmod                         0x08004855   Thumb Code    44  uidiv.o(.text)
    mktime                                   0x08004881   Thumb Code   124  mktime.o(.text)
    __aeabi_memcpy                           0x0800490d   Thumb Code    36  memcpya.o(.text)
    __aeabi_memcpy4                          0x0800490d   Thumb Code     0  memcpya.o(.text)
    __aeabi_memcpy8                          0x0800490d   Thumb Code     0  memcpya.o(.text)
    __aeabi_fadd                             0x08004931   Thumb Code   162  fadd.o(.text)
    __aeabi_fsub                             0x080049d3   Thumb Code     8  fadd.o(.text)
    __aeabi_frsub                            0x080049db   Thumb Code     8  fadd.o(.text)
    __aeabi_fmul                             0x080049e3   Thumb Code   122  fmul.o(.text)
    __aeabi_fdiv                             0x08004a5d   Thumb Code   128  fdiv.o(.text)
    __aeabi_dadd                             0x08004add   Thumb Code   326  dadd.o(.text)
    __aeabi_dsub                             0x08004c23   Thumb Code    12  dadd.o(.text)
    __aeabi_drsub                            0x08004c2f   Thumb Code    12  dadd.o(.text)
    __aeabi_dmul                             0x08004c41   Thumb Code   202  dmul.o(.text)
    __aeabi_ddiv                             0x08004d11   Thumb Code   234  ddiv.o(.text)
    __aeabi_i2f                              0x08004e01   Thumb Code    22  fflti.o(.text)
    __aeabi_ui2f                             0x08004e17   Thumb Code    14  ffltui.o(.text)
    __aeabi_i2d                              0x08004e25   Thumb Code    34  dflti.o(.text)
    __aeabi_ui2d                             0x08004e4d   Thumb Code    24  dfltui.o(.text)
    __aeabi_d2uiz                            0x08004e69   Thumb Code    50  dfixui.o(.text)
    __aeabi_f2d                              0x08004ea5   Thumb Code    40  f2d.o(.text)
    __aeabi_d2f                              0x08004ecd   Thumb Code    56  d2f.o(.text)
    __aeabi_cfcmpeq                          0x08004f05   Thumb Code     0  cfcmple.o(.text)
    __aeabi_cfcmple                          0x08004f05   Thumb Code    20  cfcmple.o(.text)
    __aeabi_cfrcmple                         0x08004f19   Thumb Code    20  cfrcmple.o(.text)
    __aeabi_idiv                             0x08004f2d   Thumb Code     0  idiv.o(.text)
    __aeabi_idivmod                          0x08004f2d   Thumb Code    40  idiv.o(.text)
    __aeabi_uldivmod                         0x08004f55   Thumb Code    96  uldiv.o(.text)
    __aeabi_llsl                             0x08004fb5   Thumb Code    32  llshl.o(.text)
    _ll_shift_l                              0x08004fb5   Thumb Code     0  llshl.o(.text)
    __aeabi_llsr                             0x08004fd5   Thumb Code    34  llushr.o(.text)
    _ll_ushift_r                             0x08004fd5   Thumb Code     0  llushr.o(.text)
    __aeabi_lasr                             0x08004ff7   Thumb Code    38  llsshr.o(.text)
    _ll_sshift_r                             0x08004ff7   Thumb Code     0  llsshr.o(.text)
    _localtime                               0x0800501d   Thumb Code   104  localtime_i.o(.text)
    __I$use$fp                               0x08005091   Thumb Code     0  iusefp.o(.text)
    _float_round                             0x08005091   Thumb Code    16  fepilogue.o(.text)
    _float_epilogue                          0x080050a1   Thumb Code   116  fepilogue.o(.text)
    _double_round                            0x08005115   Thumb Code    26  depilogue.o(.text)
    _double_epilogue                         0x0800512f   Thumb Code   166  depilogue.o(.text)
    __aeabi_d2ulz                            0x080051d5   Thumb Code    54  dfixul.o(.text)
    __aeabi_cdrcmple                         0x08005215   Thumb Code    38  cdrcmple.o(.text)
    __scatterload                            0x0800523d   Thumb Code    28  init.o(.text)
    __scatterload_rt2                        0x0800523d   Thumb Code     0  init.o(.text)
    SVC_Count                                0x08005260   Data           4  SVC_Table.o(SVC_TABLE)
    SVC_Table                                0x08005264   Data           0  SVC_Table.o(SVC_TABLE)
    __0printf                                0x08005265   Thumb Code    24  printfa.o(i.__0printf)
    __1printf                                0x08005265   Thumb Code     0  printfa.o(i.__0printf)
    __2printf                                0x08005265   Thumb Code     0  printfa.o(i.__0printf)
    __c89printf                              0x08005265   Thumb Code     0  printfa.o(i.__0printf)
    printf                                   0x08005265   Thumb Code     0  printfa.o(i.__0printf)
    __0snprintf                              0x08005285   Thumb Code    38  printfa.o(i.__0snprintf)
    __1snprintf                              0x08005285   Thumb Code     0  printfa.o(i.__0snprintf)
    __2snprintf                              0x08005285   Thumb Code     0  printfa.o(i.__0snprintf)
    __c89snprintf                            0x08005285   Thumb Code     0  printfa.o(i.__0snprintf)
    snprintf                                 0x08005285   Thumb Code     0  printfa.o(i.__0snprintf)
    __0sprintf                               0x080052b1   Thumb Code    36  printfa.o(i.__0sprintf)
    __1sprintf                               0x080052b1   Thumb Code     0  printfa.o(i.__0sprintf)
    __2sprintf                               0x080052b1   Thumb Code     0  printfa.o(i.__0sprintf)
    __c89sprintf                             0x080052b1   Thumb Code     0  printfa.o(i.__0sprintf)
    sprintf                                  0x080052b1   Thumb Code     0  printfa.o(i.__0sprintf)
    __ARM_clz                                0x080052d9   Thumb Code    46  depilogue.o(i.__ARM_clz)
    __ARM_common_switch8                     0x08005307   Thumb Code    26  interrupted_charging.o(i.__ARM_common_switch8)
    __scatterload_copy                       0x08005321   Thumb Code    14  handlers.o(i.__scatterload_copy)
    __scatterload_null                       0x0800532f   Thumb Code     2  handlers.o(i.__scatterload_null)
    __scatterload_zeroinit                   0x08005331   Thumb Code    14  handlers.o(i.__scatterload_zeroinit)
    _init_box                                0x08005499   Thumb Code    72  rt_membox.o(i._init_box)
    isr_evt_set                              0x08005c45   Thumb Code    30  rt_event.o(i.isr_evt_set)
    os_tick_init                             0x08005c69   Thumb Code    32  rt_system.o(i.os_tick_init)
    os_tick_irqack                           0x08005c95   Thumb Code     2  rt_system.o(i.os_tick_irqack)
    rt_alloc_box                             0x08005c97   Thumb Code    30  rt_membox.o(i.rt_alloc_box)
    rt_block                                 0x08005cb5   Thumb Code    42  rt_task.o(i.rt_block)
    rt_chk_robin                             0x08005ced   Thumb Code    56  rt_robin.o(i.rt_chk_robin)
    rt_dec_dly                               0x08005d31   Thumb Code   112  rt_list.o(i.rt_dec_dly)
    rt_dispatch                              0x08005da9   Thumb Code    56  rt_task.o(i.rt_dispatch)
    rt_dly_wait                              0x08005de9   Thumb Code    10  rt_time.o(i.rt_dly_wait)
    rt_evt_clr                               0x08005df5   Thumb Code    22  rt_event.o(i.rt_evt_clr)
    rt_evt_get                               0x08005e11   Thumb Code     8  rt_event.o(i.rt_evt_get)
    rt_evt_psh                               0x08005e1d   Thumb Code    70  rt_event.o(i.rt_evt_psh)
    rt_evt_set                               0x08005e69   Thumb Code    88  rt_event.o(i.rt_evt_set)
    rt_evt_wait                              0x08005ec5   Thumb Code    60  rt_event.o(i.rt_evt_wait)
    rt_free_box                              0x08005f05   Thumb Code    38  rt_membox.o(i.rt_free_box)
    rt_get_first                             0x08005f2b   Thumb Code    42  rt_list.o(i.rt_get_first)
    rt_init_robin                            0x08005f99   Thumb Code    14  rt_robin.o(i.rt_init_robin)
    rt_init_stack                            0x08005fb1   Thumb Code    68  hal_cm1.o(i.rt_init_stack)
    rt_mbx_psh                               0x08005ffd   Thumb Code   168  rt_mailbox.o(i.rt_mbx_psh)
    rt_pop_req                               0x080060a9   Thumb Code    98  rt_system.o(i.rt_pop_req)
    rt_psh_req                               0x08006119   Thumb Code    24  rt_system.o(i.rt_psh_req)
    rt_psq_enq                               0x08006139   Thumb Code    60  rt_list.o(i.rt_psq_enq)
    rt_put_dly                               0x08006179   Thumb Code    74  rt_list.o(i.rt_put_dly)
    rt_put_prio                              0x080061c9   Thumb Code    60  rt_list.o(i.rt_put_prio)
    rt_put_rdy_first                         0x08006205   Thumb Code    14  rt_list.o(i.rt_put_rdy_first)
    rt_rmv_dly                               0x08006219   Thumb Code    42  rt_list.o(i.rt_rmv_dly)
    rt_rmv_list                              0x08006245   Thumb Code    46  rt_list.o(i.rt_rmv_list)
    rt_sem_psh                               0x08006279   Thumb Code    46  rt_semaphore.o(i.rt_sem_psh)
    rt_stk_check                             0x080062ad   Thumb Code    30  rt_system.o(i.rt_stk_check)
    rt_switch_req                            0x080062d5   Thumb Code    10  rt_task.o(i.rt_switch_req)
    rt_sys_init                              0x080062e5   Thumb Code   230  rt_task.o(i.rt_sys_init)
    rt_systick                               0x0800641d   Thumb Code    46  rt_system.o(i.rt_systick)
    rt_time_get                              0x08006459   Thumb Code     6  rt_time.o(i.rt_time_get)
    rt_tmr_tick                              0x08006465   Thumb Code    56  rt_timer.o(i.rt_tmr_tick)
    rt_tsk_create                            0x080064a5   Thumb Code   108  rt_task.o(i.rt_tsk_create)
    rt_tsk_delete                            0x08006521   Thumb Code   134  rt_task.o(i.rt_tsk_delete)
    os_maxtaskrun                            0x080066d6   Data           2  rtx_conf_cm.o(.constdata)
    os_stackinfo                             0x080066d8   Data           4  rtx_conf_cm.o(.constdata)
    os_rrobin                                0x080066dc   Data           4  rtx_conf_cm.o(.constdata)
    os_trv                                   0x080066e0   Data           4  rtx_conf_cm.o(.constdata)
    os_flags                                 0x080066e4   Data           1  rtx_conf_cm.o(.constdata)
    os_clockrate                             0x080066e8   Data           4  rtx_conf_cm.o(.constdata)
    os_timernum                              0x080066ec   Data           4  rtx_conf_cm.o(.constdata)
    mp_tcb_size                              0x080066f0   Data           2  rtx_conf_cm.o(.constdata)
    mp_stk_size                              0x080066f4   Data           4  rtx_conf_cm.o(.constdata)
    os_fifo_size                             0x080066f8   Data           1  rtx_conf_cm.o(.constdata)
    mp_tmr_size                              0x080066fa   Data           2  rtx_conf_cm.o(.constdata)
    Region$$Table$$Base                      0x08006714   Number         0  anon$$obj.o(Region$$Table)
    Region$$Table$$Limit                     0x08006734   Number         0  anon$$obj.o(Region$$Table)
    __stdout                                 0x20000000   Data           4  retarget.o(.data)
    ts_cal1                                  0x20000004   Data           2  adc.o(.data)
    ts_cal2                                  0x20000006   Data           2  adc.o(.data)
    duty_cycle                               0x20000008   Data           4  perturb_and_observe.o(.data)
    TimerPeriod                              0x20000014   Data           2  pwm.o(.data)
    Serial                                   0x2000002c   Data          36  serial.o(.data)
    cc_state                                 0x20000050   Data           4  interrupted_charging.o(.data)
    interrupted_charging_t                   0x20000054   Data           4  interrupted_charging.o(.data)
    ui_state                                 0x20000058   Data           4  ui.o(.data)
    ui_t                                     0x2000005c   Data           4  ui.o(.data)
    i                                        0x20000060   Data           4  ui.o(.data)
    str                                      0x20000064   Data           8  ui.o(.data)
    VirtAddVarTab                            0x2000006c   Data           6  payment_control.o(.data)
    payment_control_t                        0x20000074   Data           4  payment_control.o(.data)
    boxid                                    0x20000078   Data           2  payment_control.o(.data)
    SystemCoreClock                          0x2000008c   Data           4  system_stm32f0xx.o(.data)
    AHBPrescTable                            0x20000090   Data          16  system_stm32f0xx.o(.data)
    m_tmr                                    0x200000a0   Data           4  rtx_conf_cm.o(.data)
    DataVar                                  0x200000a4   Data           2  eeprom.o(.data)
    os_tsk                                   0x200000a8   Data           8  rt_task.o(.data)
    os_time                                  0x200000b0   Data           4  rt_time.o(.data)
    os_tick_irqn                             0x200000b8   Data           4  rt_system.o(.data)
    os_robin                                 0x200000bc   Data           8  rt_robin.o(.data)
    os_tmr                                   0x200000c4   Data           8  rt_timer.o(.data)
    RegularConvData_Tab                      0x200000cc   Data         160  adc.o(.bss)
    TIM_TimeBaseStructure_PWM                0x2000016c   Data          12  pwm.o(.bss)
    TIM_OCInitStructure_PWM                  0x20000178   Data          20  pwm.o(.bss)
    interrupted_charging_stk                 0x200001d0   Data         512  interrupted_charging.o(.bss)
    ui_stk                                   0x200003d0   Data         400  ui.o(.bss)
    payment_control_stk                      0x20000560   Data         512  payment_control.o(.bss)
    mp_tcb                                   0x20000760   Data         204  rtx_conf_cm.o(.bss)
    mp_stk                                   0x20000830   Data         656  rtx_conf_cm.o(.bss)
    os_fifo                                  0x20000ac0   Data         132  rtx_conf_cm.o(.bss)
    os_active_TCB                            0x20000b44   Data          16  rtx_conf_cm.o(.bss)
    os_idle_TCB                              0x20000b54   Data          48  rt_task.o(.bss)
    os_rdy                                   0x20000b84   Data          24  rt_list.o(.bss)
    os_dly                                   0x20000b9c   Data          24  rt_list.o(.bss)
    __initial_sp                             0x20000fb8   Data           0  startup_stm32f0xx.o(STACK)



==============================================================================

Memory Map of the image

  Image Entry point : 0x080000c1

  Load Region LR_IROM1 (Base: 0x08000000, Size: 0x00006800, Max: 0x00008000, ABSOLUTE)

    Execution Region ER_IROM1 (Base: 0x08000000, Size: 0x00006734, Max: 0x00008000, ABSOLUTE)

    Base Addr    Size         Type   Attr      Idx    E Section Name        Object

    0x08000000   0x000000c0   Data   RO          975    RESET               startup_stm32f0xx.o
    0x080000c0   0x00000000   Code   RO         1562  * .ARM.Collect$$$$00000000  mc_p.l(entry.o)
    0x080000c0   0x00000004   Code   RO         1865    .ARM.Collect$$$$00000001  mc_p.l(entry2.o)
    0x080000c4   0x00000004   Code   RO         1868    .ARM.Collect$$$$00000004  mc_p.l(entry5.o)
    0x080000c8   0x00000000   Code   RO         1870    .ARM.Collect$$$$00000008  mc_p.l(entry7b.o)
    0x080000c8   0x00000008   Code   RO         1871    .ARM.Collect$$$$00000009  mc_p.l(entry8.o)
    0x080000d0   0x00000004   Code   RO         1866    .ARM.Collect$$$$00002712  mc_p.l(entry2.o)
    0x080000d4   0x00000188   Code   RO         1214    .emb_text           RTX_CM1.LIB(hal_cm1.o)
    0x0800025c   0x000001e8   Code   RO            3    .text               main.o
    0x08000444   0x00000022   Code   RO          160    .text               retarget.o
    0x08000466   0x00000002   PAD
    0x08000468   0x000003c8   Code   RO          195    .text               adc.o
    0x08000830   0x00000120   Code   RO          232    .text               perturb_and_observe.o
    0x08000950   0x0000025c   Code   RO          263    .text               pwm.o
    0x08000bac   0x000001b0   Code   RO          287    .text               serial.o
    0x08000d5c   0x00000404   Code   RO          318    .text               interrupted_charging.o
    0x08001160   0x00000394   Code   RO          353    .text               lcd_hd44780.o
    0x080014f4   0x000000c4   Code   RO          377    .text               stm32f0xx_it.o
    0x080015b8   0x00000608   Code   RO          400    .text               ui.o
    0x08001bc0   0x000000b4   Code   RO          431    .text               user_outputs.o
    0x08001c74   0x000000d4   Code   RO          451    .text               payment_control.o
    0x08001d48   0x0000007c   Code   RO          483    .text               buzzer.o
    0x08001dc4   0x00000100   Code   RO          504    .text               rtc.o
    0x08001ec4   0x00000224   Code   RO          524    .text               stm32f0xx_adc.o
    0x080020e8   0x00000124   Code   RO          644    .text               stm32f0xx_dma.o
    0x0800220c   0x000000d4   Code   RO          664    .text               stm32f0xx_exti.o
    0x080022e0   0x00000444   Code   RO          684    .text               stm32f0xx_flash.o
    0x08002724   0x00000154   Code   RO          705    .text               stm32f0xx_gpio.o
    0x08002878   0x0000007c   Code   RO          765    .text               stm32f0xx_misc.o
    0x080028f4   0x000000e0   Code   RO          785    .text               stm32f0xx_pwr.o
    0x080029d4   0x00000410   Code   RO          805    .text               stm32f0xx_rcc.o
    0x08002de4   0x00000820   Code   RO          827    .text               stm32f0xx_rtc.o
    0x08003604   0x00000098   Code   RO          868    .text               stm32f0xx_syscfg.o
    0x0800369c   0x00000918   Code   RO          888    .text               stm32f0xx_tim.o
    0x08003fb4   0x00000466   Code   RO          909    .text               stm32f0xx_usart.o
    0x0800441a   0x00000002   PAD
    0x0800441c   0x00000120   Code   RO          949    .text               system_stm32f0xx.o
    0x0800453c   0x0000001c   Code   RO          976    .text               startup_stm32f0xx.o
    0x08004558   0x0000007c   Code   RO          980    .text               rtx_conf_cm.o
    0x080045d4   0x00000280   Code   RO         1014    .text               eeprom.o
    0x08004854   0x0000002c   Code   RO         1565    .text               mc_p.l(uidiv.o)
    0x08004880   0x0000008c   Code   RO         1567    .text               mc_p.l(mktime.o)
    0x0800490c   0x00000024   Code   RO         1570    .text               mc_p.l(memcpya.o)
    0x08004930   0x000000b2   Code   RO         1835    .text               mf_p.l(fadd.o)
    0x080049e2   0x0000007a   Code   RO         1837    .text               mf_p.l(fmul.o)
    0x08004a5c   0x00000080   Code   RO         1839    .text               mf_p.l(fdiv.o)
    0x08004adc   0x00000164   Code   RO         1841    .text               mf_p.l(dadd.o)
    0x08004c40   0x000000d0   Code   RO         1843    .text               mf_p.l(dmul.o)
    0x08004d10   0x000000f0   Code   RO         1845    .text               mf_p.l(ddiv.o)
    0x08004e00   0x00000016   Code   RO         1847    .text               mf_p.l(fflti.o)
    0x08004e16   0x0000000e   Code   RO         1849    .text               mf_p.l(ffltui.o)
    0x08004e24   0x00000028   Code   RO         1851    .text               mf_p.l(dflti.o)
    0x08004e4c   0x0000001c   Code   RO         1853    .text               mf_p.l(dfltui.o)
    0x08004e68   0x0000003c   Code   RO         1855    .text               mf_p.l(dfixui.o)
    0x08004ea4   0x00000028   Code   RO         1857    .text               mf_p.l(f2d.o)
    0x08004ecc   0x00000038   Code   RO         1859    .text               mf_p.l(d2f.o)
    0x08004f04   0x00000014   Code   RO         1861    .text               mf_p.l(cfcmple.o)
    0x08004f18   0x00000014   Code   RO         1863    .text               mf_p.l(cfrcmple.o)
    0x08004f2c   0x00000028   Code   RO         1872    .text               mc_p.l(idiv.o)
    0x08004f54   0x00000060   Code   RO         1874    .text               mc_p.l(uldiv.o)
    0x08004fb4   0x00000020   Code   RO         1876    .text               mc_p.l(llshl.o)
    0x08004fd4   0x00000022   Code   RO         1878    .text               mc_p.l(llushr.o)
    0x08004ff6   0x00000026   Code   RO         1880    .text               mc_p.l(llsshr.o)
    0x0800501c   0x00000074   Code   RO         1885    .text               mc_p.l(localtime_i.o)
    0x08005090   0x00000000   Code   RO         1888    .text               mc_p.l(iusefp.o)
    0x08005090   0x00000084   Code   RO         1889    .text               mf_p.l(fepilogue.o)
    0x08005114   0x000000c0   Code   RO         1891    .text               mf_p.l(depilogue.o)
    0x080051d4   0x00000040   Code   RO         1895    .text               mf_p.l(dfixul.o)
    0x08005214   0x00000028   Code   RO         1897    .text               mf_p.l(cdrcmple.o)
    0x0800523c   0x00000024   Code   RO         1899    .text               mc_p.l(init.o)
    0x08005260   0x00000004   Code   RO         1448    SVC_TABLE           RTX_CM1.LIB(SVC_Table.o)
    0x08005264   0x00000020   Code   RO         1807    i.__0printf         mc_p.l(printfa.o)
    0x08005284   0x0000002c   Code   RO         1808    i.__0snprintf       mc_p.l(printfa.o)
    0x080052b0   0x00000028   Code   RO         1809    i.__0sprintf        mc_p.l(printfa.o)
    0x080052d8   0x0000002e   Code   RO         1893    i.__ARM_clz         mf_p.l(depilogue.o)
    0x08005306   0x0000001a   Code   RO          339    i.__ARM_common_switch8  interrupted_charging.o
    0x08005320   0x0000000e   Code   RO         1903    i.__scatterload_copy  mc_p.l(handlers.o)
    0x0800532e   0x00000002   Code   RO         1904    i.__scatterload_null  mc_p.l(handlers.o)
    0x08005330   0x0000000e   Code   RO         1905    i.__scatterload_zeroinit  mc_p.l(handlers.o)
    0x0800533e   0x00000002   PAD
    0x08005340   0x00000158   Code   RO         1814    i._fp_digits        mc_p.l(printfa.o)
    0x08005498   0x00000048   Code   RO         1419    i._init_box         RTX_CM1.LIB(rt_membox.o)
    0x080054e0   0x000006f8   Code   RO         1815    i._printf_core      mc_p.l(printfa.o)
    0x08005bd8   0x00000020   Code   RO         1816    i._printf_post_padding  mc_p.l(printfa.o)
    0x08005bf8   0x0000002c   Code   RO         1817    i._printf_pre_padding  mc_p.l(printfa.o)
    0x08005c24   0x00000016   Code   RO         1818    i._snputc           mc_p.l(printfa.o)
    0x08005c3a   0x0000000a   Code   RO         1819    i._sputc            mc_p.l(printfa.o)
    0x08005c44   0x00000024   Code   RO         1135    i.isr_evt_set       RTX_CM1.LIB(rt_event.o)
    0x08005c68   0x0000002c   Code   RO         1235    i.os_tick_init      RTX_CM1.LIB(rt_system.o)
    0x08005c94   0x00000002   Code   RO         1236    i.os_tick_irqack    RTX_CM1.LIB(rt_system.o)
    0x08005c96   0x0000001e   Code   RO         1420    i.rt_alloc_box      RTX_CM1.LIB(rt_membox.o)
    0x08005cb4   0x00000038   Code   RO         1036    i.rt_block          RTX_CM1.LIB(rt_task.o)
    0x08005cec   0x00000044   Code   RO         1397    i.rt_chk_robin      RTX_CM1.LIB(rt_robin.o)
    0x08005d30   0x00000078   Code   RO         1318    i.rt_dec_dly        RTX_CM1.LIB(rt_list.o)
    0x08005da8   0x00000040   Code   RO         1037    i.rt_dispatch       RTX_CM1.LIB(rt_task.o)
    0x08005de8   0x0000000a   Code   RO         1181    i.rt_dly_wait       RTX_CM1.LIB(rt_time.o)
    0x08005df2   0x00000002   PAD
    0x08005df4   0x0000001c   Code   RO         1136    i.rt_evt_clr        RTX_CM1.LIB(rt_event.o)
    0x08005e10   0x0000000c   Code   RO         1137    i.rt_evt_get        RTX_CM1.LIB(rt_event.o)
    0x08005e1c   0x0000004c   Code   RO         1138    i.rt_evt_psh        RTX_CM1.LIB(rt_event.o)
    0x08005e68   0x0000005c   Code   RO         1139    i.rt_evt_set        RTX_CM1.LIB(rt_event.o)
    0x08005ec4   0x00000040   Code   RO         1140    i.rt_evt_wait       RTX_CM1.LIB(rt_event.o)
    0x08005f04   0x00000026   Code   RO         1421    i.rt_free_box       RTX_CM1.LIB(rt_membox.o)
    0x08005f2a   0x0000002a   Code   RO         1319    i.rt_get_first      RTX_CM1.LIB(rt_list.o)
    0x08005f54   0x00000044   Code   RO         1038    i.rt_init_context   RTX_CM1.LIB(rt_task.o)
    0x08005f98   0x00000018   Code   RO         1398    i.rt_init_robin     RTX_CM1.LIB(rt_robin.o)
    0x08005fb0   0x0000004c   Code   RO         1215    i.rt_init_stack     RTX_CM1.LIB(hal_cm1.o)
    0x08005ffc   0x000000ac   Code   RO         1455    i.rt_mbx_psh        RTX_CM1.LIB(rt_mailbox.o)
    0x080060a8   0x00000070   Code   RO         1237    i.rt_pop_req        RTX_CM1.LIB(rt_system.o)
    0x08006118   0x00000020   Code   RO         1238    i.rt_psh_req        RTX_CM1.LIB(rt_system.o)
    0x08006138   0x00000040   Code   RO         1321    i.rt_psq_enq        RTX_CM1.LIB(rt_list.o)
    0x08006178   0x00000050   Code   RO         1322    i.rt_put_dly        RTX_CM1.LIB(rt_list.o)
    0x080061c8   0x0000003c   Code   RO         1323    i.rt_put_prio       RTX_CM1.LIB(rt_list.o)
    0x08006204   0x00000014   Code   RO         1324    i.rt_put_rdy_first  RTX_CM1.LIB(rt_list.o)
    0x08006218   0x0000002a   Code   RO         1326    i.rt_rmv_dly        RTX_CM1.LIB(rt_list.o)
    0x08006242   0x00000002   PAD
    0x08006244   0x00000034   Code   RO         1327    i.rt_rmv_list       RTX_CM1.LIB(rt_list.o)
    0x08006278   0x00000034   Code   RO         1501    i.rt_sem_psh        RTX_CM1.LIB(rt_semaphore.o)
    0x080062ac   0x00000028   Code   RO         1240    i.rt_stk_check      RTX_CM1.LIB(rt_system.o)
    0x080062d4   0x00000010   Code   RO         1039    i.rt_switch_req     RTX_CM1.LIB(rt_task.o)
    0x080062e4   0x00000138   Code   RO         1040    i.rt_sys_init       RTX_CM1.LIB(rt_task.o)
    0x0800641c   0x0000003c   Code   RO         1242    i.rt_systick        RTX_CM1.LIB(rt_system.o)
    0x08006458   0x0000000c   Code   RO         1184    i.rt_time_get       RTX_CM1.LIB(rt_time.o)
    0x08006464   0x00000040   Code   RO         1537    i.rt_tmr_tick       RTX_CM1.LIB(rt_timer.o)
    0x080064a4   0x0000007c   Code   RO         1041    i.rt_tsk_create     RTX_CM1.LIB(rt_task.o)
    0x08006520   0x0000009c   Code   RO         1042    i.rt_tsk_delete     RTX_CM1.LIB(rt_task.o)
    0x080065bc   0x0000005f   Data   RO          198    .constdata          adc.o
    0x0800661b   0x00000001   PAD
    0x0800661c   0x000000b9   Data   RO          320    .constdata          interrupted_charging.o
    0x080066d5   0x00000001   PAD
    0x080066d6   0x00000002   Data   RO          985    .constdata          rtx_conf_cm.o
    0x080066d8   0x00000004   Data   RO          986    .constdata          rtx_conf_cm.o
    0x080066dc   0x00000004   Data   RO          987    .constdata          rtx_conf_cm.o
    0x080066e0   0x00000004   Data   RO          988    .constdata          rtx_conf_cm.o
    0x080066e4   0x00000001   Data   RO          989    .constdata          rtx_conf_cm.o
    0x080066e5   0x00000003   PAD
    0x080066e8   0x00000008   Data   RO          990    .constdata          rtx_conf_cm.o
    0x080066f0   0x00000002   Data   RO          991    .constdata          rtx_conf_cm.o
    0x080066f2   0x00000002   PAD
    0x080066f4   0x00000004   Data   RO          992    .constdata          rtx_conf_cm.o
    0x080066f8   0x00000001   Data   RO          993    .constdata          rtx_conf_cm.o
    0x080066f9   0x00000001   PAD
    0x080066fa   0x00000002   Data   RO          994    .constdata          rtx_conf_cm.o
    0x080066fc   0x0000000c   Data   RO         1568    .constdata          mc_p.l(mktime.o)
    0x08006708   0x0000000c   Data   RO         1886    .constdata          mc_p.l(localtime_i.o)
    0x08006714   0x00000020   Data   RO         1901    Region$$Table       anon$$obj.o


    Execution Region RW_IRAM1 (Base: 0x20000000, Size: 0x00000fb8, Max: 0x00001000, ABSOLUTE)

    Base Addr    Size         Type   Attr      Idx    E Section Name        Object

    0x20000000   0x00000004   Data   RW          161    .data               retarget.o
    0x20000004   0x00000004   Data   RW          200    .data               adc.o
    0x20000008   0x0000000c   Data   RW          233    .data               perturb_and_observe.o
    0x20000014   0x00000002   Data   RW          265    .data               pwm.o
    0x20000016   0x00000002   PAD
    0x20000018   0x00000038   Data   RW          289    .data               serial.o
    0x20000050   0x00000004   Data   RW          321    .data               interrupted_charging.o
    0x20000054   0x00000004   Data   RW          322    .data               interrupted_charging.o
    0x20000058   0x00000014   Data   RW          402    .data               ui.o
    0x2000006c   0x00000006   Data   RW          453    .data               payment_control.o
    0x20000072   0x00000002   PAD
    0x20000074   0x00000004   Data   RW          454    .data               payment_control.o
    0x20000078   0x00000002   Data   RW          455    .data               payment_control.o
    0x2000007a   0x00000010   Data   RW          806    .data               stm32f0xx_rcc.o
    0x2000008a   0x00000002   PAD
    0x2000008c   0x00000014   Data   RW          950    .data               system_stm32f0xx.o
    0x200000a0   0x00000004   Data   RW          995    .data               rtx_conf_cm.o
    0x200000a4   0x00000002   Data   RW         1015    .data               eeprom.o
    0x200000a6   0x00000002   PAD
    0x200000a8   0x00000008   Data   RW         1047    .data               RTX_CM1.LIB(rt_task.o)
    0x200000b0   0x00000004   Data   RW         1185    .data               RTX_CM1.LIB(rt_time.o)
    0x200000b4   0x00000008   Data   RW         1245    .data               RTX_CM1.LIB(rt_system.o)
    0x200000bc   0x00000008   Data   RW         1399    .data               RTX_CM1.LIB(rt_robin.o)
    0x200000c4   0x00000008   Data   RW         1538    .data               RTX_CM1.LIB(rt_timer.o)
    0x200000cc   0x000000a0   Zero   RW          196    .bss                adc.o
    0x2000016c   0x00000020   Zero   RW          264    .bss                pwm.o
    0x2000018c   0x00000040   Zero   RW          288    .bss                serial.o
    0x200001cc   0x00000004   PAD
    0x200001d0   0x00000200   Zero   RW          319    .bss                interrupted_charging.o
    0x200003d0   0x00000190   Zero   RW          401    .bss                ui.o
    0x20000560   0x00000200   Zero   RW          452    .bss                payment_control.o
    0x20000760   0x000000cc   Zero   RW          981    .bss                rtx_conf_cm.o
    0x2000082c   0x00000004   PAD
    0x20000830   0x00000290   Zero   RW          982    .bss                rtx_conf_cm.o
    0x20000ac0   0x00000084   Zero   RW          983    .bss                rtx_conf_cm.o
    0x20000b44   0x00000010   Zero   RW          984    .bss                rtx_conf_cm.o
    0x20000b54   0x00000030   Zero   RW         1046    .bss                RTX_CM1.LIB(rt_task.o)
    0x20000b84   0x00000030   Zero   RW         1328    .bss                RTX_CM1.LIB(rt_list.o)
    0x20000bb4   0x00000004   PAD
    0x20000bb8   0x00000400   Zero   RW          973    STACK               startup_stm32f0xx.o


==============================================================================

Image component sizes


      Code (inc. data)   RO Data    RW Data    ZI Data      Debug   Object Name

       968        126         95          4        160       9057   adc.o
       124          0          0          0          0       1039   buzzer.o
       640         24          0          2          0       4077   eeprom.o
      1054        424        185          8        512       2024   interrupted_charging.o
       916         90          0          0          0       4930   lcd_hd44780.o
       488        336          0          0          0     166046   main.o
       212        116          0         12        512       2018   payment_control.o
       288         26          0         12          0       1777   perturb_and_observe.o
       604        118          0          2         32       1373   pwm.o
        34          0          0          4          0       2676   retarget.o
       256         24          0          0          0       1175   rtc.o
       124         90         32          4       1008       1876   rtx_conf_cm.o
       432         22          0         56         64       3883   serial.o
        28          8        192          0       1024        640   startup_stm32f0xx.o
       548         12          0          0          0       5879   stm32f0xx_adc.o
       292         12          0          0          0       3174   stm32f0xx_dma.o
       212         14          0          0          0       2127   stm32f0xx_exti.o
      1092         22          0          0          0       7366   stm32f0xx_flash.o
       340         22          0          0          0       3253   stm32f0xx_gpio.o
       196          8          0          0          0       1004   stm32f0xx_it.o
       124         16          0          0          0       1296   stm32f0xx_misc.o
       224         10          0          0          0       1954   stm32f0xx_pwr.o
      1040         38          0         16          0       7686   stm32f0xx_rcc.o
      2080         42          0          0          0      11854   stm32f0xx_rtc.o
       152          4          0          0          0       1806   stm32f0xx_syscfg.o
      2328        122          0          0          0      19255   stm32f0xx_tim.o
      1126         14          0          0          0      10091   stm32f0xx_usart.o
       288         30          0         20          0       1467   system_stm32f0xx.o
      1544        204          0         20        400       2645   ui.o
       180          4          0          0          0        767   user_outputs.o

    ----------------------------------------------------------------------
     17938       1978        544        168       3720     284215   Object Totals
         0          0         32          0          0          0   (incl. Generated)
         4          0          8          8          8          0   (incl. Padding)

    ----------------------------------------------------------------------

      Code (inc. data)   RO Data    RW Data    ZI Data      Debug   Library Member Name

         4          4          0          0          0        136   SVC_Table.o
       468         50          0          0          0       1300   hal_cm1.o
       308         30          0          0          0       2776   rt_event.o
       480         30          0          0         48       6120   rt_list.o
       172          4          0          0          0        549   rt_mailbox.o
       140          0          0          0          0       1505   rt_membox.o
        92         22          0          8          0        906   rt_robin.o
        52          6          0          0          0        433   rt_semaphore.o
       290         58          0          8          0       3247   rt_system.o
       796        152          0          8         48       6034   rt_task.o
        22          6          0          4          0        878   rt_time.o
        64          8          0          8          0        575   rt_timer.o
         0          0          0          0          0          0   entry.o
         8          4          0          0          0          0   entry2.o
         4          0          0          0          0          0   entry5.o
         0          0          0          0          0          0   entry7b.o
         8          4          0          0          0          0   entry8.o
        30          0          0          0          0          0   handlers.o
        40          0          0          0          0         72   idiv.o
        36          8          0          0          0         68   init.o
         0          0          0          0          0          0   iusefp.o
        32          0          0          0          0         68   llshl.o
        38          0          0          0          0         68   llsshr.o
        34          0          0          0          0         68   llushr.o
       116         12         12          0          0         72   localtime_i.o
        36          0          0          0          0         60   memcpya.o
       140         16         12          0          0         72   mktime.o
      2352        112          0          0          0        696   printfa.o
        44          0          0          0          0         72   uidiv.o
        96          0          0          0          0         84   uldiv.o
        40          2          0          0          0         68   cdrcmple.o
        20          0          0          0          0         68   cfcmple.o
        20          0          0          0          0         68   cfrcmple.o
        56          0          0          0          0         68   d2f.o
       356          6          0          0          0        136   dadd.o
       240          6          0          0          0         80   ddiv.o
       238          0          0          0          0        212   depilogue.o
        60         10          0          0          0         68   dfixui.o
        64         10          0          0          0         68   dfixul.o
        40          6          0          0          0         68   dflti.o
        28          4          0          0          0         68   dfltui.o
       208          6          0          0          0         84   dmul.o
        40          0          0          0          0         60   f2d.o
       178          0          0          0          0        108   fadd.o
       128          0          0          0          0         72   fdiv.o
       132          0          0          0          0        144   fepilogue.o
        22          0          0          0          0         68   fflti.o
        14          0          0          0          0         68   ffltui.o
       122          0          0          0          0         72   fmul.o

    ----------------------------------------------------------------------
      7914        576         24         36        100      27507   Library Totals
         6          0          0          0          4          0   (incl. Padding)

    ----------------------------------------------------------------------

      Code (inc. data)   RO Data    RW Data    ZI Data      Debug   Library Name

      2888        370          0         36         96      24459   RTX_CM1.LIB
      3014        156         24          0          0       1400   mc_p.l
      2006         50          0          0          0       1648   mf_p.l

    ----------------------------------------------------------------------
      7914        576         24         36        100      27507   Library Totals

    ----------------------------------------------------------------------

==============================================================================


      Code (inc. data)   RO Data    RW Data    ZI Data      Debug   

     25852       2554        568        204       3820     305038   Grand Totals
     25852       2554        568        204       3820     305038   ELF Image Totals
     25852       2554        568        204          0          0   ROM Totals

==============================================================================

    Total RO  Size (Code + RO Data)                26420 (  25.80kB)
    Total RW  Size (RW Data + ZI Data)              4024 (   3.93kB)
    Total ROM Size (Code + RO Data + RW Data)      26624 (  26.00kB)

==============================================================================

