ARM Linker, 5.02 [Build 28] [MDK-ARM Lite]

==============================================================================

Section Cross References

    main.o(.text) refers to printfa.o(i.__0printf) for __2printf
    main.o(.text) refers to stm32f0xx_rtc.o(.text) for RTC_TimeStructInit
    main.o(.text) refers to stm32f0xx_rcc.o(.text) for RCC_APB1PeriphClockCmd
    main.o(.text) refers to stm32f0xx_pwr.o(.text) for PWR_BackupAccessCmd
    main.o(.text) refers to hal_cm1.o(.emb_text) for os_set_env
    main.o(.text) refers to mktime.o(.text) for mktime
    main.o(.text) refers to memcpya.o(.text) for __aeabi_memcpy4
    main.o(.text) refers to interrupted_charging.o(.text) for interrupted_charging
    main.o(.text) refers to rt_task.o(i.rt_tsk_create) for rt_tsk_create
    main.o(.text) refers to main.o(.data) for .data
    main.o(.text) refers to ui.o(.text) for ui
    main.o(.text) refers to ui.o(.data) for ui_t
    main.o(.text) refers to rt_task.o(i.rt_tsk_delete) for rt_tsk_delete
    main.o(.text) refers to serial.o(.data) for Serial
    main.o(.text) refers to rt_task.o(i.rt_sys_init) for rt_sys_init
    retarget.o(.text) refers to serial.o(.text) for write_fcn
    adc.o(.text) refers to fflti.o(.text) for __aeabi_i2f
    adc.o(.text) refers to fdiv.o(.text) for __aeabi_fdiv
    adc.o(.text) refers to stm32f0xx_dma.o(.text) for DMA_GetFlagStatus
    adc.o(.text) refers to printfa.o(i.__0printf) for __2printf
    adc.o(.text) refers to ffltui.o(.text) for __aeabi_ui2f
    adc.o(.text) refers to fmul.o(.text) for __aeabi_fmul
    adc.o(.text) refers to fadd.o(.text) for __aeabi_fsub
    adc.o(.text) refers to f2d.o(.text) for __aeabi_f2d
    adc.o(.text) refers to stm32f0xx_adc.o(.text) for ADC_ITConfig
    adc.o(.text) refers to stm32f0xx_rcc.o(.text) for RCC_AHBPeriphClockCmd
    adc.o(.text) refers to stm32f0xx_gpio.o(.text) for GPIO_StructInit
    adc.o(.text) refers to adc.o(.data) for .data
    adc.o(.text) refers to adc.o(.bss) for .bss
    adc.o(.text) refers to adc.o(.constdata) for .constdata
    adc.o(.text) refers to rt_time.o(i.rt_dly_wait) for rt_dly_wait
    perturb_and_observe.o(.text) refers to adc.o(.text) for get_adc_voltage
    perturb_and_observe.o(.text) refers to fmul.o(.text) for __aeabi_fmul
    perturb_and_observe.o(.text) refers to fadd.o(.text) for __aeabi_fsub
    perturb_and_observe.o(.text) refers to cfcmple.o(.text) for __aeabi_cfcmple
    perturb_and_observe.o(.text) refers to pwm.o(.text) for set_duty_cycle
    perturb_and_observe.o(.text) refers to f2d.o(.text) for __aeabi_f2d
    perturb_and_observe.o(.text) refers to printfa.o(i.__0printf) for __2printf
    perturb_and_observe.o(.text) refers to cfrcmple.o(.text) for __aeabi_cfrcmple
    perturb_and_observe.o(.text) refers to perturb_and_observe.o(.data) for .data
    perturb_and_observe.o(.text) refers to rt_time.o(i.rt_dly_wait) for rt_dly_wait
    perturb_and_observe.o(.text) refers to perturb_and_observe.o(.constdata) for .constdata
    pwm.o(.text) refers to dflti.o(.text) for __aeabi_i2d
    pwm.o(.text) refers to f2d.o(.text) for __aeabi_f2d
    pwm.o(.text) refers to dadd.o(.text) for __aeabi_drsub
    pwm.o(.text) refers to dmul.o(.text) for __aeabi_dmul
    pwm.o(.text) refers to ddiv.o(.text) for __aeabi_ddiv
    pwm.o(.text) refers to dfixui.o(.text) for __aeabi_d2uiz
    pwm.o(.text) refers to stm32f0xx_tim.o(.text) for TIM_OC1Init
    pwm.o(.text) refers to stm32f0xx_rcc.o(.text) for RCC_AHBPeriphClockCmd
    pwm.o(.text) refers to stm32f0xx_gpio.o(.text) for GPIO_Init
    pwm.o(.text) refers to uidiv.o(.text) for __aeabi_uidivmod
    pwm.o(.text) refers to dfltui.o(.text) for __aeabi_ui2d
    pwm.o(.text) refers to adc.o(.text) for init_adc
    pwm.o(.text) refers to d2f.o(.text) for __aeabi_d2f
    pwm.o(.text) refers to printfa.o(i.__0printf) for __2printf
    pwm.o(.text) refers to pwm.o(.data) for .data
    pwm.o(.text) refers to pwm.o(.bss) for .bss
    pwm.o(.text) refers to system_stm32f0xx.o(.data) for SystemCoreClock
    pwm.o(.text) refers to rt_time.o(i.rt_dly_wait) for rt_dly_wait
    serial.o(.text) refers to stm32f0xx_usart.o(.text) for USART_GetFlagStatus
    serial.o(.text) refers to stm32f0xx_rcc.o(.text) for RCC_AHBPeriphClockCmd
    serial.o(.text) refers to stm32f0xx_gpio.o(.text) for GPIO_PinAFConfig
    serial.o(.text) refers to stm32f0xx_misc.o(.text) for NVIC_Init
    serial.o(.text) refers to serial.o(.data) for .data
    serial.o(.text) refers to serial.o(.bss) for .bss
    serial.o(.data) refers to serial.o(.bss) for rcv_buff
    serial.o(.data) refers to serial.o(.text) for begin_fcn
    interrupted_charging.o(.text) refers to fdiv.o(.text) for __aeabi_fdiv
    interrupted_charging.o(.text) refers to fmul.o(.text) for __aeabi_fmul
    interrupted_charging.o(.text) refers to fadd.o(.text) for __aeabi_fadd
    interrupted_charging.o(.text) refers to pwm.o(.text) for init_pwm
    interrupted_charging.o(.text) refers to adc.o(.text) for init_adc
[...]
    _printf_post_padding                     0x08005235   Thumb Code    32  printfa.o(i._printf_post_padding)
    i._printf_pre_padding                    0x08005254   Section        0  printfa.o(i._printf_pre_padding)
    _printf_pre_padding                      0x08005255   Thumb Code    44  printfa.o(i._printf_pre_padding)
    i._snputc                                0x08005280   Section        0  printfa.o(i._snputc)
    _snputc                                  0x08005281   Thumb Code    22  printfa.o(i._snputc)
    i._sputc                                 0x08005296   Section        0  printfa.o(i._sputc)
    _sputc                                   0x08005297   Thumb Code    10  printfa.o(i._sputc)
    i.isr_evt_set                            0x080052a0   Section        0  rt_event.o(i.isr_evt_set)
    i.os_tick_init                           0x080052c4   Section        0  rt_system.o(i.os_tick_init)
    i.os_tick_irqack                         0x080052f0   Section        0  rt_system.o(i.os_tick_irqack)
    i.rt_alloc_box                           0x080052f2   Section        0  rt_membox.o(i.rt_alloc_box)
    i.rt_block                               0x08005310   Section        0  rt_task.o(i.rt_block)
    i.rt_chk_robin                           0x08005348   Section        0  rt_robin.o(i.rt_chk_robin)
    i.rt_dec_dly                             0x0800538c   Section        0  rt_list.o(i.rt_dec_dly)
    i.rt_dispatch                            0x08005404   Section        0  rt_task.o(i.rt_dispatch)
    i.rt_dly_wait                            0x08005444   Section        0  rt_time.o(i.rt_dly_wait)
    i.rt_evt_clr                             0x08005450   Section        0  rt_event.o(i.rt_evt_clr)
    i.rt_evt_get                             0x0800546c   Section        0  rt_event.o(i.rt_evt_get)
    i.rt_evt_psh                             0x08005478   Section        0  rt_event.o(i.rt_evt_psh)
    i.rt_evt_set                             0x080054c4   Section        0  rt_event.o(i.rt_evt_set)
    i.rt_evt_wait                            0x08005520   Section        0  rt_event.o(i.rt_evt_wait)
    i.rt_free_box                            0x08005560   Section        0  rt_membox.o(i.rt_free_box)
    i.rt_get_first                           0x08005586   Section        0  rt_list.o(i.rt_get_first)
    i.rt_init_context                        0x080055b0   Section        0  rt_task.o(i.rt_init_context)
    rt_init_context                          0x080055b1   Thumb Code    64  rt_task.o(i.rt_init_context)
    i.rt_init_robin                          0x080055f4   Section        0  rt_robin.o(i.rt_init_robin)
    i.rt_init_stack                          0x0800560c   Section        0  hal_cm1.o(i.rt_init_stack)
    i.rt_mbx_psh                             0x08005658   Section        0  rt_mailbox.o(i.rt_mbx_psh)
    i.rt_pop_req                             0x08005704   Section        0  rt_system.o(i.rt_pop_req)
    i.rt_psh_req                             0x08005774   Section        0  rt_system.o(i.rt_psh_req)
    i.rt_psq_enq                             0x08005794   Section        0  rt_list.o(i.rt_psq_enq)
    i.rt_put_dly                             0x080057d4   Section        0  rt_list.o(i.rt_put_dly)
    i.rt_put_prio                            0x08005824   Section        0  rt_list.o(i.rt_put_prio)
    i.rt_put_rdy_first                       0x08005860   Section        0  rt_list.o(i.rt_put_rdy_first)
    i.rt_rmv_dly                             0x08005874   Section        0  rt_list.o(i.rt_rmv_dly)
    i.rt_rmv_list                            0x080058a0   Section        0  rt_list.o(i.rt_rmv_list)
    i.rt_sem_psh                             0x080058d4   Section        0  rt_semaphore.o(i.rt_sem_psh)
    i.rt_stk_check                           0x08005908   Section        0  rt_system.o(i.rt_stk_check)
    i.rt_switch_req                          0x08005930   Section        0  rt_task.o(i.rt_switch_req)
    i.rt_sys_init                            0x08005940   Section        0  rt_task.o(i.rt_sys_init)
    i.rt_systick                             0x08005a78   Section        0  rt_system.o(i.rt_systick)
    i.rt_time_get                            0x08005ab4   Section        0  rt_time.o(i.rt_time_get)
    i.rt_tmr_tick                            0x08005ac0   Section        0  rt_timer.o(i.rt_tmr_tick)
    i.rt_tsk_create                          0x08005b00   Section        0  rt_task.o(i.rt_tsk_create)
    i.rt_tsk_delete                          0x08005b7c   Section        0  rt_task.o(i.rt_tsk_delete)
    .constdata                               0x08005c18   Section       68  adc.o(.constdata)
    .constdata                               0x08005c5c   Section       88  perturb_and_observe.o(.constdata)
    .constdata                               0x08005cb4   Section       85  interrupted_charging.o(.constdata)
    .constdata                               0x08005d0a   Section        2  rtx_conf_cm.o(.constdata)
    .constdata                               0x08005d0c   Section        4  rtx_conf_cm.o(.constdata)
    .constdata                               0x08005d10   Section        4  rtx_conf_cm.o(.constdata)
    .constdata                               0x08005d14   Section        4  rtx_conf_cm.o(.constdata)
    .constdata                               0x08005d18   Section        1  rtx_conf_cm.o(.constdata)
    .constdata                               0x08005d1c   Section        8  rtx_conf_cm.o(.constdata)
    __tagsym$$used                           0x08005d1c   Number         0  rtx_conf_cm.o(.constdata)
    __tagsym$$used                           0x08005d20   Number         0  rtx_conf_cm.o(.constdata)
    .constdata                               0x08005d24   Section        2  rtx_conf_cm.o(.constdata)
    .constdata                               0x08005d28   Section        4  rtx_conf_cm.o(.constdata)
    .constdata                               0x08005d2c   Section        1  rtx_conf_cm.o(.constdata)
    .constdata                               0x08005d2e   Section        2  rtx_conf_cm.o(.constdata)
    .constdata                               0x08005d30   Section       12  mktime.o(.constdata)
    monlen                                   0x08005d30   Data          12  mktime.o(.constdata)
    .constdata                               0x08005d3c   Section       12  localtime_i.o(.constdata)
    monlen                                   0x08005d3c   Data          12  localtime_i.o(.constdata)
    .data                                    0x20000000   Section        4  main.o(.data)
    .data                                    0x20000004   Section        4  retarget.o(.data)
    .data                                    0x20000008   Section        4  adc.o(.data)
    .data                                    0x2000000c   Section       12  perturb_and_observe.o(.data)
    p_panel_delay                            0x20000010   Data           4  perturb_and_observe.o(.data)
    v_panel_delay                            0x20000014   Data           4  perturb_and_observe.o(.data)
    .data                                    0x20000018   Section        2  pwm.o(.data)
    .data                                    0x2000001c   Section       56  serial.o(.data)
    rcv_buff_full                            0x2000001c   Data           1  serial.o(.data)
    nb_rcv_buff_char                         0x2000001e   Data           2  serial.o(.data)
    rcv_buff_overload                        0x20000020   Data           2  serial.o(.data)
    pt_rcv_read                              0x20000024   Data           4  serial.o(.data)
    pt_rcv_write                             0x20000028   Data           4  serial.o(.data)
    USARTx                                   0x2000002c   Data           4  serial.o(.data)
    .data                                    0x20000054   Section        4  interrupted_charging.o(.data)
    .data                                    0x20000058   Section       20  ui.o(.data)
    .data                                    0x2000006c   Section       16  stm32f0xx_rcc.o(.data)
    APBAHBPrescTable                         0x2000006c   Data          16  stm32f0xx_rcc.o(.data)
    .data                                    0x2000007c   Section       20  system_stm32f0xx.o(.data)
    .data                                    0x20000090   Section        4  rtx_conf_cm.o(.data)
    .data                                    0x20000094   Section        8  rt_task.o(.data)
    .data                                    0x2000009c   Section        4  rt_time.o(.data)
    .data                                    0x200000a0   Section        8  rt_system.o(.data)
    os_lock                                  0x200000a0   Data           1  rt_system.o(.data)
    os_psh_flag                              0x200000a1   Data           1  rt_system.o(.data)
    pend_flags                               0x200000a2   Data           1  rt_system.o(.data)
    .data                                    0x200000a8   Section        8  rt_robin.o(.data)
    .data                                    0x200000b0   Section        8  rt_timer.o(.data)
    .bss                                     0x200000b8   Section       10  adc.o(.bss)
    .bss                                     0x200000c4   Section       32  pwm.o(.bss)
    .bss                                     0x200000e4   Section       64  serial.o(.bss)
    rcv_buff                                 0x200000e4   Data          64  serial.o(.bss)
    .bss                                     0x20000124   Section      156  rtx_conf_cm.o(.bss)
    .bss                                     0x200001c0   Section     2064  rtx_conf_cm.o(.bss)
    .bss                                     0x200009d0   Section      132  rtx_conf_cm.o(.bss)
    .bss                                     0x20000a54   Section       12  rtx_conf_cm.o(.bss)
    .bss                                     0x20000a60   Section       48  rt_task.o(.bss)
    .bss                                     0x20000a90   Section       48  rt_list.o(.bss)
    STACK                                    0x20000ac0   Section     1024  startup_stm32f0xx.o(STACK)

    Global Symbols

    Symbol Name                              Value     Ov Type        Size  Object(Section)

    BuildAttributes$$THM_ISAv3M$S$PE$A:L22$X:L11$S22$IEEE1$IW$USESV6$~STKCKD$USESV7$~SHL$OTIME$ROPI$EBA8$MICROLIB$REQ8$PRES8$EABIv2 0x00000000   Number         0  anon$$obj.o ABSOLUTE
    __ARM_use_no_argv                        0x00000000   Number         0  main.o ABSOLUTE
    __use_no_errno                           0x00000000   Number         0  useno.o ABSOLUTE
    __use_no_exception_handling              0x00000000   Number         0  useno.o ABSOLUTE
    __use_no_fp                              0x00000000   Number         0  useno.o ABSOLUTE
    __use_no_heap                            0x00000000   Number         0  useno.o ABSOLUTE
    __use_no_heap_region                     0x00000000   Number         0  useno.o ABSOLUTE
    __use_no_semihosting                     0x00000000   Number         0  useno.o ABSOLUTE
    __use_no_semihosting_swi                 0x00000000   Number         0  useno.o ABSOLUTE
    __use_no_signal_handling                 0x00000000   Number         0  useno.o ABSOLUTE
    _printf_a                                0x00000000   Number         0  stubs.o ABSOLUTE
    _printf_c                                0x00000000   Number         0  stubs.o ABSOLUTE
    _printf_charcount                        0x00000000   Number         0  stubs.o ABSOLUTE
    _printf_d                                0x00000000   Number         0  stubs.o ABSOLUTE
    _printf_e                                0x00000000   Number         0  stubs.o ABSOLUTE
    _printf_f                                0x00000000   Number         0  stubs.o ABSOLUTE
    _printf_flags                            0x00000000   Number         0  stubs.o ABSOLUTE
    _printf_fp_dec                           0x00000000   Number         0  stubs.o ABSOLUTE
    _printf_fp_hex                           0x00000000   Number         0  stubs.o ABSOLUTE
    _printf_g                                0x00000000   Number         0  stubs.o ABSOLUTE
    _printf_i                                0x00000000   Number         0  stubs.o ABSOLUTE
    _printf_int_dec                          0x00000000   Number         0  stubs.o ABSOLUTE
    _printf_l                                0x00000000   Number         0  stubs.o ABSOLUTE
    _printf_lc                               0x00000000   Number         0  stubs.o ABSOLUTE
    _printf_ll                               0x00000000   Number         0  stubs.o ABSOLUTE
    _printf_lld                              0x00000000   Number         0  stubs.o ABSOLUTE
    _printf_lli                              0x00000000   Number         0  stubs.o ABSOLUTE
    _printf_llo                              0x00000000   Number         0  stubs.o ABSOLUTE
    _printf_llu                              0x00000000   Number         0  stubs.o ABSOLUTE
    _printf_llx                              0x00000000   Number         0  stubs.o ABSOLUTE
    _printf_longlong_dec                     0x00000000   Number         0  stubs.o ABSOLUTE
    _printf_longlong_hex                     0x00000000   Number         0  stubs.o ABSOLUTE
    _printf_longlong_oct                     0x00000000   Number         0  stubs.o ABSOLUTE
    _printf_ls                               0x00000000   Number         0  stubs.o ABSOLUTE
    _printf_mbtowc                           0x00000000   Number         0  stubs.o ABSOLUTE
    _printf_n                                0x00000000   Number         0  stubs.o ABSOLUTE
    _printf_o                                0x00000000   Number         0  stubs.o ABSOLUTE
    _printf_p                                0x00000000   Number         0  stubs.o ABSOLUTE
    _printf_percent                          0x00000000   Number         0  stubs.o ABSOLUTE
    _printf_pre_padding                      0x00000000   Number         0  stubs.o ABSOLUTE
    _printf_return_value                     0x00000000   Number         0  stubs.o ABSOLUTE
    _printf_s                                0x00000000   Number         0  stubs.o ABSOLUTE
    _printf_sizespec                         0x00000000   Number         0  stubs.o ABSOLUTE
    _printf_str                              0x00000000   Number         0  stubs.o ABSOLUTE
    _printf_truncate_signed                  0x00000000   Number         0  stubs.o ABSOLUTE
    _printf_truncate_unsigned                0x00000000   Number         0  stubs.o ABSOLUTE
    _printf_u                                0x00000000   Number         0  stubs.o ABSOLUTE
    _printf_wc                               0x00000000   Number         0  stubs.o ABSOLUTE
    _printf_wctomb                           0x00000000   Number         0  stubs.o ABSOLUTE
    _printf_widthprec                        0x00000000   Number         0  stubs.o ABSOLUTE
    _printf_x                                0x00000000   Number         0  stubs.o ABSOLUTE
    __decompress                              - Undefined Weak Reference
    _clock_init                               - Undefined Weak Reference
    __Vectors_Size                           0x000000c0   Number         0  startup_stm32f0xx.o ABSOLUTE
    __RL_RTX_VER                             0x00000460   Number         0  rt_system.o ABSOLUTE
    __Vectors                                0x08000000   Data           4  startup_stm32f0xx.o(RESET)
    __Vectors_End                            0x080000c0   Data           0  startup_stm32f0xx.o(RESET)
    __main                                   0x080000c1   Thumb Code     0  entry.o(.ARM.Collect$$$$00000000)
    _main_stk                                0x080000c1   Thumb Code     0  entry2.o(.ARM.Collect$$$$00000001)
    _main_scatterload                        0x080000c5   Thumb Code     0  entry5.o(.ARM.Collect$$$$00000004)
    __main_after_scatterload                 0x080000c9   Thumb Code     0  entry5.o(.ARM.Collect$$$$00000004)
    _main_clock                              0x080000c9   Thumb Code     0  entry7b.o(.ARM.Collect$$$$00000008)
    _main_init                               0x080000c9   Thumb Code     0  entry8.o(.ARM.Collect$$$$00000009)
    rt_set_PSP                               0x080000d5   Thumb Code     6  hal_cm1.o(.emb_text)
    rt_get_PSP                               0x080000db   Thumb Code     6  hal_cm1.o(.emb_text)
    os_set_env                               0x080000e1   Thumb Code    32  hal_cm1.o(.emb_text)
    _alloc_box                               0x08000105   Thumb Code    28  hal_cm1.o(.emb_text)
    _free_box                                0x08000125   Thumb Code    28  hal_cm1.o(.emb_text)
    SVC_Handler                              0x08000145   Thumb Code   152  hal_cm1.o(.emb_text)
    PendSV_Handler                           0x080001e9   Thumb Code    92  hal_cm1.o(.emb_text)
    SysTick_Handler                          0x08000249   Thumb Code     8  hal_cm1.o(.emb_text)
    OS_Tick_Handler                          0x08000251   Thumb Code    12  hal_cm1.o(.emb_text)
    delay                                    0x0800025d   Thumb Code    12  main.o(.text)
    init                                     0x08000269   Thumb Code    76  main.o(.text)
    print_time_date                          0x080002b5   Thumb Code    68  main.o(.text)
    setup_rtc                                0x080002f9   Thumb Code    66  main.o(.text)
    main                                     0x0800033b   Thumb Code    32  main.o(.text)
    get_time_struct                          0x0800035b   Thumb Code    90  main.o(.text)
    assert_failed                            0x080003b5   Thumb Code    12  main.o(.text)
    fputc                                    0x080004d5   Thumb Code    12  retarget.o(.text)
    fgetc                                    0x080004e1   Thumb Code     4  retarget.o(.text)
    ferror                                   0x080004e5   Thumb Code     6  retarget.o(.text)
    _ttywrch                                 0x080004eb   Thumb Code    10  retarget.o(.text)
    _sys_exit                                0x080004f5   Thumb Code     2  retarget.o(.text)
    get_adc_voltage                          0x080004f9   Thumb Code   232  adc.o(.text)
    adc_test                                 0x080005e1   Thumb Code   128  adc.o(.text)
    adc_init_analog_watchdog                 0x08000661   Thumb Code    52  adc.o(.text)
    init_adc                                 0x08000695   Thumb Code   288  adc.o(.text)
    perturb_and_observe_cc_itter             0x08000831   Thumb Code   210  perturb_and_observe.o(.text)
    perturb_and_observe_itter                0x08000903   Thumb Code     4  perturb_and_observe.o(.text)
    perturb_and_observe                      0x08000907   Thumb Code    28  perturb_and_observe.o(.text)
    set_mppt                                 0x08000923   Thumb Code   234  perturb_and_observe.o(.text)
    set_duty_cycle                           0x08000a7d   Thumb Code    70  pwm.o(.text)
    TIM_Config                               0x08000ac3   Thumb Code   128  pwm.o(.text)
    init_pwm                                 0x08000b43   Thumb Code   152  pwm.o(.text)
    pwm_out                                  0x08000bdb   Thumb Code   136  pwm.o(.text)
    putchar                                  0x08000cd9   Thumb Code    32  serial.o(.text)
    begin_fcn                                0x08000cf9   Thumb Code    16  serial.o(.text)
    available_fcn                            0x08000d09   Thumb Code     6  serial.o(.text)
    flush_fcn                                0x08000d0f   Thumb Code    18  serial.o(.text)
    read_fcn                                 0x08000d21   Thumb Code    42  serial.o(.text)
    peek_fcn                                 0x08000d4b   Thumb Code    16  serial.o(.text)
    write_fcn                                0x08000d5b   Thumb Code     2  serial.o(.text)
    print_fcn                                0x08000d5d   Thumb Code    20  serial.o(.text)
    println_fcn                              0x08000d71   Thumb Code    20  serial.o(.text)
    USART1_IRQHandler                        0x08000d85   Thumb Code    98  serial.o(.text)
    calc_lvdc                                0x08000e89   Thumb Code    44  interrupted_charging.o(.text)
    interrupted_charging                     0x08000eb5   Thumb Code   496  interrupted_charging.o(.text)
    delay100u                                0x08001259   Thumb Code    16  lcd_hd44780.o(.text)
    cycle_e                                  0x08001269   Thumb Code    38  lcd_hd44780.o(.text)
    lcd_send_4_bits                          0x0800128f   Thumb Code    86  lcd_hd44780.o(.text)
    lcd_putc                                 0x080012e5   Thumb Code    44  lcd_hd44780.o(.text)
    lcd_write_string                         0x08001311   Thumb Code    20  lcd_hd44780.o(.text)
    lcd_write_int                            0x08001325   Thumb Code    32  lcd_hd44780.o(.text)
    lcd_send_cmd                             0x08001345   Thumb Code    44  lcd_hd44780.o(.text)
    lcd_goto_XY                              0x08001371   Thumb Code    14  lcd_hd44780.o(.text)
    lcd_clear                                0x0800137f   Thumb Code    18  lcd_hd44780.o(.text)
    lcd_backlight                            0x08001391   Thumb Code    28  lcd_hd44780.o(.text)
    lcd_init                                 0x080013ad   Thumb Code   100  lcd_hd44780.o(.text)
    lcd_test                                 0x08001411   Thumb Code   134  lcd_hd44780.o(.text)
    NMI_Handler                              0x080014ed   Thumb Code     2  stm32f0xx_it.o(.text)
    HardFault_Handler                        0x080014ef   Thumb Code     2  stm32f0xx_it.o(.text)
    ADC1_COMP_IRQHandler                     0x080014f1   Thumb Code    34  stm32f0xx_it.o(.text)
    EXTI0_1_IRQHandler                       0x08001513   Thumb Code    30  stm32f0xx_it.o(.text)
    EXTI4_15_IRQHandler                      0x08001531   Thumb Code   152  stm32f0xx_it.o(.text)
    keypad_get_key                           0x080015d5   Thumb Code   326  ui.o(.text)
    pwr_sw_init                              0x0800171b   Thumb Code    66  ui.o(.text)
    keypad_init                              0x0800175d   Thumb Code   212  ui.o(.text)
    ui                                       0x08001831   Thumb Code   808  ui.o(.text)
    usb_outputs_init                         0x08001b8d   Thumb Code   134  user_outputs.o(.text)
    dc_outputs_init                          0x08001c13   Thumb Code    42  user_outputs.o(.text)
    ADC_DeInit                               0x08001c41   Thumb Code    28  stm32f0xx_adc.o(.text)
    ADC_Init                                 0x08001c5d   Thumb Code    38  stm32f0xx_adc.o(.text)
    ADC_StructInit                           0x08001c83   Thumb Code    16  stm32f0xx_adc.o(.text)
    ADC_Cmd                                  0x08001c93   Thumb Code    18  stm32f0xx_adc.o(.text)
    ADC_JitterCmd                            0x08001ca5   Thumb Code    16  stm32f0xx_adc.o(.text)
    ADC_AutoPowerOffCmd                      0x08001cb5   Thumb Code    20  stm32f0xx_adc.o(.text)
    ADC_WaitModeCmd                          0x08001cc9   Thumb Code    20  stm32f0xx_adc.o(.text)
    ADC_AnalogWatchdogCmd                    0x08001cdd   Thumb Code    20  stm32f0xx_adc.o(.text)
    ADC_AnalogWatchdogThresholdsConfig       0x08001cf1   Thumb Code     8  stm32f0xx_adc.o(.text)
    ADC_AnalogWatchdogSingleChannelConfig    0x08001cf9   Thumb Code    14  stm32f0xx_adc.o(.text)
    ADC_AnalogWatchdogSingleChannelCmd       0x08001d07   Thumb Code    20  stm32f0xx_adc.o(.text)
    ADC_TempSensorCmd                        0x08001d1b   Thumb Code    22  stm32f0xx_adc.o(.text)
    ADC_VrefintCmd                           0x08001d31   Thumb Code    22  stm32f0xx_adc.o(.text)
    ADC_VbatCmd                              0x08001d47   Thumb Code    22  stm32f0xx_adc.o(.text)
    ADC_ChannelConfig                        0x08001d5d   Thumb Code    10  stm32f0xx_adc.o(.text)
    ADC_ContinuousModeCmd                    0x08001d67   Thumb Code    20  stm32f0xx_adc.o(.text)
    ADC_DiscModeCmd                          0x08001d7b   Thumb Code    20  stm32f0xx_adc.o(.text)
    ADC_OverrunModeCmd                       0x08001d8f   Thumb Code    20  stm32f0xx_adc.o(.text)
    ADC_GetCalibrationFactor                 0x08001da3   Thumb Code    46  stm32f0xx_adc.o(.text)
    ADC_StopOfConversion                     0x08001dd1   Thumb Code    10  stm32f0xx_adc.o(.text)
    ADC_StartOfConversion                    0x08001ddb   Thumb Code    10  stm32f0xx_adc.o(.text)
    ADC_GetConversionValue                   0x08001de5   Thumb Code     6  stm32f0xx_adc.o(.text)
    ADC_DMACmd                               0x08001deb   Thumb Code    20  stm32f0xx_adc.o(.text)
    ADC_DMARequestModeConfig                 0x08001dff   Thumb Code    16  stm32f0xx_adc.o(.text)
    ADC_ITConfig                             0x08001e0f   Thumb Code    16  stm32f0xx_adc.o(.text)
    ADC_GetFlagStatus                        0x08001e1f   Thumb Code    28  stm32f0xx_adc.o(.text)
    ADC_ClearFlag                            0x08001e3b   Thumb Code     4  stm32f0xx_adc.o(.text)
    ADC_GetITStatus                          0x08001e3f   Thumb Code    22  stm32f0xx_adc.o(.text)
    ADC_ClearITPendingBit                    0x08001e55   Thumb Code     4  stm32f0xx_adc.o(.text)
    DMA_DeInit                               0x08001e65   Thumb Code   100  stm32f0xx_dma.o(.text)
    DMA_Init                                 0x08001ec9   Thumb Code    56  stm32f0xx_dma.o(.text)
    DMA_StructInit                           0x08001f01   Thumb Code    26  stm32f0xx_dma.o(.text)
    DMA_Cmd                                  0x08001f1b   Thumb Code    20  stm32f0xx_dma.o(.text)
    DMA_SetCurrDataCounter                   0x08001f2f   Thumb Code     4  stm32f0xx_dma.o(.text)
    DMA_GetCurrDataCounter                   0x08001f33   Thumb Code     6  stm32f0xx_dma.o(.text)
    DMA_ITConfig                             0x08001f39   Thumb Code    16  stm32f0xx_dma.o(.text)
    DMA_GetFlagStatus                        0x08001f49   Thumb Code    18  stm32f0xx_dma.o(.text)
    DMA_ClearFlag                            0x08001f5b   Thumb Code     8  stm32f0xx_dma.o(.text)
    DMA_GetITStatus                          0x08001f63   Thumb Code    18  stm32f0xx_dma.o(.text)
    DMA_ClearITPendingBit                    0x08001f75   Thumb Code     8  stm32f0xx_dma.o(.text)
    EXTI_DeInit                              0x08001f89   Thumb Code    20  stm32f0xx_exti.o(.text)
    EXTI_Init                                0x08001f9d   Thumb Code   102  stm32f0xx_exti.o(.text)
    EXTI_StructInit                          0x08002003   Thumb Code    14  stm32f0xx_exti.o(.text)
    EXTI_GenerateSWInterrupt                 0x08002011   Thumb Code    10  stm32f0xx_exti.o(.text)
    EXTI_GetFlagStatus                       0x0800201b   Thumb Code    16  stm32f0xx_exti.o(.text)
    EXTI_ClearFlag                           0x0800202b   Thumb Code     6  stm32f0xx_exti.o(.text)
    EXTI_GetITStatus                         0x08002031   Thumb Code    24  stm32f0xx_exti.o(.text)
    EXTI_ClearITPendingBit                   0x08002049   Thumb Code     6  stm32f0xx_exti.o(.text)
    GPIO_DeInit                              0x0800205d   Thumb Code    78  stm32f0xx_gpio.o(.text)
    GPIO_Init                                0x080020ab   Thumb Code   112  stm32f0xx_gpio.o(.text)
    GPIO_StructInit                          0x0800211b   Thumb Code    18  stm32f0xx_gpio.o(.text)
    GPIO_PinLockConfig                       0x0800212d   Thumb Code    18  stm32f0xx_gpio.o(.text)
    GPIO_ReadInputDataBit                    0x0800213f   Thumb Code    14  stm32f0xx_gpio.o(.text)
    GPIO_ReadInputData                       0x0800214d   Thumb Code     4  stm32f0xx_gpio.o(.text)
    GPIO_ReadOutputDataBit                   0x08002151   Thumb Code    14  stm32f0xx_gpio.o(.text)
    GPIO_ReadOutputData                      0x0800215f   Thumb Code     4  stm32f0xx_gpio.o(.text)
    GPIO_SetBits                             0x08002163   Thumb Code     4  stm32f0xx_gpio.o(.text)
    GPIO_ResetBits                           0x08002167   Thumb Code     4  stm32f0xx_gpio.o(.text)
    GPIO_WriteBit                            0x0800216b   Thumb Code    12  stm32f0xx_gpio.o(.text)
    GPIO_Write                               0x08002177   Thumb Code     4  stm32f0xx_gpio.o(.text)
    GPIO_PinAFConfig                         0x0800217b   Thumb Code    32  stm32f0xx_gpio.o(.text)
    NVIC_Init                                0x080021b1   Thumb Code    70  stm32f0xx_misc.o(.text)
    NVIC_SystemLPConfig                      0x080021f7   Thumb Code    18  stm32f0xx_misc.o(.text)
    SysTick_CLKSourceConfig                  0x08002209   Thumb Code    20  stm32f0xx_misc.o(.text)
    PWR_DeInit                               0x0800222d   Thumb Code    22  stm32f0xx_pwr.o(.text)
    PWR_BackupAccessCmd                      0x08002243   Thumb Code    20  stm32f0xx_pwr.o(.text)
    PWR_PVDLevelConfig                       0x08002257   Thumb Code    14  stm32f0xx_pwr.o(.text)
    PWR_PVDCmd                               0x08002265   Thumb Code    20  stm32f0xx_pwr.o(.text)
    PWR_WakeUpPinCmd                         0x08002279   Thumb Code    18  stm32f0xx_pwr.o(.text)
    PWR_EnterSleepMode                       0x0800228b   Thumb Code    22  stm32f0xx_pwr.o(.text)
    PWR_EnterSTOPMode                        0x080022a1   Thumb Code    40  stm32f0xx_pwr.o(.text)
    PWR_EnterSTANDBYMode                     0x080022c9   Thumb Code    30  stm32f0xx_pwr.o(.text)
    PWR_GetFlagStatus                        0x080022e7   Thumb Code    16  stm32f0xx_pwr.o(.text)
    PWR_ClearFlag                            0x080022f7   Thumb Code    12  stm32f0xx_pwr.o(.text)
    RCC_DeInit                               0x0800230d   Thumb Code    78  stm32f0xx_rcc.o(.text)
    RCC_HSEConfig                            0x0800235b   Thumb Code    10  stm32f0xx_rcc.o(.text)
    RCC_GetFlagStatus                        0x08002365   Thumb Code    48  stm32f0xx_rcc.o(.text)
    RCC_WaitForHSEStartUp                    0x08002395   Thumb Code    38  stm32f0xx_rcc.o(.text)
    RCC_AdjustHSICalibrationValue            0x080023bb   Thumb Code    16  stm32f0xx_rcc.o(.text)
    RCC_HSICmd                               0x080023cb   Thumb Code    22  stm32f0xx_rcc.o(.text)
    RCC_AdjustHSI14CalibrationValue          0x080023e1   Thumb Code    16  stm32f0xx_rcc.o(.text)
    RCC_HSI14Cmd                             0x080023f1   Thumb Code    22  stm32f0xx_rcc.o(.text)
    RCC_HSI14ADCRequestCmd                   0x08002407   Thumb Code    20  stm32f0xx_rcc.o(.text)
    RCC_LSEConfig                            0x0800241b   Thumb Code    26  stm32f0xx_rcc.o(.text)
    RCC_LSEDriveConfig                       0x08002435   Thumb Code    18  stm32f0xx_rcc.o(.text)
    RCC_LSICmd                               0x08002447   Thumb Code    22  stm32f0xx_rcc.o(.text)
    RCC_PLLConfig                            0x0800245d   Thumb Code    24  stm32f0xx_rcc.o(.text)
    RCC_PLLCmd                               0x08002475   Thumb Code    22  stm32f0xx_rcc.o(.text)
    RCC_PREDIV1Config                        0x0800248b   Thumb Code    14  stm32f0xx_rcc.o(.text)
    RCC_ClockSecuritySystemCmd               0x08002499   Thumb Code    22  stm32f0xx_rcc.o(.text)
    RCC_MCOConfig                            0x080024af   Thumb Code     6  stm32f0xx_rcc.o(.text)
    RCC_SYSCLKConfig                         0x080024b5   Thumb Code    14  stm32f0xx_rcc.o(.text)
    RCC_GetSYSCLKSource                      0x080024c3   Thumb Code    10  stm32f0xx_rcc.o(.text)
    RCC_HCLKConfig                           0x080024cd   Thumb Code    14  stm32f0xx_rcc.o(.text)
    RCC_PCLKConfig                           0x080024db   Thumb Code    16  stm32f0xx_rcc.o(.text)
    RCC_ADCCLKConfig                         0x080024eb   Thumb Code    38  stm32f0xx_rcc.o(.text)
    RCC_CECCLKConfig                         0x08002511   Thumb Code    18  stm32f0xx_rcc.o(.text)
    RCC_I2CCLKConfig                         0x08002523   Thumb Code    18  stm32f0xx_rcc.o(.text)
    RCC_USARTCLKConfig                       0x08002535   Thumb Code    18  stm32f0xx_rcc.o(.text)
    RCC_GetClocksFreq                        0x08002547   Thumb Code   218  stm32f0xx_rcc.o(.text)
    RCC_RTCCLKConfig                         0x08002621   Thumb Code    10  stm32f0xx_rcc.o(.text)
    RCC_RTCCLKCmd                            0x0800262b   Thumb Code    20  stm32f0xx_rcc.o(.text)
    RCC_BackupResetCmd                       0x0800263f   Thumb Code    22  stm32f0xx_rcc.o(.text)
    RCC_AHBPeriphClockCmd                    0x08002655   Thumb Code    18  stm32f0xx_rcc.o(.text)
    RCC_APB2PeriphClockCmd                   0x08002667   Thumb Code    18  stm32f0xx_rcc.o(.text)
    RCC_APB1PeriphClockCmd                   0x08002679   Thumb Code    18  stm32f0xx_rcc.o(.text)
    RCC_AHBPeriphResetCmd                    0x0800268b   Thumb Code    18  stm32f0xx_rcc.o(.text)
    RCC_APB2PeriphResetCmd                   0x0800269d   Thumb Code    18  stm32f0xx_rcc.o(.text)
    RCC_APB1PeriphResetCmd                   0x080026af   Thumb Code    18  stm32f0xx_rcc.o(.text)
    RCC_ITConfig                             0x080026c1   Thumb Code    18  stm32f0xx_rcc.o(.text)
    RCC_ClearFlag                            0x080026d3   Thumb Code    14  stm32f0xx_rcc.o(.text)
    RCC_GetITStatus                          0x080026e1   Thumb Code    48  stm32f0xx_rcc.o(.text)
    RCC_ClearITPendingBit                    0x08002711   Thumb Code     6  stm32f0xx_rcc.o(.text)
    RTC_WaitForSynchro                       0x0800271d   Thumb Code    68  stm32f0xx_rtc.o(.text)
    RTC_EnterInitMode                        0x08002761   Thumb Code    48  stm32f0xx_rtc.o(.text)
    RTC_DeInit                               0x08002791   Thumb Code    72  stm32f0xx_rtc.o(.text)
    RTC_ExitInitMode                         0x080027d9   Thumb Code    12  stm32f0xx_rtc.o(.text)
    RTC_Init                                 0x080027e5   Thumb Code    68  stm32f0xx_rtc.o(.text)
    RTC_StructInit                           0x08002829   Thumb Code    14  stm32f0xx_rtc.o(.text)
    RTC_WriteProtectionCmd                   0x08002837   Thumb Code    20  stm32f0xx_rtc.o(.text)
    RTC_RefClockCmd                          0x0800284b   Thumb Code    54  stm32f0xx_rtc.o(.text)
    RTC_BypassShadowCmd                      0x08002881   Thumb Code    34  stm32f0xx_rtc.o(.text)
    RTC_SetTime                              0x080028a3   Thumb Code   136  stm32f0xx_rtc.o(.text)
    RTC_TimeStructInit                       0x0800292b   Thumb Code    12  stm32f0xx_rtc.o(.text)
    RTC_GetTime                              0x08002937   Thumb Code    68  stm32f0xx_rtc.o(.text)
    RTC_GetSubSecond                         0x0800297b   Thumb Code     8  stm32f0xx_rtc.o(.text)
    RTC_SetDate                              0x08002983   Thumb Code   138  stm32f0xx_rtc.o(.text)
    RTC_DateStructInit                       0x08002a0d   Thumb Code    14  stm32f0xx_rtc.o(.text)
    RTC_GetDate                              0x08002a1b   Thumb Code    64  stm32f0xx_rtc.o(.text)
    RTC_SetAlarm                             0x08002a5b   Thumb Code   130  stm32f0xx_rtc.o(.text)
    RTC_AlarmStructInit                      0x08002add   Thumb Code    20  stm32f0xx_rtc.o(.text)
    RTC_GetAlarm                             0x08002af1   Thumb Code   112  stm32f0xx_rtc.o(.text)
    RTC_AlarmCmd                             0x08002b61   Thumb Code    68  stm32f0xx_rtc.o(.text)
    RTC_AlarmSubSecondConfig                 0x08002ba5   Thumb Code    26  stm32f0xx_rtc.o(.text)
    RTC_GetAlarmSubSecond                    0x08002bbf   Thumb Code    12  stm32f0xx_rtc.o(.text)
    RTC_DayLightSavingConfig                 0x08002bcb   Thumb Code    36  stm32f0xx_rtc.o(.text)
    RTC_GetStoreOperation                    0x08002bef   Thumb Code    12  stm32f0xx_rtc.o(.text)
    RTC_OutputConfig                         0x08002bfb   Thumb Code    36  stm32f0xx_rtc.o(.text)
    RTC_CalibOutputCmd                       0x08002c1f   Thumb Code    34  stm32f0xx_rtc.o(.text)
    RTC_CalibOutputConfig                    0x08002c41   Thumb Code    32  stm32f0xx_rtc.o(.text)
    RTC_SmoothCalibConfig                    0x08002c61   Thumb Code    60  stm32f0xx_rtc.o(.text)
    RTC_TimeStampCmd                         0x08002c9d   Thumb Code    36  stm32f0xx_rtc.o(.text)
    RTC_GetTimeStamp                         0x08002cc1   Thumb Code   124  stm32f0xx_rtc.o(.text)
    RTC_GetTimeStampSubSecond                0x08002d3d   Thumb Code     6  stm32f0xx_rtc.o(.text)
    RTC_TamperTriggerConfig                  0x08002d43   Thumb Code    22  stm32f0xx_rtc.o(.text)
    RTC_TamperCmd                            0x08002d59   Thumb Code    20  stm32f0xx_rtc.o(.text)
    RTC_TamperFilterConfig                   0x08002d6d   Thumb Code    22  stm32f0xx_rtc.o(.text)
    RTC_TamperSamplingFreqConfig             0x08002d83   Thumb Code    22  stm32f0xx_rtc.o(.text)
    RTC_TamperPinsPrechargeDuration          0x08002d99   Thumb Code    22  stm32f0xx_rtc.o(.text)
    RTC_TimeStampOnTamperDetectionCmd        0x08002daf   Thumb Code    22  stm32f0xx_rtc.o(.text)
    RTC_TamperPullUpCmd                      0x08002dc5   Thumb Code    22  stm32f0xx_rtc.o(.text)
    RTC_WriteBackupRegister                  0x08002ddb   Thumb Code    12  stm32f0xx_rtc.o(.text)
    RTC_ReadBackupRegister                   0x08002de7   Thumb Code    12  stm32f0xx_rtc.o(.text)
    RTC_OutputTypeConfig                     0x08002df3   Thumb Code    22  stm32f0xx_rtc.o(.text)
    RTC_SynchroShiftConfig                   0x08002e09   Thumb Code    72  stm32f0xx_rtc.o(.text)
    RTC_ITConfig                             0x08002e51   Thumb Code    56  stm32f0xx_rtc.o(.text)
    RTC_GetFlagStatus                        0x08002e89   Thumb Code    20  stm32f0xx_rtc.o(.text)
    RTC_ClearFlag                            0x08002e9d   Thumb Code    22  stm32f0xx_rtc.o(.text)
    RTC_GetITStatus                          0x08002eb3   Thumb Code    54  stm32f0xx_rtc.o(.text)
    RTC_ClearITPendingBit                    0x08002ee9   Thumb Code    22  stm32f0xx_rtc.o(.text)
    SYSCFG_DeInit                            0x08002f3d   Thumb Code    30  stm32f0xx_syscfg.o(.text)
    SYSCFG_MemoryRemapConfig                 0x08002f5b   Thumb Code    14  stm32f0xx_syscfg.o(.text)
    SYSCFG_DMAChannelRemapConfig             0x08002f69   Thumb Code    18  stm32f0xx_syscfg.o(.text)
    SYSCFG_I2CFastModePlusConfig             0x08002f7b   Thumb Code    18  stm32f0xx_syscfg.o(.text)
    SYSCFG_EXTILineConfig                    0x08002f8d   Thumb Code    34  stm32f0xx_syscfg.o(.text)
    SYSCFG_BreakConfig                       0x08002faf   Thumb Code    10  stm32f0xx_syscfg.o(.text)
    SYSCFG_GetFlagStatus                     0x08002fb9   Thumb Code    14  stm32f0xx_syscfg.o(.text)
    SYSCFG_ClearFlag                         0x08002fc7   Thumb Code    10  stm32f0xx_syscfg.o(.text)
    TIM_DeInit                               0x08002fd5   Thumb Code   152  stm32f0xx_tim.o(.text)
    TIM_TimeBaseInit                         0x0800306d   Thumb Code    88  stm32f0xx_tim.o(.text)
    TIM_TimeBaseStructInit                   0x080030c5   Thumb Code    18  stm32f0xx_tim.o(.text)
    TIM_PrescalerConfig                      0x080030d7   Thumb Code     6  stm32f0xx_tim.o(.text)
    TIM_CounterModeConfig                    0x080030dd   Thumb Code    12  stm32f0xx_tim.o(.text)
    TIM_SetCounter                           0x080030e9   Thumb Code     4  stm32f0xx_tim.o(.text)
    TIM_SetAutoreload                        0x080030ed   Thumb Code     4  stm32f0xx_tim.o(.text)
    TIM_GetCounter                           0x080030f1   Thumb Code     4  stm32f0xx_tim.o(.text)
    TIM_GetPrescaler                         0x080030f5   Thumb Code     4  stm32f0xx_tim.o(.text)
    TIM_UpdateDisableConfig                  0x080030f9   Thumb Code    18  stm32f0xx_tim.o(.text)
    TIM_UpdateRequestConfig                  0x0800310b   Thumb Code    18  stm32f0xx_tim.o(.text)
    TIM_ARRPreloadConfig                     0x0800311d   Thumb Code    18  stm32f0xx_tim.o(.text)
    TIM_SelectOnePulseMode                   0x0800312f   Thumb Code    16  stm32f0xx_tim.o(.text)
    TIM_SetClockDivision                     0x0800313f   Thumb Code    16  stm32f0xx_tim.o(.text)
    TIM_Cmd                                  0x0800314f   Thumb Code    20  stm32f0xx_tim.o(.text)
    TIM_BDTRConfig                           0x08003163   Thumb Code    34  stm32f0xx_tim.o(.text)
    TIM_BDTRStructInit                       0x08003185   Thumb Code    18  stm32f0xx_tim.o(.text)
    TIM_CtrlPWMOutputs                       0x08003197   Thumb Code    24  stm32f0xx_tim.o(.text)
    TIM_OC1Init                              0x080031af   Thumb Code   104  stm32f0xx_tim.o(.text)
    TIM_OC2Init                              0x08003217   Thumb Code   110  stm32f0xx_tim.o(.text)
    TIM_OC3Init                              0x08003285   Thumb Code   110  stm32f0xx_tim.o(.text)
    TIM_OC4Init                              0x080032f3   Thumb Code    78  stm32f0xx_tim.o(.text)
    TIM_OCStructInit                         0x08003341   Thumb Code    20  stm32f0xx_tim.o(.text)
    TIM_SelectOCxM                           0x08003355   Thumb Code    70  stm32f0xx_tim.o(.text)
    TIM_SetCompare1                          0x0800339b   Thumb Code     4  stm32f0xx_tim.o(.text)
    TIM_SetCompare2                          0x0800339f   Thumb Code     4  stm32f0xx_tim.o(.text)
    TIM_SetCompare3                          0x080033a3   Thumb Code     4  stm32f0xx_tim.o(.text)
    TIM_SetCompare4                          0x080033a7   Thumb Code     4  stm32f0xx_tim.o(.text)
    TIM_ForcedOC1Config                      0x080033ab   Thumb Code    86  stm32f0xx_tim.o(.text)
    TIM_ForcedOC2Config                      0x08003401   Thumb Code    14  stm32f0xx_tim.o(.text)
    TIM_ForcedOC3Config                      0x0800340f   Thumb Code    12  stm32f0xx_tim.o(.text)
    TIM_ForcedOC4Config                      0x0800341b   Thumb Code    14  stm32f0xx_tim.o(.text)
    TIM_CCPreloadControl                     0x08003429   Thumb Code    20  stm32f0xx_tim.o(.text)
    TIM_OC1PreloadConfig                     0x0800343d   Thumb Code    12  stm32f0xx_tim.o(.text)
    TIM_OC2PreloadConfig                     0x08003449   Thumb Code    14  stm32f0xx_tim.o(.text)
    TIM_OC3PreloadConfig                     0x08003457   Thumb Code    12  stm32f0xx_tim.o(.text)
    TIM_OC4PreloadConfig                     0x08003463   Thumb Code    14  stm32f0xx_tim.o(.text)
    TIM_OC1FastConfig                        0x08003471   Thumb Code    12  stm32f0xx_tim.o(.text)
    TIM_OC2FastConfig                        0x0800347d   Thumb Code    14  stm32f0xx_tim.o(.text)
    TIM_OC3FastConfig                        0x0800348b   Thumb Code    12  stm32f0xx_tim.o(.text)
    TIM_OC4FastConfig                        0x08003497   Thumb Code    14  stm32f0xx_tim.o(.text)
    TIM_ClearOC1Ref                          0x080034a5   Thumb Code    12  stm32f0xx_tim.o(.text)
    TIM_ClearOC2Ref                          0x080034b1   Thumb Code    14  stm32f0xx_tim.o(.text)
    TIM_ClearOC3Ref                          0x080034bf   Thumb Code    12  stm32f0xx_tim.o(.text)
    TIM_ClearOC4Ref                          0x080034cb   Thumb Code    14  stm32f0xx_tim.o(.text)
    TIM_OC1PolarityConfig                    0x080034d9   Thumb Code    12  stm32f0xx_tim.o(.text)
    TIM_OC1NPolarityConfig                   0x080034e5   Thumb Code    12  stm32f0xx_tim.o(.text)
    TIM_OC2PolarityConfig                    0x080034f1   Thumb Code    14  stm32f0xx_tim.o(.text)
    TIM_OC2NPolarityConfig                   0x080034ff   Thumb Code    14  stm32f0xx_tim.o(.text)
    TIM_OC3PolarityConfig                    0x0800350d   Thumb Code    14  stm32f0xx_tim.o(.text)
    TIM_OC3NPolarityConfig                   0x0800351b   Thumb Code    14  stm32f0xx_tim.o(.text)
    TIM_OC4PolarityConfig                    0x08003529   Thumb Code    14  stm32f0xx_tim.o(.text)
    TIM_SelectOCREFClear                     0x08003537   Thumb Code    16  stm32f0xx_tim.o(.text)
    TIM_CCxCmd                               0x08003547   Thumb Code    22  stm32f0xx_tim.o(.text)
    TIM_CCxNCmd                              0x0800355d   Thumb Code    22  stm32f0xx_tim.o(.text)
    TIM_SelectCOM                            0x08003573   Thumb Code    18  stm32f0xx_tim.o(.text)
    TIM_SetIC4Prescaler                      0x08003585   Thumb Code    18  stm32f0xx_tim.o(.text)
    TIM_SetIC3Prescaler                      0x08003597   Thumb Code    16  stm32f0xx_tim.o(.text)
    TIM_SetIC2Prescaler                      0x080035a7   Thumb Code    18  stm32f0xx_tim.o(.text)
    TIM_SetIC1Prescaler                      0x080035e3   Thumb Code    16  stm32f0xx_tim.o(.text)
    TIM_ICInit                               0x0800361b   Thumb Code   162  stm32f0xx_tim.o(.text)
    TIM_ICStructInit                         0x080036bd   Thumb Code    16  stm32f0xx_tim.o(.text)
    TIM_PWMIConfig                           0x080036cd   Thumb Code   104  stm32f0xx_tim.o(.text)
    TIM_GetCapture1                          0x08003735   Thumb Code     4  stm32f0xx_tim.o(.text)
    TIM_GetCapture2                          0x08003739   Thumb Code     4  stm32f0xx_tim.o(.text)
    TIM_GetCapture3                          0x0800373d   Thumb Code     4  stm32f0xx_tim.o(.text)
    TIM_GetCapture4                          0x08003741   Thumb Code     4  stm32f0xx_tim.o(.text)
    TIM_ITConfig                             0x08003745   Thumb Code    16  stm32f0xx_tim.o(.text)
    TIM_GenerateEvent                        0x08003755   Thumb Code     4  stm32f0xx_tim.o(.text)
    TIM_GetFlagStatus                        0x08003759   Thumb Code    14  stm32f0xx_tim.o(.text)
    TIM_ClearFlag                            0x08003767   Thumb Code     6  stm32f0xx_tim.o(.text)
    TIM_GetITStatus                          0x0800376d   Thumb Code    24  stm32f0xx_tim.o(.text)
    TIM_ClearITPendingBit                    0x08003785   Thumb Code     6  stm32f0xx_tim.o(.text)
    TIM_DMAConfig                            0x0800378b   Thumb Code     8  stm32f0xx_tim.o(.text)
    TIM_DMACmd                               0x08003793   Thumb Code    16  stm32f0xx_tim.o(.text)
    TIM_SelectCCDMA                          0x080037a3   Thumb Code    18  stm32f0xx_tim.o(.text)
    TIM_InternalClockConfig                  0x080037b5   Thumb Code    10  stm32f0xx_tim.o(.text)
    TIM_SelectInputTrigger                   0x080037bf   Thumb Code    12  stm32f0xx_tim.o(.text)
    TIM_ITRxExternalClockConfig              0x080037cb   Thumb Code    62  stm32f0xx_tim.o(.text)
    TIM_TIxExternalClockConfig               0x08003809   Thumb Code    44  stm32f0xx_tim.o(.text)
    TIM_ETRConfig                            0x08003835   Thumb Code    18  stm32f0xx_tim.o(.text)
    TIM_ETRClockMode1Config                  0x08003847   Thumb Code    28  stm32f0xx_tim.o(.text)
    TIM_ETRClockMode2Config                  0x08003863   Thumb Code    20  stm32f0xx_tim.o(.text)
    TIM_SelectOutputTrigger                  0x08003877   Thumb Code    16  stm32f0xx_tim.o(.text)
    TIM_SelectSlaveMode                      0x08003887   Thumb Code    16  stm32f0xx_tim.o(.text)
    TIM_SelectMasterSlaveMode                0x08003897   Thumb Code    16  stm32f0xx_tim.o(.text)
    TIM_EncoderInterfaceConfig               0x080038a7   Thumb Code    42  stm32f0xx_tim.o(.text)
    TIM_SelectHallSensor                     0x080038d1   Thumb Code    18  stm32f0xx_tim.o(.text)
    TIM_RemapConfig                          0x080038e3   Thumb Code     6  stm32f0xx_tim.o(.text)
    USART_DeInit                             0x080038ed   Thumb Code    54  stm32f0xx_usart.o(.text)
    USART_Init                               0x08003923   Thumb Code   166  stm32f0xx_usart.o(.text)
    USART_StructInit                         0x080039c9   Thumb Code    22  stm32f0xx_usart.o(.text)
    USART_ClockInit                          0x080039df   Thumb Code    30  stm32f0xx_usart.o(.text)
    USART_ClockStructInit                    0x080039fd   Thumb Code    12  stm32f0xx_usart.o(.text)
    USART_Cmd                                0x08003a09   Thumb Code    20  stm32f0xx_usart.o(.text)
    USART_DirectionModeCmd                   0x08003a1d   Thumb Code    16  stm32f0xx_usart.o(.text)
    USART_OverSampling8Cmd                   0x08003a2d   Thumb Code    20  stm32f0xx_usart.o(.text)
    USART_OneBitMethodCmd                    0x08003a41   Thumb Code    20  stm32f0xx_usart.o(.text)
    USART_MSBFirstCmd                        0x08003a55   Thumb Code    20  stm32f0xx_usart.o(.text)
    USART_DataInvCmd                         0x08003a69   Thumb Code    20  stm32f0xx_usart.o(.text)
    USART_InvPinCmd                          0x08003a7d   Thumb Code    16  stm32f0xx_usart.o(.text)
    USART_SWAPPinCmd                         0x08003a8d   Thumb Code    20  stm32f0xx_usart.o(.text)
    USART_ReceiverTimeOutCmd                 0x08003aa1   Thumb Code    20  stm32f0xx_usart.o(.text)
    USART_SetReceiverTimeOut                 0x08003ab5   Thumb Code    16  stm32f0xx_usart.o(.text)
    USART_SetPrescaler                       0x08003ac5   Thumb Code    16  stm32f0xx_usart.o(.text)
    USART_STOPModeCmd                        0x08003ad5   Thumb Code    18  stm32f0xx_usart.o(.text)
    USART_StopModeWakeUpSourceConfig         0x08003ae7   Thumb Code    18  stm32f0xx_usart.o(.text)
    USART_AutoBaudRateCmd                    0x08003af9   Thumb Code    20  stm32f0xx_usart.o(.text)
    USART_AutoBaudRateConfig                 0x08003b0d   Thumb Code    18  stm32f0xx_usart.o(.text)
    USART_AutoBaudRateNewRequest             0x08003b1f   Thumb Code    12  stm32f0xx_usart.o(.text)
    USART_SendData                           0x08003b2b   Thumb Code     8  stm32f0xx_usart.o(.text)
    USART_ReceiveData                        0x08003b33   Thumb Code     8  stm32f0xx_usart.o(.text)
    USART_SetAddress                         0x08003b3b   Thumb Code    18  stm32f0xx_usart.o(.text)
    USART_MuteModeCmd                        0x08003b4d   Thumb Code    20  stm32f0xx_usart.o(.text)
    USART_MuteModeWakeUpConfig               0x08003b61   Thumb Code    18  stm32f0xx_usart.o(.text)
    USART_AddressDetectionConfig             0x08003b73   Thumb Code    16  stm32f0xx_usart.o(.text)
    USART_LINBreakDetectLengthConfig         0x08003b83   Thumb Code    16  stm32f0xx_usart.o(.text)
    USART_LINCmd                             0x08003b93   Thumb Code    20  stm32f0xx_usart.o(.text)
    USART_HalfDuplexCmd                      0x08003ba7   Thumb Code    18  stm32f0xx_usart.o(.text)
    USART_SetGuardTime                       0x08003bb9   Thumb Code    16  stm32f0xx_usart.o(.text)
    USART_SmartCardCmd                       0x08003bc9   Thumb Code    18  stm32f0xx_usart.o(.text)
    USART_SmartCardNACKCmd                   0x08003bdb   Thumb Code    18  stm32f0xx_usart.o(.text)
    USART_SetAutoRetryCount                  0x08003bed   Thumb Code    20  stm32f0xx_usart.o(.text)
    USART_SetBlockLength                     0x08003c01   Thumb Code    18  stm32f0xx_usart.o(.text)
    USART_IrDAConfig                         0x08003c13   Thumb Code    16  stm32f0xx_usart.o(.text)
    USART_IrDACmd                            0x08003c23   Thumb Code    18  stm32f0xx_usart.o(.text)
    USART_DECmd                              0x08003c35   Thumb Code    20  stm32f0xx_usart.o(.text)
    USART_DEPolarityConfig                   0x08003c49   Thumb Code    18  stm32f0xx_usart.o(.text)
    USART_SetDEAssertionTime                 0x08003c5b   Thumb Code    20  stm32f0xx_usart.o(.text)
    USART_SetDEDeassertionTime               0x08003c6f   Thumb Code    20  stm32f0xx_usart.o(.text)
    USART_DMACmd                             0x08003c83   Thumb Code    16  stm32f0xx_usart.o(.text)
    USART_DMAReceptionErrorConfig            0x08003c93   Thumb Code    18  stm32f0xx_usart.o(.text)
    USART_ITConfig                           0x08003ca5   Thumb Code    56  stm32f0xx_usart.o(.text)
    USART_RequestCmd                         0x08003cdd   Thumb Code    16  stm32f0xx_usart.o(.text)
    USART_OverrunDetectionConfig             0x08003ced   Thumb Code    18  stm32f0xx_usart.o(.text)
    USART_GetFlagStatus                      0x08003cff   Thumb Code    14  stm32f0xx_usart.o(.text)
    USART_ClearFlag                          0x08003d0d   Thumb Code     4  stm32f0xx_usart.o(.text)
    USART_GetITStatus                        0x08003d11   Thumb Code    56  stm32f0xx_usart.o(.text)
    USART_ClearITPendingBit                  0x08003d49   Thumb Code    10  stm32f0xx_usart.o(.text)
    SystemInit                               0x08003d55   Thumb Code    84  system_stm32f0xx.o(.text)
    SystemCoreClockUpdate                    0x08003da9   Thumb Code    94  system_stm32f0xx.o(.text)
    Reset_Handler                            0x08003e75   Thumb Code     8  startup_stm32f0xx.o(.text)
    CEC_IRQHandler                           0x08003e87   Thumb Code     0  startup_stm32f0xx.o(.text)
    DMA1_Channel1_IRQHandler                 0x08003e87   Thumb Code     0  startup_stm32f0xx.o(.text)
    DMA1_Channel2_3_IRQHandler               0x08003e87   Thumb Code     0  startup_stm32f0xx.o(.text)
    DMA1_Channel4_5_IRQHandler               0x08003e87   Thumb Code     0  startup_stm32f0xx.o(.text)
    EXTI2_3_IRQHandler                       0x08003e87   Thumb Code     0  startup_stm32f0xx.o(.text)
    FLASH_IRQHandler                         0x08003e87   Thumb Code     0  startup_stm32f0xx.o(.text)
    I2C1_IRQHandler                          0x08003e87   Thumb Code     0  startup_stm32f0xx.o(.text)
    I2C2_IRQHandler                          0x08003e87   Thumb Code     0  startup_stm32f0xx.o(.text)
    PVD_IRQHandler                           0x08003e87   Thumb Code     0  startup_stm32f0xx.o(.text)
    RCC_IRQHandler                           0x08003e87   Thumb Code     0  startup_stm32f0xx.o(.text)
    RTC_IRQHandler                           0x08003e87   Thumb Code     0  startup_stm32f0xx.o(.text)
    SPI1_IRQHandler                          0x08003e87   Thumb Code     0  startup_stm32f0xx.o(.text)
    SPI2_IRQHandler                          0x08003e87   Thumb Code     0  startup_stm32f0xx.o(.text)
    TIM14_IRQHandler                         0x08003e87   Thumb Code     0  startup_stm32f0xx.o(.text)
    TIM15_IRQHandler                         0x08003e87   Thumb Code     0  startup_stm32f0xx.o(.text)
    TIM16_IRQHandler                         0x08003e87   Thumb Code     0  startup_stm32f0xx.o(.text)
    TIM17_IRQHandler                         0x08003e87   Thumb Code     0  startup_stm32f0xx.o(.text)
    TIM1_BRK_UP_TRG_COM_IRQHandler           0x08003e87   Thumb Code     0  startup_stm32f0xx.o(.text)
    TIM1_CC_IRQHandler                       0x08003e87   Thumb Code     0  startup_stm32f0xx.o(.text)
    TIM2_IRQHandler                          0x08003e87   Thumb Code     0  startup_stm32f0xx.o(.text)
    TIM3_IRQHandler                          0x08003e87   Thumb Code     0  startup_stm32f0xx.o(.text)
    TIM6_DAC_IRQHandler                      0x08003e87   Thumb Code     0  startup_stm32f0xx.o(.text)
    TS_IRQHandler                            0x08003e87   Thumb Code     0  startup_stm32f0xx.o(.text)
    USART2_IRQHandler                        0x08003e87   Thumb Code     0  startup_stm32f0xx.o(.text)
    WWDG_IRQHandler                          0x08003e87   Thumb Code     0  startup_stm32f0xx.o(.text)
    os_idle_demon                            0x08003e91   Thumb Code     2  rtx_conf_cm.o(.text)
    os_tmr_call                              0x08003e93   Thumb Code     2  rtx_conf_cm.o(.text)
    os_error                                 0x08003e95   Thumb Code    10  rtx_conf_cm.o(.text)
    __aeabi_uidiv                            0x08003eb1   Thumb Code     0  uidiv.o(.text)
    __aeabi_uidivmod                         0x08003eb1   Thumb Code    44  uidiv.o(.text)
    mktime                                   0x08003edd   Thumb Code   124  mktime.o(.text)
    __aeabi_memcpy                           0x08003f69   Thumb Code    36  memcpya.o(.text)
    __aeabi_memcpy4                          0x08003f69   Thumb Code     0  memcpya.o(.text)
    __aeabi_memcpy8                          0x08003f69   Thumb Code     0  memcpya.o(.text)
    __aeabi_fadd                             0x08003f8d   Thumb Code   162  fadd.o(.text)
    __aeabi_fsub                             0x0800402f   Thumb Code     8  fadd.o(.text)
    __aeabi_frsub                            0x08004037   Thumb Code     8  fadd.o(.text)
    __aeabi_fmul                             0x0800403f   Thumb Code   122  fmul.o(.text)
    __aeabi_fdiv                             0x080040b9   Thumb Code   128  fdiv.o(.text)
    __aeabi_dadd                             0x08004139   Thumb Code   326  dadd.o(.text)
    __aeabi_dsub                             0x0800427f   Thumb Code    12  dadd.o(.text)
    __aeabi_drsub                            0x0800428b   Thumb Code    12  dadd.o(.text)
    __aeabi_dmul                             0x0800429d   Thumb Code   202  dmul.o(.text)
    __aeabi_ddiv                             0x0800436d   Thumb Code   234  ddiv.o(.text)
    __aeabi_i2f                              0x0800445d   Thumb Code    22  fflti.o(.text)
    __aeabi_ui2f                             0x08004473   Thumb Code    14  ffltui.o(.text)
    __aeabi_i2d                              0x08004481   Thumb Code    34  dflti.o(.text)
    __aeabi_ui2d                             0x080044a9   Thumb Code    24  dfltui.o(.text)
    __aeabi_d2uiz                            0x080044c5   Thumb Code    50  dfixui.o(.text)
    __aeabi_f2d                              0x08004501   Thumb Code    40  f2d.o(.text)
    __aeabi_d2f                              0x08004529   Thumb Code    56  d2f.o(.text)
    __aeabi_cfcmpeq                          0x08004561   Thumb Code     0  cfcmple.o(.text)
    __aeabi_cfcmple                          0x08004561   Thumb Code    20  cfcmple.o(.text)
    __aeabi_cfrcmple                         0x08004575   Thumb Code    20  cfrcmple.o(.text)
    __aeabi_idiv                             0x08004589   Thumb Code     0  idiv.o(.text)
    __aeabi_idivmod                          0x08004589   Thumb Code    40  idiv.o(.text)
    __aeabi_uldivmod                         0x080045b1   Thumb Code    96  uldiv.o(.text)
    __aeabi_llsl                             0x08004611   Thumb Code    32  llshl.o(.text)
    _ll_shift_l                              0x08004611   Thumb Code     0  llshl.o(.text)
    __aeabi_llsr                             0x08004631   Thumb Code    34  llushr.o(.text)
    _ll_ushift_r                             0x08004631   Thumb Code     0  llushr.o(.text)
    __aeabi_lasr                             0x08004653   Thumb Code    38  llsshr.o(.text)
    _ll_sshift_r                             0x08004653   Thumb Code     0  llsshr.o(.text)
    _localtime                               0x08004679   Thumb Code   104  localtime_i.o(.text)
    __I$use$fp                               0x080046ed   Thumb Code     0  iusefp.o(.text)
    _float_round                             0x080046ed   Thumb Code    16  fepilogue.o(.text)
    _float_epilogue                          0x080046fd   Thumb Code   116  fepilogue.o(.text)
    _double_round                            0x08004771   Thumb Code    26  depilogue.o(.text)
    _double_epilogue                         0x0800478b   Thumb Code   166  depilogue.o(.text)
    __aeabi_d2ulz                            0x08004831   Thumb Code    54  dfixul.o(.text)
    __aeabi_cdrcmple                         0x08004871   Thumb Code    38  cdrcmple.o(.text)
    __scatterload                            0x08004899   Thumb Code    28  init.o(.text)
    __scatterload_rt2                        0x08004899   Thumb Code     0  init.o(.text)
    SVC_Count                                0x080048bc   Data           4  SVC_Table.o(SVC_TABLE)
    SVC_Table                                0x080048c0   Data           0  SVC_Table.o(SVC_TABLE)
    __0printf                                0x080048c1   Thumb Code    24  printfa.o(i.__0printf)
    __1printf                                0x080048c1   Thumb Code     0  printfa.o(i.__0printf)
    __2printf                                0x080048c1   Thumb Code     0  printfa.o(i.__0printf)
    __c89printf                              0x080048c1   Thumb Code     0  printfa.o(i.__0printf)
    printf                                   0x080048c1   Thumb Code     0  printfa.o(i.__0printf)
    __0snprintf                              0x080048e1   Thumb Code    38  printfa.o(i.__0snprintf)
    __1snprintf                              0x080048e1   Thumb Code     0  printfa.o(i.__0snprintf)
    __2snprintf                              0x080048e1   Thumb Code     0  printfa.o(i.__0snprintf)
    __c89snprintf                            0x080048e1   Thumb Code     0  printfa.o(i.__0snprintf)
    snprintf                                 0x080048e1   Thumb Code     0  printfa.o(i.__0snprintf)
    __0sprintf                               0x0800490d   Thumb Code    36  printfa.o(i.__0sprintf)
    __1sprintf                               0x0800490d   Thumb Code     0  printfa.o(i.__0sprintf)
    __2sprintf                               0x0800490d   Thumb Code     0  printfa.o(i.__0sprintf)
    __c89sprintf                             0x0800490d   Thumb Code     0  printfa.o(i.__0sprintf)
    sprintf                                  0x0800490d   Thumb Code     0  printfa.o(i.__0sprintf)
    __ARM_clz                                0x08004935   Thumb Code    46  depilogue.o(i.__ARM_clz)
    __ARM_common_switch8                     0x08004963   Thumb Code    26  interrupted_charging.o(i.__ARM_common_switch8)
    __scatterload_copy                       0x0800497d   Thumb Code    14  handlers.o(i.__scatterload_copy)
    __scatterload_null                       0x0800498b   Thumb Code     2  handlers.o(i.__scatterload_null)
    __scatterload_zeroinit                   0x0800498d   Thumb Code    14  handlers.o(i.__scatterload_zeroinit)
    _init_box                                0x08004af5   Thumb Code    72  rt_membox.o(i._init_box)
    isr_evt_set                              0x080052a1   Thumb Code    30  rt_event.o(i.isr_evt_set)
    os_tick_init                             0x080052c5   Thumb Code    32  rt_system.o(i.os_tick_init)
    os_tick_irqack                           0x080052f1   Thumb Code     2  rt_system.o(i.os_tick_irqack)
    rt_alloc_box                             0x080052f3   Thumb Code    30  rt_membox.o(i.rt_alloc_box)
    rt_block                                 0x08005311   Thumb Code    42  rt_task.o(i.rt_block)
    rt_chk_robin                             0x08005349   Thumb Code    56  rt_robin.o(i.rt_chk_robin)
    rt_dec_dly                               0x0800538d   Thumb Code   112  rt_list.o(i.rt_dec_dly)
    rt_dispatch                              0x08005405   Thumb Code    56  rt_task.o(i.rt_dispatch)
    rt_dly_wait                              0x08005445   Thumb Code    10  rt_time.o(i.rt_dly_wait)
    rt_evt_clr                               0x08005451   Thumb Code    22  rt_event.o(i.rt_evt_clr)
    rt_evt_get                               0x0800546d   Thumb Code     8  rt_event.o(i.rt_evt_get)
    rt_evt_psh                               0x08005479   Thumb Code    70  rt_event.o(i.rt_evt_psh)
    rt_evt_set                               0x080054c5   Thumb Code    88  rt_event.o(i.rt_evt_set)
    rt_evt_wait                              0x08005521   Thumb Code    60  rt_event.o(i.rt_evt_wait)
    rt_free_box                              0x08005561   Thumb Code    38  rt_membox.o(i.rt_free_box)
    rt_get_first                             0x08005587   Thumb Code    42  rt_list.o(i.rt_get_first)
    rt_init_robin                            0x080055f5   Thumb Code    14  rt_robin.o(i.rt_init_robin)
    rt_init_stack                            0x0800560d   Thumb Code    68  hal_cm1.o(i.rt_init_stack)
    rt_mbx_psh                               0x08005659   Thumb Code   168  rt_mailbox.o(i.rt_mbx_psh)
    rt_pop_req                               0x08005705   Thumb Code    98  rt_system.o(i.rt_pop_req)
    rt_psh_req                               0x08005775   Thumb Code    24  rt_system.o(i.rt_psh_req)
    rt_psq_enq                               0x08005795   Thumb Code    60  rt_list.o(i.rt_psq_enq)
    rt_put_dly                               0x080057d5   Thumb Code    74  rt_list.o(i.rt_put_dly)
    rt_put_prio                              0x08005825   Thumb Code    60  rt_list.o(i.rt_put_prio)
    rt_put_rdy_first                         0x08005861   Thumb Code    14  rt_list.o(i.rt_put_rdy_first)
    rt_rmv_dly                               0x08005875   Thumb Code    42  rt_list.o(i.rt_rmv_dly)
    rt_rmv_list                              0x080058a1   Thumb Code    46  rt_list.o(i.rt_rmv_list)
    rt_sem_psh                               0x080058d5   Thumb Code    46  rt_semaphore.o(i.rt_sem_psh)
    rt_stk_check                             0x08005909   Thumb Code    30  rt_system.o(i.rt_stk_check)
    rt_switch_req                            0x08005931   Thumb Code    10  rt_task.o(i.rt_switch_req)
    rt_sys_init                              0x08005941   Thumb Code   230  rt_task.o(i.rt_sys_init)
    rt_systick                               0x08005a79   Thumb Code    46  rt_system.o(i.rt_systick)
    rt_time_get                              0x08005ab5   Thumb Code     6  rt_time.o(i.rt_time_get)
    rt_tmr_tick                              0x08005ac1   Thumb Code    56  rt_timer.o(i.rt_tmr_tick)
    rt_tsk_create                            0x08005b01   Thumb Code   108  rt_task.o(i.rt_tsk_create)
    rt_tsk_delete                            0x08005b7d   Thumb Code   134  rt_task.o(i.rt_tsk_delete)
    os_maxtaskrun                            0x08005d0a   Data           2  rtx_conf_cm.o(.constdata)
    os_stackinfo                             0x08005d0c   Data           4  rtx_conf_cm.o(.constdata)
    os_rrobin                                0x08005d10   Data           4  rtx_conf_cm.o(.constdata)
    os_trv                                   0x08005d14   Data           4  rtx_conf_cm.o(.constdata)
    os_flags                                 0x08005d18   Data           1  rtx_conf_cm.o(.constdata)
    os_clockrate                             0x08005d1c   Data           4  rtx_conf_cm.o(.constdata)
    os_timernum                              0x08005d20   Data           4  rtx_conf_cm.o(.constdata)
    mp_tcb_size                              0x08005d24   Data           2  rtx_conf_cm.o(.constdata)
    mp_stk_size                              0x08005d28   Data           4  rtx_conf_cm.o(.constdata)
    os_fifo_size                             0x08005d2c   Data           1  rtx_conf_cm.o(.constdata)
    mp_tmr_size                              0x08005d2e   Data           2  rtx_conf_cm.o(.constdata)
    Region$$Table$$Base                      0x08005d48   Number         0  anon$$obj.o(Region$$Table)
    Region$$Table$$Limit                     0x08005d68   Number         0  anon$$obj.o(Region$$Table)
    interrupted_charging_t                   0x20000000   Data           4  main.o(.data)
    __stdout                                 0x20000004   Data           4  retarget.o(.data)
    ts_cal1                                  0x20000008   Data           2  adc.o(.data)
    ts_cal2                                  0x2000000a   Data           2  adc.o(.data)
    duty_cycle_global                        0x2000000c   Data           4  perturb_and_observe.o(.data)
    TimerPeriod                              0x20000018   Data           2  pwm.o(.data)
    Serial                                   0x20000030   Data          36  serial.o(.data)
    state                                    0x20000054   Data           4  interrupted_charging.o(.data)
    pwr_on                                   0x20000058   Data           1  ui.o(.data)
    ui_t                                     0x2000005c   Data           4  ui.o(.data)
    i                                        0x20000060   Data           4  ui.o(.data)
    str                                      0x20000064   Data           8  ui.o(.data)
    SystemCoreClock                          0x2000007c   Data           4  system_stm32f0xx.o(.data)
    AHBPrescTable                            0x20000080   Data          16  system_stm32f0xx.o(.data)
    m_tmr                                    0x20000090   Data           4  rtx_conf_cm.o(.data)
    os_tsk                                   0x20000094   Data           8  rt_task.o(.data)
    os_time                                  0x2000009c   Data           4  rt_time.o(.data)
    os_tick_irqn                             0x200000a4   Data           4  rt_system.o(.data)
    os_robin                                 0x200000a8   Data           8  rt_robin.o(.data)
    os_tmr                                   0x200000b0   Data           8  rt_timer.o(.data)
    RegularConvData_Tab                      0x200000b8   Data          10  adc.o(.bss)
    TIM_TimeBaseStructure_PWM                0x200000c4   Data          12  pwm.o(.bss)
    TIM_OCInitStructure_PWM                  0x200000d0   Data          20  pwm.o(.bss)
    mp_tcb                                   0x20000124   Data         156  rtx_conf_cm.o(.bss)
    mp_stk                                   0x200001c0   Data        2064  rtx_conf_cm.o(.bss)
    os_fifo                                  0x200009d0   Data         132  rtx_conf_cm.o(.bss)
    os_active_TCB                            0x20000a54   Data          12  rtx_conf_cm.o(.bss)
    os_idle_TCB                              0x20000a60   Data          48  rt_task.o(.bss)
    os_rdy                                   0x20000a90   Data          24  rt_list.o(.bss)
    os_dly                                   0x20000aa8   Data          24  rt_list.o(.bss)
    __initial_sp                             0x20000ec0   Data           0  startup_stm32f0xx.o(STACK)



==============================================================================

Memory Map of the image

  Image Entry point : 0x080000c1

  Load Region LR_IROM1 (Base: 0x08000000, Size: 0x00005e20, Max: 0x00008000, ABSOLUTE)

    Execution Region ER_IROM1 (Base: 0x08000000, Size: 0x00005d68, Max: 0x00008000, ABSOLUTE)

    Base Addr    Size         Type   Attr      Idx    E Section Name        Object

    0x08000000   0x000000c0   Data   RO          872    RESET               startup_stm32f0xx.o
    0x080000c0   0x00000000   Code   RO         1435  * .ARM.Collect$$$$00000000  mc_p.l(entry.o)
    0x080000c0   0x00000004   Code   RO         1738    .ARM.Collect$$$$00000001  mc_p.l(entry2.o)
    0x080000c4   0x00000004   Code   RO         1741    .ARM.Collect$$$$00000004  mc_p.l(entry5.o)
    0x080000c8   0x00000000   Code   RO         1743    .ARM.Collect$$$$00000008  mc_p.l(entry7b.o)
    0x080000c8   0x00000008   Code   RO         1744    .ARM.Collect$$$$00000009  mc_p.l(entry8.o)
    0x080000d0   0x00000004   Code   RO         1739    .ARM.Collect$$$$00002712  mc_p.l(entry2.o)
    0x080000d4   0x00000188   Code   RO         1087    .emb_text           RTX_CM1.LIB(hal_cm1.o)
    0x0800025c   0x00000278   Code   RO            3    .text               main.o
    0x080004d4   0x00000022   Code   RO          154    .text               retarget.o
    0x080004f6   0x00000002   PAD
    0x080004f8   0x00000338   Code   RO          189    .text               adc.o
    0x08000830   0x0000024c   Code   RO          221    .text               perturb_and_observe.o
    0x08000a7c   0x0000025c   Code   RO          246    .text               pwm.o
    0x08000cd8   0x000001b0   Code   RO          270    .text               serial.o
    0x08000e88   0x000003d0   Code   RO          301    .text               interrupted_charging.o
    0x08001258   0x00000294   Code   RO          331    .text               lcd_hd44780.o
    0x080014ec   0x000000e8   Code   RO          352    .text               stm32f0xx_it.o
    0x080015d4   0x000005b8   Code   RO          375    .text               ui.o
    0x08001b8c   0x000000b4   Code   RO          401    .text               user_outputs.o
    0x08001c40   0x00000224   Code   RO          421    .text               stm32f0xx_adc.o
    0x08001e64   0x00000124   Code   RO          541    .text               stm32f0xx_dma.o
    0x08001f88   0x000000d4   Code   RO          561    .text               stm32f0xx_exti.o
    0x0800205c   0x00000154   Code   RO          602    .text               stm32f0xx_gpio.o
    0x080021b0   0x0000007c   Code   RO          662    .text               stm32f0xx_misc.o
    0x0800222c   0x000000e0   Code   RO          682    .text               stm32f0xx_pwr.o
    0x0800230c   0x00000410   Code   RO          702    .text               stm32f0xx_rcc.o
    0x0800271c   0x00000820   Code   RO          724    .text               stm32f0xx_rtc.o
    0x08002f3c   0x00000098   Code   RO          765    .text               stm32f0xx_syscfg.o
    0x08002fd4   0x00000918   Code   RO          785    .text               stm32f0xx_tim.o
    0x080038ec   0x00000466   Code   RO          806    .text               stm32f0xx_usart.o
    0x08003d52   0x00000002   PAD
    0x08003d54   0x00000120   Code   RO          846    .text               system_stm32f0xx.o
    0x08003e74   0x0000001c   Code   RO          873    .text               startup_stm32f0xx.o
    0x08003e90   0x00000020   Code   RO          877    .text               rtx_conf_cm.o
    0x08003eb0   0x0000002c   Code   RO         1438    .text               mc_p.l(uidiv.o)
    0x08003edc   0x0000008c   Code   RO         1440    .text               mc_p.l(mktime.o)
    0x08003f68   0x00000024   Code   RO         1443    .text               mc_p.l(memcpya.o)
    0x08003f8c   0x000000b2   Code   RO         1708    .text               mf_p.l(fadd.o)
    0x0800403e   0x0000007a   Code   RO         1710    .text               mf_p.l(fmul.o)
    0x080040b8   0x00000080   Code   RO         1712    .text               mf_p.l(fdiv.o)
    0x08004138   0x00000164   Code   RO         1714    .text               mf_p.l(dadd.o)
    0x0800429c   0x000000d0   Code   RO         1716    .text               mf_p.l(dmul.o)
    0x0800436c   0x000000f0   Code   RO         1718    .text               mf_p.l(ddiv.o)
    0x0800445c   0x00000016   Code   RO         1720    .text               mf_p.l(fflti.o)
    0x08004472   0x0000000e   Code   RO         1722    .text               mf_p.l(ffltui.o)
    0x08004480   0x00000028   Code   RO         1724    .text               mf_p.l(dflti.o)
    0x080044a8   0x0000001c   Code   RO         1726    .text               mf_p.l(dfltui.o)
    0x080044c4   0x0000003c   Code   RO         1728    .text               mf_p.l(dfixui.o)
    0x08004500   0x00000028   Code   RO         1730    .text               mf_p.l(f2d.o)
    0x08004528   0x00000038   Code   RO         1732    .text               mf_p.l(d2f.o)
    0x08004560   0x00000014   Code   RO         1734    .text               mf_p.l(cfcmple.o)
    0x08004574   0x00000014   Code   RO         1736    .text               mf_p.l(cfrcmple.o)
    0x08004588   0x00000028   Code   RO         1745    .text               mc_p.l(idiv.o)
    0x080045b0   0x00000060   Code   RO         1747    .text               mc_p.l(uldiv.o)
    0x08004610   0x00000020   Code   RO         1749    .text               mc_p.l(llshl.o)
    0x08004630   0x00000022   Code   RO         1751    .text               mc_p.l(llushr.o)
    0x08004652   0x00000026   Code   RO         1753    .text               mc_p.l(llsshr.o)
    0x08004678   0x00000074   Code   RO         1758    .text               mc_p.l(localtime_i.o)
    0x080046ec   0x00000000   Code   RO         1761    .text               mc_p.l(iusefp.o)
    0x080046ec   0x00000084   Code   RO         1762    .text               mf_p.l(fepilogue.o)
    0x08004770   0x000000c0   Code   RO         1764    .text               mf_p.l(depilogue.o)
    0x08004830   0x00000040   Code   RO         1768    .text               mf_p.l(dfixul.o)
    0x08004870   0x00000028   Code   RO         1770    .text               mf_p.l(cdrcmple.o)
    0x08004898   0x00000024   Code   RO         1772    .text               mc_p.l(init.o)
    0x080048bc   0x00000004   Code   RO         1321    SVC_TABLE           RTX_CM1.LIB(SVC_Table.o)
    0x080048c0   0x00000020   Code   RO         1680    i.__0printf         mc_p.l(printfa.o)
    0x080048e0   0x0000002c   Code   RO         1681    i.__0snprintf       mc_p.l(printfa.o)
    0x0800490c   0x00000028   Code   RO         1682    i.__0sprintf        mc_p.l(printfa.o)
    0x08004934   0x0000002e   Code   RO         1766    i.__ARM_clz         mf_p.l(depilogue.o)
    0x08004962   0x0000001a   Code   RO          320    i.__ARM_common_switch8  interrupted_charging.o
    0x0800497c   0x0000000e   Code   RO         1776    i.__scatterload_copy  mc_p.l(handlers.o)
    0x0800498a   0x00000002   Code   RO         1777    i.__scatterload_null  mc_p.l(handlers.o)
    0x0800498c   0x0000000e   Code   RO         1778    i.__scatterload_zeroinit  mc_p.l(handlers.o)
    0x0800499a   0x00000002   PAD
    0x0800499c   0x00000158   Code   RO         1687    i._fp_digits        mc_p.l(printfa.o)
    0x08004af4   0x00000048   Code   RO         1292    i._init_box         RTX_CM1.LIB(rt_membox.o)
    0x08004b3c   0x000006f8   Code   RO         1688    i._printf_core      mc_p.l(printfa.o)
    0x08005234   0x00000020   Code   RO         1689    i._printf_post_padding  mc_p.l(printfa.o)
    0x08005254   0x0000002c   Code   RO         1690    i._printf_pre_padding  mc_p.l(printfa.o)
    0x08005280   0x00000016   Code   RO         1691    i._snputc           mc_p.l(printfa.o)
    0x08005296   0x0000000a   Code   RO         1692    i._sputc            mc_p.l(printfa.o)
    0x080052a0   0x00000024   Code   RO         1008    i.isr_evt_set       RTX_CM1.LIB(rt_event.o)
    0x080052c4   0x0000002c   Code   RO         1108    i.os_tick_init      RTX_CM1.LIB(rt_system.o)
    0x080052f0   0x00000002   Code   RO         1109    i.os_tick_irqack    RTX_CM1.LIB(rt_system.o)
    0x080052f2   0x0000001e   Code   RO         1293    i.rt_alloc_box      RTX_CM1.LIB(rt_membox.o)
    0x08005310   0x00000038   Code   RO          909    i.rt_block          RTX_CM1.LIB(rt_task.o)
    0x08005348   0x00000044   Code   RO         1270    i.rt_chk_robin      RTX_CM1.LIB(rt_robin.o)
    0x0800538c   0x00000078   Code   RO         1191    i.rt_dec_dly        RTX_CM1.LIB(rt_list.o)
    0x08005404   0x00000040   Code   RO          910    i.rt_dispatch       RTX_CM1.LIB(rt_task.o)
    0x08005444   0x0000000a   Code   RO         1054    i.rt_dly_wait       RTX_CM1.LIB(rt_time.o)
    0x0800544e   0x00000002   PAD
    0x08005450   0x0000001c   Code   RO         1009    i.rt_evt_clr        RTX_CM1.LIB(rt_event.o)
    0x0800546c   0x0000000c   Code   RO         1010    i.rt_evt_get        RTX_CM1.LIB(rt_event.o)
    0x08005478   0x0000004c   Code   RO         1011    i.rt_evt_psh        RTX_CM1.LIB(rt_event.o)
    0x080054c4   0x0000005c   Code   RO         1012    i.rt_evt_set        RTX_CM1.LIB(rt_event.o)
    0x08005520   0x00000040   Code   RO         1013    i.rt_evt_wait       RTX_CM1.LIB(rt_event.o)
    0x08005560   0x00000026   Code   RO         1294    i.rt_free_box       RTX_CM1.LIB(rt_membox.o)
    0x08005586   0x0000002a   Code   RO         1192    i.rt_get_first      RTX_CM1.LIB(rt_list.o)
    0x080055b0   0x00000044   Code   RO          911    i.rt_init_context   RTX_CM1.LIB(rt_task.o)
    0x080055f4   0x00000018   Code   RO         1271    i.rt_init_robin     RTX_CM1.LIB(rt_robin.o)
    0x0800560c   0x0000004c   Code   RO         1088    i.rt_init_stack     RTX_CM1.LIB(hal_cm1.o)
    0x08005658   0x000000ac   Code   RO         1328    i.rt_mbx_psh        RTX_CM1.LIB(rt_mailbox.o)
    0x08005704   0x00000070   Code   RO         1110    i.rt_pop_req        RTX_CM1.LIB(rt_system.o)
    0x08005774   0x00000020   Code   RO         1111    i.rt_psh_req        RTX_CM1.LIB(rt_system.o)
    0x08005794   0x00000040   Code   RO         1194    i.rt_psq_enq        RTX_CM1.LIB(rt_list.o)
    0x080057d4   0x00000050   Code   RO         1195    i.rt_put_dly        RTX_CM1.LIB(rt_list.o)
    0x08005824   0x0000003c   Code   RO         1196    i.rt_put_prio       RTX_CM1.LIB(rt_list.o)
    0x08005860   0x00000014   Code   RO         1197    i.rt_put_rdy_first  RTX_CM1.LIB(rt_list.o)
    0x08005874   0x0000002a   Code   RO         1199    i.rt_rmv_dly        RTX_CM1.LIB(rt_list.o)
    0x0800589e   0x00000002   PAD
    0x080058a0   0x00000034   Code   RO         1200    i.rt_rmv_list       RTX_CM1.LIB(rt_list.o)
    0x080058d4   0x00000034   Code   RO         1374    i.rt_sem_psh        RTX_CM1.LIB(rt_semaphore.o)
    0x08005908   0x00000028   Code   RO         1113    i.rt_stk_check      RTX_CM1.LIB(rt_system.o)
    0x08005930   0x00000010   Code   RO          912    i.rt_switch_req     RTX_CM1.LIB(rt_task.o)
    0x08005940   0x00000138   Code   RO          913    i.rt_sys_init       RTX_CM1.LIB(rt_task.o)
    0x08005a78   0x0000003c   Code   RO         1115    i.rt_systick        RTX_CM1.LIB(rt_system.o)
    0x08005ab4   0x0000000c   Code   RO         1057    i.rt_time_get       RTX_CM1.LIB(rt_time.o)
    0x08005ac0   0x00000040   Code   RO         1410    i.rt_tmr_tick       RTX_CM1.LIB(rt_timer.o)
    0x08005b00   0x0000007c   Code   RO          914    i.rt_tsk_create     RTX_CM1.LIB(rt_task.o)
    0x08005b7c   0x0000009c   Code   RO          915    i.rt_tsk_delete     RTX_CM1.LIB(rt_task.o)
    0x08005c18   0x00000044   Data   RO          191    .constdata          adc.o
    0x08005c5c   0x00000058   Data   RO          222    .constdata          perturb_and_observe.o
    0x08005cb4   0x00000055   Data   RO          302    .constdata          interrupted_charging.o
    0x08005d09   0x00000001   PAD
    0x08005d0a   0x00000002   Data   RO          882    .constdata          rtx_conf_cm.o
    0x08005d0c   0x00000004   Data   RO          883    .constdata          rtx_conf_cm.o
    0x08005d10   0x00000004   Data   RO          884    .constdata          rtx_conf_cm.o
    0x08005d14   0x00000004   Data   RO          885    .constdata          rtx_conf_cm.o
    0x08005d18   0x00000001   Data   RO          886    .constdata          rtx_conf_cm.o
    0x08005d19   0x00000003   PAD
    0x08005d1c   0x00000008   Data   RO          887    .constdata          rtx_conf_cm.o
    0x08005d24   0x00000002   Data   RO          888    .constdata          rtx_conf_cm.o
    0x08005d26   0x00000002   PAD
    0x08005d28   0x00000004   Data   RO          889    .constdata          rtx_conf_cm.o
    0x08005d2c   0x00000001   Data   RO          890    .constdata          rtx_conf_cm.o
    0x08005d2d   0x00000001   PAD
    0x08005d2e   0x00000002   Data   RO          891    .constdata          rtx_conf_cm.o
    0x08005d30   0x0000000c   Data   RO         1441    .constdata          mc_p.l(mktime.o)
    0x08005d3c   0x0000000c   Data   RO         1759    .constdata          mc_p.l(localtime_i.o)
    0x08005d48   0x00000020   Data   RO         1774    Region$$Table       anon$$obj.o


    Execution Region RW_IRAM1 (Base: 0x20000000, Size: 0x00000ec0, Max: 0x00001000, ABSOLUTE)

    Base Addr    Size         Type   Attr      Idx    E Section Name        Object

    0x20000000   0x00000004   Data   RW            8    .data               main.o
    0x20000004   0x00000004   Data   RW          155    .data               retarget.o
    0x20000008   0x00000004   Data   RW          192    .data               adc.o
    0x2000000c   0x0000000c   Data   RW          223    .data               perturb_and_observe.o
    0x20000018   0x00000002   Data   RW          248    .data               pwm.o
    0x2000001a   0x00000002   PAD
    0x2000001c   0x00000038   Data   RW          272    .data               serial.o
    0x20000054   0x00000004   Data   RW          303    .data               interrupted_charging.o
    0x20000058   0x00000014   Data   RW          376    .data               ui.o
    0x2000006c   0x00000010   Data   RW          703    .data               stm32f0xx_rcc.o
    0x2000007c   0x00000014   Data   RW          847    .data               system_stm32f0xx.o
    0x20000090   0x00000004   Data   RW          892    .data               rtx_conf_cm.o
    0x20000094   0x00000008   Data   RW          920    .data               RTX_CM1.LIB(rt_task.o)
    0x2000009c   0x00000004   Data   RW         1058    .data               RTX_CM1.LIB(rt_time.o)
    0x200000a0   0x00000008   Data   RW         1118    .data               RTX_CM1.LIB(rt_system.o)
    0x200000a8   0x00000008   Data   RW         1272    .data               RTX_CM1.LIB(rt_robin.o)
    0x200000b0   0x00000008   Data   RW         1411    .data               RTX_CM1.LIB(rt_timer.o)
    0x200000b8   0x0000000a   Zero   RW          190    .bss                adc.o
    0x200000c2   0x00000002   PAD
    0x200000c4   0x00000020   Zero   RW          247    .bss                pwm.o
    0x200000e4   0x00000040   Zero   RW          271    .bss                serial.o
    0x20000124   0x0000009c   Zero   RW          878    .bss                rtx_conf_cm.o
    0x200001c0   0x00000810   Zero   RW          879    .bss                rtx_conf_cm.o
    0x200009d0   0x00000084   Zero   RW          880    .bss                rtx_conf_cm.o
    0x20000a54   0x0000000c   Zero   RW          881    .bss                rtx_conf_cm.o
    0x20000a60   0x00000030   Zero   RW          919    .bss                RTX_CM1.LIB(rt_task.o)
    0x20000a90   0x00000030   Zero   RW         1201    .bss                RTX_CM1.LIB(rt_list.o)
    0x20000ac0   0x00000400   Zero   RW          870    STACK               startup_stm32f0xx.o


==============================================================================

Image component sizes


      Code (inc. data)   RO Data    RW Data    ZI Data      Debug   Object Name

       824        124         68          4         10       8683   adc.o
      1002        444         85          4          0       1421   interrupted_charging.o
       660         86          0          0          0       2969   lcd_hd44780.o
       632        276          0          4          0     170556   main.o
       588        112         88         12          0       1936   perturb_and_observe.o
       604        118          0          2         32       1373   pwm.o
        34          0          0          4          0       2676   retarget.o
        32         18         32          4       2364       1860   rtx_conf_cm.o
       432         22          0         56         64       3883   serial.o
        28          8        192          0       1024        640   startup_stm32f0xx.o
       548         12          0          0          0       5879   stm32f0xx_adc.o
       292         12          0          0          0       3174   stm32f0xx_dma.o
       212         14          0          0          0       2127   stm32f0xx_exti.o
       340         22          0          0          0       3253   stm32f0xx_gpio.o
       232         12          0          0          0       1048   stm32f0xx_it.o
       124         16          0          0          0       1296   stm32f0xx_misc.o
       224         10          0          0          0       1954   stm32f0xx_pwr.o
      1040         38          0         16          0       7686   stm32f0xx_rcc.o
      2080         42          0          0          0      11854   stm32f0xx_rtc.o
       152          4          0          0          0       1806   stm32f0xx_syscfg.o
      2328        122          0          0          0      19255   stm32f0xx_tim.o
      1126         14          0          0          0      10091   stm32f0xx_usart.o
       288         30          0         20          0       1467   system_stm32f0xx.o
      1464        200          0         20          0       2464   ui.o
       180          4          0          0          0        767   user_outputs.o

    ----------------------------------------------------------------------
     15470       1760        504        148       3496     270118   Object Totals
         0          0         32          0          0          0   (incl. Generated)
         4          0          7          2          2          0   (incl. Padding)

    ----------------------------------------------------------------------

      Code (inc. data)   RO Data    RW Data    ZI Data      Debug   Library Member Name

         4          4          0          0          0        136   SVC_Table.o
       468         50          0          0          0       1300   hal_cm1.o
       308         30          0          0          0       2776   rt_event.o
       480         30          0          0         48       6120   rt_list.o
       172          4          0          0          0        549   rt_mailbox.o
       140          0          0          0          0       1505   rt_membox.o
        92         22          0          8          0        906   rt_robin.o
        52          6          0          0          0        433   rt_semaphore.o
       290         58          0          8          0       3247   rt_system.o
       796        152          0          8         48       6034   rt_task.o
        22          6          0          4          0        878   rt_time.o
        64          8          0          8          0        575   rt_timer.o
         0          0          0          0          0          0   entry.o
         8          4          0          0          0          0   entry2.o
         4          0          0          0          0          0   entry5.o
         0          0          0          0          0          0   entry7b.o
         8          4          0          0          0          0   entry8.o
        30          0          0          0          0          0   handlers.o
        40          0          0          0          0         72   idiv.o
        36          8          0          0          0         68   init.o
         0          0          0          0          0          0   iusefp.o
        32          0          0          0          0         68   llshl.o
        38          0          0          0          0         68   llsshr.o
        34          0          0          0          0         68   llushr.o
       116         12         12          0          0         72   localtime_i.o
        36          0          0          0          0         60   memcpya.o
       140         16         12          0          0         72   mktime.o
      2352        112          0          0          0        696   printfa.o
        44          0          0          0          0         72   uidiv.o
        96          0          0          0          0         84   uldiv.o
        40          2          0          0          0         68   cdrcmple.o
        20          0          0          0          0         68   cfcmple.o
        20          0          0          0          0         68   cfrcmple.o
        56          0          0          0          0         68   d2f.o
       356          6          0          0          0        136   dadd.o
       240          6          0          0          0         80   ddiv.o
       238          0          0          0          0        212   depilogue.o
        60         10          0          0          0         68   dfixui.o
        64         10          0          0          0         68   dfixul.o
        40          6          0          0          0         68   dflti.o
        28          4          0          0          0         68   dfltui.o
       208          6          0          0          0         84   dmul.o
        40          0          0          0          0         60   f2d.o
       178          0          0          0          0        108   fadd.o
       128          0          0          0          0         72   fdiv.o
       132          0          0          0          0        144   fepilogue.o
        22          0          0          0          0         68   fflti.o
        14          0          0          0          0         68   ffltui.o
       122          0          0          0          0         72   fmul.o

    ----------------------------------------------------------------------
      7914        576         24         36         96      27507   Library Totals
         6          0          0          0          0          0   (incl. Padding)

    ----------------------------------------------------------------------

      Code (inc. data)   RO Data    RW Data    ZI Data      Debug   Library Name

      2888        370          0         36         96      24459   RTX_CM1.LIB
      3014        156         24          0          0       1400   mc_p.l
      2006         50          0          0          0       1648   mf_p.l

    ----------------------------------------------------------------------
      7914        576         24         36         96      27507   Library Totals

    ----------------------------------------------------------------------

==============================================================================


      Code (inc. data)   RO Data    RW Data    ZI Data      Debug   

     23384       2336        528        184       3592     291337   Grand Totals
     23384       2336        528        184       3592     291337   ELF Image Totals
     23384       2336        528        184          0          0   ROM Totals

==============================================================================

    Total RO  Size (Code + RO Data)                23912 (  23.35kB)
    Total RW  Size (RW Data + ZI Data)              3776 (   3.69kB)
    Total ROM Size (Code + RO Data + RW Data)      24096 (  23.53kB)

==============================================================================

