ARM Linker, 5.02 [Build 28] [MDK-ARM Lite]

==============================================================================

Section Cross References

    main.o(.text) refers to _printf_percent.o(.ARM.Collect$$_printf_percent$$00000000) for _printf_percent
    main.o(.text) refers to _printf_i.o(.ARM.Collect$$_printf_percent$$00000008) for _printf_i
    main.o(.text) refers to _printf_dec.o(.text) for _printf_int_dec
    main.o(.text) refers to _printf_d.o(.ARM.Collect$$_printf_percent$$00000009) for _printf_d
    main.o(.text) refers to _printf_s.o(.ARM.Collect$$_printf_percent$$00000014) for _printf_s
    main.o(.text) refers to _printf_str.o(.text) for _printf_str
    main.o(.text) refers to adc.o(.text) for init_adc
    main.o(.text) refers to noretval__2printf.o(.text) for __2printf
    main.o(.text) refers to stm32f0xx_rtc.o(.text) for RTC_TimeStructInit
    main.o(.text) refers to stm32f0xx_rcc.o(.text) for RCC_APB1PeriphClockCmd
    main.o(.text) refers to stm32f0xx_pwr.o(.text) for PWR_BackupAccessCmd
    main.o(.text) refers to hal_cm1.o(.emb_text) for os_set_env
    main.o(.text) refers to mktime.o(.text) for mktime
    main.o(.text) refers to rt_memcpy.o(.emb_text) for __aeabi_memcpy4
    main.o(.text) refers to perturb_and_observe.o(.text) for perturb_and_observe
    main.o(.text) refers to rt_task.o(i.rt_tsk_create) for rt_tsk_create
    main.o(.text) refers to main.o(.data) for perturb_and_observe_t
    main.o(.text) refers to rt_task.o(i.rt_tsk_delete) for rt_tsk_delete
    main.o(.text) refers to serial.o(.data) for Serial
    main.o(.text) refers to rt_task.o(i.rt_sys_init) for rt_sys_init
    retarget.o(.rev16_text) refers (Special) to use_no_semi.o(.text) for __use_no_semihosting_swi
    retarget.o(.revsh_text) refers (Special) to use_no_semi.o(.text) for __use_no_semihosting_swi
    retarget.o(.text) refers (Special) to use_no_semi.o(.text) for __use_no_semihosting_swi
    retarget.o(.text) refers to serial.o(.text) for write_fcn
    retarget.o(.data) refers (Special) to use_no_semi.o(.text) for __use_no_semihosting_swi
    adc.o(.text) refers to _printf_percent.o(.ARM.Collect$$_printf_percent$$00000000) for _printf_percent
    adc.o(.text) refers to _printf_f.o(.ARM.Collect$$_printf_percent$$00000003) for _printf_f
    adc.o(.text) refers to printf1.o(x$fpl$printf1) for _printf_fp_dec
    adc.o(.text) refers to stm32f0xx_dma.o(.text) for DMA_GetFlagStatus
    adc.o(.text) refers to fflti.o(.text) for __aeabi_ui2f
    adc.o(.text) refers to fmul.o(x$fpl$fmul) for __aeabi_fmul
    adc.o(.text) refers to fdiv.o(.text) for __aeabi_fdiv
    adc.o(.text) refers to noretval__2printf.o(.text) for __2printf
    adc.o(.text) refers to f2d.o(.text) for __aeabi_f2d
    adc.o(.text) refers to stm32f0xx_rcc.o(.text) for RCC_AHBPeriphClockCmd
    adc.o(.text) refers to stm32f0xx_gpio.o(.text) for GPIO_StructInit
    adc.o(.text) refers to stm32f0xx_adc.o(.text) for ADC_DeInit
    adc.o(.text) refers to adc.o(.data) for RegularConvData_Tab
    adc.o(.text) refers to rt_time.o(i.rt_dly_wait) for rt_dly_wait
    perturb_and_observe.o(.text) refers to _printf_percent.o(.ARM.Collect$$_printf_percent$$00000000) for _printf_percent
    perturb_and_observe.o(.text) refers to _printf_f.o(.ARM.Collect$$_printf_percent$$00000003) for _printf_f
    perturb_and_observe.o(.text) refers to printf1.o(x$fpl$printf1) for _printf_fp_dec
    perturb_and_observe.o(.text) refers to adc.o(.text) for get_adc_voltage
    perturb_and_observe.o(.text) refers to fmul.o(x$fpl$fmul) for __aeabi_fmul
    perturb_and_observe.o(.text) refers to faddsub.o(x$fpl$fsub) for __aeabi_fsub
    perturb_and_observe.o(.text) refers to feqf.o(x$fpl$feqf) for __aeabi_cfcmpeq
    perturb_and_observe.o(.text) refers to frlef.o(x$fpl$frleqf) for __aeabi_cfrcmple
    perturb_and_observe.o(.text) refers to faddsub.o(x$fpl$fadd) for __aeabi_fadd
    perturb_and_observe.o(.text) refers to flef.o(x$fpl$fleqf) for __aeabi_cfcmple
    perturb_and_observe.o(.text) refers to pwm.o(.text) for set_duty_cycle
    perturb_and_observe.o(.text) refers to f2d.o(.text) for __aeabi_f2d
    perturb_and_observe.o(.text) refers to noretval__2printf.o(.text) for __2printf
    perturb_and_observe.o(.text) refers to perturb_and_observe.o(.data) for p_panel_delay
    perturb_and_observe.o(.text) refers to rt_time.o(i.rt_dly_wait) for rt_dly_wait
    pwm.o(.text) refers to dflti.o(.text) for __aeabi_i2d
    pwm.o(.text) refers to f2d.o(.text) for __aeabi_f2d
    pwm.o(.text) refers to daddsub.o(.text) for __aeabi_drsub
    pwm.o(.text) refers to dmul.o(.text) for __aeabi_dmul
    pwm.o(.text) refers to ddiv.o(.text) for __aeabi_ddiv
    pwm.o(.text) refers to dfixui.o(.text) for __aeabi_d2uiz
    pwm.o(.text) refers to stm32f0xx_tim.o(.text) for TIM_OC1Init
    pwm.o(.text) refers to stm32f0xx_rcc.o(.text) for RCC_AHBPeriphClockCmd
    pwm.o(.text) refers to stm32f0xx_gpio.o(.text) for GPIO_Init
    pwm.o(.text) refers to aeabi_sdiv.o(.text) for __aeabi_uidivmod
[...]
    nr_mutex                                 0x20000098   Data           4  rtx_conf_cm.o(.data)
    .data                                    0x2000009c   Section        8  rt_task.o(.data)
    .data                                    0x200000a4   Section        4  rt_time.o(.data)
    .data                                    0x200000a8   Section        8  rt_system.o(.data)
    os_lock                                  0x200000a8   Data           1  rt_system.o(.data)
    os_psh_flag                              0x200000a9   Data           1  rt_system.o(.data)
    pend_flags                               0x200000aa   Data           1  rt_system.o(.data)
    .data                                    0x200000b0   Section        8  rt_robin.o(.data)
    .data                                    0x200000b8   Section        8  rt_timer.o(.data)
    .bss                                     0x200000c0   Section       32  pwm.o(.bss)
    .bss                                     0x200000e0   Section      256  serial.o(.bss)
    rcv_buff                                 0x200000e0   Data         256  serial.o(.bss)
    .bss                                     0x200001e0   Section     1728  rtx_conf_cm.o(.bss)
    std_libspace                             0x20000720   Data         288  rtx_conf_cm.o(.bss)
    std_libmutex                             0x20000840   Data          96  rtx_conf_cm.o(.bss)
    .bss                                     0x200008a0   Section       48  rt_task.o(.bss)
    .bss                                     0x200008d0   Section       48  rt_list.o(.bss)
    .bss                                     0x20000900   Section       96  libspace.o(.bss)
    HEAP                                     0x20000960   Section      512  startup_stm32f0xx.o(HEAP)
    Heap_Mem                                 0x20000960   Data         512  startup_stm32f0xx.o(HEAP)
    STACK                                    0x20000b60   Section     1024  startup_stm32f0xx.o(STACK)
    Stack_Mem                                0x20000b60   Data        1024  startup_stm32f0xx.o(STACK)
    __initial_sp                             0x20000f60   Data           0  startup_stm32f0xx.o(STACK)

    Global Symbols

    Symbol Name                              Value     Ov Type        Size  Object(Section)

    BuildAttributes$$THM_ISAv3M$S$PE$A:L22$X:L11$S22$IEEE1$IW$USESV6$~STKCKD$USESV7$~SHL$OTIME$ROPI$IEEEJ$EBA8$UX$STANDARDLIB$REQ8$PRES8$EABIv2 0x00000000   Number         0  anon$$obj.o ABSOLUTE
    __ARM_use_no_argv                        0x00000000   Number         0  main.o ABSOLUTE
    _printf_flags                            0x00000000   Number         0  printf_stubs.o ABSOLUTE
    _printf_return_value                     0x00000000   Number         0  printf_stubs.o ABSOLUTE
    _printf_sizespec                         0x00000000   Number         0  printf_stubs.o ABSOLUTE
    _printf_widthprec                        0x00000000   Number         0  printf_stubs.o ABSOLUTE
    __ARM_exceptions_init                     - Undefined Weak Reference
    __alloca_initialize                       - Undefined Weak Reference
    __cpp_initialize__aeabi_                  - Undefined Weak Reference
    __cxa_finalize                            - Undefined Weak Reference
    __sigvec_lookup                           - Undefined Weak Reference
    _atexit_init                              - Undefined Weak Reference
    _call_atexit_fns                          - Undefined Weak Reference
    _clock_init                               - Undefined Weak Reference
    _fp_trap_init                             - Undefined Weak Reference
    _fp_trap_shutdown                         - Undefined Weak Reference
    _get_lc_collate                           - Undefined Weak Reference
    _get_lc_ctype                             - Undefined Weak Reference
    _get_lc_monetary                          - Undefined Weak Reference
    _get_lc_time                              - Undefined Weak Reference
    _getenv_init                              - Undefined Weak Reference
    _handle_redirection                       - Undefined Weak Reference
    _init_alloc                               - Undefined Weak Reference
    _init_user_alloc                          - Undefined Weak Reference
    _initio                                   - Undefined Weak Reference
    _printf_mbtowc                            - Undefined Weak Reference
    _printf_post_padding                      - Undefined Weak Reference
    _printf_pre_padding                       - Undefined Weak Reference
    _printf_truncate_signed                   - Undefined Weak Reference
    _printf_truncate_unsigned                 - Undefined Weak Reference
    _rand_init                                - Undefined Weak Reference
    _signal_finish                            - Undefined Weak Reference
    _signal_init                              - Undefined Weak Reference
    _terminate_alloc                          - Undefined Weak Reference
    _terminate_user_alloc                     - Undefined Weak Reference
    _terminateio                              - Undefined Weak Reference
    __Vectors_Size                           0x000000c0   Number         0  startup_stm32f0xx.o ABSOLUTE
    __RL_RTX_VER                             0x00000460   Number         0  rt_system.o ABSOLUTE
    __Vectors                                0x08000000   Data           4  startup_stm32f0xx.o(RESET)
    __Vectors_End                            0x080000c0   Data           0  startup_stm32f0xx.o(RESET)
    __main                                   0x080000c1   Thumb Code     8  __main.o(!!!main)
    __scatterload                            0x080000c9   Thumb Code     0  __scatter.o(!!!scatter)
    __scatterload_rt2                        0x080000c9   Thumb Code    52  __scatter.o(!!!scatter)
    __scatterload_rt2_thumb_only             0x080000c9   Thumb Code     0  __scatter.o(!!!scatter)
    __scatterload_null                       0x080000d9   Thumb Code     0  __scatter.o(!!!scatter)
    __scatterload_copy                       0x08000105   Thumb Code    26  __scatter_copy.o(!!handler_copy)
    __scatterload_zeroinit                   0x08000121   Thumb Code    28  __scatter_zi.o(!!handler_zi)
    _printf_percent                          0x0800013d   Thumb Code     0  _printf_percent.o(.ARM.Collect$$_printf_percent$$00000000)
    _printf_f                                0x0800013f   Thumb Code     0  _printf_f.o(.ARM.Collect$$_printf_percent$$00000003)
    _printf_i                                0x08000149   Thumb Code     0  _printf_i.o(.ARM.Collect$$_printf_percent$$00000008)
    _printf_d                                0x08000153   Thumb Code     0  _printf_d.o(.ARM.Collect$$_printf_percent$$00000009)
    _printf_s                                0x0800015d   Thumb Code     0  _printf_s.o(.ARM.Collect$$_printf_percent$$00000014)
    _printf_percent_end                      0x08000167   Thumb Code     0  _printf_percent_end.o(.ARM.Collect$$_printf_percent$$00000017)
    __rt_lib_init                            0x0800016b   Thumb Code     0  libinit.o(.ARM.Collect$$libinit$$00000000)
    __rt_lib_init_fp_1                       0x0800016d   Thumb Code     0  libinit2.o(.ARM.Collect$$libinit$$00000001)
    __rt_lib_init_heap_1                     0x08000171   Thumb Code     0  libinit2.o(.ARM.Collect$$libinit$$00000008)
    __rt_lib_init_lc_common                  0x08000171   Thumb Code     0  libinit2.o(.ARM.Collect$$libinit$$0000000D)
    __rt_lib_init_rand_1                     0x08000171   Thumb Code     0  libinit2.o(.ARM.Collect$$libinit$$0000000C)
    __rt_lib_init_user_alloc_1               0x08000171   Thumb Code     0  libinit2.o(.ARM.Collect$$libinit$$0000000A)
    __rt_lib_init_lc_collate_1               0x08000177   Thumb Code     0  libinit2.o(.ARM.Collect$$libinit$$0000000F)
    __rt_lib_init_lc_ctype_1                 0x08000177   Thumb Code     0  libinit2.o(.ARM.Collect$$libinit$$00000011)
    __rt_lib_init_lc_monetary_1              0x08000177   Thumb Code     0  libinit2.o(.ARM.Collect$$libinit$$00000013)
    __rt_lib_init_lc_numeric_2               0x08000177   Thumb Code     0  libinit2.o(.ARM.Collect$$libinit$$00000014)
    __rt_lib_init_alloca_1                   0x08000181   Thumb Code     0  libinit2.o(.ARM.Collect$$libinit$$0000002C)
    __rt_lib_init_argv_1                     0x08000181   Thumb Code     0  libinit2.o(.ARM.Collect$$libinit$$0000002A)
    __rt_lib_init_atexit_1                   0x08000181   Thumb Code     0  libinit2.o(.ARM.Collect$$libinit$$00000019)
    __rt_lib_init_clock_1                    0x08000181   Thumb Code     0  libinit2.o(.ARM.Collect$$libinit$$0000001F)
    __rt_lib_init_cpp_1                      0x08000181   Thumb Code     0  libinit2.o(.ARM.Collect$$libinit$$00000030)
    __rt_lib_init_exceptions_1               0x08000181   Thumb Code     0  libinit2.o(.ARM.Collect$$libinit$$0000002E)
    __rt_lib_init_fp_trap_1                  0x08000181   Thumb Code     0  libinit2.o(.ARM.Collect$$libinit$$0000001D)
    __rt_lib_init_getenv_1                   0x08000181   Thumb Code     0  libinit2.o(.ARM.Collect$$libinit$$00000021)
    __rt_lib_init_lc_numeric_1               0x08000181   Thumb Code     0  libinit2.o(.ARM.Collect$$libinit$$00000015)
    __rt_lib_init_lc_time_1                  0x08000181   Thumb Code     0  libinit2.o(.ARM.Collect$$libinit$$00000017)
    __rt_lib_init_return                     0x08000181   Thumb Code     0  libinit2.o(.ARM.Collect$$libinit$$00000031)
    __rt_lib_init_signal_1                   0x08000181   Thumb Code     0  libinit2.o(.ARM.Collect$$libinit$$0000001B)
    __rt_lib_init_stdio_1                    0x08000181   Thumb Code     0  libinit2.o(.ARM.Collect$$libinit$$00000023)
    __rt_lib_shutdown                        0x08000183   Thumb Code     0  libshutdown.o(.ARM.Collect$$libshutdown$$00000000)
    __rt_lib_shutdown_fp_trap_1              0x08000185   Thumb Code     0  libshutdown2.o(.ARM.Collect$$libshutdown$$00000006)
    __rt_lib_shutdown_heap_1                 0x08000185   Thumb Code     0  libshutdown2.o(.ARM.Collect$$libshutdown$$0000000E)
    __rt_lib_shutdown_return                 0x08000185   Thumb Code     0  libshutdown2.o(.ARM.Collect$$libshutdown$$0000000F)
    __rt_lib_shutdown_signal_1               0x08000185   Thumb Code     0  libshutdown2.o(.ARM.Collect$$libshutdown$$00000009)
    __rt_lib_shutdown_stdio_1                0x08000185   Thumb Code     0  libshutdown2.o(.ARM.Collect$$libshutdown$$00000003)
    __rt_lib_shutdown_user_alloc_1           0x08000185   Thumb Code     0  libshutdown2.o(.ARM.Collect$$libshutdown$$0000000B)
    __rt_entry                               0x08000187   Thumb Code     0  rtentry.o(.ARM.Collect$$rtentry$$00000000)
    __rt_entry_presh_1                       0x08000187   Thumb Code     0  rtentry2.o(.ARM.Collect$$rtentry$$00000002)
    __rt_entry_sh                            0x08000187   Thumb Code     0  rtentry4.o(.ARM.Collect$$rtentry$$00000004)
    __rt_entry_li                            0x0800018d   Thumb Code     0  rtentry2.o(.ARM.Collect$$rtentry$$0000000A)
    __rt_entry_postsh_1                      0x0800018d   Thumb Code     0  rtentry2.o(.ARM.Collect$$rtentry$$00000009)
    __rt_entry_main                          0x08000191   Thumb Code     0  rtentry2.o(.ARM.Collect$$rtentry$$0000000D)
    __rt_entry_postli_1                      0x08000191   Thumb Code     0  rtentry2.o(.ARM.Collect$$rtentry$$0000000C)
    __rt_exit                                0x08000199   Thumb Code     0  rtexit.o(.ARM.Collect$$rtexit$$00000000)
    __rt_exit_ls                             0x0800019b   Thumb Code     0  rtexit2.o(.ARM.Collect$$rtexit$$00000003)
    __rt_exit_prels_1                        0x0800019b   Thumb Code     0  rtexit2.o(.ARM.Collect$$rtexit$$00000002)
    __rt_exit_exit                           0x0800019f   Thumb Code     0  rtexit2.o(.ARM.Collect$$rtexit$$00000004)
    rt_set_PSP                               0x080001a5   Thumb Code     6  hal_cm1.o(.emb_text)
    rt_get_PSP                               0x080001ab   Thumb Code     6  hal_cm1.o(.emb_text)
    os_set_env                               0x080001b1   Thumb Code    32  hal_cm1.o(.emb_text)
    _alloc_box                               0x080001d5   Thumb Code    28  hal_cm1.o(.emb_text)
    _free_box                                0x080001f5   Thumb Code    28  hal_cm1.o(.emb_text)
    SVC_Handler                              0x08000215   Thumb Code   152  hal_cm1.o(.emb_text)
    PendSV_Handler                           0x080002b9   Thumb Code    92  hal_cm1.o(.emb_text)
    SysTick_Handler                          0x08000319   Thumb Code     8  hal_cm1.o(.emb_text)
    OS_Tick_Handler                          0x08000321   Thumb Code    12  hal_cm1.o(.emb_text)
    __aeabi_memcpy4                          0x0800032d   Thumb Code    56  rt_memcpy.o(.emb_text)
    __aeabi_memcpy8                          0x0800032d   Thumb Code     0  rt_memcpy.o(.emb_text)
    charge_control                           0x08000365   Thumb Code    26  main.o(.text)
    init                                     0x0800037f   Thumb Code    36  main.o(.text)
    print_time_date                          0x080003a3   Thumb Code    68  main.o(.text)
    setup_rtc                                0x080003e7   Thumb Code    66  main.o(.text)
    main                                     0x08000429   Thumb Code    34  main.o(.text)
    get_time_struct                          0x0800044b   Thumb Code    92  main.o(.text)
    assert_failed                            0x080004a7   Thumb Code    18  main.o(.text)
    fputc                                    0x0800055d   Thumb Code    16  retarget.o(.text)
    fgetc                                    0x0800056d   Thumb Code     6  retarget.o(.text)
    ferror                                   0x08000573   Thumb Code     8  retarget.o(.text)
    _ttywrch                                 0x0800057b   Thumb Code    12  retarget.o(.text)
    _sys_exit                                0x08000587   Thumb Code     4  retarget.o(.text)
    get_adc_voltage                          0x0800058d   Thumb Code   198  adc.o(.text)
    adc_test                                 0x08000653   Thumb Code   116  adc.o(.text)
    init_adc                                 0x080006c7   Thumb Code   264  adc.o(.text)
    perturb_and_observe_itter                0x0800086d   Thumb Code   290  perturb_and_observe.o(.text)
    perturb_and_observe                      0x0800098f   Thumb Code    22  perturb_and_observe.o(.text)
    set_duty_cycle                           0x080009f1   Thumb Code    86  pwm.o(.text)
    TIM_Config                               0x08000a47   Thumb Code    98  pwm.o(.text)
    init_pwm                                 0x08000aa9   Thumb Code   174  pwm.o(.text)
    pwm_out                                  0x08000b57   Thumb Code    82  pwm.o(.text)
    putchar                                  0x08000c7f   Thumb Code    36  serial.o(.text)
    begin_fcn                                0x08000ca3   Thumb Code    16  serial.o(.text)
    available_fcn                            0x08000cb3   Thumb Code     6  serial.o(.text)
    flush_fcn                                0x08000cb9   Thumb Code    26  serial.o(.text)
    read_fcn                                 0x08000cd3   Thumb Code    60  serial.o(.text)
    peek_fcn                                 0x08000d0f   Thumb Code    18  serial.o(.text)
    write_fcn                                0x08000d21   Thumb Code    12  serial.o(.text)
    print_fcn                                0x08000d2d   Thumb Code    24  serial.o(.text)
    println_fcn                              0x08000d45   Thumb Code    24  serial.o(.text)
    USART2_IRQHandler                        0x08000d5d   Thumb Code   120  serial.o(.text)
    ADC_DeInit                               0x08000e05   Thumb Code    28  stm32f0xx_adc.o(.text)
    ADC_Init                                 0x08000e21   Thumb Code    40  stm32f0xx_adc.o(.text)
    ADC_StructInit                           0x08000e49   Thumb Code    16  stm32f0xx_adc.o(.text)
    ADC_Cmd                                  0x08000e59   Thumb Code    24  stm32f0xx_adc.o(.text)
    ADC_JitterCmd                            0x08000e71   Thumb Code    20  stm32f0xx_adc.o(.text)
    ADC_AutoPowerOffCmd                      0x08000e85   Thumb Code    28  stm32f0xx_adc.o(.text)
    ADC_WaitModeCmd                          0x08000ea1   Thumb Code    28  stm32f0xx_adc.o(.text)
    ADC_AnalogWatchdogCmd                    0x08000ebd   Thumb Code    28  stm32f0xx_adc.o(.text)
    ADC_AnalogWatchdogThresholdsConfig       0x08000ed9   Thumb Code     8  stm32f0xx_adc.o(.text)
    ADC_AnalogWatchdogSingleChannelConfig    0x08000ee1   Thumb Code    28  stm32f0xx_adc.o(.text)
    ADC_AnalogWatchdogSingleChannelCmd       0x08000efd   Thumb Code    28  stm32f0xx_adc.o(.text)
    ADC_TempSensorCmd                        0x08000f19   Thumb Code    36  stm32f0xx_adc.o(.text)
    ADC_VrefintCmd                           0x08000f3d   Thumb Code    36  stm32f0xx_adc.o(.text)
    ADC_VbatCmd                              0x08000f61   Thumb Code    36  stm32f0xx_adc.o(.text)
    ADC_ChannelConfig                        0x08000f85   Thumb Code    24  stm32f0xx_adc.o(.text)
    ADC_ContinuousModeCmd                    0x08000f9d   Thumb Code    28  stm32f0xx_adc.o(.text)
    ADC_DiscModeCmd                          0x08000fb9   Thumb Code    28  stm32f0xx_adc.o(.text)
    ADC_OverrunModeCmd                       0x08000fd5   Thumb Code    28  stm32f0xx_adc.o(.text)
    ADC_GetCalibrationFactor                 0x08000ff1   Thumb Code    58  stm32f0xx_adc.o(.text)
    ADC_StopOfConversion                     0x0800102b   Thumb Code    10  stm32f0xx_adc.o(.text)
    ADC_StartOfConversion                    0x08001035   Thumb Code    10  stm32f0xx_adc.o(.text)
    ADC_GetConversionValue                   0x0800103f   Thumb Code     8  stm32f0xx_adc.o(.text)
    ADC_DMACmd                               0x08001047   Thumb Code    24  stm32f0xx_adc.o(.text)
    ADC_DMARequestModeConfig                 0x0800105f   Thumb Code    16  stm32f0xx_adc.o(.text)
    ADC_ITConfig                             0x0800106f   Thumb Code    20  stm32f0xx_adc.o(.text)
    ADC_GetFlagStatus                        0x08001083   Thumb Code    44  stm32f0xx_adc.o(.text)
    ADC_ClearFlag                            0x080010af   Thumb Code     4  stm32f0xx_adc.o(.text)
    ADC_GetITStatus                          0x080010b3   Thumb Code    32  stm32f0xx_adc.o(.text)
    ADC_ClearITPendingBit                    0x080010d3   Thumb Code     4  stm32f0xx_adc.o(.text)
    DMA_DeInit                               0x080010e5   Thumb Code   152  stm32f0xx_dma.o(.text)
    DMA_Init                                 0x0800117d   Thumb Code    58  stm32f0xx_dma.o(.text)
    DMA_StructInit                           0x080011b7   Thumb Code    26  stm32f0xx_dma.o(.text)
    DMA_Cmd                                  0x080011d1   Thumb Code    24  stm32f0xx_dma.o(.text)
    DMA_SetCurrDataCounter                   0x080011e9   Thumb Code     4  stm32f0xx_dma.o(.text)
    DMA_GetCurrDataCounter                   0x080011ed   Thumb Code     8  stm32f0xx_dma.o(.text)
    DMA_ITConfig                             0x080011f5   Thumb Code    20  stm32f0xx_dma.o(.text)
    DMA_GetFlagStatus                        0x08001209   Thumb Code    22  stm32f0xx_dma.o(.text)
    DMA_ClearFlag                            0x0800121f   Thumb Code     8  stm32f0xx_dma.o(.text)
    DMA_GetITStatus                          0x08001227   Thumb Code    22  stm32f0xx_dma.o(.text)
    DMA_ClearITPendingBit                    0x0800123d   Thumb Code     8  stm32f0xx_dma.o(.text)
    GPIO_DeInit                              0x08001251   Thumb Code   132  stm32f0xx_gpio.o(.text)
    GPIO_Init                                0x080012d5   Thumb Code   144  stm32f0xx_gpio.o(.text)
    GPIO_StructInit                          0x08001365   Thumb Code    20  stm32f0xx_gpio.o(.text)
    GPIO_PinLockConfig                       0x08001379   Thumb Code    22  stm32f0xx_gpio.o(.text)
    GPIO_ReadInputDataBit                    0x0800138f   Thumb Code    18  stm32f0xx_gpio.o(.text)
    GPIO_ReadInputData                       0x080013a1   Thumb Code     6  stm32f0xx_gpio.o(.text)
    GPIO_ReadOutputDataBit                   0x080013a7   Thumb Code    18  stm32f0xx_gpio.o(.text)
    GPIO_ReadOutputData                      0x080013b9   Thumb Code     6  stm32f0xx_gpio.o(.text)
    GPIO_SetBits                             0x080013bf   Thumb Code     4  stm32f0xx_gpio.o(.text)
    GPIO_ResetBits                           0x080013c3   Thumb Code     4  stm32f0xx_gpio.o(.text)
    GPIO_WriteBit                            0x080013c7   Thumb Code    12  stm32f0xx_gpio.o(.text)
    GPIO_Write                               0x080013d3   Thumb Code     4  stm32f0xx_gpio.o(.text)
    GPIO_PinAFConfig                         0x080013d7   Thumb Code    68  stm32f0xx_gpio.o(.text)
    NVIC_Init                                0x08001431   Thumb Code   106  stm32f0xx_misc.o(.text)
    NVIC_SystemLPConfig                      0x0800149b   Thumb Code    28  stm32f0xx_misc.o(.text)
    SysTick_CLKSourceConfig                  0x080014b7   Thumb Code    32  stm32f0xx_misc.o(.text)
    PWR_DeInit                               0x080014e5   Thumb Code    22  stm32f0xx_pwr.o(.text)
    PWR_BackupAccessCmd                      0x080014fb   Thumb Code    36  stm32f0xx_pwr.o(.text)
    PWR_PVDLevelConfig                       0x0800151f   Thumb Code    28  stm32f0xx_pwr.o(.text)
    PWR_PVDCmd                               0x0800153b   Thumb Code    32  stm32f0xx_pwr.o(.text)
    PWR_WakeUpPinCmd                         0x0800155b   Thumb Code    28  stm32f0xx_pwr.o(.text)
    PWR_EnterSleepMode                       0x08001577   Thumb Code    24  stm32f0xx_pwr.o(.text)
    PWR_EnterSTOPMode                        0x0800158f   Thumb Code    60  stm32f0xx_pwr.o(.text)
    PWR_EnterSTANDBYMode                     0x080015cb   Thumb Code    40  stm32f0xx_pwr.o(.text)
    PWR_GetFlagStatus                        0x080015f3   Thumb Code    20  stm32f0xx_pwr.o(.text)
    PWR_ClearFlag                            0x08001607   Thumb Code    14  stm32f0xx_pwr.o(.text)
    RCC_DeInit                               0x0800161d   Thumb Code   104  stm32f0xx_rcc.o(.text)
    RCC_HSEConfig                            0x08001685   Thumb Code    12  stm32f0xx_rcc.o(.text)
    RCC_GetFlagStatus                        0x08001691   Thumb Code    66  stm32f0xx_rcc.o(.text)
    RCC_WaitForHSEStartUp                    0x080016d3   Thumb Code    52  stm32f0xx_rcc.o(.text)
    RCC_AdjustHSICalibrationValue            0x08001707   Thumb Code    26  stm32f0xx_rcc.o(.text)
    RCC_HSICmd                               0x08001721   Thumb Code    32  stm32f0xx_rcc.o(.text)
    RCC_AdjustHSI14CalibrationValue          0x08001741   Thumb Code    26  stm32f0xx_rcc.o(.text)
    RCC_HSI14Cmd                             0x0800175b   Thumb Code    32  stm32f0xx_rcc.o(.text)
    RCC_HSI14ADCRequestCmd                   0x0800177b   Thumb Code    32  stm32f0xx_rcc.o(.text)
    RCC_LSEConfig                            0x0800179b   Thumb Code    34  stm32f0xx_rcc.o(.text)
    RCC_LSEDriveConfig                       0x080017bd   Thumb Code    22  stm32f0xx_rcc.o(.text)
    RCC_LSICmd                               0x080017d3   Thumb Code    32  stm32f0xx_rcc.o(.text)
    RCC_PLLConfig                            0x080017f3   Thumb Code    30  stm32f0xx_rcc.o(.text)
    RCC_PLLCmd                               0x08001811   Thumb Code    36  stm32f0xx_rcc.o(.text)
    RCC_PREDIV1Config                        0x08001835   Thumb Code    24  stm32f0xx_rcc.o(.text)
    RCC_ClockSecuritySystemCmd               0x0800184d   Thumb Code    36  stm32f0xx_rcc.o(.text)
    RCC_MCOConfig                            0x08001871   Thumb Code     6  stm32f0xx_rcc.o(.text)
    RCC_SYSCLKConfig                         0x08001877   Thumb Code    24  stm32f0xx_rcc.o(.text)
    RCC_GetSYSCLKSource                      0x0800188f   Thumb Code    10  stm32f0xx_rcc.o(.text)
    RCC_HCLKConfig                           0x08001899   Thumb Code    28  stm32f0xx_rcc.o(.text)
    RCC_PCLKConfig                           0x080018b5   Thumb Code    30  stm32f0xx_rcc.o(.text)
    RCC_ADCCLKConfig                         0x080018d3   Thumb Code    52  stm32f0xx_rcc.o(.text)
    RCC_CECCLKConfig                         0x08001907   Thumb Code    22  stm32f0xx_rcc.o(.text)
    RCC_I2CCLKConfig                         0x0800191d   Thumb Code    22  stm32f0xx_rcc.o(.text)
    RCC_USARTCLKConfig                       0x08001933   Thumb Code    22  stm32f0xx_rcc.o(.text)
    RCC_GetClocksFreq                        0x08001949   Thumb Code   368  stm32f0xx_rcc.o(.text)
    RCC_RTCCLKConfig                         0x08001ab9   Thumb Code    12  stm32f0xx_rcc.o(.text)
    RCC_RTCCLKCmd                            0x08001ac5   Thumb Code    36  stm32f0xx_rcc.o(.text)
    RCC_BackupResetCmd                       0x08001ae9   Thumb Code    36  stm32f0xx_rcc.o(.text)
    RCC_AHBPeriphClockCmd                    0x08001b0d   Thumb Code    28  stm32f0xx_rcc.o(.text)
    RCC_APB2PeriphClockCmd                   0x08001b29   Thumb Code    28  stm32f0xx_rcc.o(.text)
    RCC_APB1PeriphClockCmd                   0x08001b45   Thumb Code    28  stm32f0xx_rcc.o(.text)
    RCC_AHBPeriphResetCmd                    0x08001b61   Thumb Code    28  stm32f0xx_rcc.o(.text)
    RCC_APB2PeriphResetCmd                   0x08001b7d   Thumb Code    28  stm32f0xx_rcc.o(.text)
    RCC_APB1PeriphResetCmd                   0x08001b99   Thumb Code    28  stm32f0xx_rcc.o(.text)
    RCC_ITConfig                             0x08001bb5   Thumb Code    28  stm32f0xx_rcc.o(.text)
    RCC_ClearFlag                            0x08001bd1   Thumb Code    16  stm32f0xx_rcc.o(.text)
    RCC_GetITStatus                          0x08001be1   Thumb Code    20  stm32f0xx_rcc.o(.text)
    RCC_ClearITPendingBit                    0x08001bf5   Thumb Code     6  stm32f0xx_rcc.o(.text)
    RTC_WaitForSynchro                       0x08001c09   Thumb Code    92  stm32f0xx_rtc.o(.text)
    RTC_EnterInitMode                        0x08001c65   Thumb Code    70  stm32f0xx_rtc.o(.text)
    RTC_DeInit                               0x08001cab   Thumb Code    96  stm32f0xx_rtc.o(.text)
    RTC_ExitInitMode                         0x08001d0b   Thumb Code    14  stm32f0xx_rtc.o(.text)
    RTC_Init                                 0x08001d19   Thumb Code    84  stm32f0xx_rtc.o(.text)
    RTC_StructInit                           0x08001d6d   Thumb Code    14  stm32f0xx_rtc.o(.text)
    RTC_WriteProtectionCmd                   0x08001d7b   Thumb Code    24  stm32f0xx_rtc.o(.text)
    RTC_RefClockCmd                          0x08001d93   Thumb Code    72  stm32f0xx_rtc.o(.text)
    RTC_BypassShadowCmd                      0x08001ddb   Thumb Code    48  stm32f0xx_rtc.o(.text)
    RTC_SetTime                              0x08001e41   Thumb Code   202  stm32f0xx_rtc.o(.text)
    RTC_TimeStructInit                       0x08001f0b   Thumb Code    12  stm32f0xx_rtc.o(.text)
    RTC_GetTime                              0x08001f17   Thumb Code    84  stm32f0xx_rtc.o(.text)
    RTC_GetSubSecond                         0x08001f6b   Thumb Code    10  stm32f0xx_rtc.o(.text)
    RTC_SetDate                              0x08001f75   Thumb Code   214  stm32f0xx_rtc.o(.text)
    RTC_DateStructInit                       0x0800204b   Thumb Code    14  stm32f0xx_rtc.o(.text)
    RTC_GetDate                              0x08002059   Thumb Code    88  stm32f0xx_rtc.o(.text)
    RTC_SetAlarm                             0x080020b1   Thumb Code   206  stm32f0xx_rtc.o(.text)
    RTC_AlarmStructInit                      0x0800217f   Thumb Code    22  stm32f0xx_rtc.o(.text)
    RTC_GetAlarm                             0x08002195   Thumb Code   112  stm32f0xx_rtc.o(.text)
    RTC_AlarmCmd                             0x08002205   Thumb Code    96  stm32f0xx_rtc.o(.text)
    RTC_AlarmSubSecondConfig                 0x08002265   Thumb Code    34  stm32f0xx_rtc.o(.text)
    RTC_GetAlarmSubSecond                    0x08002287   Thumb Code    16  stm32f0xx_rtc.o(.text)
    RTC_DayLightSavingConfig                 0x08002297   Thumb Code    44  stm32f0xx_rtc.o(.text)
    RTC_GetStoreOperation                    0x080022c3   Thumb Code    12  stm32f0xx_rtc.o(.text)
    RTC_OutputConfig                         0x080022cf   Thumb Code    44  stm32f0xx_rtc.o(.text)
    RTC_CalibOutputCmd                       0x080022fb   Thumb Code    52  stm32f0xx_rtc.o(.text)
    RTC_CalibOutputConfig                    0x0800232f   Thumb Code    38  stm32f0xx_rtc.o(.text)
    RTC_SmoothCalibConfig                    0x08002355   Thumb Code    86  stm32f0xx_rtc.o(.text)
    RTC_TimeStampCmd                         0x080023ab   Thumb Code    56  stm32f0xx_rtc.o(.text)
    RTC_GetTimeStamp                         0x080023e3   Thumb Code   174  stm32f0xx_rtc.o(.text)
    RTC_GetTimeStampSubSecond                0x08002491   Thumb Code     6  stm32f0xx_rtc.o(.text)
    RTC_TamperTriggerConfig                  0x08002497   Thumb Code    40  stm32f0xx_rtc.o(.text)
    RTC_TamperCmd                            0x080024bf   Thumb Code    36  stm32f0xx_rtc.o(.text)
    RTC_TamperFilterConfig                   0x080024e3   Thumb Code    28  stm32f0xx_rtc.o(.text)
    RTC_TamperSamplingFreqConfig             0x080024ff   Thumb Code    28  stm32f0xx_rtc.o(.text)
    RTC_TamperPinsPrechargeDuration          0x0800251b   Thumb Code    28  stm32f0xx_rtc.o(.text)
    RTC_TimeStampOnTamperDetectionCmd        0x08002537   Thumb Code    40  stm32f0xx_rtc.o(.text)
    RTC_TamperPullUpCmd                      0x0800255f   Thumb Code    44  stm32f0xx_rtc.o(.text)
    RTC_WriteBackupRegister                  0x0800258b   Thumb Code    14  stm32f0xx_rtc.o(.text)
    RTC_ReadBackupRegister                   0x08002599   Thumb Code    16  stm32f0xx_rtc.o(.text)
    RTC_OutputTypeConfig                     0x080025a9   Thumb Code    28  stm32f0xx_rtc.o(.text)
    RTC_SynchroShiftConfig                   0x080025c5   Thumb Code   110  stm32f0xx_rtc.o(.text)
    RTC_ITConfig                             0x08002633   Thumb Code    94  stm32f0xx_rtc.o(.text)
    RTC_GetFlagStatus                        0x08002691   Thumb Code    32  stm32f0xx_rtc.o(.text)
    RTC_ClearFlag                            0x080026b1   Thumb Code    26  stm32f0xx_rtc.o(.text)
    RTC_GetITStatus                          0x080026cb   Thumb Code    70  stm32f0xx_rtc.o(.text)
    RTC_ClearITPendingBit                    0x08002711   Thumb Code    30  stm32f0xx_rtc.o(.text)
    TIM_DeInit                               0x08002739   Thumb Code   204  stm32f0xx_tim.o(.text)
    TIM_TimeBaseInit                         0x08002805   Thumb Code    90  stm32f0xx_tim.o(.text)
    TIM_TimeBaseStructInit                   0x0800285f   Thumb Code    18  stm32f0xx_tim.o(.text)
    TIM_PrescalerConfig                      0x08002871   Thumb Code     6  stm32f0xx_tim.o(.text)
    TIM_CounterModeConfig                    0x08002877   Thumb Code    20  stm32f0xx_tim.o(.text)
    TIM_SetCounter                           0x0800288b   Thumb Code     4  stm32f0xx_tim.o(.text)
    TIM_SetAutoreload                        0x0800288f   Thumb Code     4  stm32f0xx_tim.o(.text)
    TIM_GetCounter                           0x08002893   Thumb Code     6  stm32f0xx_tim.o(.text)
    TIM_GetPrescaler                         0x08002899   Thumb Code     6  stm32f0xx_tim.o(.text)
    TIM_UpdateDisableConfig                  0x0800289f   Thumb Code    26  stm32f0xx_tim.o(.text)
    TIM_UpdateRequestConfig                  0x080028b9   Thumb Code    26  stm32f0xx_tim.o(.text)
    TIM_ARRPreloadConfig                     0x080028d3   Thumb Code    26  stm32f0xx_tim.o(.text)
    TIM_SelectOnePulseMode                   0x080028ed   Thumb Code    18  stm32f0xx_tim.o(.text)
    TIM_SetClockDivision                     0x080028ff   Thumb Code    16  stm32f0xx_tim.o(.text)
    TIM_Cmd                                  0x0800290f   Thumb Code    26  stm32f0xx_tim.o(.text)
    TIM_BDTRConfig                           0x08002929   Thumb Code    32  stm32f0xx_tim.o(.text)
    TIM_BDTRStructInit                       0x08002949   Thumb Code    18  stm32f0xx_tim.o(.text)
    TIM_CtrlPWMOutputs                       0x0800295b   Thumb Code    34  stm32f0xx_tim.o(.text)
    TIM_OC1Init                              0x0800297d   Thumb Code   122  stm32f0xx_tim.o(.text)
    TIM_OC2Init                              0x080029f7   Thumb Code   132  stm32f0xx_tim.o(.text)
    TIM_OC3Init                              0x08002a7b   Thumb Code   124  stm32f0xx_tim.o(.text)
    TIM_OC4Init                              0x08002af7   Thumb Code   150  stm32f0xx_tim.o(.text)
    TIM_OCStructInit                         0x08002b8d   Thumb Code    20  stm32f0xx_tim.o(.text)
    TIM_SelectOCxM                           0x08002ba1   Thumb Code    82  stm32f0xx_tim.o(.text)
    TIM_SetCompare1                          0x08002bf3   Thumb Code     4  stm32f0xx_tim.o(.text)
    TIM_SetCompare2                          0x08002bf7   Thumb Code     4  stm32f0xx_tim.o(.text)
    TIM_SetCompare3                          0x08002bfb   Thumb Code     4  stm32f0xx_tim.o(.text)
    TIM_SetCompare4                          0x08002bff   Thumb Code     4  stm32f0xx_tim.o(.text)
    TIM_ForcedOC1Config                      0x08002c03   Thumb Code    20  stm32f0xx_tim.o(.text)
    TIM_ForcedOC2Config                      0x08002c17   Thumb Code    20  stm32f0xx_tim.o(.text)
    TIM_ForcedOC3Config                      0x08002c2b   Thumb Code    20  stm32f0xx_tim.o(.text)
    TIM_ForcedOC4Config                      0x08002c3f   Thumb Code    20  stm32f0xx_tim.o(.text)
    TIM_CCPreloadControl                     0x08002c53   Thumb Code    26  stm32f0xx_tim.o(.text)
    TIM_OC1PreloadConfig                     0x08002c6d   Thumb Code    22  stm32f0xx_tim.o(.text)
    TIM_OC2PreloadConfig                     0x08002c83   Thumb Code    20  stm32f0xx_tim.o(.text)
    TIM_OC3PreloadConfig                     0x08002c97   Thumb Code    22  stm32f0xx_tim.o(.text)
    TIM_OC4PreloadConfig                     0x08002cad   Thumb Code    20  stm32f0xx_tim.o(.text)
    TIM_OC1FastConfig                        0x08002cc1   Thumb Code    22  stm32f0xx_tim.o(.text)
    TIM_OC2FastConfig                        0x08002cd7   Thumb Code    20  stm32f0xx_tim.o(.text)
    TIM_OC3FastConfig                        0x08002ceb   Thumb Code    22  stm32f0xx_tim.o(.text)
    TIM_OC4FastConfig                        0x08002d01   Thumb Code    20  stm32f0xx_tim.o(.text)
    TIM_ClearOC1Ref                          0x08002d15   Thumb Code    22  stm32f0xx_tim.o(.text)
    TIM_ClearOC2Ref                          0x08002d2b   Thumb Code    20  stm32f0xx_tim.o(.text)
    TIM_ClearOC3Ref                          0x08002d3f   Thumb Code    22  stm32f0xx_tim.o(.text)
    TIM_ClearOC4Ref                          0x08002d55   Thumb Code    20  stm32f0xx_tim.o(.text)
    TIM_OC1PolarityConfig                    0x08002d69   Thumb Code    22  stm32f0xx_tim.o(.text)
    TIM_OC1NPolarityConfig                   0x08002d7f   Thumb Code    22  stm32f0xx_tim.o(.text)
    TIM_OC2PolarityConfig                    0x08002d95   Thumb Code    22  stm32f0xx_tim.o(.text)
    TIM_OC2NPolarityConfig                   0x08002dab   Thumb Code    22  stm32f0xx_tim.o(.text)
    TIM_OC3PolarityConfig                    0x08002dc1   Thumb Code    20  stm32f0xx_tim.o(.text)
    TIM_OC3NPolarityConfig                   0x08002dd5   Thumb Code    20  stm32f0xx_tim.o(.text)
    TIM_OC4PolarityConfig                    0x08002de9   Thumb Code    20  stm32f0xx_tim.o(.text)
    TIM_SelectOCREFClear                     0x08002dfd   Thumb Code    18  stm32f0xx_tim.o(.text)
    TIM_CCxCmd                               0x08002e0f   Thumb Code    30  stm32f0xx_tim.o(.text)
    TIM_CCxNCmd                              0x08002e2d   Thumb Code    30  stm32f0xx_tim.o(.text)
    TIM_SelectCOM                            0x08002e4b   Thumb Code    26  stm32f0xx_tim.o(.text)
    TIM_SetIC4Prescaler                      0x08002e65   Thumb Code    20  stm32f0xx_tim.o(.text)
    TIM_SetIC3Prescaler                      0x08002ebb   Thumb Code    18  stm32f0xx_tim.o(.text)
    TIM_SetIC2Prescaler                      0x08002f0f   Thumb Code    20  stm32f0xx_tim.o(.text)
    TIM_SetIC1Prescaler                      0x08002f99   Thumb Code    16  stm32f0xx_tim.o(.text)
    TIM_ICInit                               0x08002fdf   Thumb Code   112  stm32f0xx_tim.o(.text)
    TIM_ICStructInit                         0x0800304f   Thumb Code    18  stm32f0xx_tim.o(.text)
    TIM_PWMIConfig                           0x08003061   Thumb Code   124  stm32f0xx_tim.o(.text)
    TIM_GetCapture1                          0x080030dd   Thumb Code     6  stm32f0xx_tim.o(.text)
    TIM_GetCapture2                          0x080030e3   Thumb Code     6  stm32f0xx_tim.o(.text)
    TIM_GetCapture3                          0x080030e9   Thumb Code     6  stm32f0xx_tim.o(.text)
    TIM_GetCapture4                          0x080030ef   Thumb Code     6  stm32f0xx_tim.o(.text)
    TIM_ITConfig                             0x080030f5   Thumb Code    20  stm32f0xx_tim.o(.text)
    TIM_GenerateEvent                        0x08003109   Thumb Code     4  stm32f0xx_tim.o(.text)
    TIM_GetFlagStatus                        0x0800310d   Thumb Code    18  stm32f0xx_tim.o(.text)
    TIM_ClearFlag                            0x0800311f   Thumb Code     6  stm32f0xx_tim.o(.text)
    TIM_GetITStatus                          0x08003125   Thumb Code    38  stm32f0xx_tim.o(.text)
    TIM_ClearITPendingBit                    0x0800314b   Thumb Code     6  stm32f0xx_tim.o(.text)
    TIM_DMAConfig                            0x08003151   Thumb Code    12  stm32f0xx_tim.o(.text)
    TIM_DMACmd                               0x0800315d   Thumb Code    20  stm32f0xx_tim.o(.text)
    TIM_SelectCCDMA                          0x08003171   Thumb Code    26  stm32f0xx_tim.o(.text)
    TIM_InternalClockConfig                  0x0800318b   Thumb Code    12  stm32f0xx_tim.o(.text)
    TIM_SelectInputTrigger                   0x08003197   Thumb Code    22  stm32f0xx_tim.o(.text)
    TIM_ITRxExternalClockConfig              0x080031ad   Thumb Code    24  stm32f0xx_tim.o(.text)
    TIM_TIxExternalClockConfig               0x080031c5   Thumb Code    58  stm32f0xx_tim.o(.text)
    TIM_ETRConfig                            0x080031ff   Thumb Code    24  stm32f0xx_tim.o(.text)
    TIM_ETRClockMode1Config                  0x08003217   Thumb Code    48  stm32f0xx_tim.o(.text)
    TIM_ETRClockMode2Config                  0x08003247   Thumb Code    34  stm32f0xx_tim.o(.text)
    TIM_SelectOutputTrigger                  0x08003269   Thumb Code    18  stm32f0xx_tim.o(.text)
    TIM_SelectSlaveMode                      0x0800327b   Thumb Code    18  stm32f0xx_tim.o(.text)
    TIM_SelectMasterSlaveMode                0x0800328d   Thumb Code    18  stm32f0xx_tim.o(.text)
    TIM_EncoderInterfaceConfig               0x0800329f   Thumb Code    60  stm32f0xx_tim.o(.text)
    TIM_SelectHallSensor                     0x080032db   Thumb Code    26  stm32f0xx_tim.o(.text)
    TIM_RemapConfig                          0x080032f5   Thumb Code     6  stm32f0xx_tim.o(.text)
    USART_DeInit                             0x08003305   Thumb Code    56  stm32f0xx_usart.o(.text)
    USART_Init                               0x0800333d   Thumb Code   230  stm32f0xx_usart.o(.text)
    USART_StructInit                         0x08003423   Thumb Code    24  stm32f0xx_usart.o(.text)
    USART_ClockInit                          0x0800343b   Thumb Code    36  stm32f0xx_usart.o(.text)
    USART_ClockStructInit                    0x0800345f   Thumb Code    12  stm32f0xx_usart.o(.text)
    USART_Cmd                                0x0800346b   Thumb Code    24  stm32f0xx_usart.o(.text)
    USART_DirectionModeCmd                   0x08003483   Thumb Code    20  stm32f0xx_usart.o(.text)
    USART_OverSampling8Cmd                   0x08003497   Thumb Code    28  stm32f0xx_usart.o(.text)
    USART_OneBitMethodCmd                    0x080034b3   Thumb Code    28  stm32f0xx_usart.o(.text)
    USART_MSBFirstCmd                        0x080034cf   Thumb Code    28  stm32f0xx_usart.o(.text)
    USART_DataInvCmd                         0x080034eb   Thumb Code    28  stm32f0xx_usart.o(.text)
    USART_InvPinCmd                          0x08003507   Thumb Code    20  stm32f0xx_usart.o(.text)
    USART_SWAPPinCmd                         0x0800351b   Thumb Code    28  stm32f0xx_usart.o(.text)
    USART_ReceiverTimeOutCmd                 0x08003537   Thumb Code    28  stm32f0xx_usart.o(.text)
    USART_SetReceiverTimeOut                 0x08003553   Thumb Code    16  stm32f0xx_usart.o(.text)
    USART_SetPrescaler                       0x08003563   Thumb Code    18  stm32f0xx_usart.o(.text)
    USART_STOPModeCmd                        0x08003575   Thumb Code    24  stm32f0xx_usart.o(.text)
    USART_StopModeWakeUpSourceConfig         0x0800358d   Thumb Code    18  stm32f0xx_usart.o(.text)
    USART_AutoBaudRateCmd                    0x0800359f   Thumb Code    28  stm32f0xx_usart.o(.text)
    USART_AutoBaudRateConfig                 0x080035bb   Thumb Code    18  stm32f0xx_usart.o(.text)
    USART_AutoBaudRateNewRequest             0x080035cd   Thumb Code    12  stm32f0xx_usart.o(.text)
    USART_SendData                           0x080035d9   Thumb Code     8  stm32f0xx_usart.o(.text)
    USART_ReceiveData                        0x080035e1   Thumb Code    10  stm32f0xx_usart.o(.text)
    USART_SetAddress                         0x080035eb   Thumb Code    18  stm32f0xx_usart.o(.text)
    USART_MuteModeCmd                        0x080035fd   Thumb Code    28  stm32f0xx_usart.o(.text)
    USART_MuteModeWakeUpConfig               0x08003619   Thumb Code    18  stm32f0xx_usart.o(.text)
    USART_AddressDetectionConfig             0x0800362b   Thumb Code    16  stm32f0xx_usart.o(.text)
    USART_LINBreakDetectLengthConfig         0x0800363b   Thumb Code    16  stm32f0xx_usart.o(.text)
    USART_LINCmd                             0x0800364b   Thumb Code    28  stm32f0xx_usart.o(.text)
    USART_HalfDuplexCmd                      0x08003667   Thumb Code    24  stm32f0xx_usart.o(.text)
    USART_SetGuardTime                       0x0800367f   Thumb Code    16  stm32f0xx_usart.o(.text)
    USART_SmartCardCmd                       0x0800368f   Thumb Code    24  stm32f0xx_usart.o(.text)
    USART_SmartCardNACKCmd                   0x080036a7   Thumb Code    24  stm32f0xx_usart.o(.text)
    USART_SetAutoRetryCount                  0x080036bf   Thumb Code    20  stm32f0xx_usart.o(.text)
    USART_SetBlockLength                     0x080036d3   Thumb Code    30  stm32f0xx_usart.o(.text)
    USART_IrDAConfig                         0x080036f1   Thumb Code    16  stm32f0xx_usart.o(.text)
    USART_IrDACmd                            0x08003701   Thumb Code    24  stm32f0xx_usart.o(.text)
    USART_DECmd                              0x08003719   Thumb Code    28  stm32f0xx_usart.o(.text)
    USART_DEPolarityConfig                   0x08003735   Thumb Code    18  stm32f0xx_usart.o(.text)
    USART_SetDEAssertionTime                 0x08003747   Thumb Code    20  stm32f0xx_usart.o(.text)
    USART_SetDEDeassertionTime               0x0800375b   Thumb Code    20  stm32f0xx_usart.o(.text)
    USART_DMACmd                             0x0800376f   Thumb Code    20  stm32f0xx_usart.o(.text)
    USART_DMAReceptionErrorConfig            0x08003783   Thumb Code    18  stm32f0xx_usart.o(.text)
    USART_ITConfig                           0x08003795   Thumb Code    66  stm32f0xx_usart.o(.text)
    USART_RequestCmd                         0x080037d7   Thumb Code    20  stm32f0xx_usart.o(.text)
    USART_OverrunDetectionConfig             0x080037eb   Thumb Code    18  stm32f0xx_usart.o(.text)
    USART_GetFlagStatus                      0x080037fd   Thumb Code    18  stm32f0xx_usart.o(.text)
    USART_ClearFlag                          0x0800380f   Thumb Code     4  stm32f0xx_usart.o(.text)
    USART_GetITStatus                        0x08003813   Thumb Code    78  stm32f0xx_usart.o(.text)
    USART_ClearITPendingBit                  0x08003861   Thumb Code    18  stm32f0xx_usart.o(.text)
    SystemInit                               0x080038ed   Thumb Code   110  system_stm32f0xx.o(.text)
    SystemCoreClockUpdate                    0x0800395b   Thumb Code   154  system_stm32f0xx.o(.text)
    Reset_Handler                            0x08003a15   Thumb Code     8  startup_stm32f0xx.o(.text)
    NMI_Handler                              0x08003a1d   Thumb Code     2  startup_stm32f0xx.o(.text)
    HardFault_Handler                        0x08003a1f   Thumb Code     2  startup_stm32f0xx.o(.text)
    ADC1_COMP_IRQHandler                     0x08003a27   Thumb Code     0  startup_stm32f0xx.o(.text)
    CEC_IRQHandler                           0x08003a27   Thumb Code     0  startup_stm32f0xx.o(.text)
    DMA1_Channel1_IRQHandler                 0x08003a27   Thumb Code     0  startup_stm32f0xx.o(.text)
    DMA1_Channel2_3_IRQHandler               0x08003a27   Thumb Code     0  startup_stm32f0xx.o(.text)
    DMA1_Channel4_5_IRQHandler               0x08003a27   Thumb Code     0  startup_stm32f0xx.o(.text)
    EXTI0_1_IRQHandler                       0x08003a27   Thumb Code     0  startup_stm32f0xx.o(.text)
    EXTI2_3_IRQHandler                       0x08003a27   Thumb Code     0  startup_stm32f0xx.o(.text)
    EXTI4_15_IRQHandler                      0x08003a27   Thumb Code     0  startup_stm32f0xx.o(.text)
    FLASH_IRQHandler                         0x08003a27   Thumb Code     0  startup_stm32f0xx.o(.text)
    I2C1_IRQHandler                          0x08003a27   Thumb Code     0  startup_stm32f0xx.o(.text)
    I2C2_IRQHandler                          0x08003a27   Thumb Code     0  startup_stm32f0xx.o(.text)
    PVD_IRQHandler                           0x08003a27   Thumb Code     0  startup_stm32f0xx.o(.text)
    RCC_IRQHandler                           0x08003a27   Thumb Code     0  startup_stm32f0xx.o(.text)
    RTC_IRQHandler                           0x08003a27   Thumb Code     0  startup_stm32f0xx.o(.text)
    SPI1_IRQHandler                          0x08003a27   Thumb Code     0  startup_stm32f0xx.o(.text)
    SPI2_IRQHandler                          0x08003a27   Thumb Code     0  startup_stm32f0xx.o(.text)
    TIM14_IRQHandler                         0x08003a27   Thumb Code     0  startup_stm32f0xx.o(.text)
    TIM15_IRQHandler                         0x08003a27   Thumb Code     0  startup_stm32f0xx.o(.text)
    TIM16_IRQHandler                         0x08003a27   Thumb Code     0  startup_stm32f0xx.o(.text)
    TIM17_IRQHandler                         0x08003a27   Thumb Code     0  startup_stm32f0xx.o(.text)
    TIM1_BRK_UP_TRG_COM_IRQHandler           0x08003a27   Thumb Code     0  startup_stm32f0xx.o(.text)
    TIM1_CC_IRQHandler                       0x08003a27   Thumb Code     0  startup_stm32f0xx.o(.text)
    TIM2_IRQHandler                          0x08003a27   Thumb Code     0  startup_stm32f0xx.o(.text)
    TIM3_IRQHandler                          0x08003a27   Thumb Code     0  startup_stm32f0xx.o(.text)
    TIM6_DAC_IRQHandler                      0x08003a27   Thumb Code     0  startup_stm32f0xx.o(.text)
    TS_IRQHandler                            0x08003a27   Thumb Code     0  startup_stm32f0xx.o(.text)
    USART1_IRQHandler                        0x08003a27   Thumb Code     0  startup_stm32f0xx.o(.text)
    WWDG_IRQHandler                          0x08003a27   Thumb Code     0  startup_stm32f0xx.o(.text)
    __user_initial_stackheap                 0x08003a29   Thumb Code     0  startup_stm32f0xx.o(.text)
    os_idle_demon                            0x08003a4d   Thumb Code     4  rtx_conf_cm.o(.text)
    os_tmr_call                              0x08003a51   Thumb Code     2  rtx_conf_cm.o(.text)
    os_error                                 0x08003a53   Thumb Code     4  rtx_conf_cm.o(.text)
    __user_perthread_libspace                0x08003a57   Thumb Code    26  rtx_conf_cm.o(.text)
    _mutex_initialize                        0x08003a71   Thumb Code    36  rtx_conf_cm.o(.text)
    _mutex_acquire                           0x08003a95   Thumb Code    24  rtx_conf_cm.o(.text)
    _mutex_release                           0x08003aad   Thumb Code    22  rtx_conf_cm.o(.text)
    __user_libspace                          0x08003ae1   Thumb Code     8  libspace.o(.text)
    __user_perproc_libspace                  0x08003ae1   Thumb Code     0  libspace.o(.text)
    __I$use$semihosting                      0x08003ae9   Thumb Code     0  use_no_semi.o(.text)
    __use_no_semihosting_swi                 0x08003ae9   Thumb Code     2  use_no_semi.o(.text)
    __2printf                                0x08003aed   Thumb Code    22  noretval__2printf.o(.text)
    _printf_str                              0x08003b09   Thumb Code    82  _printf_str.o(.text)
    _printf_int_dec                          0x08003b5d   Thumb Code    90  _printf_dec.o(.text)
    __printf                                 0x08003bc9   Thumb Code   272  __printf_wp.o(.text)
    mktime                                   0x08003d15   Thumb Code   350  mktime.o(.text)
    __aeabi_uidiv                            0x08003e81   Thumb Code     0  aeabi_sdiv.o(.text)
    __aeabi_uidivmod                         0x08003e81   Thumb Code    20  aeabi_sdiv.o(.text)
    __aeabi_idiv                             0x08003e95   Thumb Code     0  aeabi_sdiv.o(.text)
    __aeabi_idivmod                          0x08003e95   Thumb Code   326  aeabi_sdiv.o(.text)
    __use_two_region_memory                  0x08003fdb   Thumb Code     2  heapauxi.o(.text)
    __rt_heap_escrow$2region                 0x08003fdd   Thumb Code     2  heapauxi.o(.text)
    __rt_heap_expand$2region                 0x08003fdf   Thumb Code     2  heapauxi.o(.text)
    __aeabi_d2f                              0x08003fe1   Thumb Code     0  d2f.o(.text)
    _d2f                                     0x08003fe1   Thumb Code   120  d2f.o(.text)
    __aeabi_dadd                             0x0800434f   Thumb Code     0  daddsub.o(.text)
    _dadd                                    0x0800434f   Thumb Code    22  daddsub.o(.text)
    __aeabi_dsub                             0x08004365   Thumb Code     0  daddsub.o(.text)
    _dsub                                    0x08004365   Thumb Code    22  daddsub.o(.text)
    __aeabi_drsub                            0x0800437b   Thumb Code     0  daddsub.o(.text)
    _drsb                                    0x0800437b   Thumb Code    24  daddsub.o(.text)
    __aeabi_ddiv                             0x080043a9   Thumb Code     0  ddiv.o(.text)
    _ddiv                                    0x080043a9   Thumb Code  1080  ddiv.o(.text)
    _drdiv                                   0x080047e1   Thumb Code    20  ddiv.o(.text)
    __aeabi_d2uiz                            0x080047f9   Thumb Code     0  dfixui.o(.text)
    _dfixu                                   0x080047f9   Thumb Code    62  dfixui.o(.text)
    __aeabi_i2d_normalise                    0x08004841   Thumb Code    66  dflti.o(.text)
    __aeabi_i2d                              0x08004883   Thumb Code    16  dflti.o(.text)
    _dflt                                    0x08004883   Thumb Code     0  dflti.o(.text)
    __aeabi_ui2d                             0x08004893   Thumb Code     6  dflti.o(.text)
    _dfltu                                   0x08004893   Thumb Code     0  dflti.o(.text)
    __aeabi_dmul                             0x08004899   Thumb Code     0  dmul.o(.text)
    _dmul                                    0x08004899   Thumb Code   580  dmul.o(.text)
    __aeabi_f2d                              0x08004af1   Thumb Code     0  f2d.o(.text)
    _f2d                                     0x08004af1   Thumb Code    74  f2d.o(.text)
    __aeabi_fdiv                             0x08004b41   Thumb Code     0  fdiv.o(.text)
    _fdiv                                    0x08004b41   Thumb Code   336  fdiv.o(.text)
    _frdiv                                   0x08004c91   Thumb Code     8  fdiv.o(.text)
    __aeabi_i2f_normalise                    0x08004ca1   Thumb Code    72  fflti.o(.text)
    __aeabi_i2f                              0x08004ce9   Thumb Code    16  fflti.o(.text)
    _fflt                                    0x08004ce9   Thumb Code     0  fflti.o(.text)
    __aeabi_ui2f                             0x08004cf9   Thumb Code     6  fflti.o(.text)
    _ffltu                                   0x08004cf9   Thumb Code     0  fflti.o(.text)
    _printf_int_common                       0x08004cff   Thumb Code   176  _printf_intcommon.o(.text)
    __lib_sel_fp_printf                      0x08004db1   Thumb Code     2  _printf_fp_dec.o(.text)
    _printf_fp_dec_real                      0x08004f4f   Thumb Code   618  _printf_fp_dec.o(.text)
    _printf_cs_common                        0x080051c5   Thumb Code    22  _printf_char.o(.text)
    _printf_char                             0x080051db   Thumb Code    16  _printf_char.o(.text)
    _printf_string                           0x080051eb   Thumb Code     8  _printf_char.o(.text)
    _printf_char_file                        0x080051f5   Thumb Code    34  _printf_char_file.o(.text)
    __rt_udiv10                              0x0800521d   Thumb Code    40  rtudiv10.o(.text)
    __fpl_fcmp_InfNaN                        0x08005245   Thumb Code    96  fcmpin.o(.text)
    __rt_locale                              0x080052a9   Thumb Code    10  rt_locale_twolibspace.o(.text)
    _ll_udiv10                               0x080052b3   Thumb Code   122  lludiv10.o(.text)
    _printf_char_common                      0x08005337   Thumb Code    32  _printf_char_common.o(.text)
    _printf_fp_infnan                        0x0800535d   Thumb Code   120  _printf_fp_infnan.o(.text)
    _btod_etento                             0x080053e5   Thumb Code   200  bigflt0.o(.text)
    _btod_d2e                                0x080054b1   Thumb Code    64  btod.o(.text)
    _btod_emul                               0x080058a7   Thumb Code    24  btod.o(.text)
    _btod_emuld                              0x080058bf   Thumb Code    60  btod.o(.text)
    _btod_ediv                               0x080058fb   Thumb Code    22  btod.o(.text)
    _btod_edivd                              0x08005911   Thumb Code    60  btod.o(.text)
    __fpl_cmpreturn                          0x08005959   Thumb Code    42  cmpret.o(.text)
    __fpl_fcheck_NaN2                        0x08005989   Thumb Code    10  fnan2.o(.text)
    __user_setup_stackheap                   0x08005999   Thumb Code    62  sys_stackheap_outer.o(.text)
    exit                                     0x080059d7   Thumb Code    12  exit.o(.text)
    strcmp                                   0x080059e5   Thumb Code   132  strcmp.o(.text)
    __fpl_return_NaN                         0x08005a6d   Thumb Code    94  retnan.o(.text)
    SVC_Count                                0x08005acc   Data           4  SVC_Table.o(SVC_TABLE)
    SVC_Table                                0x08005ad0   Data           0  SVC_Table.o(SVC_TABLE)
    __ARM_common_ll_muluu                    0x08005ad1   Thumb Code    48  btod.o(i.__ARM_common_ll_muluu)
    __ARM_fpclassify                         0x08005b01   Thumb Code    38  fpclassify.o(i.__ARM_fpclassify)
    _init_box                                0x08005b2d   Thumb Code    72  rt_membox.o(i._init_box)
    _is_digit                                0x08005b75   Thumb Code    14  __printf_wp.o(i._is_digit)
    os_tick_init                             0x08005b85   Thumb Code    32  rt_system.o(i.os_tick_init)
    os_tick_irqack                           0x08005bb1   Thumb Code     2  rt_system.o(i.os_tick_irqack)
    rt_alloc_box                             0x08005bb3   Thumb Code    30  rt_membox.o(i.rt_alloc_box)
    rt_block                                 0x08005bd1   Thumb Code    42  rt_task.o(i.rt_block)
    rt_chk_robin                             0x08005c09   Thumb Code    56  rt_robin.o(i.rt_chk_robin)
    rt_dec_dly                               0x08005c4d   Thumb Code   112  rt_list.o(i.rt_dec_dly)
    rt_dispatch                              0x08005cc5   Thumb Code    56  rt_task.o(i.rt_dispatch)
    rt_dly_wait                              0x08005d05   Thumb Code    10  rt_time.o(i.rt_dly_wait)
    rt_evt_psh                               0x08005d11   Thumb Code    70  rt_event.o(i.rt_evt_psh)
    rt_free_box                              0x08005d5d   Thumb Code    38  rt_membox.o(i.rt_free_box)
    rt_get_first                             0x08005d83   Thumb Code    42  rt_list.o(i.rt_get_first)
    rt_init_robin                            0x08005df1   Thumb Code    14  rt_robin.o(i.rt_init_robin)
    rt_init_stack                            0x08005e09   Thumb Code    68  hal_cm1.o(i.rt_init_stack)
    rt_mbx_psh                               0x08005e55   Thumb Code   168  rt_mailbox.o(i.rt_mbx_psh)
    rt_mut_init                              0x08005f01   Thumb Code    16  rt_mutex.o(i.rt_mut_init)
    rt_mut_release                           0x08005f11   Thumb Code   158  rt_mutex.o(i.rt_mut_release)
    rt_mut_wait                              0x08005fb9   Thumb Code   102  rt_mutex.o(i.rt_mut_wait)
    rt_pop_req                               0x08006025   Thumb Code    98  rt_system.o(i.rt_pop_req)
    rt_put_dly                               0x08006095   Thumb Code    74  rt_list.o(i.rt_put_dly)
    rt_put_prio                              0x080060e5   Thumb Code    60  rt_list.o(i.rt_put_prio)
    rt_put_rdy_first                         0x08006121   Thumb Code    14  rt_list.o(i.rt_put_rdy_first)
    rt_resort_prio                           0x08006135   Thumb Code    44  rt_list.o(i.rt_resort_prio)
    rt_rmv_dly                               0x08006165   Thumb Code    42  rt_list.o(i.rt_rmv_dly)
    rt_rmv_list                              0x08006191   Thumb Code    46  rt_list.o(i.rt_rmv_list)
    rt_sem_psh                               0x080061c5   Thumb Code    46  rt_semaphore.o(i.rt_sem_psh)
    rt_stk_check                             0x080061f9   Thumb Code    30  rt_system.o(i.rt_stk_check)
    rt_switch_req                            0x08006221   Thumb Code    10  rt_task.o(i.rt_switch_req)
    rt_sys_init                              0x08006231   Thumb Code   230  rt_task.o(i.rt_sys_init)
    rt_systick                               0x08006369   Thumb Code    46  rt_system.o(i.rt_systick)
    rt_tmr_tick                              0x080063a5   Thumb Code    56  rt_timer.o(i.rt_tmr_tick)
    rt_tsk_create                            0x080063e5   Thumb Code   108  rt_task.o(i.rt_tsk_create)
    rt_tsk_delete                            0x08006461   Thumb Code   134  rt_task.o(i.rt_tsk_delete)
    rt_tsk_self                              0x080064fd   Thumb Code    12  rt_task.o(i.rt_tsk_self)
    _get_lc_numeric                          0x0800650d   Thumb Code    44  lc_numeric_c.o(locale$$code)
    __aeabi_fadd                             0x08006539   Thumb Code     0  faddsub.o(x$fpl$fadd)
    _fadd                                    0x08006539   Thumb Code   134  faddsub.o(x$fpl$fadd)
    __aeabi_cfcmpeq                          0x080065c5   Thumb Code     0  feqf.o(x$fpl$feqf)
    _fcmpeq                                  0x080065c5   Thumb Code    78  feqf.o(x$fpl$feqf)
    __aeabi_cfcmple                          0x08006619   Thumb Code     0  flef.o(x$fpl$fleqf)
    _fcmple                                  0x08006619   Thumb Code    78  flef.o(x$fpl$fleqf)
    __aeabi_fmul                             0x0800666d   Thumb Code     0  fmul.o(x$fpl$fmul)
    _fmul                                    0x0800666d   Thumb Code   172  fmul.o(x$fpl$fmul)
    __aeabi_cfrcmple                         0x0800671d   Thumb Code     0  frlef.o(x$fpl$frleqf)
    _frcmple                                 0x0800671d   Thumb Code    84  frlef.o(x$fpl$frleqf)
    __aeabi_fsub                             0x08006775   Thumb Code     0  faddsub.o(x$fpl$fsub)
    _fsub                                    0x08006775   Thumb Code   204  faddsub.o(x$fpl$fsub)
    _printf_fp_dec                           0x08006845   Thumb Code    16  printf1.o(x$fpl$printf1)
    __I$use$fp                               0x08006854   Number         0  usenofp.o(x$fpl$usenofp)
    os_maxtaskrun                            0x08006854   Data           2  rtx_conf_cm.o(.constdata)
    os_stackinfo                             0x08006858   Data           4  rtx_conf_cm.o(.constdata)
    os_rrobin                                0x0800685c   Data           4  rtx_conf_cm.o(.constdata)
    os_trv                                   0x08006860   Data           4  rtx_conf_cm.o(.constdata)
    os_flags                                 0x08006864   Data           1  rtx_conf_cm.o(.constdata)
    os_clockrate                             0x08006868   Data           4  rtx_conf_cm.o(.constdata)
    os_timernum                              0x0800686c   Data           4  rtx_conf_cm.o(.constdata)
    mp_tcb_size                              0x08006870   Data           2  rtx_conf_cm.o(.constdata)
    mp_stk_size                              0x08006874   Data           4  rtx_conf_cm.o(.constdata)
    os_fifo_size                             0x08006878   Data           1  rtx_conf_cm.o(.constdata)
    mp_tmr_size                              0x0800687a   Data           2  rtx_conf_cm.o(.constdata)
    _monlen                                  0x0800693c   Data          12  _monlen.o(.constdata)
    Region$$Table$$Base                      0x080069dc   Number         0  anon$$obj.o(Region$$Table)
    Region$$Table$$Limit                     0x080069fc   Number         0  anon$$obj.o(Region$$Table)
    charge_control_t                         0x20000000   Data           4  main.o(.data)
    pwm_out_t                                0x20000004   Data           4  main.o(.data)
    adc_test_t                               0x20000008   Data           4  main.o(.data)
    perturb_and_observe_t                    0x2000000c   Data           4  main.o(.data)
    lcd_t                                    0x20000010   Data           4  main.o(.data)
    interrupted_charging_t                   0x20000014   Data           4  main.o(.data)
    __stdout                                 0x20000018   Data           4  retarget.o(.data)
    __stdin                                  0x2000001c   Data           4  retarget.o(.data)
    RegularConvData_Tab                      0x20000020   Data           8  adc.o(.data)
    TimerPeriod                              0x20000034   Data           2  pwm.o(.data)
    Serial                                   0x20000038   Data          36  serial.o(.data)
    SystemCoreClock                          0x20000080   Data           4  system_stm32f0xx.o(.data)
    AHBPrescTable                            0x20000084   Data          16  system_stm32f0xx.o(.data)
    m_tmr                                    0x20000094   Data           4  rtx_conf_cm.o(.data)
    os_tsk                                   0x2000009c   Data           8  rt_task.o(.data)
    os_time                                  0x200000a4   Data           4  rt_time.o(.data)
    os_tick_irqn                             0x200000ac   Data           4  rt_system.o(.data)
    os_robin                                 0x200000b0   Data           8  rt_robin.o(.data)
    os_tmr                                   0x200000b8   Data           8  rt_timer.o(.data)
    TIM_TimeBaseStructure_PWM                0x200000c0   Data          12  pwm.o(.bss)
    TIM_OCInitStructure_PWM                  0x200000cc   Data          20  pwm.o(.bss)
    mp_tcb                                   0x200001e0   Data         156  rtx_conf_cm.o(.bss)
    mp_stk                                   0x20000280   Data        1040  rtx_conf_cm.o(.bss)
    os_fifo                                  0x20000690   Data         132  rtx_conf_cm.o(.bss)
    os_active_TCB                            0x20000714   Data          12  rtx_conf_cm.o(.bss)
    os_idle_TCB                              0x200008a0   Data          48  rt_task.o(.bss)
    os_rdy                                   0x200008d0   Data          24  rt_list.o(.bss)
    os_dly                                   0x200008e8   Data          24  rt_list.o(.bss)
    __libspace_start                         0x20000900   Data          96  libspace.o(.bss)
    __temporary_stack_top$libspace           0x20000960   Data           0  libspace.o(.bss)



==============================================================================

Memory Map of the image

  Image Entry point : 0x080000c1

  Load Region LR_IROM1 (Base: 0x08000000, Size: 0x00006ad8, Max: 0x00008000, ABSOLUTE)

    Execution Region ER_IROM1 (Base: 0x08000000, Size: 0x00006a18, Max: 0x00008000, ABSOLUTE)

    Base Addr    Size         Type   Attr      Idx    E Section Name        Object

    0x08000000   0x000000c0   Data   RO          783    RESET               startup_stm32f0xx.o
    0x080000c0   0x00000008   Code   RO         1413  * !!!main             c_p.l(__main.o)
    0x080000c8   0x0000003c   Code   RO         1661    !!!scatter          c_p.l(__scatter.o)
    0x08000104   0x0000001a   Code   RO         1663    !!handler_copy      c_p.l(__scatter_copy.o)
    0x0800011e   0x00000002   PAD
    0x08000120   0x0000001c   Code   RO         1665    !!handler_zi        c_p.l(__scatter_zi.o)
    0x0800013c   0x00000002   Code   RO         1400    .ARM.Collect$$_printf_percent$$00000000  c_p.l(_printf_percent.o)
    0x0800013e   0x0000000a   Code   RO         1399    .ARM.Collect$$_printf_percent$$00000003  c_p.l(_printf_f.o)
    0x08000148   0x0000000a   Code   RO         1397    .ARM.Collect$$_printf_percent$$00000008  c_p.l(_printf_i.o)
    0x08000152   0x0000000a   Code   RO         1398    .ARM.Collect$$_printf_percent$$00000009  c_p.l(_printf_d.o)
    0x0800015c   0x0000000a   Code   RO         1396    .ARM.Collect$$_printf_percent$$00000014  c_p.l(_printf_s.o)
    0x08000166   0x00000004   Code   RO         1464    .ARM.Collect$$_printf_percent$$00000017  c_p.l(_printf_percent_end.o)
    0x0800016a   0x00000002   Code   RO         1540    .ARM.Collect$$libinit$$00000000  c_p.l(libinit.o)
    0x0800016c   0x00000004   Code   RO         1541    .ARM.Collect$$libinit$$00000001  c_p.l(libinit2.o)
    0x08000170   0x00000000   Code   RO         1545    .ARM.Collect$$libinit$$00000008  c_p.l(libinit2.o)
    0x08000170   0x00000000   Code   RO         1547    .ARM.Collect$$libinit$$0000000A  c_p.l(libinit2.o)
    0x08000170   0x00000000   Code   RO         1549    .ARM.Collect$$libinit$$0000000C  c_p.l(libinit2.o)
    0x08000170   0x00000006   Code   RO         1550    .ARM.Collect$$libinit$$0000000D  c_p.l(libinit2.o)
    0x08000176   0x00000000   Code   RO         1552    .ARM.Collect$$libinit$$0000000F  c_p.l(libinit2.o)
    0x08000176   0x00000000   Code   RO         1554    .ARM.Collect$$libinit$$00000011  c_p.l(libinit2.o)
    0x08000176   0x00000000   Code   RO         1556    .ARM.Collect$$libinit$$00000013  c_p.l(libinit2.o)
    0x08000176   0x0000000a   Code   RO         1557    .ARM.Collect$$libinit$$00000014  c_p.l(libinit2.o)
    0x08000180   0x00000000   Code   RO         1558    .ARM.Collect$$libinit$$00000015  c_p.l(libinit2.o)
    0x08000180   0x00000000   Code   RO         1560    .ARM.Collect$$libinit$$00000017  c_p.l(libinit2.o)
    0x08000180   0x00000000   Code   RO         1562    .ARM.Collect$$libinit$$00000019  c_p.l(libinit2.o)
    0x08000180   0x00000000   Code   RO         1564    .ARM.Collect$$libinit$$0000001B  c_p.l(libinit2.o)
    0x08000180   0x00000000   Code   RO         1566    .ARM.Collect$$libinit$$0000001D  c_p.l(libinit2.o)
    0x08000180   0x00000000   Code   RO         1568    .ARM.Collect$$libinit$$0000001F  c_p.l(libinit2.o)
    0x08000180   0x00000000   Code   RO         1570    .ARM.Collect$$libinit$$00000021  c_p.l(libinit2.o)
    0x08000180   0x00000000   Code   RO         1572    .ARM.Collect$$libinit$$00000023  c_p.l(libinit2.o)
    0x08000180   0x00000000   Code   RO         1576    .ARM.Collect$$libinit$$0000002A  c_p.l(libinit2.o)
    0x08000180   0x00000000   Code   RO         1578    .ARM.Collect$$libinit$$0000002C  c_p.l(libinit2.o)
    0x08000180   0x00000000   Code   RO         1580    .ARM.Collect$$libinit$$0000002E  c_p.l(libinit2.o)
    0x08000180   0x00000000   Code   RO         1582    .ARM.Collect$$libinit$$00000030  c_p.l(libinit2.o)
    0x08000180   0x00000002   Code   RO         1583    .ARM.Collect$$libinit$$00000031  c_p.l(libinit2.o)
    0x08000182   0x00000002   Code   RO         1626    .ARM.Collect$$libshutdown$$00000000  c_p.l(libshutdown.o)
    0x08000184   0x00000000   Code   RO         1646    .ARM.Collect$$libshutdown$$00000003  c_p.l(libshutdown2.o)
    0x08000184   0x00000000   Code   RO         1649    .ARM.Collect$$libshutdown$$00000006  c_p.l(libshutdown2.o)
    0x08000184   0x00000000   Code   RO         1652    .ARM.Collect$$libshutdown$$00000009  c_p.l(libshutdown2.o)
    0x08000184   0x00000000   Code   RO         1654    .ARM.Collect$$libshutdown$$0000000B  c_p.l(libshutdown2.o)
    0x08000184   0x00000000   Code   RO         1657    .ARM.Collect$$libshutdown$$0000000E  c_p.l(libshutdown2.o)
    0x08000184   0x00000002   Code   RO         1658    .ARM.Collect$$libshutdown$$0000000F  c_p.l(libshutdown2.o)
    0x08000186   0x00000000   Code   RO         1451    .ARM.Collect$$rtentry$$00000000  c_p.l(rtentry.o)
    0x08000186   0x00000000   Code   RO         1472    .ARM.Collect$$rtentry$$00000002  c_p.l(rtentry2.o)
    0x08000186   0x00000006   Code   RO         1484    .ARM.Collect$$rtentry$$00000004  c_p.l(rtentry4.o)
    0x0800018c   0x00000000   Code   RO         1474    .ARM.Collect$$rtentry$$00000009  c_p.l(rtentry2.o)
    0x0800018c   0x00000004   Code   RO         1475    .ARM.Collect$$rtentry$$0000000A  c_p.l(rtentry2.o)
    0x08000190   0x00000000   Code   RO         1477    .ARM.Collect$$rtentry$$0000000C  c_p.l(rtentry2.o)
    0x08000190   0x00000008   Code   RO         1478    .ARM.Collect$$rtentry$$0000000D  c_p.l(rtentry2.o)
    0x08000198   0x00000002   Code   RO         1587    .ARM.Collect$$rtexit$$00000000  c_p.l(rtexit.o)
    0x0800019a   0x00000000   Code   RO         1600    .ARM.Collect$$rtexit$$00000002  c_p.l(rtexit2.o)
    0x0800019a   0x00000004   Code   RO         1601    .ARM.Collect$$rtexit$$00000003  c_p.l(rtexit2.o)
    0x0800019e   0x00000006   Code   RO         1602    .ARM.Collect$$rtexit$$00000004  c_p.l(rtexit2.o)
    0x080001a4   0x00000188   Code   RO          969    .emb_text           RTX_CM1.LIB(hal_cm1.o)
    0x0800032c   0x00000038   Code   RO         1401    .emb_text           c_p.l(rt_memcpy.o)
    0x08000364   0x000001f8   Code   RO            3    .text               main.o
    0x0800055c   0x0000002e   Code   RO          143    .text               retarget.o
    0x0800058a   0x00000002   PAD
    0x0800058c   0x000002e0   Code   RO          177    .text               adc.o
    0x0800086c   0x00000184   Code   RO          207    .text               perturb_and_observe.o
    0x080009f0   0x000001f0   Code   RO          228    .text               pwm.o
    0x08000be0   0x00000224   Code   RO          252    .text               serial.o
    0x08000e04   0x000002e0   Code   RO          335    .text               stm32f0xx_adc.o
    0x080010e4   0x0000016c   Code   RO          455    .text               stm32f0xx_dma.o
    0x08001250   0x000001e0   Code   RO          515    .text               stm32f0xx_gpio.o
    0x08001430   0x000000b4   Code   RO          575    .text               stm32f0xx_misc.o
    0x080014e4   0x00000138   Code   RO          595    .text               stm32f0xx_pwr.o
    0x0800161c   0x000005ec   Code   RO          615    .text               stm32f0xx_rcc.o
    0x08001c08   0x00000b30   Code   RO          637    .text               stm32f0xx_rtc.o
    0x08002738   0x00000bcc   Code   RO          697    .text               stm32f0xx_tim.o
    0x08003304   0x0000056e   Code   RO          717    .text               stm32f0xx_usart.o
    0x08003872   0x00000002   PAD
    0x08003874   0x000001a0   Code   RO          757    .text               system_stm32f0xx.o
    0x08003a14   0x00000038   Code   RO          784    .text               startup_stm32f0xx.o
    0x08003a4c   0x00000094   Code   RO          788    .text               rtx_conf_cm.o
    0x08003ae0   0x00000008   Code   RO         1361    .text               c_p.l(libspace.o)
    0x08003ae8   0x00000002   Code   RO         1364    .text               c_p.l(use_no_semi.o)
    0x08003aea   0x00000002   PAD
    0x08003aec   0x0000001c   Code   RO         1368    .text               c_p.l(noretval__2printf.o)
    0x08003b08   0x00000052   Code   RO         1372    .text               c_p.l(_printf_str.o)
    0x08003b5a   0x00000002   PAD
    0x08003b5c   0x0000006c   Code   RO         1374    .text               c_p.l(_printf_dec.o)
    0x08003bc8   0x00000110   Code   RO         1384    .text               c_p.l(__printf_wp.o)
    0x08003cd8   0x000001a8   Code   RO         1405    .text               c_p.l(mktime.o)
    0x08003e80   0x0000015a   Code   RO         1407    .text               c_p.l(aeabi_sdiv.o)
    0x08003fda   0x00000006   Code   RO         1411    .text               c_p.l(heapauxi.o)
    0x08003fe0   0x0000007c   Code   RO         1415    .text               fz_ps.l(d2f.o)
    0x0800405c   0x0000034c   Code   RO         1417    .text               fz_ps.l(daddsub.o)
    0x080043a8   0x00000450   Code   RO         1419    .text               fz_ps.l(ddiv.o)
    0x080047f8   0x00000048   Code   RO         1422    .text               fz_ps.l(dfixui.o)
    0x08004840   0x00000058   Code   RO         1424    .text               fz_ps.l(dflti.o)
    0x08004898   0x00000258   Code   RO         1426    .text               fz_ps.l(dmul.o)
    0x08004af0   0x00000050   Code   RO         1428    .text               fz_ps.l(f2d.o)
    0x08004b40   0x00000160   Code   RO         1436    .text               fz_ps.l(fdiv.o)
    0x08004ca0   0x0000005e   Code   RO         1441    .text               fz_ps.l(fflti.o)
    0x08004cfe   0x000000b0   Code   RO         1456    .text               c_p.l(_printf_intcommon.o)
    0x08004dae   0x00000002   PAD
    0x08004db0   0x00000414   Code   RO         1458    .text               c_p.l(_printf_fp_dec.o)
    0x080051c4   0x0000002e   Code   RO         1460    .text               c_p.l(_printf_char.o)
    0x080051f2   0x00000002   PAD
    0x080051f4   0x00000028   Code   RO         1462    .text               c_p.l(_printf_char_file.o)
    0x0800521c   0x00000028   Code   RO         1466    .text               c_p.l(rtudiv10.o)
    0x08005244   0x00000064   Code   RO         1468    .text               fz_ps.l(fcmpin.o)
    0x080052a8   0x0000000a   Code   RO         1493    .text               c_p.l(rt_locale_twolibspace.o)
    0x080052b2   0x0000007a   Code   RO         1495    .text               c_p.l(lludiv10.o)
    0x0800532c   0x00000030   Code   RO         1497    .text               c_p.l(_printf_char_common.o)
    0x0800535c   0x00000088   Code   RO         1499    .text               c_p.l(_printf_fp_infnan.o)
    0x080053e4   0x000000cc   Code   RO         1501    .text               c_p.l(bigflt0.o)
    0x080054b0   0x000004a8   Code   RO         1504    .text               c_p.l(btod.o)
    0x08005958   0x00000030   Code   RO         1514    .text               fz_ps.l(cmpret.o)
    0x08005988   0x00000010   Code   RO         1516    .text               fz_ps.l(fnan2.o)
    0x08005998   0x0000003e   Code   RO         1522    .text               c_p.l(sys_stackheap_outer.o)
    0x080059d6   0x0000000c   Code   RO         1527    .text               c_p.l(exit.o)
    0x080059e2   0x00000002   PAD
    0x080059e4   0x00000088   Code   RO         1533    .text               c_p.l(strcmp.o)
    0x08005a6c   0x0000005e   Code   RO         1584    .text               fz_ps.l(retnan.o)
    0x08005aca   0x00000002   PAD
    0x08005acc   0x00000004   Code   RO         1203    SVC_TABLE           RTX_CM1.LIB(SVC_Table.o)
    0x08005ad0   0x00000030   Code   RO         1506    i.__ARM_common_ll_muluu  c_p.l(btod.o)
    0x08005b00   0x0000002c   Code   RO         1520    i.__ARM_fpclassify  m_ps.l(fpclassify.o)
    0x08005b2c   0x00000048   Code   RO         1174    i._init_box         RTX_CM1.LIB(rt_membox.o)
    0x08005b74   0x0000000e   Code   RO         1386    i._is_digit         c_p.l(__printf_wp.o)
    0x08005b82   0x00000002   PAD
    0x08005b84   0x0000002c   Code   RO          990    i.os_tick_init      RTX_CM1.LIB(rt_system.o)
    0x08005bb0   0x00000002   Code   RO          991    i.os_tick_irqack    RTX_CM1.LIB(rt_system.o)
    0x08005bb2   0x0000001e   Code   RO         1175    i.rt_alloc_box      RTX_CM1.LIB(rt_membox.o)
    0x08005bd0   0x00000038   Code   RO          809    i.rt_block          RTX_CM1.LIB(rt_task.o)
    0x08005c08   0x00000044   Code   RO         1152    i.rt_chk_robin      RTX_CM1.LIB(rt_robin.o)
    0x08005c4c   0x00000078   Code   RO         1073    i.rt_dec_dly        RTX_CM1.LIB(rt_list.o)
    0x08005cc4   0x00000040   Code   RO          810    i.rt_dispatch       RTX_CM1.LIB(rt_task.o)
    0x08005d04   0x0000000a   Code   RO          908    i.rt_dly_wait       RTX_CM1.LIB(rt_time.o)
    0x08005d0e   0x00000002   PAD
    0x08005d10   0x0000004c   Code   RO         1209    i.rt_evt_psh        RTX_CM1.LIB(rt_event.o)
    0x08005d5c   0x00000026   Code   RO         1176    i.rt_free_box       RTX_CM1.LIB(rt_membox.o)
    0x08005d82   0x0000002a   Code   RO         1074    i.rt_get_first      RTX_CM1.LIB(rt_list.o)
    0x08005dac   0x00000044   Code   RO          811    i.rt_init_context   RTX_CM1.LIB(rt_task.o)
    0x08005df0   0x00000018   Code   RO         1153    i.rt_init_robin     RTX_CM1.LIB(rt_robin.o)
    0x08005e08   0x0000004c   Code   RO          970    i.rt_init_stack     RTX_CM1.LIB(hal_cm1.o)
    0x08005e54   0x000000ac   Code   RO         1252    i.rt_mbx_psh        RTX_CM1.LIB(rt_mailbox.o)
    0x08005f00   0x00000010   Code   RO          945    i.rt_mut_init       RTX_CM1.LIB(rt_mutex.o)
    0x08005f10   0x000000a8   Code   RO          946    i.rt_mut_release    RTX_CM1.LIB(rt_mutex.o)
    0x08005fb8   0x0000006c   Code   RO          947    i.rt_mut_wait       RTX_CM1.LIB(rt_mutex.o)
    0x08006024   0x00000070   Code   RO          992    i.rt_pop_req        RTX_CM1.LIB(rt_system.o)
    0x08006094   0x00000050   Code   RO         1077    i.rt_put_dly        RTX_CM1.LIB(rt_list.o)
    0x080060e4   0x0000003c   Code   RO         1078    i.rt_put_prio       RTX_CM1.LIB(rt_list.o)
    0x08006120   0x00000014   Code   RO         1079    i.rt_put_rdy_first  RTX_CM1.LIB(rt_list.o)
    0x08006134   0x00000030   Code   RO         1080    i.rt_resort_prio    RTX_CM1.LIB(rt_list.o)
    0x08006164   0x0000002a   Code   RO         1081    i.rt_rmv_dly        RTX_CM1.LIB(rt_list.o)
    0x0800618e   0x00000002   PAD
    0x08006190   0x00000034   Code   RO         1082    i.rt_rmv_list       RTX_CM1.LIB(rt_list.o)
    0x080061c4   0x00000034   Code   RO         1298    i.rt_sem_psh        RTX_CM1.LIB(rt_semaphore.o)
    0x080061f8   0x00000028   Code   RO          995    i.rt_stk_check      RTX_CM1.LIB(rt_system.o)
    0x08006220   0x00000010   Code   RO          812    i.rt_switch_req     RTX_CM1.LIB(rt_task.o)
    0x08006230   0x00000138   Code   RO          813    i.rt_sys_init       RTX_CM1.LIB(rt_task.o)
    0x08006368   0x0000003c   Code   RO          997    i.rt_systick        RTX_CM1.LIB(rt_system.o)
    0x080063a4   0x00000040   Code   RO         1334    i.rt_tmr_tick       RTX_CM1.LIB(rt_timer.o)
    0x080063e4   0x0000007c   Code   RO          814    i.rt_tsk_create     RTX_CM1.LIB(rt_task.o)
    0x08006460   0x0000009c   Code   RO          815    i.rt_tsk_delete     RTX_CM1.LIB(rt_task.o)
    0x080064fc   0x00000010   Code   RO          818    i.rt_tsk_self       RTX_CM1.LIB(rt_task.o)
    0x0800650c   0x0000002c   Code   RO         1509    locale$$code        c_p.l(lc_numeric_c.o)
    0x08006538   0x0000008c   Code   RO         1430    x$fpl$fadd          fz_ps.l(faddsub.o)
    0x080065c4   0x00000054   Code   RO         1439    x$fpl$feqf          fz_ps.l(feqf.o)
    0x08006618   0x00000054   Code   RO         1443    x$fpl$fleqf         fz_ps.l(flef.o)
    0x0800666c   0x000000b0   Code   RO         1445    x$fpl$fmul          fz_ps.l(fmul.o)
    0x0800671c   0x00000058   Code   RO         1447    x$fpl$frleqf        fz_ps.l(frlef.o)
    0x08006774   0x000000d0   Code   RO         1432    x$fpl$fsub          fz_ps.l(faddsub.o)
    0x08006844   0x00000010   Code   RO         1449    x$fpl$printf1       fz_ps.l(printf1.o)
    0x08006854   0x00000000   Code   RO         1470    x$fpl$usenofp       fz_ps.l(usenofp.o)
    0x08006854   0x00000028   Data   RO          790    .constdata          rtx_conf_cm.o
    0x0800687c   0x00000080   Data   RO         1420    .constdata          fz_ps.l(ddiv.o)
    0x080068fc   0x00000040   Data   RO         1437    .constdata          fz_ps.l(fdiv.o)
    0x0800693c   0x0000000c   Data   RO         1465    .constdata          c_p.l(_monlen.o)
    0x08006948   0x00000094   Data   RO         1502    .constdata          c_p.l(bigflt0.o)
    0x080069dc   0x00000020   Data   RO         1659    Region$$Table       anon$$obj.o
    0x080069fc   0x0000001c   Data   RO         1508    locale$$data        c_p.l(lc_numeric_c.o)


    Execution Region RW_IRAM1 (Base: 0x20000000, Size: 0x00000f60, Max: 0x00001000, ABSOLUTE)

    Base Addr    Size         Type   Attr      Idx    E Section Name        Object

    0x20000000   0x00000018   Data   RW            4    .data               main.o
    0x20000018   0x00000008   Data   RW          144    .data               retarget.o
    0x20000020   0x00000008   Data   RW          178    .data               adc.o
    0x20000028   0x0000000c   Data   RW          208    .data               perturb_and_observe.o
    0x20000034   0x00000002   Data   RW          230    .data               pwm.o
    0x20000036   0x00000002   PAD
    0x20000038   0x00000038   Data   RW          254    .data               serial.o
    0x20000070   0x00000010   Data   RW          616    .data               stm32f0xx_rcc.o
    0x20000080   0x00000014   Data   RW          758    .data               system_stm32f0xx.o
    0x20000094   0x00000008   Data   RW          791    .data               rtx_conf_cm.o
    0x2000009c   0x00000008   Data   RW          820    .data               RTX_CM1.LIB(rt_task.o)
    0x200000a4   0x00000004   Data   RW          912    .data               RTX_CM1.LIB(rt_time.o)
    0x200000a8   0x00000008   Data   RW         1000    .data               RTX_CM1.LIB(rt_system.o)
    0x200000b0   0x00000008   Data   RW         1154    .data               RTX_CM1.LIB(rt_robin.o)
    0x200000b8   0x00000008   Data   RW         1335    .data               RTX_CM1.LIB(rt_timer.o)
    0x200000c0   0x00000020   Zero   RW          229    .bss                pwm.o
    0x200000e0   0x00000100   Zero   RW          253    .bss                serial.o
    0x200001e0   0x000006c0   Zero   RW          789    .bss                rtx_conf_cm.o
    0x200008a0   0x00000030   Zero   RW          819    .bss                RTX_CM1.LIB(rt_task.o)
    0x200008d0   0x00000030   Zero   RW         1083    .bss                RTX_CM1.LIB(rt_list.o)
    0x20000900   0x00000060   Zero   RW         1362    .bss                c_p.l(libspace.o)
    0x20000960   0x00000200   Zero   RW          782    HEAP                startup_stm32f0xx.o
    0x20000b60   0x00000400   Zero   RW          781    STACK               startup_stm32f0xx.o


==============================================================================

Image component sizes


      Code (inc. data)   RO Data    RW Data    ZI Data      Debug   Object Name

       736        158          0          8          0       8302   adc.o
       504        164          0         24          0     168114   main.o
       388         76          0         12          0        860   perturb_and_observe.o
       496         56          0          2         32       1469   pwm.o
        46          0          0          8          0       2852   retarget.o
       148         30         40          8       1728       2837   rtx_conf_cm.o
       548         48          0         56        256       3881   serial.o
        56         26        192          0       1536        648   startup_stm32f0xx.o
       736         14          0          0          0       6783   stm32f0xx_adc.o
       364         12          0          0          0       3366   stm32f0xx_dma.o
       480         22          0          0          0       3605   stm32f0xx_gpio.o
       180         14          0          0          0       1308   stm32f0xx_misc.o
       312          8          0          0          0       2130   stm32f0xx_pwr.o
      1516         44          0         16          0       8402   stm32f0xx_rcc.o
      2864         48          0          0          0      12848   stm32f0xx_rtc.o
      3020        120          0          0          0      22221   stm32f0xx_tim.o
      1390         12          0          0          0      11979   stm32f0xx_usart.o
       416         32          0         20          0       1483   system_stm32f0xx.o

    ----------------------------------------------------------------------
     14204        884        264        156       3552     263088   Object Totals
         0          0         32          0          0          0   (incl. Generated)
         4          0          0          2          0          0   (incl. Padding)

    ----------------------------------------------------------------------

      Code (inc. data)   RO Data    RW Data    ZI Data      Debug   Library Member Name

         4          4          0          0          0        136   SVC_Table.o
       468         50          0          0          0       1300   hal_cm1.o
        76          6          0          0          0        509   rt_event.o
       464         30          0          0         48       3730   rt_list.o
       172          4          0          0          0        549   rt_mailbox.o
       140          0          0          0          0       1505   rt_membox.o
       292         16          0          0          0       1557   rt_mutex.o
        92         22          0          8          0        906   rt_robin.o
        52          6          0          0          0        433   rt_semaphore.o
       258         50          0          8          0       2886   rt_system.o
       812        156          0          8         48       6400   rt_task.o
        10          0          0          4          0        524   rt_time.o
        64          8          0          8          0        575   rt_timer.o
         8          0          0          0          0         68   __main.o
       286          0          0          0          0        136   __printf_wp.o
        60          8          0          0          0          0   __scatter.o
        26          0          0          0          0          0   __scatter_copy.o
        28          0          0          0          0          0   __scatter_zi.o
         0          0         12          0          0          0   _monlen.o
        46          0          0          0          0        100   _printf_char.o
        48          6          0          0          0         88   _printf_char_common.o
        40          6          0          0          0         72   _printf_char_file.o
        10          0          0          0          0          0   _printf_d.o
       108         18          0          0          0         76   _printf_dec.o
        10          0          0          0          0          0   _printf_f.o
      1044         12          0          0          0        172   _printf_fp_dec.o
       136         16          0          0          0         76   _printf_fp_infnan.o
        10          0          0          0          0          0   _printf_i.o
       176          0          0          0          0         80   _printf_intcommon.o
         2          0          0          0          0          0   _printf_percent.o
         4          0          0          0          0          0   _printf_percent_end.o
        10          0          0          0          0          0   _printf_s.o
        82          0          0          0          0         72   _printf_str.o
       346          0          0          0          0         92   aeabi_sdiv.o
       204          4        148          0          0         80   bigflt0.o
      1240         12          0          0          0        316   btod.o
        12          0          0          0          0         64   exit.o
         6          0          0          0          0        136   heapauxi.o
        44         10         28          0          0         76   lc_numeric_c.o
         2          0          0          0          0          0   libinit.o
        22          0          0          0          0          0   libinit2.o
         2          0          0          0          0          0   libshutdown.o
         2          0          0          0          0          0   libshutdown2.o
         8          4          0          0         96         68   libspace.o
       122          0          0          0          0         72   lludiv10.o
       424         14          0          0          0        108   mktime.o
        28          6          0          0          0         84   noretval__2printf.o
        10          0          0          0          0         76   rt_locale_twolibspace.o
        56          0          0          0          0         68   rt_memcpy.o
         0          0          0          0          0          0   rtentry.o
        12          0          0          0          0          0   rtentry2.o
         6          0          0          0          0          0   rtentry4.o
         2          0          0          0          0          0   rtexit.o
        10          0          0          0          0          0   rtexit2.o
        40          0          0          0          0         60   rtudiv10.o
       136          4          0          0          0         72   strcmp.o
        62          0          0          0          0         80   sys_stackheap_outer.o
         2          0          0          0          0         68   use_no_semi.o
        48          6          0          0          0         60   cmpret.o
       124          4          0          0          0         72   d2f.o
       844         22          0          0          0        224   daddsub.o
      1104         30        128          0          0        112   ddiv.o
        72         10          0          0          0         68   dfixui.o
        88          0          0          0          0         92   dflti.o
       600         20          0          0          0         80   dmul.o
        80          6          0          0          0         60   f2d.o
       348          8          0          0          0        160   faddsub.o
       100          4          0          0          0         68   fcmpin.o
       352          8         64          0          0         88   fdiv.o
        84          4          0          0          0         76   feqf.o
        94          0          0          0          0         92   fflti.o
        84          4          0          0          0         76   flef.o
       176          4          0          0          0         80   fmul.o
        16          6          0          0          0         68   fnan2.o
        88          4          0          0          0         76   frlef.o
        16          4          0          0          0         76   printf1.o
        94          0          0          0          0         68   retnan.o
         0          0          0          0          0          0   usenofp.o
        44          6          0          0          0         60   fpclassify.o

    ----------------------------------------------------------------------
     12312        622        380         36        192      25226   Library Totals
        20          0          0          0          0          0   (incl. Padding)

    ----------------------------------------------------------------------

      Code (inc. data)   RO Data    RW Data    ZI Data      Debug   Library Name

      2904        352          0         36         96      21010   RTX_CM1.LIB
      4932        120        188          0         96       2460   c_p.l
      4412        144        192          0          0       1696   fz_ps.l
        44          6          0          0          0         60   m_ps.l

    ----------------------------------------------------------------------
     12312        622        380         36        192      25226   Library Totals

    ----------------------------------------------------------------------

==============================================================================


      Code (inc. data)   RO Data    RW Data    ZI Data      Debug   

     26516       1506        644        192       3744     282950   Grand Totals
     26516       1506        644        192       3744     282950   ELF Image Totals
     26516       1506        644        192          0          0   ROM Totals

==============================================================================

    Total RO  Size (Code + RO Data)                27160 (  26.52kB)
    Total RW  Size (RW Data + ZI Data)              3936 (   3.84kB)
    Total ROM Size (Code + RO Data + RW Data)      27352 (  26.71kB)

==============================================================================

