ARM Linker, 5.02 [Build 28] [MDK-ARM Lite]

==============================================================================

Section Cross References

    main.o(i.assert_failed) refers to _printf_percent.o(.ARM.Collect$$_printf_percent$$00000000) for _printf_percent
    main.o(i.assert_failed) refers to _printf_d.o(.ARM.Collect$$_printf_percent$$00000009) for _printf_d
    main.o(i.assert_failed) refers to _printf_s.o(.ARM.Collect$$_printf_percent$$00000014) for _printf_s
    main.o(i.assert_failed) refers to _printf_dec.o(.text) for _printf_int_dec
    main.o(i.assert_failed) refers to _printf_str.o(.text) for _printf_str
    main.o(i.assert_failed) refers to noretval__2printf.o(.text) for __2printf
    main.o(i.charge_control) refers to pwm.o(i.init_pwm) for init_pwm
    main.o(i.charge_control) refers to perturb_and_observe.o(i.perturb_and_observe) for perturb_and_observe
    main.o(i.charge_control) refers to rt_task.o(i.rt_tsk_create) for rt_tsk_create
    main.o(i.charge_control) refers to main.o(.data) for .data
    main.o(i.charge_control) refers to rt_task.o(i.rt_tsk_delete) for rt_tsk_delete
    main.o(i.get_time_struct) refers to stm32f0xx_rtc.o(i.RTC_TimeStructInit) for RTC_TimeStructInit
    main.o(i.get_time_struct) refers to stm32f0xx_rtc.o(i.RTC_DateStructInit) for RTC_DateStructInit
    main.o(i.get_time_struct) refers to stm32f0xx_rtc.o(i.RTC_GetTime) for RTC_GetTime
    main.o(i.get_time_struct) refers to stm32f0xx_rtc.o(i.RTC_GetDate) for RTC_GetDate
    main.o(i.get_time_struct) refers to mktime.o(.text) for mktime
    main.o(i.get_time_struct) refers to rt_memcpy.o(.emb_text) for __aeabi_memcpy4
    main.o(i.init) refers to adc.o(i.init_adc) for init_adc
    main.o(i.init) refers to noretval__2printf.o(.text) for __2printf
    main.o(i.init) refers to adc.o(i.adc_in) for adc_in
    main.o(i.init) refers to rt_task.o(i.rt_tsk_create) for rt_tsk_create
    main.o(i.init) refers to main.o(.data) for .data
    main.o(i.init) refers to rt_task.o(i.rt_tsk_delete) for rt_tsk_delete
    main.o(i.main) refers to main.o(i.setup_rtc) for setup_rtc
    main.o(i.main) refers to main.o(i.print_time_date) for print_time_date
    main.o(i.main) refers to serial.o(.data) for Serial
    main.o(i.print_time_date) refers to _printf_percent.o(.ARM.Collect$$_printf_percent$$00000000) for _printf_percent
    main.o(i.print_time_date) refers to _printf_i.o(.ARM.Collect$$_printf_percent$$00000008) for _printf_i
    main.o(i.print_time_date) refers to _printf_dec.o(.text) for _printf_int_dec
    main.o(i.print_time_date) refers to stm32f0xx_rtc.o(i.RTC_TimeStructInit) for RTC_TimeStructInit
    main.o(i.print_time_date) refers to stm32f0xx_rtc.o(i.RTC_DateStructInit) for RTC_DateStructInit
    main.o(i.print_time_date) refers to stm32f0xx_rtc.o(i.RTC_GetTime) for RTC_GetTime
    main.o(i.print_time_date) refers to stm32f0xx_rtc.o(i.RTC_GetDate) for RTC_GetDate
    main.o(i.print_time_date) refers to noretval__2printf.o(.text) for __2printf
    main.o(i.setup_rtc) refers to stm32f0xx_rcc.o(i.RCC_APB1PeriphClockCmd) for RCC_APB1PeriphClockCmd
    main.o(i.setup_rtc) refers to stm32f0xx_pwr.o(i.PWR_BackupAccessCmd) for PWR_BackupAccessCmd
    main.o(i.setup_rtc) refers to stm32f0xx_rcc.o(i.RCC_LSICmd) for RCC_LSICmd
    main.o(i.setup_rtc) refers to stm32f0xx_rcc.o(i.RCC_RTCCLKConfig) for RCC_RTCCLKConfig
    main.o(i.setup_rtc) refers to stm32f0xx_rcc.o(i.RCC_RTCCLKCmd) for RCC_RTCCLKCmd
    main.o(i.setup_rtc) refers to stm32f0xx_rtc.o(i.RTC_WaitForSynchro) for RTC_WaitForSynchro
    main.o(i.setup_rtc) refers to stm32f0xx_rtc.o(i.RTC_Init) for RTC_Init
    main.o(i.setup_rtc) refers to main.o(i.print_time_date) for print_time_date
    retarget.o(.emb_text) refers (Special) to use_no_semi.o(.text) for __use_no_semihosting_swi
    retarget.o(i._sys_exit) refers (Special) to use_no_semi.o(.text) for __use_no_semihosting_swi
    retarget.o(i._ttywrch) refers (Special) to use_no_semi.o(.text) for __use_no_semihosting_swi
    retarget.o(i._ttywrch) refers to serial.o(i.write_fcn) for write_fcn
    retarget.o(i.ferror) refers (Special) to use_no_semi.o(.text) for __use_no_semihosting_swi
    retarget.o(i.fgetc) refers (Special) to use_no_semi.o(.text) for __use_no_semihosting_swi
    retarget.o(i.fputc) refers (Special) to use_no_semi.o(.text) for __use_no_semihosting_swi
    retarget.o(i.fputc) refers to serial.o(i.write_fcn) for write_fcn
    retarget.o(.data) refers (Special) to use_no_semi.o(.text) for __use_no_semihosting_swi
    retarget.o(.data) refers (Special) to use_no_semi.o(.text) for __use_no_semihosting_swi
    adc.o(i.adc_in) refers to _printf_percent.o(.ARM.Collect$$_printf_percent$$00000000) for _printf_percent
    adc.o(i.adc_in) refers to _printf_f.o(.ARM.Collect$$_printf_percent$$00000003) for _printf_f
    adc.o(i.adc_in) refers to printf1.o(x$fpl$printf1) for _printf_fp_dec
    adc.o(i.adc_in) refers to adc.o(i.get_adc_voltage) for get_adc_voltage
[...]
    Removing stm32f0xx_tim.o(i.TIM_PWMIConfig), (106 bytes).
    Removing stm32f0xx_tim.o(i.TIM_PrescalerConfig), (6 bytes).
    Removing stm32f0xx_tim.o(i.TIM_RemapConfig), (6 bytes).
    Removing stm32f0xx_tim.o(i.TIM_SelectCCDMA), (22 bytes).
    Removing stm32f0xx_tim.o(i.TIM_SelectCOM), (22 bytes).
    Removing stm32f0xx_tim.o(i.TIM_SelectHallSensor), (22 bytes).
    Removing stm32f0xx_tim.o(i.TIM_SelectInputTrigger), (12 bytes).
    Removing stm32f0xx_tim.o(i.TIM_SelectMasterSlaveMode), (16 bytes).
    Removing stm32f0xx_tim.o(i.TIM_SelectOCREFClear), (16 bytes).
    Removing stm32f0xx_tim.o(i.TIM_SelectOCxM), (74 bytes).
    Removing stm32f0xx_tim.o(i.TIM_SelectOnePulseMode), (16 bytes).
    Removing stm32f0xx_tim.o(i.TIM_SelectOutputTrigger), (16 bytes).
    Removing stm32f0xx_tim.o(i.TIM_SelectSlaveMode), (16 bytes).
    Removing stm32f0xx_tim.o(i.TIM_SetAutoreload), (4 bytes).
    Removing stm32f0xx_tim.o(i.TIM_SetClockDivision), (20 bytes).
    Removing stm32f0xx_tim.o(i.TIM_SetCompare1), (4 bytes).
    Removing stm32f0xx_tim.o(i.TIM_SetCompare2), (4 bytes).
    Removing stm32f0xx_tim.o(i.TIM_SetCompare3), (4 bytes).
    Removing stm32f0xx_tim.o(i.TIM_SetCompare4), (4 bytes).
    Removing stm32f0xx_tim.o(i.TIM_SetCounter), (4 bytes).
    Removing stm32f0xx_tim.o(i.TIM_SetIC1Prescaler), (16 bytes).
    Removing stm32f0xx_tim.o(i.TIM_SetIC2Prescaler), (24 bytes).
    Removing stm32f0xx_tim.o(i.TIM_SetIC3Prescaler), (16 bytes).
    Removing stm32f0xx_tim.o(i.TIM_SetIC4Prescaler), (24 bytes).
    Removing stm32f0xx_tim.o(i.TIM_TIxExternalClockConfig), (48 bytes).
    Removing stm32f0xx_tim.o(i.TIM_TimeBaseInit), (116 bytes).
    Removing stm32f0xx_tim.o(i.TIM_TimeBaseStructInit), (18 bytes).
    Removing stm32f0xx_tim.o(i.TIM_UpdateDisableConfig), (22 bytes).
    Removing stm32f0xx_tim.o(i.TIM_UpdateRequestConfig), (22 bytes).
    Removing stm32f0xx_usart.o(.emb_text), (8 bytes).
    Removing stm32f0xx_usart.o(i.USART_AddressDetectionConfig), (16 bytes).
    Removing stm32f0xx_usart.o(i.USART_AutoBaudRateCmd), (24 bytes).
    Removing stm32f0xx_usart.o(i.USART_AutoBaudRateConfig), (18 bytes).
    Removing stm32f0xx_usart.o(i.USART_AutoBaudRateNewRequest), (12 bytes).
    Removing stm32f0xx_usart.o(i.USART_ClearFlag), (4 bytes).
    Removing stm32f0xx_usart.o(i.USART_ClockInit), (30 bytes).
    Removing stm32f0xx_usart.o(i.USART_ClockStructInit), (12 bytes).
    Removing stm32f0xx_usart.o(i.USART_DECmd), (24 bytes).
    Removing stm32f0xx_usart.o(i.USART_DEPolarityConfig), (18 bytes).
    Removing stm32f0xx_usart.o(i.USART_DMACmd), (20 bytes).
    Removing stm32f0xx_usart.o(i.USART_DMAReceptionErrorConfig), (18 bytes).
    Removing stm32f0xx_usart.o(i.USART_DataInvCmd), (24 bytes).
    Removing stm32f0xx_usart.o(i.USART_DeInit), (64 bytes).
    Removing stm32f0xx_usart.o(i.USART_DirectionModeCmd), (20 bytes).
    Removing stm32f0xx_usart.o(i.USART_HalfDuplexCmd), (22 bytes).
    Removing stm32f0xx_usart.o(i.USART_InvPinCmd), (20 bytes).
    Removing stm32f0xx_usart.o(i.USART_IrDACmd), (22 bytes).
    Removing stm32f0xx_usart.o(i.USART_IrDAConfig), (16 bytes).
    Removing stm32f0xx_usart.o(i.USART_LINBreakDetectLengthConfig), (16 bytes).
    Removing stm32f0xx_usart.o(i.USART_LINCmd), (24 bytes).
    Removing stm32f0xx_usart.o(i.USART_MSBFirstCmd), (24 bytes).
    Removing stm32f0xx_usart.o(i.USART_MuteModeCmd), (24 bytes).
    Removing stm32f0xx_usart.o(i.USART_MuteModeWakeUpConfig), (18 bytes).
    Removing stm32f0xx_usart.o(i.USART_OneBitMethodCmd), (24 bytes).
    Removing stm32f0xx_usart.o(i.USART_OverSampling8Cmd), (24 bytes).
    Removing stm32f0xx_usart.o(i.USART_OverrunDetectionConfig), (18 bytes).
    Removing stm32f0xx_usart.o(i.USART_ReceiverTimeOutCmd), (24 bytes).
    Removing stm32f0xx_usart.o(i.USART_RequestCmd), (20 bytes).
    Removing stm32f0xx_usart.o(i.USART_STOPModeCmd), (22 bytes).
    Removing stm32f0xx_usart.o(i.USART_SWAPPinCmd), (24 bytes).
    Removing stm32f0xx_usart.o(i.USART_SetAddress), (18 bytes).
    Removing stm32f0xx_usart.o(i.USART_SetAutoRetryCount), (20 bytes).
    Removing stm32f0xx_usart.o(i.USART_SetBlockLength), (18 bytes).
    Removing stm32f0xx_usart.o(i.USART_SetDEAssertionTime), (20 bytes).
    Removing stm32f0xx_usart.o(i.USART_SetDEDeassertionTime), (20 bytes).
    Removing stm32f0xx_usart.o(i.USART_SetGuardTime), (16 bytes).
    Removing stm32f0xx_usart.o(i.USART_SetPrescaler), (16 bytes).
    Removing stm32f0xx_usart.o(i.USART_SetReceiverTimeOut), (16 bytes).
    Removing stm32f0xx_usart.o(i.USART_SmartCardCmd), (22 bytes).
    Removing stm32f0xx_usart.o(i.USART_SmartCardNACKCmd), (22 bytes).
    Removing stm32f0xx_usart.o(i.USART_StopModeWakeUpSourceConfig), (18 bytes).
    Removing stm32f0xx_usart.o(i.USART_StructInit), (22 bytes).
    Removing stm32f0xx_wwdg.o(.emb_text), (8 bytes).
    Removing stm32f0xx_wwdg.o(i.WWDG_ClearFlag), (12 bytes).
    Removing stm32f0xx_wwdg.o(i.WWDG_DeInit), (22 bytes).
    Removing stm32f0xx_wwdg.o(i.WWDG_Enable), (16 bytes).
    Removing stm32f0xx_wwdg.o(i.WWDG_EnableIT), (16 bytes).
    Removing stm32f0xx_wwdg.o(i.WWDG_GetFlagStatus), (20 bytes).
    Removing stm32f0xx_wwdg.o(i.WWDG_SetCounter), (16 bytes).
    Removing stm32f0xx_wwdg.o(i.WWDG_SetPrescaler), (20 bytes).
    Removing stm32f0xx_wwdg.o(i.WWDG_SetWindowValue), (24 bytes).
    Removing system_stm32f0xx.o(.emb_text), (8 bytes).
    Removing system_stm32f0xx.o(i.SystemCoreClockUpdate), (124 bytes).
    Removing system_stm32f0xx.o(.data), (20 bytes).
    Removing rtx_conf_cm.o(i.__user_perthread_libspace), (36 bytes).
    Removing rtx_conf_cm.o(i._mutex_initialize), (44 bytes).
    Removing rtx_conf_cm.o(i.os_idle_demon), (2 bytes).
    Removing rtx_conf_cm.o(.bss), (156 bytes).
    Removing rtx_conf_cm.o(.bss), (3216 bytes).
    Removing rtx_conf_cm.o(.bss), (12 bytes).
    Removing rtx_conf_cm.o(.bss), (384 bytes).
    Removing rtx_conf_cm.o(.constdata), (2 bytes).
    Removing rtx_conf_cm.o(.constdata), (4 bytes).
    Removing rtx_conf_cm.o(.constdata), (4 bytes).
    Removing rtx_conf_cm.o(.constdata), (4 bytes).
    Removing rtx_conf_cm.o(.constdata), (2 bytes).
    Removing rtx_conf_cm.o(.constdata), (4 bytes).
    Removing rtx_conf_cm.o(.constdata), (1 bytes).
    Removing rtx_conf_cm.o(.constdata), (2 bytes).
    Removing rtx_conf_cm.o(.data), (4 bytes).
    Removing rt_task.o(i.rt_init_context), (68 bytes).
    Removing rt_task.o(i.rt_sys_init), (312 bytes).
    Removing rt_task.o(i.rt_tsk_create), (124 bytes).
    Removing rt_task.o(i.rt_tsk_delete), (156 bytes).
    Removing rt_task.o(i.rt_tsk_pass), (44 bytes).
    Removing rt_task.o(i.rt_tsk_prio), (132 bytes).
    Removing rt_task.o(.bss), (48 bytes).
    Removing rt_time.o(i.rt_dly_wait), (10 bytes).
    Removing rt_time.o(i.rt_itv_set), (24 bytes).
    Removing rt_time.o(i.rt_itv_wait), (44 bytes).
    Removing rt_time.o(i.rt_time_get), (12 bytes).
    Removing rt_mutex.o(i.rt_mut_init), (16 bytes).
    Removing rt_system.o(.emb_text), (0 bytes).
    Removing rt_system.o(i.os_tick_init), (44 bytes).
    Removing rt_system.o(i.rt_psh_req), (32 bytes).
    Removing rt_system.o(i.rt_resume), (172 bytes).
    Removing rt_system.o(i.rt_suspend), (52 bytes).
    Removing rt_system.o(i.rt_tsk_lock), (84 bytes).
    Removing rt_system.o(i.rt_tsk_unlock), (84 bytes).
    Removing rt_system.o(.data), (8 bytes).
    Removing rt_list.o(i.rt_get_same_rdy_prio), (36 bytes).
    Removing rt_list.o(i.rt_psq_enq), (64 bytes).
    Removing rt_robin.o(i.rt_init_robin), (24 bytes).
    Removing rt_membox.o(i._calloc_box), (30 bytes).
    Removing rt_membox.o(i._init_box), (72 bytes).
    Removing hal_cm1.o(i.rt_init_stack), (76 bytes).
    Removing rt_event.o(i.isr_evt_set), (36 bytes).
    Removing rt_event.o(i.rt_evt_clr), (28 bytes).
    Removing rt_event.o(i.rt_evt_get), (12 bytes).
    Removing rt_event.o(i.rt_evt_set), (92 bytes).
    Removing rt_event.o(i.rt_evt_wait), (64 bytes).
    Removing rt_mailbox.o(i.isr_mbx_receive), (74 bytes).
    Removing rt_mailbox.o(i.isr_mbx_send), (12 bytes).
    Removing rt_mailbox.o(i.rt_mbx_check), (8 bytes).
    Removing rt_mailbox.o(i.rt_mbx_init), (32 bytes).
    Removing rt_mailbox.o(i.rt_mbx_send), (156 bytes).
    Removing rt_mailbox.o(i.rt_mbx_wait), (176 bytes).
    Removing rt_semaphore.o(i.isr_sem_send), (14 bytes).
    Removing rt_semaphore.o(i.rt_sem_init), (12 bytes).
    Removing rt_semaphore.o(i.rt_sem_send), (60 bytes).
    Removing rt_semaphore.o(i.rt_sem_wait), (68 bytes).
    Removing rt_timer.o(i.rt_tmr_create), (80 bytes).
    Removing rt_timer.o(i.rt_tmr_kill), (52 bytes).
    Removing interrupted_charging.o(i.__ARM_common_switch8), (26 bytes).

582 unused section(s) (total 22311 bytes) removed from the image.

==============================================================================

Image Symbol Table

    Local Symbols

    Symbol Name                              Value     Ov Type        Size  Object(Section)

    ../clib/angel/boardlib.s                 0x00000000   Number         0  boardshut.o ABSOLUTE
    ../clib/angel/boardlib.s                 0x00000000   Number         0  boardinit1.o ABSOLUTE
    ../clib/angel/boardlib.s                 0x00000000   Number         0  boardinit2.o ABSOLUTE
    ../clib/angel/boardlib.s                 0x00000000   Number         0  boardinit3.o ABSOLUTE
    ../clib/angel/handlers.s                 0x00000000   Number         0  __scatter_zi.o ABSOLUTE
    ../clib/angel/handlers.s                 0x00000000   Number         0  __scatter_copy.o ABSOLUTE
    ../clib/angel/kernel.s                   0x00000000   Number         0  rtexit.o ABSOLUTE
    ../clib/angel/kernel.s                   0x00000000   Number         0  rtexit2.o ABSOLUTE
    ../clib/angel/kernel.s                   0x00000000   Number         0  rtentry4.o ABSOLUTE
    ../clib/angel/kernel.s                   0x00000000   Number         0  rtentry2.o ABSOLUTE
    ../clib/angel/kernel.s                   0x00000000   Number         0  rtentry.o ABSOLUTE
    ../clib/angel/rt.s                       0x00000000   Number         0  rt_div0.o ABSOLUTE
    ../clib/angel/rt.s                       0x00000000   Number         0  rt_raise.o ABSOLUTE
    ../clib/angel/rt.s                       0x00000000   Number         0  aeabi_idiv0_sigfpe.o ABSOLUTE
    ../clib/angel/rt.s                       0x00000000   Number         0  rt_locale_twolibspace.o ABSOLUTE
    ../clib/angel/rt.s                       0x00000000   Number         0  rt_locale_intlibspace.o ABSOLUTE
    ../clib/angel/rt.s                       0x00000000   Number         0  rt_locale.o ABSOLUTE
    ../clib/angel/rt.s                       0x00000000   Number         0  aeabi_idiv0.o ABSOLUTE
    ../clib/angel/scatterp.s                 0x00000000   Number         0  __scatter.o ABSOLUTE
    ../clib/angel/startup.s                  0x00000000   Number         0  __main.o ABSOLUTE
    ../clib/angel/sys.s                      0x00000000   Number         0  tempstk.o ABSOLUTE
    ../clib/angel/sys.s                      0x00000000   Number         0  use_no_semi.o ABSOLUTE
    ../clib/angel/sys.s                      0x00000000   Number         0  indicate_semi.o ABSOLUTE
    ../clib/angel/sys.s                      0x00000000   Number         0  libspace.o ABSOLUTE
    ../clib/angel/sys.s                      0x00000000   Number         0  sys_stackheap_outer.o ABSOLUTE
    ../clib/angel/sysapp.c                   0x00000000   Number         0  sys_command.o ABSOLUTE
    ../clib/armsys.c                         0x00000000   Number         0  argv_veneer.o ABSOLUTE
    ../clib/armsys.c                         0x00000000   Number         0  _get_argv_nomalloc.o ABSOLUTE
    ../clib/armsys.c                         0x00000000   Number         0  no_argv.o ABSOLUTE
    ../clib/bigflt.c                         0x00000000   Number         0  bigflt0.o ABSOLUTE
    ../clib/btod.c                           0x00000000   Number         0  btod.o ABSOLUTE
    ../clib/division.c                       0x00000000   Number         0  rtudiv10.o ABSOLUTE
    ../clib/division.c                       0x00000000   Number         0  lludiv10.o ABSOLUTE
    ../clib/division.s                       0x00000000   Number         0  aeabi_sdiv_div0.o ABSOLUTE
    ../clib/division.s                       0x00000000   Number         0  aeabi_sdiv.o ABSOLUTE
    ../clib/heapalloc.c                      0x00000000   Number         0  hrguard.o ABSOLUTE
    ../clib/heapaux.c                        0x00000000   Number         0  heapauxi.o ABSOLUTE
    ../clib/libinit.s                        0x00000000   Number         0  libshutdown.o ABSOLUTE
    ../clib/libinit.s                        0x00000000   Number         0  libinit.o ABSOLUTE
    ../clib/libinit.s                        0x00000000   Number         0  libinit2.o ABSOLUTE
    ../clib/libinit.s                        0x00000000   Number         0  libshutdown2.o ABSOLUTE
    ../clib/locale.s                         0x00000000   Number         0  lc_numeric_c.o ABSOLUTE
    ../clib/locale.s                         0x00000000   Number         0  lc_numeric_8859.o ABSOLUTE
    ../clib/memcpset.c                       0x00000000   Number         0  rt_memcpy.o ABSOLUTE
    ../clib/memcpset.c                       0x00000000   Number         0  rt_memcpy.o ABSOLUTE
    ../clib/misc.s                           0x00000000   Number         0  printf_stubs.o ABSOLUTE
    ../clib/printf.c                         0x00000000   Number         0  __printf_flags_wp.o ABSOLUTE
    ../clib/printf.c                         0x00000000   Number         0  __printf_ss_wp.o ABSOLUTE
    ../clib/printf.c                         0x00000000   Number         0  _printf_fp_infnan.o ABSOLUTE
    ../clib/printf.c                         0x00000000   Number         0  _printf_char_common.o ABSOLUTE
    ../clib/printf.c                         0x00000000   Number         0  __printf_flags_ss_wp.o ABSOLUTE
    ../clib/printf.c                         0x00000000   Number         0  __2printf.o ABSOLUTE
    ../clib/printf.c                         0x00000000   Number         0  __printf_flags_ss.o ABSOLUTE
    ../clib/printf.c                         0x00000000   Number         0  _printf_char_file.o ABSOLUTE
    ../clib/printf.c                         0x00000000   Number         0  _printf_char.o ABSOLUTE
    ../clib/printf.c                         0x00000000   Number         0  _printf_fp_dec.o ABSOLUTE
    ../clib/printf.c                         0x00000000   Number         0  _printf_intcommon.o ABSOLUTE
    ../clib/printf.c                         0x00000000   Number         0  __printf_nopercent.o ABSOLUTE
    ../clib/printf.c                         0x00000000   Number         0  __printf_ss.o ABSOLUTE
    ../clib/printf.c                         0x00000000   Number         0  __printf_flags.o ABSOLUTE
    ../clib/printf.c                         0x00000000   Number         0  _printf_dec.o ABSOLUTE
    ../clib/printf.c                         0x00000000   Number         0  _printf_str.o ABSOLUTE
    ../clib/printf.c                         0x00000000   Number         0  __printf.o ABSOLUTE
    ../clib/printf.c                         0x00000000   Number         0  noretval__2printf.o ABSOLUTE
    ../clib/printf.c                         0x00000000   Number         0  __printf_wp.o ABSOLUTE
    ../clib/printf_percent.s                 0x00000000   Number         0  _printf_percent_end.o ABSOLUTE
    ../clib/printf_percent.s                 0x00000000   Number         0  _printf_percent.o ABSOLUTE
    ../clib/printf_percent.s                 0x00000000   Number         0  _printf_f.o ABSOLUTE
    ../clib/printf_percent.s                 0x00000000   Number         0  _printf_d.o ABSOLUTE
    ../clib/printf_percent.s                 0x00000000   Number         0  _printf_i.o ABSOLUTE
    ../clib/printf_percent.s                 0x00000000   Number         0  _printf_s.o ABSOLUTE
    ../clib/signal.c                         0x00000000   Number         0  defsig_fpe_inner.o ABSOLUTE
    ../clib/signal.c                         0x00000000   Number         0  defsig_exit.o ABSOLUTE
    ../clib/signal.c                         0x00000000   Number         0  defsig_fpe_formal.o ABSOLUTE
    ../clib/signal.c                         0x00000000   Number         0  defsig_fpe_outer.o ABSOLUTE
    ../clib/signal.c                         0x00000000   Number         0  defsig_other.o ABSOLUTE
    ../clib/signal.c                         0x00000000   Number         0  defsig_segv_inner.o ABSOLUTE
    ../clib/signal.c                         0x00000000   Number         0  defsig_cppl_inner.o ABSOLUTE
    ../clib/signal.c                         0x00000000   Number         0  defsig_pvfn_inner.o ABSOLUTE
    ../clib/signal.c                         0x00000000   Number         0  defsig_stak_inner.o ABSOLUTE
    ../clib/signal.c                         0x00000000   Number         0  defsig_rtmem_inner.o ABSOLUTE
    ../clib/signal.c                         0x00000000   Number         0  defsig_rtred_inner.o ABSOLUTE
    ../clib/signal.c                         0x00000000   Number         0  defsig_abrt_inner.o ABSOLUTE
    ../clib/signal.c                         0x00000000   Number         0  defsig_rtmem_formal.o ABSOLUTE
    ../clib/signal.c                         0x00000000   Number         0  defsig_rtmem_outer.o ABSOLUTE
    ../clib/signal.c                         0x00000000   Number         0  defsig_general.o ABSOLUTE
    ../clib/signal.c                         0x00000000   Number         0  __raise.o ABSOLUTE
    ../clib/signal.s                         0x00000000   Number         0  defsig.o ABSOLUTE
    ../clib/stdlib.c                         0x00000000   Number         0  exit.o ABSOLUTE
    ../clib/string.c                         0x00000000   Number         0  strcmp.o ABSOLUTE
    ../clib/time.c                           0x00000000   Number         0  mktime.o ABSOLUTE
    ../clib/time.c                           0x00000000   Number         0  _monlen.o ABSOLUTE
    ../fplib/cfplib/d2f.c                    0x00000000   Number         0  d2f.o ABSOLUTE
    ../fplib/cfplib/daddsub.c                0x00000000   Number         0  daddsub.o ABSOLUTE
    ../fplib/cfplib/ddiv.c                   0x00000000   Number         0  ddiv.o ABSOLUTE
    ../fplib/cfplib/dmul.c                   0x00000000   Number         0  dmul.o ABSOLUTE
    ../fplib/cfplib/f2d.c                    0x00000000   Number         0  f2d.o ABSOLUTE
    ../fplib/cfplib/fdiv.c                   0x00000000   Number         0  fdiv.o ABSOLUTE
    ../fplib/cfplib/ffix.c                   0x00000000   Number         0  dfixui.o ABSOLUTE
    ../fplib/cfplib/fflt.c                   0x00000000   Number         0  dflti.o ABSOLUTE
    ../fplib/cfplib/fflt.c                   0x00000000   Number         0  fflti.o ABSOLUTE
    ../fplib/cfplib/fpinit.c                 0x00000000   Number         0  fpinit.o ABSOLUTE
    ../fplib/cfplib/ieee_status.c            0x00000000   Number         0  ieee_status.o ABSOLUTE
    ../fplib/faddsub6m.s                     0x00000000   Number         0  faddsub.o ABSOLUTE
    ../fplib/fmul6m.s                        0x00000000   Number         0  fmul.o ABSOLUTE
    ../fplib/printf1.s                       0x00000000   Number         0  printf1.o ABSOLUTE
    ../fplib/usenofp.s                       0x00000000   Number         0  usenofp.o ABSOLUTE
    ../mathlib/fpclassify.c                  0x00000000   Number         0  fpclassify.o ABSOLUTE
    CMSIS\ST\STM32F0xx\Source\Templates\arm\startup_stm32f0xx.s 0x00000000   Number         0  startup_stm32f0xx.o ABSOLUTE
    RTX_Conf_CM.c                            0x00000000   Number         0  rtx_conf_cm.o ABSOLUTE
    Retarget.c                               0x00000000   Number         0  retarget.o ABSOLUTE
    Retarget.c                               0x00000000   Number         0  retarget.o ABSOLUTE
    SRC\CM\HAL_CM1.c                         0x00000000   Number         0  hal_cm1.o ABSOLUTE
    SRC\CM\SVC_Table.s                       0x00000000   Number         0  SVC_Table.o ABSOLUTE
    SRC\CM\rt_Event.c                        0x00000000   Number         0  rt_event.o ABSOLUTE
    SRC\CM\rt_List.c                         0x00000000   Number         0  rt_list.o ABSOLUTE
    SRC\CM\rt_Mailbox.c                      0x00000000   Number         0  rt_mailbox.o ABSOLUTE
    SRC\CM\rt_MemBox.c                       0x00000000   Number         0  rt_membox.o ABSOLUTE
    SRC\CM\rt_Mutex.c                        0x00000000   Number         0  rt_mutex.o ABSOLUTE
    SRC\CM\rt_Robin.c                        0x00000000   Number         0  rt_robin.o ABSOLUTE
    SRC\CM\rt_Semaphore.c                    0x00000000   Number         0  rt_semaphore.o ABSOLUTE
    SRC\CM\rt_System.c                       0x00000000   Number         0  rt_system.o ABSOLUTE
    SRC\CM\rt_Task.c                         0x00000000   Number         0  rt_task.o ABSOLUTE
    SRC\CM\rt_Time.c                         0x00000000   Number         0  rt_time.o ABSOLUTE
    SRC\CM\rt_Timer.c                        0x00000000   Number         0  rt_timer.o ABSOLUTE
    SRC\\CM\\HAL_CM1.c                       0x00000000   Number         0  hal_cm1.o ABSOLUTE
    SRC\\CM\\rt_System.c                     0x00000000   Number         0  rt_system.o ABSOLUTE
    STM32F0-Discovery\\stm32f0_discovery.c   0x00000000   Number         0  stm32f0_discovery.o ABSOLUTE
    STM32F0-Discovery\stm32f0_discovery.c    0x00000000   Number         0  stm32f0_discovery.o ABSOLUTE
    STM32F0xx_StdPeriph_Driver\\src\\stm32f0xx_adc.c 0x00000000   Number         0  stm32f0xx_adc.o ABSOLUTE
    STM32F0xx_StdPeriph_Driver\\src\\stm32f0xx_cec.c 0x00000000   Number         0  stm32f0xx_cec.o ABSOLUTE
    STM32F0xx_StdPeriph_Driver\\src\\stm32f0xx_comp.c 0x00000000   Number         0  stm32f0xx_comp.o ABSOLUTE
    STM32F0xx_StdPeriph_Driver\\src\\stm32f0xx_crc.c 0x00000000   Number         0  stm32f0xx_crc.o ABSOLUTE
    STM32F0xx_StdPeriph_Driver\\src\\stm32f0xx_dac.c 0x00000000   Number         0  stm32f0xx_dac.o ABSOLUTE
    STM32F0xx_StdPeriph_Driver\\src\\stm32f0xx_dbgmcu.c 0x00000000   Number         0  stm32f0xx_dbgmcu.o ABSOLUTE
    STM32F0xx_StdPeriph_Driver\\src\\stm32f0xx_dma.c 0x00000000   Number         0  stm32f0xx_dma.o ABSOLUTE
    STM32F0xx_StdPeriph_Driver\\src\\stm32f0xx_exti.c 0x00000000   Number         0  stm32f0xx_exti.o ABSOLUTE
    STM32F0xx_StdPeriph_Driver\\src\\stm32f0xx_flash.c 0x00000000   Number         0  stm32f0xx_flash.o ABSOLUTE
    STM32F0xx_StdPeriph_Driver\\src\\stm32f0xx_gpio.c 0x00000000   Number         0  stm32f0xx_gpio.o ABSOLUTE
    STM32F0xx_StdPeriph_Driver\\src\\stm32f0xx_i2c.c 0x00000000   Number         0  stm32f0xx_i2c.o ABSOLUTE
    STM32F0xx_StdPeriph_Driver\\src\\stm32f0xx_iwdg.c 0x00000000   Number         0  stm32f0xx_iwdg.o ABSOLUTE
    STM32F0xx_StdPeriph_Driver\\src\\stm32f0xx_misc.c 0x00000000   Number         0  stm32f0xx_misc.o ABSOLUTE
    STM32F0xx_StdPeriph_Driver\\src\\stm32f0xx_pwr.c 0x00000000   Number         0  stm32f0xx_pwr.o ABSOLUTE
    STM32F0xx_StdPeriph_Driver\\src\\stm32f0xx_rcc.c 0x00000000   Number         0  stm32f0xx_rcc.o ABSOLUTE
    STM32F0xx_StdPeriph_Driver\\src\\stm32f0xx_rtc.c 0x00000000   Number         0  stm32f0xx_rtc.o ABSOLUTE
    STM32F0xx_StdPeriph_Driver\\src\\stm32f0xx_spi.c 0x00000000   Number         0  stm32f0xx_spi.o ABSOLUTE
    STM32F0xx_StdPeriph_Driver\\src\\stm32f0xx_syscfg.c 0x00000000   Number         0  stm32f0xx_syscfg.o ABSOLUTE
    STM32F0xx_StdPeriph_Driver\\src\\stm32f0xx_tim.c 0x00000000   Number         0  stm32f0xx_tim.o ABSOLUTE
    STM32F0xx_StdPeriph_Driver\\src\\stm32f0xx_usart.c 0x00000000   Number         0  stm32f0xx_usart.o ABSOLUTE
    STM32F0xx_StdPeriph_Driver\\src\\stm32f0xx_wwdg.c 0x00000000   Number         0  stm32f0xx_wwdg.o ABSOLUTE
    STM32F0xx_StdPeriph_Driver\src\stm32f0xx_adc.c 0x00000000   Number         0  stm32f0xx_adc.o ABSOLUTE
    STM32F0xx_StdPeriph_Driver\src\stm32f0xx_cec.c 0x00000000   Number         0  stm32f0xx_cec.o ABSOLUTE
    STM32F0xx_StdPeriph_Driver\src\stm32f0xx_comp.c 0x00000000   Number         0  stm32f0xx_comp.o ABSOLUTE
    STM32F0xx_StdPeriph_Driver\src\stm32f0xx_crc.c 0x00000000   Number         0  stm32f0xx_crc.o ABSOLUTE
    STM32F0xx_StdPeriph_Driver\src\stm32f0xx_dac.c 0x00000000   Number         0  stm32f0xx_dac.o ABSOLUTE
    STM32F0xx_StdPeriph_Driver\src\stm32f0xx_dbgmcu.c 0x00000000   Number         0  stm32f0xx_dbgmcu.o ABSOLUTE
    STM32F0xx_StdPeriph_Driver\src\stm32f0xx_dma.c 0x00000000   Number         0  stm32f0xx_dma.o ABSOLUTE
    STM32F0xx_StdPeriph_Driver\src\stm32f0xx_exti.c 0x00000000   Number         0  stm32f0xx_exti.o ABSOLUTE
    STM32F0xx_StdPeriph_Driver\src\stm32f0xx_flash.c 0x00000000   Number         0  stm32f0xx_flash.o ABSOLUTE
    STM32F0xx_StdPeriph_Driver\src\stm32f0xx_gpio.c 0x00000000   Number         0  stm32f0xx_gpio.o ABSOLUTE
    STM32F0xx_StdPeriph_Driver\src\stm32f0xx_i2c.c 0x00000000   Number         0  stm32f0xx_i2c.o ABSOLUTE
    STM32F0xx_StdPeriph_Driver\src\stm32f0xx_iwdg.c 0x00000000   Number         0  stm32f0xx_iwdg.o ABSOLUTE
    STM32F0xx_StdPeriph_Driver\src\stm32f0xx_misc.c 0x00000000   Number         0  stm32f0xx_misc.o ABSOLUTE
    STM32F0xx_StdPeriph_Driver\src\stm32f0xx_pwr.c 0x00000000   Number         0  stm32f0xx_pwr.o ABSOLUTE
    STM32F0xx_StdPeriph_Driver\src\stm32f0xx_rcc.c 0x00000000   Number         0  stm32f0xx_rcc.o ABSOLUTE
    STM32F0xx_StdPeriph_Driver\src\stm32f0xx_rtc.c 0x00000000   Number         0  stm32f0xx_rtc.o ABSOLUTE
    STM32F0xx_StdPeriph_Driver\src\stm32f0xx_spi.c 0x00000000   Number         0  stm32f0xx_spi.o ABSOLUTE
    STM32F0xx_StdPeriph_Driver\src\stm32f0xx_syscfg.c 0x00000000   Number         0  stm32f0xx_syscfg.o ABSOLUTE
    STM32F0xx_StdPeriph_Driver\src\stm32f0xx_tim.c 0x00000000   Number         0  stm32f0xx_tim.o ABSOLUTE
    STM32F0xx_StdPeriph_Driver\src\stm32f0xx_usart.c 0x00000000   Number         0  stm32f0xx_usart.o ABSOLUTE
    STM32F0xx_StdPeriph_Driver\src\stm32f0xx_wwdg.c 0x00000000   Number         0  stm32f0xx_wwdg.o ABSOLUTE
    adc.c                                    0x00000000   Number         0  adc.o ABSOLUTE
    adc.c                                    0x00000000   Number         0  adc.o ABSOLUTE
    dc.s                                     0x00000000   Number         0  dc.o ABSOLUTE
    interrupted_charging.c                   0x00000000   Number         0  interrupted_charging.o ABSOLUTE
    interrupted_charging.c                   0x00000000   Number         0  interrupted_charging.o ABSOLUTE
    main.c                                   0x00000000   Number         0  main.o ABSOLUTE
    main.c                                   0x00000000   Number         0  main.o ABSOLUTE
    perturb_and_observe.c                    0x00000000   Number         0  perturb_and_observe.o ABSOLUTE
    perturb_and_observe.c                    0x00000000   Number         0  perturb_and_observe.o ABSOLUTE
    pwm.c                                    0x00000000   Number         0  pwm.o ABSOLUTE
    pwm.c                                    0x00000000   Number         0  pwm.o ABSOLUTE
    serial.c                                 0x00000000   Number         0  serial.o ABSOLUTE
    serial.c                                 0x00000000   Number         0  serial.o ABSOLUTE
    system_stm32f0xx.c                       0x00000000   Number         0  system_stm32f0xx.o ABSOLUTE
    system_stm32f0xx.c                       0x00000000   Number         0  system_stm32f0xx.o ABSOLUTE
    RESET                                    0x08000000   Section      192  startup_stm32f0xx.o(RESET)
    !!!main                                  0x080000c0   Section        8  __main.o(!!!main)
    !!!scatter                               0x080000c8   Section       60  __scatter.o(!!!scatter)
    !!handler_copy                           0x08000104   Section       26  __scatter_copy.o(!!handler_copy)
    !!handler_zi                             0x08000120   Section       28  __scatter_zi.o(!!handler_zi)
    .ARM.Collect$$_printf_percent$$00000000  0x0800013c   Section        2  _printf_percent.o(.ARM.Collect$$_printf_percent$$00000000)
    .ARM.Collect$$_printf_percent$$00000008  0x0800013e   Section       10  _printf_i.o(.ARM.Collect$$_printf_percent$$00000008)
    .ARM.Collect$$_printf_percent$$00000017  0x08000148   Section        4  _printf_percent_end.o(.ARM.Collect$$_printf_percent$$00000017)
    .ARM.Collect$$libinit$$00000000          0x0800014c   Section        2  libinit.o(.ARM.Collect$$libinit$$00000000)
    .ARM.Collect$$libinit$$00000001          0x0800014e   Section        4  libinit2.o(.ARM.Collect$$libinit$$00000001)
    .ARM.Collect$$libinit$$00000008          0x08000152   Section        0  libinit2.o(.ARM.Collect$$libinit$$00000008)
    .ARM.Collect$$libinit$$0000000A          0x08000152   Section        0  libinit2.o(.ARM.Collect$$libinit$$0000000A)
    .ARM.Collect$$libinit$$0000000C          0x08000152   Section        0  libinit2.o(.ARM.Collect$$libinit$$0000000C)
    .ARM.Collect$$libinit$$0000000F          0x08000152   Section        0  libinit2.o(.ARM.Collect$$libinit$$0000000F)
    .ARM.Collect$$libinit$$00000011          0x08000152   Section        0  libinit2.o(.ARM.Collect$$libinit$$00000011)
    .ARM.Collect$$libinit$$00000013          0x08000152   Section        0  libinit2.o(.ARM.Collect$$libinit$$00000013)
    .ARM.Collect$$libinit$$00000015          0x08000152   Section        0  libinit2.o(.ARM.Collect$$libinit$$00000015)
    .ARM.Collect$$libinit$$00000017          0x08000152   Section        0  libinit2.o(.ARM.Collect$$libinit$$00000017)
    .ARM.Collect$$libinit$$00000019          0x08000152   Section        0  libinit2.o(.ARM.Collect$$libinit$$00000019)
    .ARM.Collect$$libinit$$0000001B          0x08000152   Section        0  libinit2.o(.ARM.Collect$$libinit$$0000001B)
    .ARM.Collect$$libinit$$0000001D          0x08000152   Section        0  libinit2.o(.ARM.Collect$$libinit$$0000001D)
    .ARM.Collect$$libinit$$0000001F          0x08000152   Section        0  libinit2.o(.ARM.Collect$$libinit$$0000001F)
    .ARM.Collect$$libinit$$00000021          0x08000152   Section        0  libinit2.o(.ARM.Collect$$libinit$$00000021)
    .ARM.Collect$$libinit$$00000023          0x08000152   Section        0  libinit2.o(.ARM.Collect$$libinit$$00000023)
    .ARM.Collect$$libinit$$0000002A          0x08000152   Section        0  libinit2.o(.ARM.Collect$$libinit$$0000002A)
    .ARM.Collect$$libinit$$0000002C          0x08000152   Section        0  libinit2.o(.ARM.Collect$$libinit$$0000002C)
    .ARM.Collect$$libinit$$0000002E          0x08000152   Section        0  libinit2.o(.ARM.Collect$$libinit$$0000002E)
    .ARM.Collect$$libinit$$00000030          0x08000152   Section        0  libinit2.o(.ARM.Collect$$libinit$$00000030)
    .ARM.Collect$$libinit$$00000031          0x08000152   Section        2  libinit2.o(.ARM.Collect$$libinit$$00000031)
    .ARM.Collect$$libshutdown$$00000000      0x08000154   Section        2  libshutdown.o(.ARM.Collect$$libshutdown$$00000000)
    .ARM.Collect$$libshutdown$$00000003      0x08000156   Section        0  libshutdown2.o(.ARM.Collect$$libshutdown$$00000003)
    .ARM.Collect$$libshutdown$$00000006      0x08000156   Section        0  libshutdown2.o(.ARM.Collect$$libshutdown$$00000006)
    .ARM.Collect$$libshutdown$$00000009      0x08000156   Section        0  libshutdown2.o(.ARM.Collect$$libshutdown$$00000009)
    .ARM.Collect$$libshutdown$$0000000B      0x08000156   Section        0  libshutdown2.o(.ARM.Collect$$libshutdown$$0000000B)
    .ARM.Collect$$libshutdown$$0000000E      0x08000156   Section        0  libshutdown2.o(.ARM.Collect$$libshutdown$$0000000E)
    .ARM.Collect$$libshutdown$$0000000F      0x08000156   Section        2  libshutdown2.o(.ARM.Collect$$libshutdown$$0000000F)
    .ARM.Collect$$rtentry$$00000000          0x08000158   Section        0  rtentry.o(.ARM.Collect$$rtentry$$00000000)
    .ARM.Collect$$rtentry$$00000002          0x08000158   Section        0  rtentry2.o(.ARM.Collect$$rtentry$$00000002)
    .ARM.Collect$$rtentry$$00000004          0x08000158   Section        6  rtentry4.o(.ARM.Collect$$rtentry$$00000004)
    .ARM.Collect$$rtentry$$00000009          0x0800015e   Section        0  rtentry2.o(.ARM.Collect$$rtentry$$00000009)
    .ARM.Collect$$rtentry$$0000000A          0x0800015e   Section        4  rtentry2.o(.ARM.Collect$$rtentry$$0000000A)
    .ARM.Collect$$rtentry$$0000000C          0x08000162   Section        0  rtentry2.o(.ARM.Collect$$rtentry$$0000000C)
    .ARM.Collect$$rtentry$$0000000D          0x08000162   Section        8  rtentry2.o(.ARM.Collect$$rtentry$$0000000D)
    .ARM.Collect$$rtexit$$00000000           0x0800016a   Section        2  rtexit.o(.ARM.Collect$$rtexit$$00000000)
    .ARM.Collect$$rtexit$$00000002           0x0800016c   Section        0  rtexit2.o(.ARM.Collect$$rtexit$$00000002)
    .ARM.Collect$$rtexit$$00000003           0x0800016c   Section        4  rtexit2.o(.ARM.Collect$$rtexit$$00000003)
    .ARM.Collect$$rtexit$$00000004           0x08000170   Section        6  rtexit2.o(.ARM.Collect$$rtexit$$00000004)
    .emb_text                                0x08000178   Section      392  hal_cm1.o(.emb_text)
    .text                                    0x08000300   Section       56  startup_stm32f0xx.o(.text)
    .text                                    0x08000338   Section        8  libspace.o(.text)
    .text                                    0x08000340   Section        2  use_no_semi.o(.text)
    .text                                    0x08000344   Section        0  noretval__2printf.o(.text)
    .text                                    0x08000360   Section        0  _printf_dec.o(.text)
    .text                                    0x080003cc   Section        0  __printf_wp.o(.text)
    .text                                    0x080004dc   Section      346  aeabi_sdiv.o(.text)
    .text                                    0x08000636   Section        0  heapauxi.o(.text)
    .text                                    0x0800063c   Section        0  _printf_intcommon.o(.text)
    .text                                    0x080006ec   Section        0  _printf_char_file.o(.text)
    .text                                    0x08000714   Section        0  rtudiv10.o(.text)
    .text                                    0x0800073c   Section        0  _printf_char_common.o(.text)
    _printf_input_char                       0x0800073d   Thumb Code    10  _printf_char_common.o(.text)
    .text                                    0x0800076c   Section       62  sys_stackheap_outer.o(.text)
    .text                                    0x080007aa   Section        0  exit.o(.text)
    SVC_TABLE                                0x080007b8   Section        4  SVC_Table.o(SVC_TABLE)
    i.GPIO_Configuration_USART2              0x080007bc   Section        0  serial.o(i.GPIO_Configuration_USART2)
    GPIO_Configuration_USART2                0x080007bd   Thumb Code    76  serial.o(i.GPIO_Configuration_USART2)
    i.GPIO_Init                              0x08000808   Section        0  stm32f0xx_gpio.o(i.GPIO_Init)
    i.GPIO_PinAFConfig                       0x08000878   Section        0  stm32f0xx_gpio.o(i.GPIO_PinAFConfig)
    i.NVIC_Configuration                     0x08000898   Section        0  serial.o(i.NVIC_Configuration)
    NVIC_Configuration                       0x08000899   Thumb Code    24  serial.o(i.NVIC_Configuration)
    i.NVIC_Init                              0x080008b0   Section        0  stm32f0xx_misc.o(i.NVIC_Init)
    i.PWR_BackupAccessCmd                    0x08000900   Section        0  stm32f0xx_pwr.o(i.PWR_BackupAccessCmd)
    i.RCC_AHBPeriphClockCmd                  0x0800091c   Section        0  stm32f0xx_rcc.o(i.RCC_AHBPeriphClockCmd)
    i.RCC_APB1PeriphClockCmd                 0x08000938   Section        0  stm32f0xx_rcc.o(i.RCC_APB1PeriphClockCmd)
    i.RCC_GetClocksFreq                      0x08000954   Section        0  stm32f0xx_rcc.o(i.RCC_GetClocksFreq)
    i.RCC_LSICmd                             0x08000a54   Section        0  stm32f0xx_rcc.o(i.RCC_LSICmd)
    i.RCC_RTCCLKCmd                          0x08000a74   Section        0  stm32f0xx_rcc.o(i.RCC_RTCCLKCmd)
    i.RCC_RTCCLKConfig                       0x08000a94   Section        0  stm32f0xx_rcc.o(i.RCC_RTCCLKConfig)
    i.RTC_Bcd2ToByte                         0x08000aa4   Section        0  stm32f0xx_rtc.o(i.RTC_Bcd2ToByte)
    RTC_Bcd2ToByte                           0x08000aa5   Thumb Code    16  stm32f0xx_rtc.o(i.RTC_Bcd2ToByte)
    i.RTC_DateStructInit                     0x08000ab4   Section        0  stm32f0xx_rtc.o(i.RTC_DateStructInit)
    i.RTC_EnterInitMode                      0x08000ac4   Section        0  stm32f0xx_rtc.o(i.RTC_EnterInitMode)
    i.RTC_ExitInitMode                       0x08000b00   Section        0  stm32f0xx_rtc.o(i.RTC_ExitInitMode)
    i.RTC_GetDate                            0x08000b10   Section        0  stm32f0xx_rtc.o(i.RTC_GetDate)
    i.RTC_GetTime                            0x08000b58   Section        0  stm32f0xx_rtc.o(i.RTC_GetTime)
    i.RTC_Init                               0x08000ba4   Section        0  stm32f0xx_rtc.o(i.RTC_Init)
    i.RTC_TimeStructInit                     0x08000bec   Section        0  stm32f0xx_rtc.o(i.RTC_TimeStructInit)
    i.RTC_WaitForSynchro                     0x08000bf8   Section        0  stm32f0xx_rtc.o(i.RTC_WaitForSynchro)
    i.SetSysClock                            0x08000c44   Section        0  system_stm32f0xx.o(i.SetSysClock)
    SetSysClock                              0x08000c45   Thumb Code    80  system_stm32f0xx.o(i.SetSysClock)
    i.SystemInit                             0x08000c9c   Section        0  system_stm32f0xx.o(i.SystemInit)
    i.UART2_Init                             0x08000cfc   Section        0  serial.o(i.UART2_Init)
    UART2_Init                               0x08000cfd   Thumb Code    62  serial.o(i.UART2_Init)
    i.USART2_IRQHandler                      0x08000d44   Section        0  serial.o(i.USART2_IRQHandler)
    i.USART_ClearITPendingBit                0x08000db8   Section        0  stm32f0xx_usart.o(i.USART_ClearITPendingBit)
    i.USART_Cmd                              0x08000dc2   Section        0  stm32f0xx_usart.o(i.USART_Cmd)
    i.USART_GetFlagStatus                    0x08000dda   Section        0  stm32f0xx_usart.o(i.USART_GetFlagStatus)
    i.USART_GetITStatus                      0x08000de8   Section        0  stm32f0xx_usart.o(i.USART_GetITStatus)
    i.USART_ITConfig                         0x08000e24   Section        0  stm32f0xx_usart.o(i.USART_ITConfig)
    i.USART_Init                             0x08000e54   Section        0  stm32f0xx_usart.o(i.USART_Init)
    i.USART_ReceiveData                      0x08000f14   Section        0  stm32f0xx_usart.o(i.USART_ReceiveData)
    i.USART_SendData                         0x08000f1c   Section        0  stm32f0xx_usart.o(i.USART_SendData)
    i._is_digit                              0x08000f24   Section        0  __printf_wp.o(i._is_digit)
    i._mutex_acquire                         0x08000f34   Section        0  rtx_conf_cm.o(i._mutex_acquire)
    __tagsym$$used                           0x08000f35   Number         0  rtx_conf_cm.o(i._mutex_acquire)
    i._mutex_release                         0x08000f54   Section        0  rtx_conf_cm.o(i._mutex_release)
    __tagsym$$used                           0x08000f55   Number         0  rtx_conf_cm.o(i._mutex_release)
    i._sys_exit                              0x08000f70   Section        0  retarget.o(i._sys_exit)
    i.available_fcn                          0x08000f74   Section        0  serial.o(i.available_fcn)
    i.begin_fcn                              0x08000f80   Section        0  serial.o(i.begin_fcn)
    i.ferror                                 0x08000f94   Section        0  retarget.o(i.ferror)
    i.flush_fcn                              0x08000f9c   Section        0  serial.o(i.flush_fcn)
    i.fputc                                  0x08000fb8   Section        0  retarget.o(i.fputc)
    i.main                                   0x08000fc4   Section        0  main.o(i.main)
    i.os_error                               0x08000fdc   Section        0  rtx_conf_cm.o(i.os_error)
    i.os_tick_irqack                         0x08000fde   Section        0  rt_system.o(i.os_tick_irqack)
    i.os_tmr_call                            0x08000fe0   Section        0  rtx_conf_cm.o(i.os_tmr_call)
    i.peek_fcn                               0x08000fe4   Section        0  serial.o(i.peek_fcn)
    i.print_fcn                              0x08000ff8   Section        0  serial.o(i.print_fcn)
    i.print_time_date                        0x0800100c   Section        0  main.o(i.print_time_date)
    i.println_fcn                            0x08001080   Section        0  serial.o(i.println_fcn)
    i.putchar                                0x08001094   Section        0  serial.o(i.putchar)
    i.read_fcn                               0x080010b8   Section        0  serial.o(i.read_fcn)
    i.rt_alloc_box                           0x080010ec   Section        0  rt_membox.o(i.rt_alloc_box)
    i.rt_block                               0x0800110c   Section        0  rt_task.o(i.rt_block)
    i.rt_chk_robin                           0x08001144   Section        0  rt_robin.o(i.rt_chk_robin)
    i.rt_dec_dly                             0x08001188   Section        0  rt_list.o(i.rt_dec_dly)
    i.rt_dispatch                            0x08001200   Section        0  rt_task.o(i.rt_dispatch)
    i.rt_evt_psh                             0x08001240   Section        0  rt_event.o(i.rt_evt_psh)
    i.rt_free_box                            0x0800128c   Section        0  rt_membox.o(i.rt_free_box)
    i.rt_get_first                           0x080012b2   Section        0  rt_list.o(i.rt_get_first)
    i.rt_mbx_psh                             0x080012dc   Section        0  rt_mailbox.o(i.rt_mbx_psh)
    i.rt_mut_release                         0x08001388   Section        0  rt_mutex.o(i.rt_mut_release)
    i.rt_mut_wait                            0x08001430   Section        0  rt_mutex.o(i.rt_mut_wait)
    i.rt_pop_req                             0x0800149c   Section        0  rt_system.o(i.rt_pop_req)
    i.rt_put_dly                             0x0800150c   Section        0  rt_list.o(i.rt_put_dly)
    i.rt_put_prio                            0x0800155c   Section        0  rt_list.o(i.rt_put_prio)
    i.rt_put_rdy_first                       0x08001598   Section        0  rt_list.o(i.rt_put_rdy_first)
    i.rt_resort_prio                         0x080015ac   Section        0  rt_list.o(i.rt_resort_prio)
    i.rt_rmv_dly                             0x080015dc   Section        0  rt_list.o(i.rt_rmv_dly)
    i.rt_rmv_list                            0x08001608   Section        0  rt_list.o(i.rt_rmv_list)
    i.rt_sem_psh                             0x0800163c   Section        0  rt_semaphore.o(i.rt_sem_psh)
    i.rt_stk_check                           0x08001670   Section        0  rt_system.o(i.rt_stk_check)
    i.rt_switch_req                          0x08001698   Section        0  rt_task.o(i.rt_switch_req)
    i.rt_systick                             0x080016a8   Section        0  rt_system.o(i.rt_systick)
    i.rt_tmr_tick                            0x080016e4   Section        0  rt_timer.o(i.rt_tmr_tick)
    i.rt_tsk_self                            0x08001724   Section        0  rt_task.o(i.rt_tsk_self)
    i.setup_rtc                              0x08001734   Section        0  main.o(i.setup_rtc)
    i.write_fcn                              0x08001776   Section        0  serial.o(i.write_fcn)
    .constdata                               0x0800177e   Section        1  rtx_conf_cm.o(.constdata)
    .constdata                               0x08001780   Section        8  rtx_conf_cm.o(.constdata)
    __tagsym$$used                           0x08001780   Number         0  rtx_conf_cm.o(.constdata)
    __tagsym$$used                           0x08001784   Number         0  rtx_conf_cm.o(.constdata)
    .data                                    0x20000000   Section        4  retarget.o(.data)
    .data                                    0x20000004   Section       56  serial.o(.data)
    rcv_buff_full                            0x20000004   Data           1  serial.o(.data)
    nb_rcv_buff_char                         0x20000006   Data           2  serial.o(.data)
    rcv_buff_overload                        0x20000008   Data           2  serial.o(.data)
    pt_rcv_read                              0x2000000c   Data           4  serial.o(.data)
    pt_rcv_write                             0x20000010   Data           4  serial.o(.data)
    USARTx                                   0x20000014   Data           4  serial.o(.data)
    .data                                    0x2000003c   Section       16  stm32f0xx_rcc.o(.data)
    APBAHBPrescTable                         0x2000003c   Data          16  stm32f0xx_rcc.o(.data)
    .data                                    0x2000004c   Section        4  rtx_conf_cm.o(.data)
    .data                                    0x20000050   Section        8  rt_task.o(.data)
    .data                                    0x20000058   Section        4  rt_time.o(.data)
    .data                                    0x2000005c   Section        8  rt_robin.o(.data)
    .data                                    0x20000064   Section        8  rt_timer.o(.data)
    .bss                                     0x2000006c   Section      256  serial.o(.bss)
    rcv_buff                                 0x2000006c   Data         256  serial.o(.bss)
    .bss                                     0x2000016c   Section      132  rtx_conf_cm.o(.bss)
    .bss                                     0x200001f0   Section       48  rt_list.o(.bss)
    .bss                                     0x20000220   Section       96  libspace.o(.bss)
    HEAP                                     0x20000280   Section      512  startup_stm32f0xx.o(HEAP)
    Heap_Mem                                 0x20000280   Data         512  startup_stm32f0xx.o(HEAP)
    STACK                                    0x20000480   Section     1024  startup_stm32f0xx.o(STACK)
    Stack_Mem                                0x20000480   Data        1024  startup_stm32f0xx.o(STACK)
    __initial_sp                             0x20000880   Data           0  startup_stm32f0xx.o(STACK)

    Global Symbols

    Symbol Name                              Value     Ov Type        Size  Object(Section)

    BuildAttributes$$THM_ISAv3M$S$PE$A:L22$X:L11$S22$IEEE1$IW$USESV6$~STKCKD$USESV7$~SHL$OTIME$ROPI$IEEEJ$EBA8$UX$STANDARDLIB$REQ8$PRES8$EABIv2 0x00000000   Number         0  anon$$obj.o ABSOLUTE
    __ARM_use_no_argv                        0x00000000   Number         0  main.o ABSOLUTE
    _printf_flags                            0x00000000   Number         0  printf_stubs.o ABSOLUTE
    _printf_return_value                     0x00000000   Number         0  printf_stubs.o ABSOLUTE
    _printf_sizespec                         0x00000000   Number         0  printf_stubs.o ABSOLUTE
    _printf_widthprec                        0x00000000   Number         0  printf_stubs.o ABSOLUTE
    __ARM_exceptions_init                     - Undefined Weak Reference
    __alloca_initialize                       - Undefined Weak Reference
    __cpp_initialize__aeabi_                  - Undefined Weak Reference
    __cxa_finalize                            - Undefined Weak Reference
    __sigvec_lookup                           - Undefined Weak Reference
    _atexit_init                              - Undefined Weak Reference
    _call_atexit_fns                          - Undefined Weak Reference
    _clock_init                               - Undefined Weak Reference
    _fp_trap_init                             - Undefined Weak Reference
    _fp_trap_shutdown                         - Undefined Weak Reference
    _get_lc_collate                           - Undefined Weak Reference
    _get_lc_ctype                             - Undefined Weak Reference
    _get_lc_monetary                          - Undefined Weak Reference
    _get_lc_time                              - Undefined Weak Reference
    _getenv_init                              - Undefined Weak Reference
    _handle_redirection                       - Undefined Weak Reference
    _init_alloc                               - Undefined Weak Reference
    _init_user_alloc                          - Undefined Weak Reference
    _initio                                   - Undefined Weak Reference
    _printf_mbtowc                            - Undefined Weak Reference
    _printf_post_padding                      - Undefined Weak Reference
    _printf_pre_padding                       - Undefined Weak Reference
    _printf_truncate_signed                   - Undefined Weak Reference
    _printf_truncate_unsigned                 - Undefined Weak Reference
    _rand_init                                - Undefined Weak Reference
    _signal_finish                            - Undefined Weak Reference
    _signal_init                              - Undefined Weak Reference
    _terminate_alloc                          - Undefined Weak Reference
    _terminate_user_alloc                     - Undefined Weak Reference
    _terminateio                              - Undefined Weak Reference
    __Vectors_Size                           0x000000c0   Number         0  startup_stm32f0xx.o ABSOLUTE
    __RL_RTX_VER                             0x00000460   Number         0  rt_system.o ABSOLUTE
    __Vectors                                0x08000000   Data           4  startup_stm32f0xx.o(RESET)
    __Vectors_End                            0x080000c0   Data           0  startup_stm32f0xx.o(RESET)
    __main                                   0x080000c1   Thumb Code     8  __main.o(!!!main)
    __scatterload                            0x080000c9   Thumb Code     0  __scatter.o(!!!scatter)
    __scatterload_rt2                        0x080000c9   Thumb Code    52  __scatter.o(!!!scatter)
    __scatterload_rt2_thumb_only             0x080000c9   Thumb Code     0  __scatter.o(!!!scatter)
    __scatterload_null                       0x080000d9   Thumb Code     0  __scatter.o(!!!scatter)
    __scatterload_copy                       0x08000105   Thumb Code    26  __scatter_copy.o(!!handler_copy)
    __scatterload_zeroinit                   0x08000121   Thumb Code    28  __scatter_zi.o(!!handler_zi)
    _printf_percent                          0x0800013d   Thumb Code     0  _printf_percent.o(.ARM.Collect$$_printf_percent$$00000000)
    _printf_i                                0x0800013f   Thumb Code     0  _printf_i.o(.ARM.Collect$$_printf_percent$$00000008)
    _printf_percent_end                      0x08000149   Thumb Code     0  _printf_percent_end.o(.ARM.Collect$$_printf_percent$$00000017)
    __rt_lib_init                            0x0800014d   Thumb Code     0  libinit.o(.ARM.Collect$$libinit$$00000000)
    __rt_lib_init_fp_1                       0x0800014f   Thumb Code     0  libinit2.o(.ARM.Collect$$libinit$$00000001)
    __rt_lib_init_alloca_1                   0x08000153   Thumb Code     0  libinit2.o(.ARM.Collect$$libinit$$0000002C)
    __rt_lib_init_argv_1                     0x08000153   Thumb Code     0  libinit2.o(.ARM.Collect$$libinit$$0000002A)
    __rt_lib_init_atexit_1                   0x08000153   Thumb Code     0  libinit2.o(.ARM.Collect$$libinit$$00000019)
    __rt_lib_init_clock_1                    0x08000153   Thumb Code     0  libinit2.o(.ARM.Collect$$libinit$$0000001F)
    __rt_lib_init_cpp_1                      0x08000153   Thumb Code     0  libinit2.o(.ARM.Collect$$libinit$$00000030)
    __rt_lib_init_exceptions_1               0x08000153   Thumb Code     0  libinit2.o(.ARM.Collect$$libinit$$0000002E)
    __rt_lib_init_fp_trap_1                  0x08000153   Thumb Code     0  libinit2.o(.ARM.Collect$$libinit$$0000001D)
    __rt_lib_init_getenv_1                   0x08000153   Thumb Code     0  libinit2.o(.ARM.Collect$$libinit$$00000021)
    __rt_lib_init_heap_1                     0x08000153   Thumb Code     0  libinit2.o(.ARM.Collect$$libinit$$00000008)
    __rt_lib_init_lc_collate_1               0x08000153   Thumb Code     0  libinit2.o(.ARM.Collect$$libinit$$0000000F)
    __rt_lib_init_lc_ctype_1                 0x08000153   Thumb Code     0  libinit2.o(.ARM.Collect$$libinit$$00000011)
    __rt_lib_init_lc_monetary_1              0x08000153   Thumb Code     0  libinit2.o(.ARM.Collect$$libinit$$00000013)
    __rt_lib_init_lc_numeric_1               0x08000153   Thumb Code     0  libinit2.o(.ARM.Collect$$libinit$$00000015)
    __rt_lib_init_lc_time_1                  0x08000153   Thumb Code     0  libinit2.o(.ARM.Collect$$libinit$$00000017)
    __rt_lib_init_rand_1                     0x08000153   Thumb Code     0  libinit2.o(.ARM.Collect$$libinit$$0000000C)
    __rt_lib_init_return                     0x08000153   Thumb Code     0  libinit2.o(.ARM.Collect$$libinit$$00000031)
    __rt_lib_init_signal_1                   0x08000153   Thumb Code     0  libinit2.o(.ARM.Collect$$libinit$$0000001B)
    __rt_lib_init_stdio_1                    0x08000153   Thumb Code     0  libinit2.o(.ARM.Collect$$libinit$$00000023)
    __rt_lib_init_user_alloc_1               0x08000153   Thumb Code     0  libinit2.o(.ARM.Collect$$libinit$$0000000A)
    __rt_lib_shutdown                        0x08000155   Thumb Code     0  libshutdown.o(.ARM.Collect$$libshutdown$$00000000)
    __rt_lib_shutdown_fp_trap_1              0x08000157   Thumb Code     0  libshutdown2.o(.ARM.Collect$$libshutdown$$00000006)
    __rt_lib_shutdown_heap_1                 0x08000157   Thumb Code     0  libshutdown2.o(.ARM.Collect$$libshutdown$$0000000E)
    __rt_lib_shutdown_return                 0x08000157   Thumb Code     0  libshutdown2.o(.ARM.Collect$$libshutdown$$0000000F)
    __rt_lib_shutdown_signal_1               0x08000157   Thumb Code     0  libshutdown2.o(.ARM.Collect$$libshutdown$$00000009)
    __rt_lib_shutdown_stdio_1                0x08000157   Thumb Code     0  libshutdown2.o(.ARM.Collect$$libshutdown$$00000003)
    __rt_lib_shutdown_user_alloc_1           0x08000157   Thumb Code     0  libshutdown2.o(.ARM.Collect$$libshutdown$$0000000B)
    __rt_entry                               0x08000159   Thumb Code     0  rtentry.o(.ARM.Collect$$rtentry$$00000000)
    __rt_entry_presh_1                       0x08000159   Thumb Code     0  rtentry2.o(.ARM.Collect$$rtentry$$00000002)
    __rt_entry_sh                            0x08000159   Thumb Code     0  rtentry4.o(.ARM.Collect$$rtentry$$00000004)
    __rt_entry_li                            0x0800015f   Thumb Code     0  rtentry2.o(.ARM.Collect$$rtentry$$0000000A)
    __rt_entry_postsh_1                      0x0800015f   Thumb Code     0  rtentry2.o(.ARM.Collect$$rtentry$$00000009)
    __rt_entry_main                          0x08000163   Thumb Code     0  rtentry2.o(.ARM.Collect$$rtentry$$0000000D)
    __rt_entry_postli_1                      0x08000163   Thumb Code     0  rtentry2.o(.ARM.Collect$$rtentry$$0000000C)
    __rt_exit                                0x0800016b   Thumb Code     0  rtexit.o(.ARM.Collect$$rtexit$$00000000)
    __rt_exit_ls                             0x0800016d   Thumb Code     0  rtexit2.o(.ARM.Collect$$rtexit$$00000003)
    __rt_exit_prels_1                        0x0800016d   Thumb Code     0  rtexit2.o(.ARM.Collect$$rtexit$$00000002)
    __rt_exit_exit                           0x08000171   Thumb Code     0  rtexit2.o(.ARM.Collect$$rtexit$$00000004)
    rt_set_PSP                               0x08000179   Thumb Code     6  hal_cm1.o(.emb_text)
    rt_get_PSP                               0x0800017f   Thumb Code     6  hal_cm1.o(.emb_text)
    os_set_env                               0x08000185   Thumb Code    32  hal_cm1.o(.emb_text)
    _alloc_box                               0x080001a9   Thumb Code    28  hal_cm1.o(.emb_text)
    _free_box                                0x080001c9   Thumb Code    28  hal_cm1.o(.emb_text)
    SVC_Handler                              0x080001e9   Thumb Code   152  hal_cm1.o(.emb_text)
    PendSV_Handler                           0x0800028d   Thumb Code    92  hal_cm1.o(.emb_text)
    SysTick_Handler                          0x080002ed   Thumb Code     8  hal_cm1.o(.emb_text)
    OS_Tick_Handler                          0x080002f5   Thumb Code    12  hal_cm1.o(.emb_text)
    Reset_Handler                            0x08000301   Thumb Code     8  startup_stm32f0xx.o(.text)
    NMI_Handler                              0x08000309   Thumb Code     2  startup_stm32f0xx.o(.text)
    HardFault_Handler                        0x0800030b   Thumb Code     2  startup_stm32f0xx.o(.text)
    ADC1_COMP_IRQHandler                     0x08000313   Thumb Code     0  startup_stm32f0xx.o(.text)
    CEC_IRQHandler                           0x08000313   Thumb Code     0  startup_stm32f0xx.o(.text)
    DMA1_Channel1_IRQHandler                 0x08000313   Thumb Code     0  startup_stm32f0xx.o(.text)
    DMA1_Channel2_3_IRQHandler               0x08000313   Thumb Code     0  startup_stm32f0xx.o(.text)
    DMA1_Channel4_5_IRQHandler               0x08000313   Thumb Code     0  startup_stm32f0xx.o(.text)
    EXTI0_1_IRQHandler                       0x08000313   Thumb Code     0  startup_stm32f0xx.o(.text)
    EXTI2_3_IRQHandler                       0x08000313   Thumb Code     0  startup_stm32f0xx.o(.text)
    EXTI4_15_IRQHandler                      0x08000313   Thumb Code     0  startup_stm32f0xx.o(.text)
    FLASH_IRQHandler                         0x08000313   Thumb Code     0  startup_stm32f0xx.o(.text)
    I2C1_IRQHandler                          0x08000313   Thumb Code     0  startup_stm32f0xx.o(.text)
    I2C2_IRQHandler                          0x08000313   Thumb Code     0  startup_stm32f0xx.o(.text)
    PVD_IRQHandler                           0x08000313   Thumb Code     0  startup_stm32f0xx.o(.text)
    RCC_IRQHandler                           0x08000313   Thumb Code     0  startup_stm32f0xx.o(.text)
    RTC_IRQHandler                           0x08000313   Thumb Code     0  startup_stm32f0xx.o(.text)
    SPI1_IRQHandler                          0x08000313   Thumb Code     0  startup_stm32f0xx.o(.text)
    SPI2_IRQHandler                          0x08000313   Thumb Code     0  startup_stm32f0xx.o(.text)
    TIM14_IRQHandler                         0x08000313   Thumb Code     0  startup_stm32f0xx.o(.text)
    TIM15_IRQHandler                         0x08000313   Thumb Code     0  startup_stm32f0xx.o(.text)
    TIM16_IRQHandler                         0x08000313   Thumb Code     0  startup_stm32f0xx.o(.text)
    TIM17_IRQHandler                         0x08000313   Thumb Code     0  startup_stm32f0xx.o(.text)
    TIM1_BRK_UP_TRG_COM_IRQHandler           0x08000313   Thumb Code     0  startup_stm32f0xx.o(.text)
    TIM1_CC_IRQHandler                       0x08000313   Thumb Code     0  startup_stm32f0xx.o(.text)
    TIM2_IRQHandler                          0x08000313   Thumb Code     0  startup_stm32f0xx.o(.text)
    TIM3_IRQHandler                          0x08000313   Thumb Code     0  startup_stm32f0xx.o(.text)
    TIM6_DAC_IRQHandler                      0x08000313   Thumb Code     0  startup_stm32f0xx.o(.text)
    TS_IRQHandler                            0x08000313   Thumb Code     0  startup_stm32f0xx.o(.text)
    USART1_IRQHandler                        0x08000313   Thumb Code     0  startup_stm32f0xx.o(.text)
    WWDG_IRQHandler                          0x08000313   Thumb Code     0  startup_stm32f0xx.o(.text)
    __user_initial_stackheap                 0x08000315   Thumb Code     0  startup_stm32f0xx.o(.text)
    __user_libspace                          0x08000339   Thumb Code     8  libspace.o(.text)
    __user_perproc_libspace                  0x08000339   Thumb Code     0  libspace.o(.text)
    __I$use$semihosting                      0x08000341   Thumb Code     0  use_no_semi.o(.text)
    __use_no_semihosting_swi                 0x08000341   Thumb Code     2  use_no_semi.o(.text)
    __2printf                                0x08000345   Thumb Code    22  noretval__2printf.o(.text)
    _printf_int_dec                          0x08000361   Thumb Code    90  _printf_dec.o(.text)
    __printf                                 0x080003cd   Thumb Code   272  __printf_wp.o(.text)
    __aeabi_uidiv                            0x080004dd   Thumb Code     0  aeabi_sdiv.o(.text)
    __aeabi_uidivmod                         0x080004dd   Thumb Code    20  aeabi_sdiv.o(.text)
    __aeabi_idiv                             0x080004f1   Thumb Code     0  aeabi_sdiv.o(.text)
    __aeabi_idivmod                          0x080004f1   Thumb Code   326  aeabi_sdiv.o(.text)
    __use_two_region_memory                  0x08000637   Thumb Code     2  heapauxi.o(.text)
    __rt_heap_escrow$2region                 0x08000639   Thumb Code     2  heapauxi.o(.text)
    __rt_heap_expand$2region                 0x0800063b   Thumb Code     2  heapauxi.o(.text)
    _printf_int_common                       0x0800063d   Thumb Code   176  _printf_intcommon.o(.text)
    _printf_char_file                        0x080006ed   Thumb Code    34  _printf_char_file.o(.text)
    __rt_udiv10                              0x08000715   Thumb Code    40  rtudiv10.o(.text)
    _printf_char_common                      0x08000747   Thumb Code    32  _printf_char_common.o(.text)
    __user_setup_stackheap                   0x0800076d   Thumb Code    62  sys_stackheap_outer.o(.text)
    exit                                     0x080007ab   Thumb Code    12  exit.o(.text)
    SVC_Count                                0x080007b8   Data           4  SVC_Table.o(SVC_TABLE)
    SVC_Table                                0x080007bc   Data           0  SVC_Table.o(SVC_TABLE)
    GPIO_Init                                0x08000809   Thumb Code   112  stm32f0xx_gpio.o(i.GPIO_Init)
    GPIO_PinAFConfig                         0x08000879   Thumb Code    32  stm32f0xx_gpio.o(i.GPIO_PinAFConfig)
    NVIC_Init                                0x080008b1   Thumb Code    72  stm32f0xx_misc.o(i.NVIC_Init)
    PWR_BackupAccessCmd                      0x08000901   Thumb Code    24  stm32f0xx_pwr.o(i.PWR_BackupAccessCmd)
    RCC_AHBPeriphClockCmd                    0x0800091d   Thumb Code    22  stm32f0xx_rcc.o(i.RCC_AHBPeriphClockCmd)
    RCC_APB1PeriphClockCmd                   0x08000939   Thumb Code    22  stm32f0xx_rcc.o(i.RCC_APB1PeriphClockCmd)
    RCC_GetClocksFreq                        0x08000955   Thumb Code   232  stm32f0xx_rcc.o(i.RCC_GetClocksFreq)
    RCC_LSICmd                               0x08000a55   Thumb Code    26  stm32f0xx_rcc.o(i.RCC_LSICmd)
    RCC_RTCCLKCmd                            0x08000a75   Thumb Code    26  stm32f0xx_rcc.o(i.RCC_RTCCLKCmd)
    RCC_RTCCLKConfig                         0x08000a95   Thumb Code    10  stm32f0xx_rcc.o(i.RCC_RTCCLKConfig)
    RTC_DateStructInit                       0x08000ab5   Thumb Code    14  stm32f0xx_rtc.o(i.RTC_DateStructInit)
    RTC_EnterInitMode                        0x08000ac5   Thumb Code    54  stm32f0xx_rtc.o(i.RTC_EnterInitMode)
    RTC_ExitInitMode                         0x08000b01   Thumb Code    12  stm32f0xx_rtc.o(i.RTC_ExitInitMode)
    RTC_GetDate                              0x08000b11   Thumb Code    64  stm32f0xx_rtc.o(i.RTC_GetDate)
    RTC_GetTime                              0x08000b59   Thumb Code    68  stm32f0xx_rtc.o(i.RTC_GetTime)
    RTC_Init                                 0x08000ba5   Thumb Code    68  stm32f0xx_rtc.o(i.RTC_Init)
    RTC_TimeStructInit                       0x08000bed   Thumb Code    12  stm32f0xx_rtc.o(i.RTC_TimeStructInit)
    RTC_WaitForSynchro                       0x08000bf9   Thumb Code    70  stm32f0xx_rtc.o(i.RTC_WaitForSynchro)
    SystemInit                               0x08000c9d   Thumb Code    84  system_stm32f0xx.o(i.SystemInit)
    USART2_IRQHandler                        0x08000d45   Thumb Code    96  serial.o(i.USART2_IRQHandler)
    USART_ClearITPendingBit                  0x08000db9   Thumb Code    10  stm32f0xx_usart.o(i.USART_ClearITPendingBit)
    USART_Cmd                                0x08000dc3   Thumb Code    24  stm32f0xx_usart.o(i.USART_Cmd)
    USART_GetFlagStatus                      0x08000ddb   Thumb Code    14  stm32f0xx_usart.o(i.USART_GetFlagStatus)
    USART_GetITStatus                        0x08000de9   Thumb Code    60  stm32f0xx_usart.o(i.USART_GetITStatus)
    USART_ITConfig                           0x08000e25   Thumb Code    46  stm32f0xx_usart.o(i.USART_ITConfig)
    USART_Init                               0x08000e55   Thumb Code   182  stm32f0xx_usart.o(i.USART_Init)
    USART_ReceiveData                        0x08000f15   Thumb Code     8  stm32f0xx_usart.o(i.USART_ReceiveData)
    USART_SendData                           0x08000f1d   Thumb Code     8  stm32f0xx_usart.o(i.USART_SendData)
    _is_digit                                0x08000f25   Thumb Code    14  __printf_wp.o(i._is_digit)
    _mutex_acquire                           0x08000f35   Thumb Code    24  rtx_conf_cm.o(i._mutex_acquire)
    _mutex_release                           0x08000f55   Thumb Code    22  rtx_conf_cm.o(i._mutex_release)
    _sys_exit                                0x08000f71   Thumb Code     2  retarget.o(i._sys_exit)
    available_fcn                            0x08000f75   Thumb Code     6  serial.o(i.available_fcn)
    begin_fcn                                0x08000f81   Thumb Code    16  serial.o(i.begin_fcn)
    ferror                                   0x08000f95   Thumb Code     6  retarget.o(i.ferror)
    flush_fcn                                0x08000f9d   Thumb Code    18  serial.o(i.flush_fcn)
    fputc                                    0x08000fb9   Thumb Code    12  retarget.o(i.fputc)
    main                                     0x08000fc5   Thumb Code    20  main.o(i.main)
    os_error                                 0x08000fdd   Thumb Code     2  rtx_conf_cm.o(i.os_error)
    os_tick_irqack                           0x08000fdf   Thumb Code     2  rt_system.o(i.os_tick_irqack)
    os_tmr_call                              0x08000fe1   Thumb Code     2  rtx_conf_cm.o(i.os_tmr_call)
    peek_fcn                                 0x08000fe5   Thumb Code    16  serial.o(i.peek_fcn)
    print_fcn                                0x08000ff9   Thumb Code    20  serial.o(i.print_fcn)
    print_time_date                          0x0800100d   Thumb Code    68  main.o(i.print_time_date)
    println_fcn                              0x08001081   Thumb Code    20  serial.o(i.println_fcn)
    putchar                                  0x08001095   Thumb Code    32  serial.o(i.putchar)
    read_fcn                                 0x080010b9   Thumb Code    42  serial.o(i.read_fcn)
    rt_alloc_box                             0x080010ed   Thumb Code    30  rt_membox.o(i.rt_alloc_box)
    rt_block                                 0x0800110d   Thumb Code    42  rt_task.o(i.rt_block)
    rt_chk_robin                             0x08001145   Thumb Code    56  rt_robin.o(i.rt_chk_robin)
    rt_dec_dly                               0x08001189   Thumb Code   112  rt_list.o(i.rt_dec_dly)
    rt_dispatch                              0x08001201   Thumb Code    56  rt_task.o(i.rt_dispatch)
    rt_evt_psh                               0x08001241   Thumb Code    70  rt_event.o(i.rt_evt_psh)
    rt_free_box                              0x0800128d   Thumb Code    38  rt_membox.o(i.rt_free_box)
    rt_get_first                             0x080012b3   Thumb Code    42  rt_list.o(i.rt_get_first)
    rt_mbx_psh                               0x080012dd   Thumb Code   168  rt_mailbox.o(i.rt_mbx_psh)
    rt_mut_release                           0x08001389   Thumb Code   158  rt_mutex.o(i.rt_mut_release)
    rt_mut_wait                              0x08001431   Thumb Code   102  rt_mutex.o(i.rt_mut_wait)
    rt_pop_req                               0x0800149d   Thumb Code    98  rt_system.o(i.rt_pop_req)
    rt_put_dly                               0x0800150d   Thumb Code    74  rt_list.o(i.rt_put_dly)
    rt_put_prio                              0x0800155d   Thumb Code    60  rt_list.o(i.rt_put_prio)
    rt_put_rdy_first                         0x08001599   Thumb Code    14  rt_list.o(i.rt_put_rdy_first)
    rt_resort_prio                           0x080015ad   Thumb Code    44  rt_list.o(i.rt_resort_prio)
    rt_rmv_dly                               0x080015dd   Thumb Code    42  rt_list.o(i.rt_rmv_dly)
    rt_rmv_list                              0x08001609   Thumb Code    46  rt_list.o(i.rt_rmv_list)
    rt_sem_psh                               0x0800163d   Thumb Code    46  rt_semaphore.o(i.rt_sem_psh)
    rt_stk_check                             0x08001671   Thumb Code    30  rt_system.o(i.rt_stk_check)
    rt_switch_req                            0x08001699   Thumb Code    10  rt_task.o(i.rt_switch_req)
    rt_systick                               0x080016a9   Thumb Code    46  rt_system.o(i.rt_systick)
    rt_tmr_tick                              0x080016e5   Thumb Code    56  rt_timer.o(i.rt_tmr_tick)
    rt_tsk_self                              0x08001725   Thumb Code    12  rt_task.o(i.rt_tsk_self)
    setup_rtc                                0x08001735   Thumb Code    66  main.o(i.setup_rtc)
    write_fcn                                0x08001777   Thumb Code     8  serial.o(i.write_fcn)
    os_flags                                 0x0800177e   Data           1  rtx_conf_cm.o(.constdata)
    os_clockrate                             0x08001780   Data           4  rtx_conf_cm.o(.constdata)
    os_timernum                              0x08001784   Data           4  rtx_conf_cm.o(.constdata)
    Region$$Table$$Base                      0x08001788   Number         0  anon$$obj.o(Region$$Table)
    Region$$Table$$Limit                     0x080017a8   Number         0  anon$$obj.o(Region$$Table)
    __stdout                                 0x20000000   Data           4  retarget.o(.data)
    Serial                                   0x20000018   Data          36  serial.o(.data)
    m_tmr                                    0x2000004c   Data           4  rtx_conf_cm.o(.data)
    os_tsk                                   0x20000050   Data           8  rt_task.o(.data)
    os_time                                  0x20000058   Data           4  rt_time.o(.data)
    os_robin                                 0x2000005c   Data           8  rt_robin.o(.data)
    os_tmr                                   0x20000064   Data           8  rt_timer.o(.data)
    os_fifo                                  0x2000016c   Data         132  rtx_conf_cm.o(.bss)
    os_rdy                                   0x200001f0   Data          24  rt_list.o(.bss)
    os_dly                                   0x20000208   Data          24  rt_list.o(.bss)
    __libspace_start                         0x20000220   Data          96  libspace.o(.bss)
    __temporary_stack_top$libspace           0x20000280   Data           0  libspace.o(.bss)



==============================================================================

Memory Map of the image

  Image Entry point : 0x080000c1

  Load Region LR_IROM1 (Base: 0x08000000, Size: 0x00001814, Max: 0x00010000, ABSOLUTE)

    Execution Region ER_IROM1 (Base: 0x08000000, Size: 0x000017a8, Max: 0x00010000, ABSOLUTE)

    Base Addr    Size         Type   Attr      Idx    E Section Name        Object

    0x08000000   0x000000c0   Data   RO         3633    RESET               startup_stm32f0xx.o
    0x080000c0   0x00000008   Code   RO         4313  * !!!main             c_p.l(__main.o)
    0x080000c8   0x0000003c   Code   RO         4547    !!!scatter          c_p.l(__scatter.o)
    0x08000104   0x0000001a   Code   RO         4549    !!handler_copy      c_p.l(__scatter_copy.o)
    0x0800011e   0x00000002   PAD
    0x08000120   0x0000001c   Code   RO         4551    !!handler_zi        c_p.l(__scatter_zi.o)
    0x0800013c   0x00000002   Code   RO         4300    .ARM.Collect$$_printf_percent$$00000000  c_p.l(_printf_percent.o)
    0x0800013e   0x0000000a   Code   RO         4297    .ARM.Collect$$_printf_percent$$00000008  c_p.l(_printf_i.o)
    0x08000148   0x00000004   Code   RO         4358    .ARM.Collect$$_printf_percent$$00000017  c_p.l(_printf_percent_end.o)
    0x0800014c   0x00000002   Code   RO         4428    .ARM.Collect$$libinit$$00000000  c_p.l(libinit.o)
    0x0800014e   0x00000004   Code   RO         4429    .ARM.Collect$$libinit$$00000001  c_p.l(libinit2.o)
    0x08000152   0x00000000   Code   RO         4433    .ARM.Collect$$libinit$$00000008  c_p.l(libinit2.o)
    0x08000152   0x00000000   Code   RO         4435    .ARM.Collect$$libinit$$0000000A  c_p.l(libinit2.o)
    0x08000152   0x00000000   Code   RO         4437    .ARM.Collect$$libinit$$0000000C  c_p.l(libinit2.o)
    0x08000152   0x00000000   Code   RO         4440    .ARM.Collect$$libinit$$0000000F  c_p.l(libinit2.o)
    0x08000152   0x00000000   Code   RO         4442    .ARM.Collect$$libinit$$00000011  c_p.l(libinit2.o)
    0x08000152   0x00000000   Code   RO         4444    .ARM.Collect$$libinit$$00000013  c_p.l(libinit2.o)
    0x08000152   0x00000000   Code   RO         4446    .ARM.Collect$$libinit$$00000015  c_p.l(libinit2.o)
    0x08000152   0x00000000   Code   RO         4448    .ARM.Collect$$libinit$$00000017  c_p.l(libinit2.o)
    0x08000152   0x00000000   Code   RO         4450    .ARM.Collect$$libinit$$00000019  c_p.l(libinit2.o)
    0x08000152   0x00000000   Code   RO         4452    .ARM.Collect$$libinit$$0000001B  c_p.l(libinit2.o)
    0x08000152   0x00000000   Code   RO         4454    .ARM.Collect$$libinit$$0000001D  c_p.l(libinit2.o)
    0x08000152   0x00000000   Code   RO         4456    .ARM.Collect$$libinit$$0000001F  c_p.l(libinit2.o)
    0x08000152   0x00000000   Code   RO         4458    .ARM.Collect$$libinit$$00000021  c_p.l(libinit2.o)
    0x08000152   0x00000000   Code   RO         4460    .ARM.Collect$$libinit$$00000023  c_p.l(libinit2.o)
    0x08000152   0x00000000   Code   RO         4464    .ARM.Collect$$libinit$$0000002A  c_p.l(libinit2.o)
    0x08000152   0x00000000   Code   RO         4466    .ARM.Collect$$libinit$$0000002C  c_p.l(libinit2.o)
    0x08000152   0x00000000   Code   RO         4468    .ARM.Collect$$libinit$$0000002E  c_p.l(libinit2.o)
    0x08000152   0x00000000   Code   RO         4470    .ARM.Collect$$libinit$$00000030  c_p.l(libinit2.o)
    0x08000152   0x00000002   Code   RO         4471    .ARM.Collect$$libinit$$00000031  c_p.l(libinit2.o)
    0x08000154   0x00000002   Code   RO         4512    .ARM.Collect$$libshutdown$$00000000  c_p.l(libshutdown.o)
    0x08000156   0x00000000   Code   RO         4532    .ARM.Collect$$libshutdown$$00000003  c_p.l(libshutdown2.o)
    0x08000156   0x00000000   Code   RO         4535    .ARM.Collect$$libshutdown$$00000006  c_p.l(libshutdown2.o)
    0x08000156   0x00000000   Code   RO         4538    .ARM.Collect$$libshutdown$$00000009  c_p.l(libshutdown2.o)
    0x08000156   0x00000000   Code   RO         4540    .ARM.Collect$$libshutdown$$0000000B  c_p.l(libshutdown2.o)
    0x08000156   0x00000000   Code   RO         4543    .ARM.Collect$$libshutdown$$0000000E  c_p.l(libshutdown2.o)
    0x08000156   0x00000002   Code   RO         4544    .ARM.Collect$$libshutdown$$0000000F  c_p.l(libshutdown2.o)
    0x08000158   0x00000000   Code   RO         4345    .ARM.Collect$$rtentry$$00000000  c_p.l(rtentry.o)
    0x08000158   0x00000000   Code   RO         4364    .ARM.Collect$$rtentry$$00000002  c_p.l(rtentry2.o)
    0x08000158   0x00000006   Code   RO         4376    .ARM.Collect$$rtentry$$00000004  c_p.l(rtentry4.o)
    0x0800015e   0x00000000   Code   RO         4366    .ARM.Collect$$rtentry$$00000009  c_p.l(rtentry2.o)
    0x0800015e   0x00000004   Code   RO         4367    .ARM.Collect$$rtentry$$0000000A  c_p.l(rtentry2.o)
    0x08000162   0x00000000   Code   RO         4369    .ARM.Collect$$rtentry$$0000000C  c_p.l(rtentry2.o)
    0x08000162   0x00000008   Code   RO         4370    .ARM.Collect$$rtentry$$0000000D  c_p.l(rtentry2.o)
    0x0800016a   0x00000002   Code   RO         4473    .ARM.Collect$$rtexit$$00000000  c_p.l(rtexit.o)
    0x0800016c   0x00000000   Code   RO         4486    .ARM.Collect$$rtexit$$00000002  c_p.l(rtexit2.o)
    0x0800016c   0x00000004   Code   RO         4487    .ARM.Collect$$rtexit$$00000003  c_p.l(rtexit2.o)
    0x08000170   0x00000006   Code   RO         4488    .ARM.Collect$$rtexit$$00000004  c_p.l(rtexit2.o)
    0x08000176   0x00000002   PAD
    0x08000178   0x00000188   Code   RO         4087    .emb_text           RTX_CM1.LIB(hal_cm1.o)
    0x08000300   0x00000038   Code   RO         3634    .text               startup_stm32f0xx.o
    0x08000338   0x00000008   Code   RO         4261    .text               c_p.l(libspace.o)
    0x08000340   0x00000002   Code   RO         4264    .text               c_p.l(use_no_semi.o)
    0x08000342   0x00000002   PAD
    0x08000344   0x0000001c   Code   RO         4268    .text               c_p.l(noretval__2printf.o)
    0x08000360   0x0000006c   Code   RO         4274    .text               c_p.l(_printf_dec.o)
    0x080003cc   0x00000110   Code   RO         4284    .text               c_p.l(__printf_wp.o)
    0x080004dc   0x0000015a   Code   RO         4307    .text               c_p.l(aeabi_sdiv.o)
    0x08000636   0x00000006   Code   RO         4311    .text               c_p.l(heapauxi.o)
    0x0800063c   0x000000b0   Code   RO         4350    .text               c_p.l(_printf_intcommon.o)
    0x080006ec   0x00000028   Code   RO         4356    .text               c_p.l(_printf_char_file.o)
    0x08000714   0x00000028   Code   RO         4360    .text               c_p.l(rtudiv10.o)
    0x0800073c   0x00000030   Code   RO         4389    .text               c_p.l(_printf_char_common.o)
    0x0800076c   0x0000003e   Code   RO         4410    .text               c_p.l(sys_stackheap_outer.o)
    0x080007aa   0x0000000c   Code   RO         4415    .text               c_p.l(exit.o)
    0x080007b6   0x00000002   PAD
    0x080007b8   0x00000004   Code   RO         4256    SVC_TABLE           RTX_CM1.LIB(SVC_Table.o)
    0x080007bc   0x0000004c   Code   RO          328    i.GPIO_Configuration_USART2  serial.o
    0x08000808   0x00000070   Code   RO         1366    i.GPIO_Init         stm32f0xx_gpio.o
    0x08000878   0x00000020   Code   RO         1367    i.GPIO_PinAFConfig  stm32f0xx_gpio.o
    0x08000898   0x00000018   Code   RO          329    i.NVIC_Configuration  serial.o
    0x080008b0   0x00000050   Code   RO         1767    i.NVIC_Init         stm32f0xx_misc.o
    0x08000900   0x0000001c   Code   RO         1795    i.PWR_BackupAccessCmd  stm32f0xx_pwr.o
    0x0800091c   0x0000001c   Code   RO         1866    i.RCC_AHBPeriphClockCmd  stm32f0xx_rcc.o
    0x08000938   0x0000001c   Code   RO         1868    i.RCC_APB1PeriphClockCmd  stm32f0xx_rcc.o
    0x08000954   0x00000100   Code   RO         1880    i.RCC_GetClocksFreq  stm32f0xx_rcc.o
    0x08000a54   0x00000020   Code   RO         1893    i.RCC_LSICmd        stm32f0xx_rcc.o
    0x08000a74   0x00000020   Code   RO         1899    i.RCC_RTCCLKCmd     stm32f0xx_rcc.o
    0x08000a94   0x00000010   Code   RO         1900    i.RCC_RTCCLKConfig  stm32f0xx_rcc.o
    0x08000aa4   0x00000010   Code   RO         2114    i.RTC_Bcd2ToByte    stm32f0xx_rtc.o
    0x08000ab4   0x0000000e   Code   RO         2121    i.RTC_DateStructInit  stm32f0xx_rtc.o
    0x08000ac2   0x00000002   PAD
    0x08000ac4   0x0000003c   Code   RO         2124    i.RTC_EnterInitMode  stm32f0xx_rtc.o
    0x08000b00   0x00000010   Code   RO         2125    i.RTC_ExitInitMode  stm32f0xx_rtc.o
    0x08000b10   0x00000048   Code   RO         2128    i.RTC_GetDate       stm32f0xx_rtc.o
    0x08000b58   0x0000004c   Code   RO         2133    i.RTC_GetTime       stm32f0xx_rtc.o
    0x08000ba4   0x00000048   Code   RO         2137    i.RTC_Init          stm32f0xx_rtc.o
    0x08000bec   0x0000000c   Code   RO         2156    i.RTC_TimeStructInit  stm32f0xx_rtc.o
    0x08000bf8   0x0000004c   Code   RO         2157    i.RTC_WaitForSynchro  stm32f0xx_rtc.o
    0x08000c44   0x00000058   Code   RO         3599    i.SetSysClock       system_stm32f0xx.o
    0x08000c9c   0x00000060   Code   RO         3601    i.SystemInit        system_stm32f0xx.o
    0x08000cfc   0x00000048   Code   RO          330    i.UART2_Init        serial.o
    0x08000d44   0x00000074   Code   RO          331    i.USART2_IRQHandler  serial.o
    0x08000db8   0x0000000a   Code   RO         3236    i.USART_ClearITPendingBit  stm32f0xx_usart.o
    0x08000dc2   0x00000018   Code   RO         3239    i.USART_Cmd         stm32f0xx_usart.o
    0x08000dda   0x0000000e   Code   RO         3247    i.USART_GetFlagStatus  stm32f0xx_usart.o
    0x08000de8   0x0000003c   Code   RO         3248    i.USART_GetITStatus  stm32f0xx_usart.o
    0x08000e24   0x0000002e   Code   RO         3250    i.USART_ITConfig    stm32f0xx_usart.o
    0x08000e52   0x00000002   PAD
    0x08000e54   0x000000c0   Code   RO         3251    i.USART_Init        stm32f0xx_usart.o
    0x08000f14   0x00000008   Code   RO         3263    i.USART_ReceiveData  stm32f0xx_usart.o
    0x08000f1c   0x00000008   Code   RO         3268    i.USART_SendData    stm32f0xx_usart.o
    0x08000f24   0x0000000e   Code   RO         4286    i._is_digit         c_p.l(__printf_wp.o)
    0x08000f32   0x00000002   PAD
    0x08000f34   0x00000020   Code   RO         3639    i._mutex_acquire    rtx_conf_cm.o
    0x08000f54   0x0000001c   Code   RO         3641    i._mutex_release    rtx_conf_cm.o
    0x08000f70   0x00000002   Code   RO          174    i._sys_exit         retarget.o
    0x08000f72   0x00000002   PAD
    0x08000f74   0x0000000c   Code   RO          332    i.available_fcn     serial.o
    0x08000f80   0x00000014   Code   RO          333    i.begin_fcn         serial.o
    0x08000f94   0x00000006   Code   RO          176    i.ferror            retarget.o
    0x08000f9a   0x00000002   PAD
    0x08000f9c   0x0000001c   Code   RO          334    i.flush_fcn         serial.o
    0x08000fb8   0x0000000c   Code   RO          178    i.fputc             retarget.o
    0x08000fc4   0x00000018   Code   RO            6    i.main              main.o
    0x08000fdc   0x00000002   Code   RO         3642    i.os_error          rtx_conf_cm.o
    0x08000fde   0x00000002   Code   RO         3871    i.os_tick_irqack    RTX_CM1.LIB(rt_system.o)
    0x08000fe0   0x00000002   Code   RO         3644    i.os_tmr_call       rtx_conf_cm.o
    0x08000fe2   0x00000002   PAD
    0x08000fe4   0x00000014   Code   RO          335    i.peek_fcn          serial.o
    0x08000ff8   0x00000014   Code   RO          336    i.print_fcn         serial.o
    0x0800100c   0x00000074   Code   RO            7    i.print_time_date   main.o
    0x08001080   0x00000014   Code   RO          337    i.println_fcn       serial.o
    0x08001094   0x00000024   Code   RO          338    i.putchar           serial.o
    0x080010b8   0x00000034   Code   RO          339    i.read_fcn          serial.o
    0x080010ec   0x0000001e   Code   RO         4055    i.rt_alloc_box      RTX_CM1.LIB(rt_membox.o)
    0x0800110a   0x00000002   PAD
    0x0800110c   0x00000038   Code   RO         3709    i.rt_block          RTX_CM1.LIB(rt_task.o)
    0x08001144   0x00000044   Code   RO         4032    i.rt_chk_robin      RTX_CM1.LIB(rt_robin.o)
    0x08001188   0x00000078   Code   RO         3953    i.rt_dec_dly        RTX_CM1.LIB(rt_list.o)
    0x08001200   0x00000040   Code   RO         3710    i.rt_dispatch       RTX_CM1.LIB(rt_task.o)
    0x08001240   0x0000004c   Code   RO         4106    i.rt_evt_psh        RTX_CM1.LIB(rt_event.o)
    0x0800128c   0x00000026   Code   RO         4056    i.rt_free_box       RTX_CM1.LIB(rt_membox.o)
    0x080012b2   0x0000002a   Code   RO         3954    i.rt_get_first      RTX_CM1.LIB(rt_list.o)
    0x080012dc   0x000000ac   Code   RO         4149    i.rt_mbx_psh        RTX_CM1.LIB(rt_mailbox.o)
    0x08001388   0x000000a8   Code   RO         3846    i.rt_mut_release    RTX_CM1.LIB(rt_mutex.o)
    0x08001430   0x0000006c   Code   RO         3847    i.rt_mut_wait       RTX_CM1.LIB(rt_mutex.o)
    0x0800149c   0x00000070   Code   RO         3872    i.rt_pop_req        RTX_CM1.LIB(rt_system.o)
    0x0800150c   0x00000050   Code   RO         3957    i.rt_put_dly        RTX_CM1.LIB(rt_list.o)
    0x0800155c   0x0000003c   Code   RO         3958    i.rt_put_prio       RTX_CM1.LIB(rt_list.o)
    0x08001598   0x00000014   Code   RO         3959    i.rt_put_rdy_first  RTX_CM1.LIB(rt_list.o)
    0x080015ac   0x00000030   Code   RO         3960    i.rt_resort_prio    RTX_CM1.LIB(rt_list.o)
    0x080015dc   0x0000002a   Code   RO         3961    i.rt_rmv_dly        RTX_CM1.LIB(rt_list.o)
    0x08001606   0x00000002   PAD
    0x08001608   0x00000034   Code   RO         3962    i.rt_rmv_list       RTX_CM1.LIB(rt_list.o)
    0x0800163c   0x00000034   Code   RO         4195    i.rt_sem_psh        RTX_CM1.LIB(rt_semaphore.o)
    0x08001670   0x00000028   Code   RO         3875    i.rt_stk_check      RTX_CM1.LIB(rt_system.o)
    0x08001698   0x00000010   Code   RO         3712    i.rt_switch_req     RTX_CM1.LIB(rt_task.o)
    0x080016a8   0x0000003c   Code   RO         3877    i.rt_systick        RTX_CM1.LIB(rt_system.o)
    0x080016e4   0x00000040   Code   RO         4231    i.rt_tmr_tick       RTX_CM1.LIB(rt_timer.o)
    0x08001724   0x00000010   Code   RO         3718    i.rt_tsk_self       RTX_CM1.LIB(rt_task.o)
    0x08001734   0x00000042   Code   RO            8    i.setup_rtc         main.o
    0x08001776   0x00000008   Code   RO          340    i.write_fcn         serial.o
    0x0800177e   0x00000001   Data   RO         3654    .constdata          rtx_conf_cm.o
    0x0800177f   0x00000001   PAD
    0x08001780   0x00000008   Data   RO         3655    .constdata          rtx_conf_cm.o
    0x08001788   0x00000020   Data   RO         4545    Region$$Table       anon$$obj.o


    Execution Region RW_IRAM1 (Base: 0x20000000, Size: 0x00000880, Max: 0x00002000, ABSOLUTE)

    Base Addr    Size         Type   Attr      Idx    E Section Name        Object

    0x20000000   0x00000004   Data   RW          179    .data               retarget.o
    0x20000004   0x00000038   Data   RW          342    .data               serial.o
    0x2000003c   0x00000010   Data   RW         1904    .data               stm32f0xx_rcc.o
    0x2000004c   0x00000004   Data   RW         3660    .data               rtx_conf_cm.o
    0x20000050   0x00000008   Data   RW         3720    .data               RTX_CM1.LIB(rt_task.o)
    0x20000058   0x00000004   Data   RW         3812    .data               RTX_CM1.LIB(rt_time.o)
    0x2000005c   0x00000008   Data   RW         4034    .data               RTX_CM1.LIB(rt_robin.o)
    0x20000064   0x00000008   Data   RW         4232    .data               RTX_CM1.LIB(rt_timer.o)
    0x2000006c   0x00000100   Zero   RW          341    .bss                serial.o
    0x2000016c   0x00000084   Zero   RW         3647    .bss                rtx_conf_cm.o
    0x200001f0   0x00000030   Zero   RW         3963    .bss                RTX_CM1.LIB(rt_list.o)
    0x20000220   0x00000060   Zero   RW         4262    .bss                c_p.l(libspace.o)
    0x20000280   0x00000200   Zero   RW         3632    HEAP                startup_stm32f0xx.o
    0x20000480   0x00000400   Zero   RW         3631    STACK               startup_stm32f0xx.o


==============================================================================

Image component sizes


      Code (inc. data)   RO Data    RW Data    ZI Data      Debug   Object Name

         0          0          0          0          0       6820   adc.o
       206         52          0          0          0     126077   main.o
        20          0          0          4          0       2977   retarget.o
        64         14          9          4        132       3041   rtx_conf_cm.o
       504         68          0         56        256       6895   serial.o
        56         26        192          0       1536        648   startup_stm32f0xx.o
       144          0          0          0          0       1707   stm32f0xx_gpio.o
        80          8          0          0          0        956   stm32f0xx_misc.o
        28          4          0          0          0        518   stm32f0xx_pwr.o
       392         54          0         16          0       4353   stm32f0xx_rcc.o
       414         36          0          0          0       6109   stm32f0xx_rtc.o
       362         10          0          0          0       6055   stm32f0xx_usart.o
       184         20          0          0          0       1161   system_stm32f0xx.o

    ----------------------------------------------------------------------
      2464        292        234         80       1924     167317   Object Totals
         0          0         32          0          0          0   (incl. Generated)
        10          0          1          0          0          0   (incl. Padding)

    ----------------------------------------------------------------------

      Code (inc. data)   RO Data    RW Data    ZI Data      Debug   Library Member Name

         4          4          0          0          0        136   SVC_Table.o
       392         42          0          0          0        812   hal_cm1.o
        76          6          0          0          0        509   rt_event.o
       464         30          0          0         48       3730   rt_list.o
       172          4          0          0          0        549   rt_mailbox.o
        68          0          0          0          0        921   rt_membox.o
       276         16          0          0          0       1191   rt_mutex.o
        68         12          0          8          0        566   rt_robin.o
        52          6          0          0          0        433   rt_semaphore.o
       214         38          0          0          0       1598   rt_system.o
       152         32          0          8          0       3968   rt_task.o
         0          0          0          4          0        150   rt_time.o
        64          8          0          8          0        575   rt_timer.o
         8          0          0          0          0         68   __main.o
       286          0          0          0          0        136   __printf_wp.o
        60          8          0          0          0          0   __scatter.o
        26          0          0          0          0          0   __scatter_copy.o
        28          0          0          0          0          0   __scatter_zi.o
        48          6          0          0          0         88   _printf_char_common.o
        40          6          0          0          0         72   _printf_char_file.o
       108         18          0          0          0         76   _printf_dec.o
        10          0          0          0          0          0   _printf_i.o
       176          0          0          0          0         80   _printf_intcommon.o
         2          0          0          0          0          0   _printf_percent.o
         4          0          0          0          0          0   _printf_percent_end.o
       346          0          0          0          0         92   aeabi_sdiv.o
        12          0          0          0          0         64   exit.o
         6          0          0          0          0        136   heapauxi.o
         2          0          0          0          0          0   libinit.o
         6          0          0          0          0          0   libinit2.o
         2          0          0          0          0          0   libshutdown.o
         2          0          0          0          0          0   libshutdown2.o
         8          4          0          0         96         68   libspace.o
        28          6          0          0          0         84   noretval__2printf.o
         0          0          0          0          0          0   rtentry.o
        12          0          0          0          0          0   rtentry2.o
         6          0          0          0          0          0   rtentry4.o
         2          0          0          0          0          0   rtexit.o
        10          0          0          0          0          0   rtexit2.o
        40          0          0          0          0         60   rtudiv10.o
        62          0          0          0          0         80   sys_stackheap_outer.o
         2          0          0          0          0         68   use_no_semi.o

    ----------------------------------------------------------------------
      3358        246          0         28        144      16310   Library Totals
        14          0          0          0          0          0   (incl. Padding)

    ----------------------------------------------------------------------

      Code (inc. data)   RO Data    RW Data    ZI Data      Debug   Library Name

      2002        198          0         28         48      15138   RTX_CM1.LIB
      1342         48          0          0         96       1172   c_p.l

    ----------------------------------------------------------------------
      3358        246          0         28        144      16310   Library Totals

    ----------------------------------------------------------------------

==============================================================================


      Code (inc. data)   RO Data    RW Data    ZI Data      Debug   

      5822        538        234        108       2068     179839   Grand Totals
      5822        538        234        108       2068     179839   ELF Image Totals
      5822        538        234        108          0          0   ROM Totals

==============================================================================

    Total RO  Size (Code + RO Data)                 6056 (   5.91kB)
    Total RW  Size (RW Data + ZI Data)              2176 (   2.13kB)
    Total ROM Size (Code + RO Data + RW Data)       6164 (   6.02kB)

==============================================================================

