ARM Linker, 5.02 [Build 28] [MDK-ARM Lite]

==============================================================================

Section Cross References

    main.o(i.assert_failed) refers to _printf_percent.o(.ARM.Collect$$_printf_percent$$00000000) for _printf_percent
    main.o(i.assert_failed) refers to _printf_d.o(.ARM.Collect$$_printf_percent$$00000009) for _printf_d
    main.o(i.assert_failed) refers to _printf_s.o(.ARM.Collect$$_printf_percent$$00000014) for _printf_s
    main.o(i.assert_failed) refers to _printf_dec.o(.text) for _printf_int_dec
    main.o(i.assert_failed) refers to _printf_str.o(.text) for _printf_str
    main.o(i.assert_failed) refers to noretval__2printf.o(.text) for __2printf
    main.o(i.charge_control) refers to interrupted_charging.o(i.interrupted_charging) for interrupted_charging
    main.o(i.charge_control) refers to rt_task.o(i.rt_tsk_create) for rt_tsk_create
    main.o(i.charge_control) refers to main.o(.data) for .data
    main.o(i.charge_control) refers to rt_task.o(i.rt_tsk_delete) for rt_tsk_delete
    main.o(i.get_time_struct) refers to stm32f0xx_rtc.o(i.RTC_TimeStructInit) for RTC_TimeStructInit
    main.o(i.get_time_struct) refers to stm32f0xx_rtc.o(i.RTC_DateStructInit) for RTC_DateStructInit
    main.o(i.get_time_struct) refers to stm32f0xx_rtc.o(i.RTC_GetTime) for RTC_GetTime
    main.o(i.get_time_struct) refers to stm32f0xx_rtc.o(i.RTC_GetDate) for RTC_GetDate
    main.o(i.get_time_struct) refers to mktime.o(.text) for mktime
    main.o(i.get_time_struct) refers to rt_memcpy.o(.emb_text) for __aeabi_memcpy4
    main.o(i.init) refers to adc.o(i.init_adc) for init_adc
    main.o(i.init) refers to noretval__2printf.o(.text) for __2printf
    main.o(i.init) refers to main.o(i.charge_control) for charge_control
    main.o(i.init) refers to rt_task.o(i.rt_tsk_create) for rt_tsk_create
    main.o(i.init) refers to main.o(.data) for .data
    main.o(i.init) refers to rt_task.o(i.rt_tsk_delete) for rt_tsk_delete
    main.o(i.main) refers to main.o(i.setup_rtc) for setup_rtc
    main.o(i.main) refers to hal_cm1.o(.emb_text) for os_set_env
    main.o(i.main) refers to serial.o(.data) for Serial
    main.o(i.main) refers to main.o(i.init) for init
    main.o(i.main) refers to rt_task.o(i.rt_sys_init) for rt_sys_init
    main.o(i.print_time_date) refers to _printf_percent.o(.ARM.Collect$$_printf_percent$$00000000) for _printf_percent
    main.o(i.print_time_date) refers to _printf_i.o(.ARM.Collect$$_printf_percent$$00000008) for _printf_i
    main.o(i.print_time_date) refers to _printf_dec.o(.text) for _printf_int_dec
    main.o(i.print_time_date) refers to stm32f0xx_rtc.o(i.RTC_TimeStructInit) for RTC_TimeStructInit
    main.o(i.print_time_date) refers to stm32f0xx_rtc.o(i.RTC_DateStructInit) for RTC_DateStructInit
    main.o(i.print_time_date) refers to stm32f0xx_rtc.o(i.RTC_GetTime) for RTC_GetTime
    main.o(i.print_time_date) refers to stm32f0xx_rtc.o(i.RTC_GetDate) for RTC_GetDate
    main.o(i.print_time_date) refers to noretval__2printf.o(.text) for __2printf
    main.o(i.setup_rtc) refers to stm32f0xx_rcc.o(i.RCC_APB1PeriphClockCmd) for RCC_APB1PeriphClockCmd
    main.o(i.setup_rtc) refers to stm32f0xx_pwr.o(i.PWR_BackupAccessCmd) for PWR_BackupAccessCmd
    main.o(i.setup_rtc) refers to stm32f0xx_rcc.o(i.RCC_LSICmd) for RCC_LSICmd
    main.o(i.setup_rtc) refers to stm32f0xx_rcc.o(i.RCC_RTCCLKConfig) for RCC_RTCCLKConfig
    main.o(i.setup_rtc) refers to stm32f0xx_rcc.o(i.RCC_RTCCLKCmd) for RCC_RTCCLKCmd
    main.o(i.setup_rtc) refers to stm32f0xx_rtc.o(i.RTC_WaitForSynchro) for RTC_WaitForSynchro
    main.o(i.setup_rtc) refers to stm32f0xx_rtc.o(i.RTC_Init) for RTC_Init
    main.o(i.setup_rtc) refers to main.o(i.print_time_date) for print_time_date
    retarget.o(.emb_text) refers (Special) to use_no_semi.o(.text) for __use_no_semihosting_swi
    retarget.o(i._sys_exit) refers (Special) to use_no_semi.o(.text) for __use_no_semihosting_swi
    retarget.o(i._ttywrch) refers (Special) to use_no_semi.o(.text) for __use_no_semihosting_swi
    retarget.o(i._ttywrch) refers to serial.o(i.write_fcn) for write_fcn
    retarget.o(i.ferror) refers (Special) to use_no_semi.o(.text) for __use_no_semihosting_swi
    retarget.o(i.fgetc) refers (Special) to use_no_semi.o(.text) for __use_no_semihosting_swi
    retarget.o(i.fputc) refers (Special) to use_no_semi.o(.text) for __use_no_semihosting_swi
    retarget.o(i.fputc) refers to serial.o(i.write_fcn) for write_fcn
    retarget.o(.data) refers (Special) to use_no_semi.o(.text) for __use_no_semihosting_swi
    retarget.o(.data) refers (Special) to use_no_semi.o(.text) for __use_no_semihosting_swi
    adc.o(i.adc_test) refers to _printf_percent.o(.ARM.Collect$$_printf_percent$$00000000) for _printf_percent
    adc.o(i.adc_test) refers to _printf_f.o(.ARM.Collect$$_printf_percent$$00000003) for _printf_f
    adc.o(i.adc_test) refers to printf1.o(x$fpl$printf1) for _printf_fp_dec
[...]
    i.ADC_DMACmd                             0x080020ba   Section        0  stm32f0xx_adc.o(i.ADC_DMACmd)
    i.ADC_DMARequestModeConfig               0x080020d2   Section        0  stm32f0xx_adc.o(i.ADC_DMARequestModeConfig)
    i.ADC_DeInit                             0x080020e4   Section        0  stm32f0xx_adc.o(i.ADC_DeInit)
    i.ADC_GetCalibrationFactor               0x08002104   Section        0  stm32f0xx_adc.o(i.ADC_GetCalibrationFactor)
    i.ADC_GetFlagStatus                      0x08002132   Section        0  stm32f0xx_adc.o(i.ADC_GetFlagStatus)
    i.ADC_Init                               0x08002150   Section        0  stm32f0xx_adc.o(i.ADC_Init)
    i.ADC_StartOfConversion                  0x0800217c   Section        0  stm32f0xx_adc.o(i.ADC_StartOfConversion)
    i.ADC_StructInit                         0x08002186   Section        0  stm32f0xx_adc.o(i.ADC_StructInit)
    i.DMA_ClearFlag                          0x08002198   Section        0  stm32f0xx_dma.o(i.DMA_ClearFlag)
    i.DMA_Cmd                                0x080021a4   Section        0  stm32f0xx_dma.o(i.DMA_Cmd)
    i.DMA_DeInit                             0x080021c0   Section        0  stm32f0xx_dma.o(i.DMA_DeInit)
    i.DMA_GetFlagStatus                      0x0800223c   Section        0  stm32f0xx_dma.o(i.DMA_GetFlagStatus)
    i.DMA_Init                               0x08002250   Section        0  stm32f0xx_dma.o(i.DMA_Init)
    i.GPIO_Configuration_USART2              0x0800228c   Section        0  serial.o(i.GPIO_Configuration_USART2)
    GPIO_Configuration_USART2                0x0800228d   Thumb Code    76  serial.o(i.GPIO_Configuration_USART2)
    i.GPIO_Init                              0x080022d8   Section        0  stm32f0xx_gpio.o(i.GPIO_Init)
    i.GPIO_PinAFConfig                       0x08002348   Section        0  stm32f0xx_gpio.o(i.GPIO_PinAFConfig)
    i.GPIO_ResetBits                         0x08002368   Section        0  stm32f0xx_gpio.o(i.GPIO_ResetBits)
    i.GPIO_SetBits                           0x0800236c   Section        0  stm32f0xx_gpio.o(i.GPIO_SetBits)
    i.GPIO_StructInit                        0x08002370   Section        0  stm32f0xx_gpio.o(i.GPIO_StructInit)
    i.NVIC_Configuration                     0x08002388   Section        0  serial.o(i.NVIC_Configuration)
    NVIC_Configuration                       0x08002389   Thumb Code    24  serial.o(i.NVIC_Configuration)
    i.NVIC_Init                              0x080023a0   Section        0  stm32f0xx_misc.o(i.NVIC_Init)
    i.PWR_BackupAccessCmd                    0x080023f0   Section        0  stm32f0xx_pwr.o(i.PWR_BackupAccessCmd)
    i.RCC_AHBPeriphClockCmd                  0x0800240c   Section        0  stm32f0xx_rcc.o(i.RCC_AHBPeriphClockCmd)
    i.RCC_APB1PeriphClockCmd                 0x08002428   Section        0  stm32f0xx_rcc.o(i.RCC_APB1PeriphClockCmd)
    i.RCC_APB2PeriphClockCmd                 0x08002444   Section        0  stm32f0xx_rcc.o(i.RCC_APB2PeriphClockCmd)
    i.RCC_APB2PeriphResetCmd                 0x08002460   Section        0  stm32f0xx_rcc.o(i.RCC_APB2PeriphResetCmd)
    i.RCC_GetClocksFreq                      0x0800247c   Section        0  stm32f0xx_rcc.o(i.RCC_GetClocksFreq)
    i.RCC_LSICmd                             0x0800257c   Section        0  stm32f0xx_rcc.o(i.RCC_LSICmd)
    i.RCC_RTCCLKCmd                          0x0800259c   Section        0  stm32f0xx_rcc.o(i.RCC_RTCCLKCmd)
    i.RCC_RTCCLKConfig                       0x080025bc   Section        0  stm32f0xx_rcc.o(i.RCC_RTCCLKConfig)
    i.RTC_Bcd2ToByte                         0x080025cc   Section        0  stm32f0xx_rtc.o(i.RTC_Bcd2ToByte)
    RTC_Bcd2ToByte                           0x080025cd   Thumb Code    16  stm32f0xx_rtc.o(i.RTC_Bcd2ToByte)
    i.RTC_DateStructInit                     0x080025dc   Section        0  stm32f0xx_rtc.o(i.RTC_DateStructInit)
    i.RTC_EnterInitMode                      0x080025ec   Section        0  stm32f0xx_rtc.o(i.RTC_EnterInitMode)
    i.RTC_ExitInitMode                       0x08002628   Section        0  stm32f0xx_rtc.o(i.RTC_ExitInitMode)
    i.RTC_GetDate                            0x08002638   Section        0  stm32f0xx_rtc.o(i.RTC_GetDate)
    i.RTC_GetTime                            0x08002680   Section        0  stm32f0xx_rtc.o(i.RTC_GetTime)
    i.RTC_Init                               0x080026cc   Section        0  stm32f0xx_rtc.o(i.RTC_Init)
    i.RTC_TimeStructInit                     0x08002714   Section        0  stm32f0xx_rtc.o(i.RTC_TimeStructInit)
    i.RTC_WaitForSynchro                     0x08002720   Section        0  stm32f0xx_rtc.o(i.RTC_WaitForSynchro)
    i.SetSysClock                            0x0800276c   Section        0  system_stm32f0xx.o(i.SetSysClock)
    SetSysClock                              0x0800276d   Thumb Code    80  system_stm32f0xx.o(i.SetSysClock)
    i.SystemInit                             0x080027c4   Section        0  system_stm32f0xx.o(i.SystemInit)
    i.TIM_Cmd                                0x08002824   Section        0  stm32f0xx_tim.o(i.TIM_Cmd)
    i.TIM_Config                             0x0800283c   Section        0  pwm.o(i.TIM_Config)
    i.TIM_CtrlPWMOutputs                     0x08002898   Section        0  stm32f0xx_tim.o(i.TIM_CtrlPWMOutputs)
    i.TIM_OC1Init                            0x080028b4   Section        0  stm32f0xx_tim.o(i.TIM_OC1Init)
    i.TIM_TimeBaseInit                       0x08002938   Section        0  stm32f0xx_tim.o(i.TIM_TimeBaseInit)
    i.UART2_Init                             0x080029ac   Section        0  serial.o(i.UART2_Init)
    UART2_Init                               0x080029ad   Thumb Code    62  serial.o(i.UART2_Init)
    i.USART2_IRQHandler                      0x080029f4   Section        0  serial.o(i.USART2_IRQHandler)
    i.USART_ClearITPendingBit                0x08002a68   Section        0  stm32f0xx_usart.o(i.USART_ClearITPendingBit)
    i.USART_Cmd                              0x08002a72   Section        0  stm32f0xx_usart.o(i.USART_Cmd)
    i.USART_GetFlagStatus                    0x08002a8a   Section        0  stm32f0xx_usart.o(i.USART_GetFlagStatus)
    i.USART_GetITStatus                      0x08002a98   Section        0  stm32f0xx_usart.o(i.USART_GetITStatus)
    i.USART_ITConfig                         0x08002ad4   Section        0  stm32f0xx_usart.o(i.USART_ITConfig)
    i.USART_Init                             0x08002b04   Section        0  stm32f0xx_usart.o(i.USART_Init)
    i.USART_ReceiveData                      0x08002bc4   Section        0  stm32f0xx_usart.o(i.USART_ReceiveData)
    i.USART_SendData                         0x08002bcc   Section        0  stm32f0xx_usart.o(i.USART_SendData)
    i.__ARM_common_ll_muluu                  0x08002bd4   Section        0  btod.o(i.__ARM_common_ll_muluu)
    i.__ARM_common_switch8                   0x08002c04   Section        0  interrupted_charging.o(i.__ARM_common_switch8)
    i.__ARM_fpclassify                       0x08002c20   Section        0  fpclassify.o(i.__ARM_fpclassify)
    i._init_box                              0x08002c4c   Section        0  rt_membox.o(i._init_box)
    i._is_digit                              0x08002c94   Section        0  __printf_wp.o(i._is_digit)
    i._mutex_acquire                         0x08002ca4   Section        0  rtx_conf_cm.o(i._mutex_acquire)
    __tagsym$$used                           0x08002ca5   Number         0  rtx_conf_cm.o(i._mutex_acquire)
    i._mutex_release                         0x08002cc4   Section        0  rtx_conf_cm.o(i._mutex_release)
    __tagsym$$used                           0x08002cc5   Number         0  rtx_conf_cm.o(i._mutex_release)
    i._sys_exit                              0x08002ce0   Section        0  retarget.o(i._sys_exit)
    i.available_fcn                          0x08002ce4   Section        0  serial.o(i.available_fcn)
    i.begin_fcn                              0x08002cf0   Section        0  serial.o(i.begin_fcn)
    i.charge_control                         0x08002d04   Section        0  main.o(i.charge_control)
    i.ferror                                 0x08002d30   Section        0  retarget.o(i.ferror)
    i.flush_fcn                              0x08002d38   Section        0  serial.o(i.flush_fcn)
    i.fputc                                  0x08002d54   Section        0  retarget.o(i.fputc)
    i.get_adc_voltage                        0x08002d60   Section        0  adc.o(i.get_adc_voltage)
    i.init                                   0x08002e50   Section        0  main.o(i.init)
    i.init_adc                               0x08002ea8   Section        0  adc.o(i.init_adc)
    i.init_hardware                          0x08002fb4   Section        0  interrupted_charging.o(i.init_hardware)
    i.init_pwm                               0x08002ff8   Section        0  pwm.o(i.init_pwm)
    i.interrupted_charging                   0x080030a8   Section        0  interrupted_charging.o(i.interrupted_charging)
    i.main                                   0x080032cc   Section        0  main.o(i.main)
    i.os_error                               0x080032f8   Section        0  rtx_conf_cm.o(i.os_error)
    i.os_idle_demon                          0x080032fa   Section        0  rtx_conf_cm.o(i.os_idle_demon)
    i.os_tick_init                           0x080032fc   Section        0  rt_system.o(i.os_tick_init)
    i.os_tick_irqack                         0x08003328   Section        0  rt_system.o(i.os_tick_irqack)
    i.os_tmr_call                            0x0800332a   Section        0  rtx_conf_cm.o(i.os_tmr_call)
    i.peek_fcn                               0x0800332c   Section        0  serial.o(i.peek_fcn)
    i.perturb_and_observe_itter              0x08003340   Section        0  perturb_and_observe.o(i.perturb_and_observe_itter)
    i.print_fcn                              0x08003454   Section        0  serial.o(i.print_fcn)
    i.print_time_date                        0x08003468   Section        0  main.o(i.print_time_date)
    i.println_fcn                            0x080034dc   Section        0  serial.o(i.println_fcn)
    i.putchar                                0x080034f0   Section        0  serial.o(i.putchar)
    i.read_fcn                               0x08003514   Section        0  serial.o(i.read_fcn)
    i.rt_alloc_box                           0x08003548   Section        0  rt_membox.o(i.rt_alloc_box)
    i.rt_block                               0x08003568   Section        0  rt_task.o(i.rt_block)
    i.rt_chk_robin                           0x080035a0   Section        0  rt_robin.o(i.rt_chk_robin)
    i.rt_dec_dly                             0x080035e4   Section        0  rt_list.o(i.rt_dec_dly)
    i.rt_dispatch                            0x0800365c   Section        0  rt_task.o(i.rt_dispatch)
    i.rt_dly_wait                            0x0800369c   Section        0  rt_time.o(i.rt_dly_wait)
    i.rt_evt_psh                             0x080036a8   Section        0  rt_event.o(i.rt_evt_psh)
    i.rt_free_box                            0x080036f4   Section        0  rt_membox.o(i.rt_free_box)
    i.rt_get_first                           0x0800371a   Section        0  rt_list.o(i.rt_get_first)
    i.rt_init_context                        0x08003744   Section        0  rt_task.o(i.rt_init_context)
    rt_init_context                          0x08003745   Thumb Code    64  rt_task.o(i.rt_init_context)
    i.rt_init_robin                          0x08003788   Section        0  rt_robin.o(i.rt_init_robin)
    i.rt_init_stack                          0x080037a0   Section        0  hal_cm1.o(i.rt_init_stack)
    i.rt_mbx_psh                             0x080037ec   Section        0  rt_mailbox.o(i.rt_mbx_psh)
    i.rt_mut_release                         0x08003898   Section        0  rt_mutex.o(i.rt_mut_release)
    i.rt_mut_wait                            0x08003940   Section        0  rt_mutex.o(i.rt_mut_wait)
    i.rt_pop_req                             0x080039ac   Section        0  rt_system.o(i.rt_pop_req)
    i.rt_put_dly                             0x08003a1c   Section        0  rt_list.o(i.rt_put_dly)
    i.rt_put_prio                            0x08003a6c   Section        0  rt_list.o(i.rt_put_prio)
    i.rt_put_rdy_first                       0x08003aa8   Section        0  rt_list.o(i.rt_put_rdy_first)
    i.rt_resort_prio                         0x08003abc   Section        0  rt_list.o(i.rt_resort_prio)
    i.rt_rmv_dly                             0x08003aec   Section        0  rt_list.o(i.rt_rmv_dly)
    i.rt_rmv_list                            0x08003b18   Section        0  rt_list.o(i.rt_rmv_list)
    i.rt_sem_psh                             0x08003b4c   Section        0  rt_semaphore.o(i.rt_sem_psh)
    i.rt_stk_check                           0x08003b80   Section        0  rt_system.o(i.rt_stk_check)
    i.rt_switch_req                          0x08003ba8   Section        0  rt_task.o(i.rt_switch_req)
    i.rt_sys_init                            0x08003bb8   Section        0  rt_task.o(i.rt_sys_init)
    i.rt_systick                             0x08003cf0   Section        0  rt_system.o(i.rt_systick)
    i.rt_tmr_tick                            0x08003d2c   Section        0  rt_timer.o(i.rt_tmr_tick)
    i.rt_tsk_create                          0x08003d6c   Section        0  rt_task.o(i.rt_tsk_create)
    i.rt_tsk_delete                          0x08003de8   Section        0  rt_task.o(i.rt_tsk_delete)
    i.rt_tsk_self                            0x08003e84   Section        0  rt_task.o(i.rt_tsk_self)
    i.set_duty_cycle                         0x08003e94   Section        0  pwm.o(i.set_duty_cycle)
    i.setup_rtc                              0x08003eec   Section        0  main.o(i.setup_rtc)
    i.write_fcn                              0x08003f2e   Section        0  serial.o(i.write_fcn)
    locale$$code                             0x08003f38   Section       44  lc_numeric_c.o(locale$$code)
    x$fpl$fadd                               0x08003f64   Section      140  faddsub.o(x$fpl$fadd)
    _fadd1                                   0x08003f71   Thumb Code     0  faddsub.o(x$fpl$fadd)
    x$fpl$fmul                               0x08003ff0   Section      176  fmul.o(x$fpl$fmul)
    x$fpl$frleqf                             0x080040a0   Section       88  frlef.o(x$fpl$frleqf)
    x$fpl$fsub                               0x080040f8   Section      208  faddsub.o(x$fpl$fsub)
    _fsub1                                   0x08004105   Thumb Code     0  faddsub.o(x$fpl$fsub)
    x$fpl$printf1                            0x080041c8   Section       16  printf1.o(x$fpl$printf1)
    .constdata                               0x080041d8   Section       84  interrupted_charging.o(.constdata)
    x$fpl$usenofp                            0x080041d8   Section        0  usenofp.o(x$fpl$usenofp)
    .constdata                               0x0800422c   Section        2  rtx_conf_cm.o(.constdata)
    .constdata                               0x08004230   Section        4  rtx_conf_cm.o(.constdata)
    .constdata                               0x08004234   Section        4  rtx_conf_cm.o(.constdata)
    .constdata                               0x08004238   Section        4  rtx_conf_cm.o(.constdata)
    .constdata                               0x0800423c   Section        1  rtx_conf_cm.o(.constdata)
    .constdata                               0x08004240   Section        8  rtx_conf_cm.o(.constdata)
    __tagsym$$used                           0x08004240   Number         0  rtx_conf_cm.o(.constdata)
    __tagsym$$used                           0x08004244   Number         0  rtx_conf_cm.o(.constdata)
    .constdata                               0x08004248   Section        2  rtx_conf_cm.o(.constdata)
    .constdata                               0x0800424c   Section        4  rtx_conf_cm.o(.constdata)
    .constdata                               0x08004250   Section        1  rtx_conf_cm.o(.constdata)
    .constdata                               0x08004252   Section        2  rtx_conf_cm.o(.constdata)
    .constdata                               0x08004254   Section      128  ddiv.o(.constdata)
    ddiv_reciptbl                            0x08004254   Data         128  ddiv.o(.constdata)
    .constdata                               0x080042d4   Section       64  fdiv.o(.constdata)
    fdiv_tab                                 0x080042d4   Data          64  fdiv.o(.constdata)
    .constdata                               0x08004314   Section      148  bigflt0.o(.constdata)
    tenpwrs_x                                0x08004314   Data          60  bigflt0.o(.constdata)
    tenpwrs_i                                0x08004350   Data          64  bigflt0.o(.constdata)
    locale$$data                             0x080043c8   Section       28  lc_numeric_c.o(locale$$data)
    __lcnum_c_name                           0x080043cc   Data           2  lc_numeric_c.o(locale$$data)
    __lcnum_c_start                          0x080043d4   Data           0  lc_numeric_c.o(locale$$data)
    __lcnum_c_point                          0x080043e0   Data           0  lc_numeric_c.o(locale$$data)
    __lcnum_c_thousands                      0x080043e2   Data           0  lc_numeric_c.o(locale$$data)
    __lcnum_c_grouping                       0x080043e3   Data           0  lc_numeric_c.o(locale$$data)
    __lcnum_c_end                            0x080043e4   Data           0  lc_numeric_c.o(locale$$data)
    .data                                    0x20000000   Section        8  main.o(.data)
    .data                                    0x20000008   Section        4  retarget.o(.data)
    .data                                    0x2000000c   Section        8  adc.o(.data)
    .data                                    0x20000014   Section       12  perturb_and_observe.o(.data)
    duty_cycle                               0x20000014   Data           4  perturb_and_observe.o(.data)
    p_panel_delay                            0x20000018   Data           4  perturb_and_observe.o(.data)
    v_panel_delay                            0x2000001c   Data           4  perturb_and_observe.o(.data)
    .data                                    0x20000020   Section        2  pwm.o(.data)
    .data                                    0x20000024   Section       56  serial.o(.data)
    rcv_buff_full                            0x20000024   Data           1  serial.o(.data)
    nb_rcv_buff_char                         0x20000026   Data           2  serial.o(.data)
    rcv_buff_overload                        0x20000028   Data           2  serial.o(.data)
    pt_rcv_read                              0x2000002c   Data           4  serial.o(.data)
    pt_rcv_write                             0x20000030   Data           4  serial.o(.data)
    USARTx                                   0x20000034   Data           4  serial.o(.data)
    .data                                    0x2000005c   Section        4  interrupted_charging.o(.data)
    .data                                    0x20000060   Section       16  stm32f0xx_rcc.o(.data)
    APBAHBPrescTable                         0x20000060   Data          16  stm32f0xx_rcc.o(.data)
    .data                                    0x20000070   Section       20  system_stm32f0xx.o(.data)
    .data                                    0x20000084   Section        4  rtx_conf_cm.o(.data)
    .data                                    0x20000088   Section        8  rt_task.o(.data)
    .data                                    0x20000090   Section        4  rt_time.o(.data)
    .data                                    0x20000094   Section        8  rt_system.o(.data)
    os_lock                                  0x20000094   Data           1  rt_system.o(.data)
    os_psh_flag                              0x20000095   Data           1  rt_system.o(.data)
    pend_flags                               0x20000096   Data           1  rt_system.o(.data)
    .data                                    0x2000009c   Section        8  rt_robin.o(.data)
    .data                                    0x200000a4   Section        8  rt_timer.o(.data)
    .bss                                     0x200000ac   Section       32  pwm.o(.bss)
    .bss                                     0x200000cc   Section      256  serial.o(.bss)
    rcv_buff                                 0x200000cc   Data         256  serial.o(.bss)
    .bss                                     0x200001cc   Section      156  rtx_conf_cm.o(.bss)
    .bss                                     0x20000268   Section     3216  rtx_conf_cm.o(.bss)
    .bss                                     0x20000ef8   Section      132  rtx_conf_cm.o(.bss)
    .bss                                     0x20000f7c   Section       12  rtx_conf_cm.o(.bss)
    .bss                                     0x20000f88   Section       48  rt_task.o(.bss)
    .bss                                     0x20000fb8   Section       48  rt_list.o(.bss)
    .bss                                     0x20000fe8   Section       96  libspace.o(.bss)
    HEAP                                     0x20001048   Section      512  startup_stm32f0xx.o(HEAP)
    Heap_Mem                                 0x20001048   Data         512  startup_stm32f0xx.o(HEAP)
    STACK                                    0x20001248   Section     1024  startup_stm32f0xx.o(STACK)
    Stack_Mem                                0x20001248   Data        1024  startup_stm32f0xx.o(STACK)
    __initial_sp                             0x20001648   Data           0  startup_stm32f0xx.o(STACK)

    Global Symbols

    Symbol Name                              Value     Ov Type        Size  Object(Section)

    BuildAttributes$$THM_ISAv3M$S$PE$A:L22$X:L11$S22$IEEE1$IW$USESV6$~STKCKD$USESV7$~SHL$OTIME$ROPI$IEEEJ$EBA8$UX$STANDARDLIB$REQ8$PRES8$EABIv2 0x00000000   Number         0  anon$$obj.o ABSOLUTE
    __ARM_use_no_argv                        0x00000000   Number         0  main.o ABSOLUTE
    _printf_flags                            0x00000000   Number         0  printf_stubs.o ABSOLUTE
    _printf_return_value                     0x00000000   Number         0  printf_stubs.o ABSOLUTE
    _printf_sizespec                         0x00000000   Number         0  printf_stubs.o ABSOLUTE
    _printf_widthprec                        0x00000000   Number         0  printf_stubs.o ABSOLUTE
    __ARM_exceptions_init                     - Undefined Weak Reference
    __alloca_initialize                       - Undefined Weak Reference
    __cpp_initialize__aeabi_                  - Undefined Weak Reference
    __cxa_finalize                            - Undefined Weak Reference
    __sigvec_lookup                           - Undefined Weak Reference
    _atexit_init                              - Undefined Weak Reference
    _call_atexit_fns                          - Undefined Weak Reference
    _clock_init                               - Undefined Weak Reference
    _fp_trap_init                             - Undefined Weak Reference
    _fp_trap_shutdown                         - Undefined Weak Reference
    _get_lc_collate                           - Undefined Weak Reference
    _get_lc_ctype                             - Undefined Weak Reference
    _get_lc_monetary                          - Undefined Weak Reference
    _get_lc_time                              - Undefined Weak Reference
    _getenv_init                              - Undefined Weak Reference
    _handle_redirection                       - Undefined Weak Reference
    _init_alloc                               - Undefined Weak Reference
    _init_user_alloc                          - Undefined Weak Reference
    _initio                                   - Undefined Weak Reference
    _printf_mbtowc                            - Undefined Weak Reference
    _printf_post_padding                      - Undefined Weak Reference
    _printf_pre_padding                       - Undefined Weak Reference
    _printf_truncate_signed                   - Undefined Weak Reference
    _printf_truncate_unsigned                 - Undefined Weak Reference
    _rand_init                                - Undefined Weak Reference
    _signal_finish                            - Undefined Weak Reference
    _signal_init                              - Undefined Weak Reference
    _terminate_alloc                          - Undefined Weak Reference
    _terminate_user_alloc                     - Undefined Weak Reference
    _terminateio                              - Undefined Weak Reference
    __Vectors_Size                           0x000000c0   Number         0  startup_stm32f0xx.o ABSOLUTE
    __RL_RTX_VER                             0x00000460   Number         0  rt_system.o ABSOLUTE
    __Vectors                                0x08000000   Data           4  startup_stm32f0xx.o(RESET)
    __Vectors_End                            0x080000c0   Data           0  startup_stm32f0xx.o(RESET)
    __main                                   0x080000c1   Thumb Code     8  __main.o(!!!main)
    __scatterload                            0x080000c9   Thumb Code     0  __scatter.o(!!!scatter)
    __scatterload_rt2                        0x080000c9   Thumb Code    52  __scatter.o(!!!scatter)
    __scatterload_rt2_thumb_only             0x080000c9   Thumb Code     0  __scatter.o(!!!scatter)
    __scatterload_null                       0x080000d9   Thumb Code     0  __scatter.o(!!!scatter)
    __scatterload_copy                       0x08000105   Thumb Code    26  __scatter_copy.o(!!handler_copy)
    __scatterload_zeroinit                   0x08000121   Thumb Code    28  __scatter_zi.o(!!handler_zi)
    _printf_percent                          0x0800013d   Thumb Code     0  _printf_percent.o(.ARM.Collect$$_printf_percent$$00000000)
    _printf_f                                0x0800013f   Thumb Code     0  _printf_f.o(.ARM.Collect$$_printf_percent$$00000003)
    _printf_i                                0x08000149   Thumb Code     0  _printf_i.o(.ARM.Collect$$_printf_percent$$00000008)
    _printf_percent_end                      0x08000153   Thumb Code     0  _printf_percent_end.o(.ARM.Collect$$_printf_percent$$00000017)
    __rt_lib_init                            0x08000157   Thumb Code     0  libinit.o(.ARM.Collect$$libinit$$00000000)
    __rt_lib_init_fp_1                       0x08000159   Thumb Code     0  libinit2.o(.ARM.Collect$$libinit$$00000001)
    __rt_lib_init_heap_1                     0x0800015d   Thumb Code     0  libinit2.o(.ARM.Collect$$libinit$$00000008)
    __rt_lib_init_lc_common                  0x0800015d   Thumb Code     0  libinit2.o(.ARM.Collect$$libinit$$0000000D)
    __rt_lib_init_rand_1                     0x0800015d   Thumb Code     0  libinit2.o(.ARM.Collect$$libinit$$0000000C)
    __rt_lib_init_user_alloc_1               0x0800015d   Thumb Code     0  libinit2.o(.ARM.Collect$$libinit$$0000000A)
    __rt_lib_init_lc_collate_1               0x08000163   Thumb Code     0  libinit2.o(.ARM.Collect$$libinit$$0000000F)
    __rt_lib_init_lc_ctype_1                 0x08000163   Thumb Code     0  libinit2.o(.ARM.Collect$$libinit$$00000011)
    __rt_lib_init_lc_monetary_1              0x08000163   Thumb Code     0  libinit2.o(.ARM.Collect$$libinit$$00000013)
    __rt_lib_init_lc_numeric_2               0x08000163   Thumb Code     0  libinit2.o(.ARM.Collect$$libinit$$00000014)
    __rt_lib_init_alloca_1                   0x0800016d   Thumb Code     0  libinit2.o(.ARM.Collect$$libinit$$0000002C)
    __rt_lib_init_argv_1                     0x0800016d   Thumb Code     0  libinit2.o(.ARM.Collect$$libinit$$0000002A)
    __rt_lib_init_atexit_1                   0x0800016d   Thumb Code     0  libinit2.o(.ARM.Collect$$libinit$$00000019)
    __rt_lib_init_clock_1                    0x0800016d   Thumb Code     0  libinit2.o(.ARM.Collect$$libinit$$0000001F)
    __rt_lib_init_cpp_1                      0x0800016d   Thumb Code     0  libinit2.o(.ARM.Collect$$libinit$$00000030)
    __rt_lib_init_exceptions_1               0x0800016d   Thumb Code     0  libinit2.o(.ARM.Collect$$libinit$$0000002E)
    __rt_lib_init_fp_trap_1                  0x0800016d   Thumb Code     0  libinit2.o(.ARM.Collect$$libinit$$0000001D)
    __rt_lib_init_getenv_1                   0x0800016d   Thumb Code     0  libinit2.o(.ARM.Collect$$libinit$$00000021)
    __rt_lib_init_lc_numeric_1               0x0800016d   Thumb Code     0  libinit2.o(.ARM.Collect$$libinit$$00000015)
    __rt_lib_init_lc_time_1                  0x0800016d   Thumb Code     0  libinit2.o(.ARM.Collect$$libinit$$00000017)
    __rt_lib_init_return                     0x0800016d   Thumb Code     0  libinit2.o(.ARM.Collect$$libinit$$00000031)
    __rt_lib_init_signal_1                   0x0800016d   Thumb Code     0  libinit2.o(.ARM.Collect$$libinit$$0000001B)
    __rt_lib_init_stdio_1                    0x0800016d   Thumb Code     0  libinit2.o(.ARM.Collect$$libinit$$00000023)
    __rt_lib_shutdown                        0x0800016f   Thumb Code     0  libshutdown.o(.ARM.Collect$$libshutdown$$00000000)
    __rt_lib_shutdown_fp_trap_1              0x08000171   Thumb Code     0  libshutdown2.o(.ARM.Collect$$libshutdown$$00000006)
    __rt_lib_shutdown_heap_1                 0x08000171   Thumb Code     0  libshutdown2.o(.ARM.Collect$$libshutdown$$0000000E)
    __rt_lib_shutdown_return                 0x08000171   Thumb Code     0  libshutdown2.o(.ARM.Collect$$libshutdown$$0000000F)
    __rt_lib_shutdown_signal_1               0x08000171   Thumb Code     0  libshutdown2.o(.ARM.Collect$$libshutdown$$00000009)
    __rt_lib_shutdown_stdio_1                0x08000171   Thumb Code     0  libshutdown2.o(.ARM.Collect$$libshutdown$$00000003)
    __rt_lib_shutdown_user_alloc_1           0x08000171   Thumb Code     0  libshutdown2.o(.ARM.Collect$$libshutdown$$0000000B)
    __rt_entry                               0x08000173   Thumb Code     0  rtentry.o(.ARM.Collect$$rtentry$$00000000)
    __rt_entry_presh_1                       0x08000173   Thumb Code     0  rtentry2.o(.ARM.Collect$$rtentry$$00000002)
    __rt_entry_sh                            0x08000173   Thumb Code     0  rtentry4.o(.ARM.Collect$$rtentry$$00000004)
    __rt_entry_li                            0x08000179   Thumb Code     0  rtentry2.o(.ARM.Collect$$rtentry$$0000000A)
    __rt_entry_postsh_1                      0x08000179   Thumb Code     0  rtentry2.o(.ARM.Collect$$rtentry$$00000009)
    __rt_entry_main                          0x0800017d   Thumb Code     0  rtentry2.o(.ARM.Collect$$rtentry$$0000000D)
    __rt_entry_postli_1                      0x0800017d   Thumb Code     0  rtentry2.o(.ARM.Collect$$rtentry$$0000000C)
    __rt_exit                                0x08000185   Thumb Code     0  rtexit.o(.ARM.Collect$$rtexit$$00000000)
    __rt_exit_ls                             0x08000187   Thumb Code     0  rtexit2.o(.ARM.Collect$$rtexit$$00000003)
    __rt_exit_prels_1                        0x08000187   Thumb Code     0  rtexit2.o(.ARM.Collect$$rtexit$$00000002)
    __rt_exit_exit                           0x0800018b   Thumb Code     0  rtexit2.o(.ARM.Collect$$rtexit$$00000004)
    rt_set_PSP                               0x08000191   Thumb Code     6  hal_cm1.o(.emb_text)
    rt_get_PSP                               0x08000197   Thumb Code     6  hal_cm1.o(.emb_text)
    os_set_env                               0x0800019d   Thumb Code    32  hal_cm1.o(.emb_text)
    _alloc_box                               0x080001c1   Thumb Code    28  hal_cm1.o(.emb_text)
    _free_box                                0x080001e1   Thumb Code    28  hal_cm1.o(.emb_text)
    SVC_Handler                              0x08000201   Thumb Code   152  hal_cm1.o(.emb_text)
    PendSV_Handler                           0x080002a5   Thumb Code    92  hal_cm1.o(.emb_text)
    SysTick_Handler                          0x08000305   Thumb Code     8  hal_cm1.o(.emb_text)
    OS_Tick_Handler                          0x0800030d   Thumb Code    12  hal_cm1.o(.emb_text)
    Reset_Handler                            0x08000319   Thumb Code     8  startup_stm32f0xx.o(.text)
    NMI_Handler                              0x08000321   Thumb Code     2  startup_stm32f0xx.o(.text)
    HardFault_Handler                        0x08000323   Thumb Code     2  startup_stm32f0xx.o(.text)
    ADC1_COMP_IRQHandler                     0x0800032b   Thumb Code     0  startup_stm32f0xx.o(.text)
    CEC_IRQHandler                           0x0800032b   Thumb Code     0  startup_stm32f0xx.o(.text)
    DMA1_Channel1_IRQHandler                 0x0800032b   Thumb Code     0  startup_stm32f0xx.o(.text)
    DMA1_Channel2_3_IRQHandler               0x0800032b   Thumb Code     0  startup_stm32f0xx.o(.text)
    DMA1_Channel4_5_IRQHandler               0x0800032b   Thumb Code     0  startup_stm32f0xx.o(.text)
    EXTI0_1_IRQHandler                       0x0800032b   Thumb Code     0  startup_stm32f0xx.o(.text)
    EXTI2_3_IRQHandler                       0x0800032b   Thumb Code     0  startup_stm32f0xx.o(.text)
    EXTI4_15_IRQHandler                      0x0800032b   Thumb Code     0  startup_stm32f0xx.o(.text)
    FLASH_IRQHandler                         0x0800032b   Thumb Code     0  startup_stm32f0xx.o(.text)
    I2C1_IRQHandler                          0x0800032b   Thumb Code     0  startup_stm32f0xx.o(.text)
    I2C2_IRQHandler                          0x0800032b   Thumb Code     0  startup_stm32f0xx.o(.text)
    PVD_IRQHandler                           0x0800032b   Thumb Code     0  startup_stm32f0xx.o(.text)
    RCC_IRQHandler                           0x0800032b   Thumb Code     0  startup_stm32f0xx.o(.text)
    RTC_IRQHandler                           0x0800032b   Thumb Code     0  startup_stm32f0xx.o(.text)
    SPI1_IRQHandler                          0x0800032b   Thumb Code     0  startup_stm32f0xx.o(.text)
    SPI2_IRQHandler                          0x0800032b   Thumb Code     0  startup_stm32f0xx.o(.text)
    TIM14_IRQHandler                         0x0800032b   Thumb Code     0  startup_stm32f0xx.o(.text)
    TIM15_IRQHandler                         0x0800032b   Thumb Code     0  startup_stm32f0xx.o(.text)
    TIM16_IRQHandler                         0x0800032b   Thumb Code     0  startup_stm32f0xx.o(.text)
    TIM17_IRQHandler                         0x0800032b   Thumb Code     0  startup_stm32f0xx.o(.text)
    TIM1_BRK_UP_TRG_COM_IRQHandler           0x0800032b   Thumb Code     0  startup_stm32f0xx.o(.text)
    TIM1_CC_IRQHandler                       0x0800032b   Thumb Code     0  startup_stm32f0xx.o(.text)
    TIM2_IRQHandler                          0x0800032b   Thumb Code     0  startup_stm32f0xx.o(.text)
    TIM3_IRQHandler                          0x0800032b   Thumb Code     0  startup_stm32f0xx.o(.text)
    TIM6_DAC_IRQHandler                      0x0800032b   Thumb Code     0  startup_stm32f0xx.o(.text)
    TS_IRQHandler                            0x0800032b   Thumb Code     0  startup_stm32f0xx.o(.text)
    USART1_IRQHandler                        0x0800032b   Thumb Code     0  startup_stm32f0xx.o(.text)
    WWDG_IRQHandler                          0x0800032b   Thumb Code     0  startup_stm32f0xx.o(.text)
    __user_initial_stackheap                 0x0800032d   Thumb Code     0  startup_stm32f0xx.o(.text)
    __user_libspace                          0x08000351   Thumb Code     8  libspace.o(.text)
    __user_perproc_libspace                  0x08000351   Thumb Code     0  libspace.o(.text)
    __I$use$semihosting                      0x08000359   Thumb Code     0  use_no_semi.o(.text)
    __use_no_semihosting_swi                 0x08000359   Thumb Code     2  use_no_semi.o(.text)
    __2printf                                0x0800035d   Thumb Code    22  noretval__2printf.o(.text)
    _printf_int_dec                          0x08000379   Thumb Code    90  _printf_dec.o(.text)
    __printf                                 0x080003e5   Thumb Code   272  __printf_wp.o(.text)
    __aeabi_uidiv                            0x080004f5   Thumb Code     0  aeabi_sdiv.o(.text)
    __aeabi_uidivmod                         0x080004f5   Thumb Code    20  aeabi_sdiv.o(.text)
    __aeabi_idiv                             0x08000509   Thumb Code     0  aeabi_sdiv.o(.text)
    __aeabi_idivmod                          0x08000509   Thumb Code   326  aeabi_sdiv.o(.text)
    __use_two_region_memory                  0x0800064f   Thumb Code     2  heapauxi.o(.text)
    __rt_heap_escrow$2region                 0x08000651   Thumb Code     2  heapauxi.o(.text)
    __rt_heap_expand$2region                 0x08000653   Thumb Code     2  heapauxi.o(.text)
    __aeabi_dadd                             0x08000947   Thumb Code     0  daddsub.o(.text)
    _dadd                                    0x08000947   Thumb Code    22  daddsub.o(.text)
    __aeabi_dsub                             0x0800095d   Thumb Code     0  daddsub.o(.text)
    _dsub                                    0x0800095d   Thumb Code    22  daddsub.o(.text)
    __aeabi_drsub                            0x08000973   Thumb Code     0  daddsub.o(.text)
    _drsb                                    0x08000973   Thumb Code    24  daddsub.o(.text)
    __aeabi_ddiv                             0x080009a1   Thumb Code     0  ddiv.o(.text)
    _ddiv                                    0x080009a1   Thumb Code  1080  ddiv.o(.text)
    _drdiv                                   0x08000dd9   Thumb Code    20  ddiv.o(.text)
    __aeabi_d2uiz                            0x08000df1   Thumb Code     0  dfixui.o(.text)
    _dfixu                                   0x08000df1   Thumb Code    62  dfixui.o(.text)
    __aeabi_i2d_normalise                    0x08000e39   Thumb Code    66  dflti.o(.text)
    __aeabi_i2d                              0x08000e7b   Thumb Code    16  dflti.o(.text)
    _dflt                                    0x08000e7b   Thumb Code     0  dflti.o(.text)
    __aeabi_ui2d                             0x08000e8b   Thumb Code     6  dflti.o(.text)
    _dfltu                                   0x08000e8b   Thumb Code     0  dflti.o(.text)
    __aeabi_dmul                             0x08000e91   Thumb Code     0  dmul.o(.text)
    _dmul                                    0x08000e91   Thumb Code   580  dmul.o(.text)
    __aeabi_f2d                              0x080010e9   Thumb Code     0  f2d.o(.text)
    _f2d                                     0x080010e9   Thumb Code    74  f2d.o(.text)
    __aeabi_fdiv                             0x08001139   Thumb Code     0  fdiv.o(.text)
    _fdiv                                    0x08001139   Thumb Code   336  fdiv.o(.text)
    _frdiv                                   0x08001289   Thumb Code     8  fdiv.o(.text)
    __aeabi_i2f_normalise                    0x08001299   Thumb Code    72  fflti.o(.text)
    __aeabi_i2f                              0x080012e1   Thumb Code    16  fflti.o(.text)
    _fflt                                    0x080012e1   Thumb Code     0  fflti.o(.text)
    __aeabi_ui2f                             0x080012f1   Thumb Code     6  fflti.o(.text)
    _ffltu                                   0x080012f1   Thumb Code     0  fflti.o(.text)
    _printf_int_common                       0x080012f7   Thumb Code   176  _printf_intcommon.o(.text)
    __lib_sel_fp_printf                      0x080013a9   Thumb Code     2  _printf_fp_dec.o(.text)
    _printf_fp_dec_real                      0x08001547   Thumb Code   618  _printf_fp_dec.o(.text)
    _printf_char_file                        0x080017bd   Thumb Code    34  _printf_char_file.o(.text)
    __rt_udiv10                              0x080017e5   Thumb Code    40  rtudiv10.o(.text)
    __fpl_fcmp_InfNaN                        0x0800180d   Thumb Code    96  fcmpin.o(.text)
    __rt_locale                              0x08001871   Thumb Code    10  rt_locale_twolibspace.o(.text)
    _ll_udiv10                               0x0800187b   Thumb Code   122  lludiv10.o(.text)
    _printf_char_common                      0x080018ff   Thumb Code    32  _printf_char_common.o(.text)
    _printf_fp_infnan                        0x08001925   Thumb Code   120  _printf_fp_infnan.o(.text)
    _btod_etento                             0x080019ad   Thumb Code   200  bigflt0.o(.text)
    _btod_d2e                                0x08001a79   Thumb Code    64  btod.o(.text)
    _btod_emul                               0x08001e6f   Thumb Code    24  btod.o(.text)
    _btod_emuld                              0x08001e87   Thumb Code    60  btod.o(.text)
    _btod_ediv                               0x08001ec3   Thumb Code    22  btod.o(.text)
    _btod_edivd                              0x08001ed9   Thumb Code    60  btod.o(.text)
    __fpl_cmpreturn                          0x08001f21   Thumb Code    42  cmpret.o(.text)
    __fpl_fcheck_NaN2                        0x08001f51   Thumb Code    10  fnan2.o(.text)
    __user_setup_stackheap                   0x08001f61   Thumb Code    62  sys_stackheap_outer.o(.text)
    exit                                     0x08001f9f   Thumb Code    12  exit.o(.text)
    strcmp                                   0x08001fad   Thumb Code   132  strcmp.o(.text)
    __fpl_return_NaN                         0x08002035   Thumb Code    94  retnan.o(.text)
    SVC_Count                                0x08002094   Data           4  SVC_Table.o(SVC_TABLE)
    ADC_ChannelConfig                        0x08002099   Thumb Code    10  stm32f0xx_adc.o(i.ADC_ChannelConfig)
    SVC_Table                                0x08002098   Data           0  SVC_Table.o(SVC_TABLE)
    ADC_Cmd                                  0x080020a3   Thumb Code    24  stm32f0xx_adc.o(i.ADC_Cmd)
    ADC_DMACmd                               0x080020bb   Thumb Code    24  stm32f0xx_adc.o(i.ADC_DMACmd)
    ADC_DMARequestModeConfig                 0x080020d3   Thumb Code    16  stm32f0xx_adc.o(i.ADC_DMARequestModeConfig)
    ADC_DeInit                               0x080020e5   Thumb Code    28  stm32f0xx_adc.o(i.ADC_DeInit)
    ADC_GetCalibrationFactor                 0x08002105   Thumb Code    46  stm32f0xx_adc.o(i.ADC_GetCalibrationFactor)
    ADC_GetFlagStatus                        0x08002133   Thumb Code    30  stm32f0xx_adc.o(i.ADC_GetFlagStatus)
    ADC_Init                                 0x08002151   Thumb Code    38  stm32f0xx_adc.o(i.ADC_Init)
    ADC_StartOfConversion                    0x0800217d   Thumb Code    10  stm32f0xx_adc.o(i.ADC_StartOfConversion)
    ADC_StructInit                           0x08002187   Thumb Code    16  stm32f0xx_adc.o(i.ADC_StructInit)
    DMA_ClearFlag                            0x08002199   Thumb Code     6  stm32f0xx_dma.o(i.DMA_ClearFlag)
    DMA_Cmd                                  0x080021a5   Thumb Code    24  stm32f0xx_dma.o(i.DMA_Cmd)
    DMA_DeInit                               0x080021c1   Thumb Code   116  stm32f0xx_dma.o(i.DMA_DeInit)
    DMA_GetFlagStatus                        0x0800223d   Thumb Code    16  stm32f0xx_dma.o(i.DMA_GetFlagStatus)
    DMA_Init                                 0x08002251   Thumb Code    56  stm32f0xx_dma.o(i.DMA_Init)
    GPIO_Init                                0x080022d9   Thumb Code   112  stm32f0xx_gpio.o(i.GPIO_Init)
    GPIO_PinAFConfig                         0x08002349   Thumb Code    32  stm32f0xx_gpio.o(i.GPIO_PinAFConfig)
    GPIO_ResetBits                           0x08002369   Thumb Code     4  stm32f0xx_gpio.o(i.GPIO_ResetBits)
    GPIO_SetBits                             0x0800236d   Thumb Code     4  stm32f0xx_gpio.o(i.GPIO_SetBits)
    GPIO_StructInit                          0x08002371   Thumb Code    18  stm32f0xx_gpio.o(i.GPIO_StructInit)
    NVIC_Init                                0x080023a1   Thumb Code    72  stm32f0xx_misc.o(i.NVIC_Init)
    PWR_BackupAccessCmd                      0x080023f1   Thumb Code    24  stm32f0xx_pwr.o(i.PWR_BackupAccessCmd)
    RCC_AHBPeriphClockCmd                    0x0800240d   Thumb Code    22  stm32f0xx_rcc.o(i.RCC_AHBPeriphClockCmd)
    RCC_APB1PeriphClockCmd                   0x08002429   Thumb Code    22  stm32f0xx_rcc.o(i.RCC_APB1PeriphClockCmd)
    RCC_APB2PeriphClockCmd                   0x08002445   Thumb Code    22  stm32f0xx_rcc.o(i.RCC_APB2PeriphClockCmd)
    RCC_APB2PeriphResetCmd                   0x08002461   Thumb Code    22  stm32f0xx_rcc.o(i.RCC_APB2PeriphResetCmd)
    RCC_GetClocksFreq                        0x0800247d   Thumb Code   232  stm32f0xx_rcc.o(i.RCC_GetClocksFreq)
    RCC_LSICmd                               0x0800257d   Thumb Code    26  stm32f0xx_rcc.o(i.RCC_LSICmd)
    RCC_RTCCLKCmd                            0x0800259d   Thumb Code    26  stm32f0xx_rcc.o(i.RCC_RTCCLKCmd)
    RCC_RTCCLKConfig                         0x080025bd   Thumb Code    10  stm32f0xx_rcc.o(i.RCC_RTCCLKConfig)
    RTC_DateStructInit                       0x080025dd   Thumb Code    14  stm32f0xx_rtc.o(i.RTC_DateStructInit)
    RTC_EnterInitMode                        0x080025ed   Thumb Code    54  stm32f0xx_rtc.o(i.RTC_EnterInitMode)
    RTC_ExitInitMode                         0x08002629   Thumb Code    12  stm32f0xx_rtc.o(i.RTC_ExitInitMode)
    RTC_GetDate                              0x08002639   Thumb Code    64  stm32f0xx_rtc.o(i.RTC_GetDate)
    RTC_GetTime                              0x08002681   Thumb Code    68  stm32f0xx_rtc.o(i.RTC_GetTime)
    RTC_Init                                 0x080026cd   Thumb Code    68  stm32f0xx_rtc.o(i.RTC_Init)
    RTC_TimeStructInit                       0x08002715   Thumb Code    12  stm32f0xx_rtc.o(i.RTC_TimeStructInit)
    RTC_WaitForSynchro                       0x08002721   Thumb Code    70  stm32f0xx_rtc.o(i.RTC_WaitForSynchro)
    SystemInit                               0x080027c5   Thumb Code    84  system_stm32f0xx.o(i.SystemInit)
    TIM_Cmd                                  0x08002825   Thumb Code    24  stm32f0xx_tim.o(i.TIM_Cmd)
    TIM_Config                               0x0800283d   Thumb Code    88  pwm.o(i.TIM_Config)
    TIM_CtrlPWMOutputs                       0x08002899   Thumb Code    28  stm32f0xx_tim.o(i.TIM_CtrlPWMOutputs)
    TIM_OC1Init                              0x080028b5   Thumb Code   108  stm32f0xx_tim.o(i.TIM_OC1Init)
    TIM_TimeBaseInit                         0x08002939   Thumb Code    88  stm32f0xx_tim.o(i.TIM_TimeBaseInit)
    USART2_IRQHandler                        0x080029f5   Thumb Code    96  serial.o(i.USART2_IRQHandler)
    USART_ClearITPendingBit                  0x08002a69   Thumb Code    10  stm32f0xx_usart.o(i.USART_ClearITPendingBit)
    USART_Cmd                                0x08002a73   Thumb Code    24  stm32f0xx_usart.o(i.USART_Cmd)
    USART_GetFlagStatus                      0x08002a8b   Thumb Code    14  stm32f0xx_usart.o(i.USART_GetFlagStatus)
    USART_GetITStatus                        0x08002a99   Thumb Code    60  stm32f0xx_usart.o(i.USART_GetITStatus)
    USART_ITConfig                           0x08002ad5   Thumb Code    46  stm32f0xx_usart.o(i.USART_ITConfig)
    USART_Init                               0x08002b05   Thumb Code   182  stm32f0xx_usart.o(i.USART_Init)
    USART_ReceiveData                        0x08002bc5   Thumb Code     8  stm32f0xx_usart.o(i.USART_ReceiveData)
    USART_SendData                           0x08002bcd   Thumb Code     8  stm32f0xx_usart.o(i.USART_SendData)
    __ARM_common_ll_muluu                    0x08002bd5   Thumb Code    48  btod.o(i.__ARM_common_ll_muluu)
    __ARM_common_switch8                     0x08002c05   Thumb Code    26  interrupted_charging.o(i.__ARM_common_switch8)
    __ARM_fpclassify                         0x08002c21   Thumb Code    38  fpclassify.o(i.__ARM_fpclassify)
    _init_box                                0x08002c4d   Thumb Code    72  rt_membox.o(i._init_box)
    _is_digit                                0x08002c95   Thumb Code    14  __printf_wp.o(i._is_digit)
    _mutex_acquire                           0x08002ca5   Thumb Code    24  rtx_conf_cm.o(i._mutex_acquire)
    _mutex_release                           0x08002cc5   Thumb Code    22  rtx_conf_cm.o(i._mutex_release)
    _sys_exit                                0x08002ce1   Thumb Code     2  retarget.o(i._sys_exit)
    available_fcn                            0x08002ce5   Thumb Code     6  serial.o(i.available_fcn)
    begin_fcn                                0x08002cf1   Thumb Code    16  serial.o(i.begin_fcn)
    charge_control                           0x08002d05   Thumb Code    26  main.o(i.charge_control)
    ferror                                   0x08002d31   Thumb Code     6  retarget.o(i.ferror)
    flush_fcn                                0x08002d39   Thumb Code    18  serial.o(i.flush_fcn)
    fputc                                    0x08002d55   Thumb Code    12  retarget.o(i.fputc)
    get_adc_voltage                          0x08002d61   Thumb Code   168  adc.o(i.get_adc_voltage)
    init                                     0x08002e51   Thumb Code    36  main.o(i.init)
    init_adc                                 0x08002ea9   Thumb Code   246  adc.o(i.init_adc)
    init_hardware                            0x08002fb5   Thumb Code    60  interrupted_charging.o(i.init_hardware)
    init_pwm                                 0x08002ff9   Thumb Code   152  pwm.o(i.init_pwm)
    interrupted_charging                     0x080030a9   Thumb Code   284  interrupted_charging.o(i.interrupted_charging)
    main                                     0x080032cd   Thumb Code    32  main.o(i.main)
    os_error                                 0x080032f9   Thumb Code     2  rtx_conf_cm.o(i.os_error)
    os_idle_demon                            0x080032fb   Thumb Code     2  rtx_conf_cm.o(i.os_idle_demon)
    os_tick_init                             0x080032fd   Thumb Code    32  rt_system.o(i.os_tick_init)
    os_tick_irqack                           0x08003329   Thumb Code     2  rt_system.o(i.os_tick_irqack)
    os_tmr_call                              0x0800332b   Thumb Code     2  rtx_conf_cm.o(i.os_tmr_call)
    peek_fcn                                 0x0800332d   Thumb Code    16  serial.o(i.peek_fcn)
    perturb_and_observe_itter                0x08003341   Thumb Code   212  perturb_and_observe.o(i.perturb_and_observe_itter)
    print_fcn                                0x08003455   Thumb Code    20  serial.o(i.print_fcn)
    print_time_date                          0x08003469   Thumb Code    68  main.o(i.print_time_date)
    println_fcn                              0x080034dd   Thumb Code    20  serial.o(i.println_fcn)
    putchar                                  0x080034f1   Thumb Code    32  serial.o(i.putchar)
    read_fcn                                 0x08003515   Thumb Code    42  serial.o(i.read_fcn)
    rt_alloc_box                             0x08003549   Thumb Code    30  rt_membox.o(i.rt_alloc_box)
    rt_block                                 0x08003569   Thumb Code    42  rt_task.o(i.rt_block)
    rt_chk_robin                             0x080035a1   Thumb Code    56  rt_robin.o(i.rt_chk_robin)
    rt_dec_dly                               0x080035e5   Thumb Code   112  rt_list.o(i.rt_dec_dly)
    rt_dispatch                              0x0800365d   Thumb Code    56  rt_task.o(i.rt_dispatch)
    rt_dly_wait                              0x0800369d   Thumb Code    10  rt_time.o(i.rt_dly_wait)
    rt_evt_psh                               0x080036a9   Thumb Code    70  rt_event.o(i.rt_evt_psh)
    rt_free_box                              0x080036f5   Thumb Code    38  rt_membox.o(i.rt_free_box)
    rt_get_first                             0x0800371b   Thumb Code    42  rt_list.o(i.rt_get_first)
    rt_init_robin                            0x08003789   Thumb Code    14  rt_robin.o(i.rt_init_robin)
    rt_init_stack                            0x080037a1   Thumb Code    68  hal_cm1.o(i.rt_init_stack)
    rt_mbx_psh                               0x080037ed   Thumb Code   168  rt_mailbox.o(i.rt_mbx_psh)
    rt_mut_release                           0x08003899   Thumb Code   158  rt_mutex.o(i.rt_mut_release)
    rt_mut_wait                              0x08003941   Thumb Code   102  rt_mutex.o(i.rt_mut_wait)
    rt_pop_req                               0x080039ad   Thumb Code    98  rt_system.o(i.rt_pop_req)
    rt_put_dly                               0x08003a1d   Thumb Code    74  rt_list.o(i.rt_put_dly)
    rt_put_prio                              0x08003a6d   Thumb Code    60  rt_list.o(i.rt_put_prio)
    rt_put_rdy_first                         0x08003aa9   Thumb Code    14  rt_list.o(i.rt_put_rdy_first)
    rt_resort_prio                           0x08003abd   Thumb Code    44  rt_list.o(i.rt_resort_prio)
    rt_rmv_dly                               0x08003aed   Thumb Code    42  rt_list.o(i.rt_rmv_dly)
    rt_rmv_list                              0x08003b19   Thumb Code    46  rt_list.o(i.rt_rmv_list)
    rt_sem_psh                               0x08003b4d   Thumb Code    46  rt_semaphore.o(i.rt_sem_psh)
    rt_stk_check                             0x08003b81   Thumb Code    30  rt_system.o(i.rt_stk_check)
    rt_switch_req                            0x08003ba9   Thumb Code    10  rt_task.o(i.rt_switch_req)
    rt_sys_init                              0x08003bb9   Thumb Code   230  rt_task.o(i.rt_sys_init)
    rt_systick                               0x08003cf1   Thumb Code    46  rt_system.o(i.rt_systick)
    rt_tmr_tick                              0x08003d2d   Thumb Code    56  rt_timer.o(i.rt_tmr_tick)
    rt_tsk_create                            0x08003d6d   Thumb Code   108  rt_task.o(i.rt_tsk_create)
    rt_tsk_delete                            0x08003de9   Thumb Code   134  rt_task.o(i.rt_tsk_delete)
    rt_tsk_self                              0x08003e85   Thumb Code    12  rt_task.o(i.rt_tsk_self)
    set_duty_cycle                           0x08003e95   Thumb Code    70  pwm.o(i.set_duty_cycle)
    setup_rtc                                0x08003eed   Thumb Code    66  main.o(i.setup_rtc)
    write_fcn                                0x08003f2f   Thumb Code     8  serial.o(i.write_fcn)
    _get_lc_numeric                          0x08003f39   Thumb Code    44  lc_numeric_c.o(locale$$code)
    __aeabi_fadd                             0x08003f65   Thumb Code     0  faddsub.o(x$fpl$fadd)
    _fadd                                    0x08003f65   Thumb Code   134  faddsub.o(x$fpl$fadd)
    __aeabi_fmul                             0x08003ff1   Thumb Code     0  fmul.o(x$fpl$fmul)
    _fmul                                    0x08003ff1   Thumb Code   172  fmul.o(x$fpl$fmul)
    __aeabi_cfrcmple                         0x080040a1   Thumb Code     0  frlef.o(x$fpl$frleqf)
    _frcmple                                 0x080040a1   Thumb Code    84  frlef.o(x$fpl$frleqf)
    __aeabi_fsub                             0x080040f9   Thumb Code     0  faddsub.o(x$fpl$fsub)
    _fsub                                    0x080040f9   Thumb Code   204  faddsub.o(x$fpl$fsub)
    _printf_fp_dec                           0x080041c9   Thumb Code    16  printf1.o(x$fpl$printf1)
    __I$use$fp                               0x080041d8   Number         0  usenofp.o(x$fpl$usenofp)
    os_maxtaskrun                            0x0800422c   Data           2  rtx_conf_cm.o(.constdata)
    os_stackinfo                             0x08004230   Data           4  rtx_conf_cm.o(.constdata)
    os_rrobin                                0x08004234   Data           4  rtx_conf_cm.o(.constdata)
    os_trv                                   0x08004238   Data           4  rtx_conf_cm.o(.constdata)
    os_flags                                 0x0800423c   Data           1  rtx_conf_cm.o(.constdata)
    os_clockrate                             0x08004240   Data           4  rtx_conf_cm.o(.constdata)
    os_timernum                              0x08004244   Data           4  rtx_conf_cm.o(.constdata)
    mp_tcb_size                              0x08004248   Data           2  rtx_conf_cm.o(.constdata)
    mp_stk_size                              0x0800424c   Data           4  rtx_conf_cm.o(.constdata)
    os_fifo_size                             0x08004250   Data           1  rtx_conf_cm.o(.constdata)
    mp_tmr_size                              0x08004252   Data           2  rtx_conf_cm.o(.constdata)
    Region$$Table$$Base                      0x080043a8   Number         0  anon$$obj.o(Region$$Table)
    Region$$Table$$Limit                     0x080043c8   Number         0  anon$$obj.o(Region$$Table)
    charge_control_t                         0x20000000   Data           4  main.o(.data)
    interrupted_charging_t                   0x20000004   Data           4  main.o(.data)
    __stdout                                 0x20000008   Data           4  retarget.o(.data)
    RegularConvData_Tab                      0x2000000c   Data           8  adc.o(.data)
    TimerPeriod                              0x20000020   Data           2  pwm.o(.data)
    Serial                                   0x20000038   Data          36  serial.o(.data)
    state                                    0x2000005c   Data           4  interrupted_charging.o(.data)
    SystemCoreClock                          0x20000070   Data           4  system_stm32f0xx.o(.data)
    AHBPrescTable                            0x20000074   Data          16  system_stm32f0xx.o(.data)
    m_tmr                                    0x20000084   Data           4  rtx_conf_cm.o(.data)
    os_tsk                                   0x20000088   Data           8  rt_task.o(.data)
    os_time                                  0x20000090   Data           4  rt_time.o(.data)
    os_tick_irqn                             0x20000098   Data           4  rt_system.o(.data)
    os_robin                                 0x2000009c   Data           8  rt_robin.o(.data)
    os_tmr                                   0x200000a4   Data           8  rt_timer.o(.data)
    TIM_TimeBaseStructure_PWM                0x200000ac   Data          12  pwm.o(.bss)
    TIM_OCInitStructure_PWM                  0x200000b8   Data          20  pwm.o(.bss)
    mp_tcb                                   0x200001cc   Data         156  rtx_conf_cm.o(.bss)
    mp_stk                                   0x20000268   Data        3216  rtx_conf_cm.o(.bss)
    os_fifo                                  0x20000ef8   Data         132  rtx_conf_cm.o(.bss)
    os_active_TCB                            0x20000f7c   Data          12  rtx_conf_cm.o(.bss)
    os_idle_TCB                              0x20000f88   Data          48  rt_task.o(.bss)
    os_rdy                                   0x20000fb8   Data          24  rt_list.o(.bss)
    os_dly                                   0x20000fd0   Data          24  rt_list.o(.bss)
    __libspace_start                         0x20000fe8   Data          96  libspace.o(.bss)
    __temporary_stack_top$libspace           0x20001048   Data           0  libspace.o(.bss)



==============================================================================

Memory Map of the image

  Image Entry point : 0x080000c1

  Load Region LR_IROM1 (Base: 0x08000000, Size: 0x00004490, Max: 0x00010000, ABSOLUTE)

    Execution Region ER_IROM1 (Base: 0x08000000, Size: 0x000043e4, Max: 0x00010000, ABSOLUTE)

    Base Addr    Size         Type   Attr      Idx    E Section Name        Object

    0x08000000   0x000000c0   Data   RO         3698    RESET               startup_stm32f0xx.o
    0x080000c0   0x00000008   Code   RO         4378  * !!!main             c_p.l(__main.o)
    0x080000c8   0x0000003c   Code   RO         4622    !!!scatter          c_p.l(__scatter.o)
    0x08000104   0x0000001a   Code   RO         4624    !!handler_copy      c_p.l(__scatter_copy.o)
    0x0800011e   0x00000002   PAD
    0x08000120   0x0000001c   Code   RO         4626    !!handler_zi        c_p.l(__scatter_zi.o)
    0x0800013c   0x00000002   Code   RO         4365    .ARM.Collect$$_printf_percent$$00000000  c_p.l(_printf_percent.o)
    0x0800013e   0x0000000a   Code   RO         4364    .ARM.Collect$$_printf_percent$$00000003  c_p.l(_printf_f.o)
    0x08000148   0x0000000a   Code   RO         4362    .ARM.Collect$$_printf_percent$$00000008  c_p.l(_printf_i.o)
    0x08000152   0x00000004   Code   RO         4425    .ARM.Collect$$_printf_percent$$00000017  c_p.l(_printf_percent_end.o)
    0x08000156   0x00000002   Code   RO         4501    .ARM.Collect$$libinit$$00000000  c_p.l(libinit.o)
    0x08000158   0x00000004   Code   RO         4502    .ARM.Collect$$libinit$$00000001  c_p.l(libinit2.o)
    0x0800015c   0x00000000   Code   RO         4506    .ARM.Collect$$libinit$$00000008  c_p.l(libinit2.o)
    0x0800015c   0x00000000   Code   RO         4508    .ARM.Collect$$libinit$$0000000A  c_p.l(libinit2.o)
    0x0800015c   0x00000000   Code   RO         4510    .ARM.Collect$$libinit$$0000000C  c_p.l(libinit2.o)
    0x0800015c   0x00000006   Code   RO         4511    .ARM.Collect$$libinit$$0000000D  c_p.l(libinit2.o)
    0x08000162   0x00000000   Code   RO         4513    .ARM.Collect$$libinit$$0000000F  c_p.l(libinit2.o)
    0x08000162   0x00000000   Code   RO         4515    .ARM.Collect$$libinit$$00000011  c_p.l(libinit2.o)
    0x08000162   0x00000000   Code   RO         4517    .ARM.Collect$$libinit$$00000013  c_p.l(libinit2.o)
    0x08000162   0x0000000a   Code   RO         4518    .ARM.Collect$$libinit$$00000014  c_p.l(libinit2.o)
    0x0800016c   0x00000000   Code   RO         4519    .ARM.Collect$$libinit$$00000015  c_p.l(libinit2.o)
    0x0800016c   0x00000000   Code   RO         4521    .ARM.Collect$$libinit$$00000017  c_p.l(libinit2.o)
    0x0800016c   0x00000000   Code   RO         4523    .ARM.Collect$$libinit$$00000019  c_p.l(libinit2.o)
    0x0800016c   0x00000000   Code   RO         4525    .ARM.Collect$$libinit$$0000001B  c_p.l(libinit2.o)
    0x0800016c   0x00000000   Code   RO         4527    .ARM.Collect$$libinit$$0000001D  c_p.l(libinit2.o)
    0x0800016c   0x00000000   Code   RO         4529    .ARM.Collect$$libinit$$0000001F  c_p.l(libinit2.o)
    0x0800016c   0x00000000   Code   RO         4531    .ARM.Collect$$libinit$$00000021  c_p.l(libinit2.o)
    0x0800016c   0x00000000   Code   RO         4533    .ARM.Collect$$libinit$$00000023  c_p.l(libinit2.o)
    0x0800016c   0x00000000   Code   RO         4537    .ARM.Collect$$libinit$$0000002A  c_p.l(libinit2.o)
    0x0800016c   0x00000000   Code   RO         4539    .ARM.Collect$$libinit$$0000002C  c_p.l(libinit2.o)
    0x0800016c   0x00000000   Code   RO         4541    .ARM.Collect$$libinit$$0000002E  c_p.l(libinit2.o)
    0x0800016c   0x00000000   Code   RO         4543    .ARM.Collect$$libinit$$00000030  c_p.l(libinit2.o)
    0x0800016c   0x00000002   Code   RO         4544    .ARM.Collect$$libinit$$00000031  c_p.l(libinit2.o)
    0x0800016e   0x00000002   Code   RO         4587    .ARM.Collect$$libshutdown$$00000000  c_p.l(libshutdown.o)
    0x08000170   0x00000000   Code   RO         4607    .ARM.Collect$$libshutdown$$00000003  c_p.l(libshutdown2.o)
    0x08000170   0x00000000   Code   RO         4610    .ARM.Collect$$libshutdown$$00000006  c_p.l(libshutdown2.o)
    0x08000170   0x00000000   Code   RO         4613    .ARM.Collect$$libshutdown$$00000009  c_p.l(libshutdown2.o)
    0x08000170   0x00000000   Code   RO         4615    .ARM.Collect$$libshutdown$$0000000B  c_p.l(libshutdown2.o)
    0x08000170   0x00000000   Code   RO         4618    .ARM.Collect$$libshutdown$$0000000E  c_p.l(libshutdown2.o)
    0x08000170   0x00000002   Code   RO         4619    .ARM.Collect$$libshutdown$$0000000F  c_p.l(libshutdown2.o)
    0x08000172   0x00000000   Code   RO         4412    .ARM.Collect$$rtentry$$00000000  c_p.l(rtentry.o)
    0x08000172   0x00000000   Code   RO         4433    .ARM.Collect$$rtentry$$00000002  c_p.l(rtentry2.o)
    0x08000172   0x00000006   Code   RO         4445    .ARM.Collect$$rtentry$$00000004  c_p.l(rtentry4.o)
    0x08000178   0x00000000   Code   RO         4435    .ARM.Collect$$rtentry$$00000009  c_p.l(rtentry2.o)
    0x08000178   0x00000004   Code   RO         4436    .ARM.Collect$$rtentry$$0000000A  c_p.l(rtentry2.o)
    0x0800017c   0x00000000   Code   RO         4438    .ARM.Collect$$rtentry$$0000000C  c_p.l(rtentry2.o)
    0x0800017c   0x00000008   Code   RO         4439    .ARM.Collect$$rtentry$$0000000D  c_p.l(rtentry2.o)
    0x08000184   0x00000002   Code   RO         4548    .ARM.Collect$$rtexit$$00000000  c_p.l(rtexit.o)
    0x08000186   0x00000000   Code   RO         4561    .ARM.Collect$$rtexit$$00000002  c_p.l(rtexit2.o)
    0x08000186   0x00000004   Code   RO         4562    .ARM.Collect$$rtexit$$00000003  c_p.l(rtexit2.o)
    0x0800018a   0x00000006   Code   RO         4563    .ARM.Collect$$rtexit$$00000004  c_p.l(rtexit2.o)
    0x08000190   0x00000188   Code   RO         3934    .emb_text           RTX_CM1.LIB(hal_cm1.o)
    0x08000318   0x00000038   Code   RO         3699    .text               startup_stm32f0xx.o
    0x08000350   0x00000008   Code   RO         4326    .text               c_p.l(libspace.o)
    0x08000358   0x00000002   Code   RO         4329    .text               c_p.l(use_no_semi.o)
    0x0800035a   0x00000002   PAD
    0x0800035c   0x0000001c   Code   RO         4333    .text               c_p.l(noretval__2printf.o)
    0x08000378   0x0000006c   Code   RO         4339    .text               c_p.l(_printf_dec.o)
    0x080003e4   0x00000110   Code   RO         4349    .text               c_p.l(__printf_wp.o)
    0x080004f4   0x0000015a   Code   RO         4372    .text               c_p.l(aeabi_sdiv.o)
    0x0800064e   0x00000006   Code   RO         4376    .text               c_p.l(heapauxi.o)
    0x08000654   0x0000034c   Code   RO         4382    .text               fz_ps.l(daddsub.o)
    0x080009a0   0x00000450   Code   RO         4384    .text               fz_ps.l(ddiv.o)
    0x08000df0   0x00000048   Code   RO         4387    .text               fz_ps.l(dfixui.o)
    0x08000e38   0x00000058   Code   RO         4389    .text               fz_ps.l(dflti.o)
    0x08000e90   0x00000258   Code   RO         4391    .text               fz_ps.l(dmul.o)
    0x080010e8   0x00000050   Code   RO         4393    .text               fz_ps.l(f2d.o)
    0x08001138   0x00000160   Code   RO         4401    .text               fz_ps.l(fdiv.o)
    0x08001298   0x0000005e   Code   RO         4404    .text               fz_ps.l(fflti.o)
    0x080012f6   0x000000b0   Code   RO         4417    .text               c_p.l(_printf_intcommon.o)
    0x080013a6   0x00000002   PAD
    0x080013a8   0x00000414   Code   RO         4419    .text               c_p.l(_printf_fp_dec.o)
    0x080017bc   0x00000028   Code   RO         4423    .text               c_p.l(_printf_char_file.o)
    0x080017e4   0x00000028   Code   RO         4427    .text               c_p.l(rtudiv10.o)
    0x0800180c   0x00000064   Code   RO         4429    .text               fz_ps.l(fcmpin.o)
    0x08001870   0x0000000a   Code   RO         4454    .text               c_p.l(rt_locale_twolibspace.o)
    0x0800187a   0x0000007a   Code   RO         4456    .text               c_p.l(lludiv10.o)
    0x080018f4   0x00000030   Code   RO         4458    .text               c_p.l(_printf_char_common.o)
    0x08001924   0x00000088   Code   RO         4460    .text               c_p.l(_printf_fp_infnan.o)
    0x080019ac   0x000000cc   Code   RO         4462    .text               c_p.l(bigflt0.o)
    0x08001a78   0x000004a8   Code   RO         4465    .text               c_p.l(btod.o)
    0x08001f20   0x00000030   Code   RO         4475    .text               fz_ps.l(cmpret.o)
    0x08001f50   0x00000010   Code   RO         4477    .text               fz_ps.l(fnan2.o)
    0x08001f60   0x0000003e   Code   RO         4483    .text               c_p.l(sys_stackheap_outer.o)
    0x08001f9e   0x0000000c   Code   RO         4488    .text               c_p.l(exit.o)
    0x08001faa   0x00000002   PAD
    0x08001fac   0x00000088   Code   RO         4494    .text               c_p.l(strcmp.o)
    0x08002034   0x0000005e   Code   RO         4545    .text               fz_ps.l(retnan.o)
    0x08002092   0x00000002   PAD
    0x08002094   0x00000004   Code   RO         4168    SVC_TABLE           RTX_CM1.LIB(SVC_Table.o)
    0x08002098   0x0000000a   Code   RO          571    i.ADC_ChannelConfig  stm32f0xx_adc.o
    0x080020a2   0x00000018   Code   RO          574    i.ADC_Cmd           stm32f0xx_adc.o
    0x080020ba   0x00000018   Code   RO          576    i.ADC_DMACmd        stm32f0xx_adc.o
    0x080020d2   0x00000010   Code   RO          577    i.ADC_DMARequestModeConfig  stm32f0xx_adc.o
    0x080020e2   0x00000002   PAD
    0x080020e4   0x00000020   Code   RO          578    i.ADC_DeInit        stm32f0xx_adc.o
    0x08002104   0x0000002e   Code   RO          580    i.ADC_GetCalibrationFactor  stm32f0xx_adc.o
    0x08002132   0x0000001e   Code   RO          582    i.ADC_GetFlagStatus  stm32f0xx_adc.o
    0x08002150   0x0000002c   Code   RO          585    i.ADC_Init          stm32f0xx_adc.o
    0x0800217c   0x0000000a   Code   RO          588    i.ADC_StartOfConversion  stm32f0xx_adc.o
    0x08002186   0x00000010   Code   RO          590    i.ADC_StructInit    stm32f0xx_adc.o
    0x08002196   0x00000002   PAD
    0x08002198   0x0000000c   Code   RO         1112    i.DMA_ClearFlag     stm32f0xx_dma.o
    0x080021a4   0x0000001c   Code   RO         1114    i.DMA_Cmd           stm32f0xx_dma.o
    0x080021c0   0x0000007c   Code   RO         1115    i.DMA_DeInit        stm32f0xx_dma.o
    0x0800223c   0x00000014   Code   RO         1117    i.DMA_GetFlagStatus  stm32f0xx_dma.o
    0x08002250   0x0000003c   Code   RO         1120    i.DMA_Init          stm32f0xx_dma.o
    0x0800228c   0x0000004c   Code   RO          332    i.GPIO_Configuration_USART2  serial.o
    0x080022d8   0x00000070   Code   RO         1431    i.GPIO_Init         stm32f0xx_gpio.o
    0x08002348   0x00000020   Code   RO         1432    i.GPIO_PinAFConfig  stm32f0xx_gpio.o
    0x08002368   0x00000004   Code   RO         1438    i.GPIO_ResetBits    stm32f0xx_gpio.o
    0x0800236c   0x00000004   Code   RO         1439    i.GPIO_SetBits      stm32f0xx_gpio.o
    0x08002370   0x00000018   Code   RO         1440    i.GPIO_StructInit   stm32f0xx_gpio.o
    0x08002388   0x00000018   Code   RO          333    i.NVIC_Configuration  serial.o
    0x080023a0   0x00000050   Code   RO         1832    i.NVIC_Init         stm32f0xx_misc.o
    0x080023f0   0x0000001c   Code   RO         1860    i.PWR_BackupAccessCmd  stm32f0xx_pwr.o
    0x0800240c   0x0000001c   Code   RO         1931    i.RCC_AHBPeriphClockCmd  stm32f0xx_rcc.o
    0x08002428   0x0000001c   Code   RO         1933    i.RCC_APB1PeriphClockCmd  stm32f0xx_rcc.o
    0x08002444   0x0000001c   Code   RO         1935    i.RCC_APB2PeriphClockCmd  stm32f0xx_rcc.o
    0x08002460   0x0000001c   Code   RO         1936    i.RCC_APB2PeriphResetCmd  stm32f0xx_rcc.o
    0x0800247c   0x00000100   Code   RO         1945    i.RCC_GetClocksFreq  stm32f0xx_rcc.o
    0x0800257c   0x00000020   Code   RO         1958    i.RCC_LSICmd        stm32f0xx_rcc.o
    0x0800259c   0x00000020   Code   RO         1964    i.RCC_RTCCLKCmd     stm32f0xx_rcc.o
    0x080025bc   0x00000010   Code   RO         1965    i.RCC_RTCCLKConfig  stm32f0xx_rcc.o
    0x080025cc   0x00000010   Code   RO         2179    i.RTC_Bcd2ToByte    stm32f0xx_rtc.o
    0x080025dc   0x0000000e   Code   RO         2186    i.RTC_DateStructInit  stm32f0xx_rtc.o
    0x080025ea   0x00000002   PAD
    0x080025ec   0x0000003c   Code   RO         2189    i.RTC_EnterInitMode  stm32f0xx_rtc.o
    0x08002628   0x00000010   Code   RO         2190    i.RTC_ExitInitMode  stm32f0xx_rtc.o
    0x08002638   0x00000048   Code   RO         2193    i.RTC_GetDate       stm32f0xx_rtc.o
    0x08002680   0x0000004c   Code   RO         2198    i.RTC_GetTime       stm32f0xx_rtc.o
    0x080026cc   0x00000048   Code   RO         2202    i.RTC_Init          stm32f0xx_rtc.o
    0x08002714   0x0000000c   Code   RO         2221    i.RTC_TimeStructInit  stm32f0xx_rtc.o
    0x08002720   0x0000004c   Code   RO         2222    i.RTC_WaitForSynchro  stm32f0xx_rtc.o
    0x0800276c   0x00000058   Code   RO         3664    i.SetSysClock       system_stm32f0xx.o
    0x080027c4   0x00000060   Code   RO         3666    i.SystemInit        system_stm32f0xx.o
    0x08002824   0x00000018   Code   RO         2748    i.TIM_Cmd           stm32f0xx_tim.o
    0x0800283c   0x0000005c   Code   RO          294    i.TIM_Config        pwm.o
    0x08002898   0x0000001c   Code   RO         2750    i.TIM_CtrlPWMOutputs  stm32f0xx_tim.o
    0x080028b4   0x00000084   Code   RO         2777    i.TIM_OC1Init       stm32f0xx_tim.o
    0x08002938   0x00000074   Code   RO         2821    i.TIM_TimeBaseInit  stm32f0xx_tim.o
    0x080029ac   0x00000048   Code   RO          334    i.UART2_Init        serial.o
    0x080029f4   0x00000074   Code   RO          335    i.USART2_IRQHandler  serial.o
    0x08002a68   0x0000000a   Code   RO         3301    i.USART_ClearITPendingBit  stm32f0xx_usart.o
    0x08002a72   0x00000018   Code   RO         3304    i.USART_Cmd         stm32f0xx_usart.o
    0x08002a8a   0x0000000e   Code   RO         3312    i.USART_GetFlagStatus  stm32f0xx_usart.o
    0x08002a98   0x0000003c   Code   RO         3313    i.USART_GetITStatus  stm32f0xx_usart.o
    0x08002ad4   0x0000002e   Code   RO         3315    i.USART_ITConfig    stm32f0xx_usart.o
    0x08002b02   0x00000002   PAD
    0x08002b04   0x000000c0   Code   RO         3316    i.USART_Init        stm32f0xx_usart.o
    0x08002bc4   0x00000008   Code   RO         3328    i.USART_ReceiveData  stm32f0xx_usart.o
    0x08002bcc   0x00000008   Code   RO         3333    i.USART_SendData    stm32f0xx_usart.o
    0x08002bd4   0x00000030   Code   RO         4467    i.__ARM_common_ll_muluu  c_p.l(btod.o)
    0x08002c04   0x0000001a   Code   RO          449    i.__ARM_common_switch8  interrupted_charging.o
    0x08002c1e   0x00000002   PAD
    0x08002c20   0x0000002c   Code   RO         4481    i.__ARM_fpclassify  m_ps.l(fpclassify.o)
    0x08002c4c   0x00000048   Code   RO         4139    i._init_box         RTX_CM1.LIB(rt_membox.o)
    0x08002c94   0x0000000e   Code   RO         4351    i._is_digit         c_p.l(__printf_wp.o)
    0x08002ca2   0x00000002   PAD
    0x08002ca4   0x00000020   Code   RO         3704    i._mutex_acquire    rtx_conf_cm.o
    0x08002cc4   0x0000001c   Code   RO         3706    i._mutex_release    rtx_conf_cm.o
    0x08002ce0   0x00000002   Code   RO          178    i._sys_exit         retarget.o
    0x08002ce2   0x00000002   PAD
    0x08002ce4   0x0000000c   Code   RO          336    i.available_fcn     serial.o
    0x08002cf0   0x00000014   Code   RO          337    i.begin_fcn         serial.o
    0x08002d04   0x0000002c   Code   RO            3    i.charge_control    main.o
    0x08002d30   0x00000006   Code   RO          180    i.ferror            retarget.o
    0x08002d36   0x00000002   PAD
    0x08002d38   0x0000001c   Code   RO          338    i.flush_fcn         serial.o
    0x08002d54   0x0000000c   Code   RO          182    i.fputc             retarget.o
    0x08002d60   0x000000f0   Code   RO          234    i.get_adc_voltage   adc.o
    0x08002e50   0x00000058   Code   RO            5    i.init              main.o
    0x08002ea8   0x0000010c   Code   RO          235    i.init_adc          adc.o
    0x08002fb4   0x00000044   Code   RO          427    i.init_hardware     interrupted_charging.o
    0x08002ff8   0x000000b0   Code   RO          295    i.init_pwm          pwm.o
    0x080030a8   0x00000224   Code   RO          428    i.interrupted_charging  interrupted_charging.o
    0x080032cc   0x0000002c   Code   RO            6    i.main              main.o
    0x080032f8   0x00000002   Code   RO         3707    i.os_error          rtx_conf_cm.o
    0x080032fa   0x00000002   Code   RO         3708    i.os_idle_demon     rtx_conf_cm.o
    0x080032fc   0x0000002c   Code   RO         3955    i.os_tick_init      RTX_CM1.LIB(rt_system.o)
    0x08003328   0x00000002   Code   RO         3956    i.os_tick_irqack    RTX_CM1.LIB(rt_system.o)
    0x0800332a   0x00000002   Code   RO         3709    i.os_tmr_call       rtx_conf_cm.o
    0x0800332c   0x00000014   Code   RO          339    i.peek_fcn          serial.o
    0x08003340   0x00000114   Code   RO          272    i.perturb_and_observe_itter  perturb_and_observe.o
    0x08003454   0x00000014   Code   RO          340    i.print_fcn         serial.o
    0x08003468   0x00000074   Code   RO            7    i.print_time_date   main.o
    0x080034dc   0x00000014   Code   RO          341    i.println_fcn       serial.o
    0x080034f0   0x00000024   Code   RO          342    i.putchar           serial.o
    0x08003514   0x00000034   Code   RO          343    i.read_fcn          serial.o
    0x08003548   0x0000001e   Code   RO         4140    i.rt_alloc_box      RTX_CM1.LIB(rt_membox.o)
    0x08003566   0x00000002   PAD
    0x08003568   0x00000038   Code   RO         3774    i.rt_block          RTX_CM1.LIB(rt_task.o)
    0x080035a0   0x00000044   Code   RO         4117    i.rt_chk_robin      RTX_CM1.LIB(rt_robin.o)
    0x080035e4   0x00000078   Code   RO         4038    i.rt_dec_dly        RTX_CM1.LIB(rt_list.o)
    0x0800365c   0x00000040   Code   RO         3775    i.rt_dispatch       RTX_CM1.LIB(rt_task.o)
    0x0800369c   0x0000000a   Code   RO         3873    i.rt_dly_wait       RTX_CM1.LIB(rt_time.o)
    0x080036a6   0x00000002   PAD
    0x080036a8   0x0000004c   Code   RO         4174    i.rt_evt_psh        RTX_CM1.LIB(rt_event.o)
    0x080036f4   0x00000026   Code   RO         4141    i.rt_free_box       RTX_CM1.LIB(rt_membox.o)
    0x0800371a   0x0000002a   Code   RO         4039    i.rt_get_first      RTX_CM1.LIB(rt_list.o)
    0x08003744   0x00000044   Code   RO         3776    i.rt_init_context   RTX_CM1.LIB(rt_task.o)
    0x08003788   0x00000018   Code   RO         4118    i.rt_init_robin     RTX_CM1.LIB(rt_robin.o)
    0x080037a0   0x0000004c   Code   RO         3935    i.rt_init_stack     RTX_CM1.LIB(hal_cm1.o)
    0x080037ec   0x000000ac   Code   RO         4217    i.rt_mbx_psh        RTX_CM1.LIB(rt_mailbox.o)
    0x08003898   0x000000a8   Code   RO         3911    i.rt_mut_release    RTX_CM1.LIB(rt_mutex.o)
    0x08003940   0x0000006c   Code   RO         3912    i.rt_mut_wait       RTX_CM1.LIB(rt_mutex.o)
    0x080039ac   0x00000070   Code   RO         3957    i.rt_pop_req        RTX_CM1.LIB(rt_system.o)
    0x08003a1c   0x00000050   Code   RO         4042    i.rt_put_dly        RTX_CM1.LIB(rt_list.o)
    0x08003a6c   0x0000003c   Code   RO         4043    i.rt_put_prio       RTX_CM1.LIB(rt_list.o)
    0x08003aa8   0x00000014   Code   RO         4044    i.rt_put_rdy_first  RTX_CM1.LIB(rt_list.o)
    0x08003abc   0x00000030   Code   RO         4045    i.rt_resort_prio    RTX_CM1.LIB(rt_list.o)
    0x08003aec   0x0000002a   Code   RO         4046    i.rt_rmv_dly        RTX_CM1.LIB(rt_list.o)
    0x08003b16   0x00000002   PAD
    0x08003b18   0x00000034   Code   RO         4047    i.rt_rmv_list       RTX_CM1.LIB(rt_list.o)
    0x08003b4c   0x00000034   Code   RO         4263    i.rt_sem_psh        RTX_CM1.LIB(rt_semaphore.o)
    0x08003b80   0x00000028   Code   RO         3960    i.rt_stk_check      RTX_CM1.LIB(rt_system.o)
    0x08003ba8   0x00000010   Code   RO         3777    i.rt_switch_req     RTX_CM1.LIB(rt_task.o)
    0x08003bb8   0x00000138   Code   RO         3778    i.rt_sys_init       RTX_CM1.LIB(rt_task.o)
    0x08003cf0   0x0000003c   Code   RO         3962    i.rt_systick        RTX_CM1.LIB(rt_system.o)
    0x08003d2c   0x00000040   Code   RO         4299    i.rt_tmr_tick       RTX_CM1.LIB(rt_timer.o)
    0x08003d6c   0x0000007c   Code   RO         3779    i.rt_tsk_create     RTX_CM1.LIB(rt_task.o)
    0x08003de8   0x0000009c   Code   RO         3780    i.rt_tsk_delete     RTX_CM1.LIB(rt_task.o)
    0x08003e84   0x00000010   Code   RO         3783    i.rt_tsk_self       RTX_CM1.LIB(rt_task.o)
    0x08003e94   0x00000058   Code   RO          297    i.set_duty_cycle    pwm.o
    0x08003eec   0x00000042   Code   RO            8    i.setup_rtc         main.o
    0x08003f2e   0x00000008   Code   RO          344    i.write_fcn         serial.o
    0x08003f36   0x00000002   PAD
    0x08003f38   0x0000002c   Code   RO         4470    locale$$code        c_p.l(lc_numeric_c.o)
    0x08003f64   0x0000008c   Code   RO         4395    x$fpl$fadd          fz_ps.l(faddsub.o)
    0x08003ff0   0x000000b0   Code   RO         4406    x$fpl$fmul          fz_ps.l(fmul.o)
    0x080040a0   0x00000058   Code   RO         4408    x$fpl$frleqf        fz_ps.l(frlef.o)
    0x080040f8   0x000000d0   Code   RO         4397    x$fpl$fsub          fz_ps.l(faddsub.o)
    0x080041c8   0x00000010   Code   RO         4410    x$fpl$printf1       fz_ps.l(printf1.o)
    0x080041d8   0x00000000   Code   RO         4431    x$fpl$usenofp       fz_ps.l(usenofp.o)
    0x080041d8   0x00000054   Data   RO          429    .constdata          interrupted_charging.o
    0x0800422c   0x00000002   Data   RO         3715    .constdata          rtx_conf_cm.o
    0x0800422e   0x00000002   PAD
    0x08004230   0x00000004   Data   RO         3716    .constdata          rtx_conf_cm.o
    0x08004234   0x00000004   Data   RO         3717    .constdata          rtx_conf_cm.o
    0x08004238   0x00000004   Data   RO         3718    .constdata          rtx_conf_cm.o
    0x0800423c   0x00000001   Data   RO         3719    .constdata          rtx_conf_cm.o
    0x0800423d   0x00000003   PAD
    0x08004240   0x00000008   Data   RO         3720    .constdata          rtx_conf_cm.o
    0x08004248   0x00000002   Data   RO         3721    .constdata          rtx_conf_cm.o
    0x0800424a   0x00000002   PAD
    0x0800424c   0x00000004   Data   RO         3722    .constdata          rtx_conf_cm.o
    0x08004250   0x00000001   Data   RO         3723    .constdata          rtx_conf_cm.o
    0x08004251   0x00000001   PAD
    0x08004252   0x00000002   Data   RO         3724    .constdata          rtx_conf_cm.o
    0x08004254   0x00000080   Data   RO         4385    .constdata          fz_ps.l(ddiv.o)
    0x080042d4   0x00000040   Data   RO         4402    .constdata          fz_ps.l(fdiv.o)
    0x08004314   0x00000094   Data   RO         4463    .constdata          c_p.l(bigflt0.o)
    0x080043a8   0x00000020   Data   RO         4620    Region$$Table       anon$$obj.o
    0x080043c8   0x0000001c   Data   RO         4469    locale$$data        c_p.l(lc_numeric_c.o)


    Execution Region RW_IRAM1 (Base: 0x20000000, Size: 0x00001648, Max: 0x00002000, ABSOLUTE)

    Base Addr    Size         Type   Attr      Idx    E Section Name        Object

    0x20000000   0x00000008   Data   RW            9    .data               main.o
    0x20000008   0x00000004   Data   RW          183    .data               retarget.o
    0x2000000c   0x00000008   Data   RW          236    .data               adc.o
    0x20000014   0x0000000c   Data   RW          273    .data               perturb_and_observe.o
    0x20000020   0x00000002   Data   RW          299    .data               pwm.o
    0x20000022   0x00000002   PAD
    0x20000024   0x00000038   Data   RW          346    .data               serial.o
    0x2000005c   0x00000004   Data   RW          430    .data               interrupted_charging.o
    0x20000060   0x00000010   Data   RW         1969    .data               stm32f0xx_rcc.o
    0x20000070   0x00000014   Data   RW         3667    .data               system_stm32f0xx.o
    0x20000084   0x00000004   Data   RW         3725    .data               rtx_conf_cm.o
    0x20000088   0x00000008   Data   RW         3785    .data               RTX_CM1.LIB(rt_task.o)
    0x20000090   0x00000004   Data   RW         3877    .data               RTX_CM1.LIB(rt_time.o)
    0x20000094   0x00000008   Data   RW         3965    .data               RTX_CM1.LIB(rt_system.o)
    0x2000009c   0x00000008   Data   RW         4119    .data               RTX_CM1.LIB(rt_robin.o)
    0x200000a4   0x00000008   Data   RW         4300    .data               RTX_CM1.LIB(rt_timer.o)
    0x200000ac   0x00000020   Zero   RW          298    .bss                pwm.o
    0x200000cc   0x00000100   Zero   RW          345    .bss                serial.o
    0x200001cc   0x0000009c   Zero   RW         3710    .bss                rtx_conf_cm.o
    0x20000268   0x00000c90   Zero   RW         3711    .bss                rtx_conf_cm.o
    0x20000ef8   0x00000084   Zero   RW         3712    .bss                rtx_conf_cm.o
    0x20000f7c   0x0000000c   Zero   RW         3713    .bss                rtx_conf_cm.o
    0x20000f88   0x00000030   Zero   RW         3784    .bss                RTX_CM1.LIB(rt_task.o)
    0x20000fb8   0x00000030   Zero   RW         4048    .bss                RTX_CM1.LIB(rt_list.o)
    0x20000fe8   0x00000060   Zero   RW         4327    .bss                c_p.l(libspace.o)
    0x20001048   0x00000200   Zero   RW         3697    HEAP                startup_stm32f0xx.o
    0x20001248   0x00000400   Zero   RW         3696    STACK               startup_stm32f0xx.o


==============================================================================

Image component sizes


      Code (inc. data)   RO Data    RW Data    ZI Data      Debug   Object Name

       508         94          0          8          0       8535   adc.o
       642        280         84          4          0       1555   interrupted_charging.o
       358        130          0          8          0     167140   main.o
       276         64          0         12          0        812   perturb_and_observe.o
       356         46          0          2         32       1741   pwm.o
        20          0          0          4          0       2977   retarget.o
        66         14         32          4       3516       3409   rtx_conf_cm.o
       504         68          0         56        256       6895   serial.o
        56         26        192          0       1536        648   startup_stm32f0xx.o
       252         10          0          0          0       6062   stm32f0xx_adc.o
       244         26          0          0          0       3690   stm32f0xx_dma.o
       176          6          0          0          0       3229   stm32f0xx_gpio.o
        80          8          0          0          0        956   stm32f0xx_misc.o
        28          4          0          0          0        518   stm32f0xx_pwr.o
       448         66          0         16          0       5491   stm32f0xx_rcc.o
       414         36          0          0          0       6109   stm32f0xx_rtc.o
       300         52          0          0          0       3112   stm32f0xx_tim.o
       362         10          0          0          0       6055   stm32f0xx_usart.o
       184         20          0         20          0       1413   system_stm32f0xx.o

    ----------------------------------------------------------------------
      5290        960        348        136       5340     230347   Object Totals
         0          0         32          0          0          0   (incl. Generated)
        16          0          8          2          0          0   (incl. Padding)

    ----------------------------------------------------------------------

      Code (inc. data)   RO Data    RW Data    ZI Data      Debug   Library Member Name

         4          4          0          0          0        136   SVC_Table.o
       468         50          0          0          0       1300   hal_cm1.o
        76          6          0          0          0        509   rt_event.o
       464         30          0          0         48       3730   rt_list.o
       172          4          0          0          0        549   rt_mailbox.o
       140          0          0          0          0       1505   rt_membox.o
       276         16          0          0          0       1191   rt_mutex.o
        92         22          0          8          0        906   rt_robin.o
        52          6          0          0          0        433   rt_semaphore.o
       258         50          0          8          0       2886   rt_system.o
       812        156          0          8         48       6400   rt_task.o
        10          0          0          4          0        524   rt_time.o
        64          8          0          8          0        575   rt_timer.o
         8          0          0          0          0         68   __main.o
       286          0          0          0          0        136   __printf_wp.o
        60          8          0          0          0          0   __scatter.o
        26          0          0          0          0          0   __scatter_copy.o
        28          0          0          0          0          0   __scatter_zi.o
        48          6          0          0          0         88   _printf_char_common.o
        40          6          0          0          0         72   _printf_char_file.o
       108         18          0          0          0         76   _printf_dec.o
        10          0          0          0          0          0   _printf_f.o
      1044         12          0          0          0        172   _printf_fp_dec.o
       136         16          0          0          0         76   _printf_fp_infnan.o
        10          0          0          0          0          0   _printf_i.o
       176          0          0          0          0         80   _printf_intcommon.o
         2          0          0          0          0          0   _printf_percent.o
         4          0          0          0          0          0   _printf_percent_end.o
       346          0          0          0          0         92   aeabi_sdiv.o
       204          4        148          0          0         80   bigflt0.o
      1240         12          0          0          0        316   btod.o
        12          0          0          0          0         64   exit.o
         6          0          0          0          0        136   heapauxi.o
        44         10         28          0          0         76   lc_numeric_c.o
         2          0          0          0          0          0   libinit.o
        22          0          0          0          0          0   libinit2.o
         2          0          0          0          0          0   libshutdown.o
         2          0          0          0          0          0   libshutdown2.o
         8          4          0          0         96         68   libspace.o
       122          0          0          0          0         72   lludiv10.o
        28          6          0          0          0         84   noretval__2printf.o
        10          0          0          0          0         76   rt_locale_twolibspace.o
         0          0          0          0          0          0   rtentry.o
        12          0          0          0          0          0   rtentry2.o
         6          0          0          0          0          0   rtentry4.o
         2          0          0          0          0          0   rtexit.o
        10          0          0          0          0          0   rtexit2.o
        40          0          0          0          0         60   rtudiv10.o
       136          4          0          0          0         72   strcmp.o
        62          0          0          0          0         80   sys_stackheap_outer.o
         2          0          0          0          0         68   use_no_semi.o
        48          6          0          0          0         60   cmpret.o
       844         22          0          0          0        224   daddsub.o
      1104         30        128          0          0        112   ddiv.o
        72         10          0          0          0         68   dfixui.o
        88          0          0          0          0         92   dflti.o
       600         20          0          0          0         80   dmul.o
        80          6          0          0          0         60   f2d.o
       348          8          0          0          0        160   faddsub.o
       100          4          0          0          0         68   fcmpin.o
       352          8         64          0          0         88   fdiv.o
        94          0          0          0          0         92   fflti.o
       176          4          0          0          0         80   fmul.o
        16          6          0          0          0         68   fnan2.o
        88          4          0          0          0         76   frlef.o
        16          4          0          0          0         76   printf1.o
        94          0          0          0          0         68   retnan.o
         0          0          0          0          0          0   usenofp.o
        44          6          0          0          0         60   fpclassify.o

    ----------------------------------------------------------------------
     11374        596        368         36        192      24288   Library Totals
        18          0          0          0          0          0   (incl. Padding)

    ----------------------------------------------------------------------

      Code (inc. data)   RO Data    RW Data    ZI Data      Debug   Library Name

      2888        352          0         36         96      20644   RTX_CM1.LIB
      4304        106        176          0         96       2112   c_p.l
      4120        132        192          0          0       1472   fz_ps.l
        44          6          0          0          0         60   m_ps.l

    ----------------------------------------------------------------------
     11374        596        368         36        192      24288   Library Totals

    ----------------------------------------------------------------------

==============================================================================


      Code (inc. data)   RO Data    RW Data    ZI Data      Debug   

     16664       1556        716        172       5532     247623   Grand Totals
     16664       1556        716        172       5532     247623   ELF Image Totals
     16664       1556        716        172          0          0   ROM Totals

==============================================================================

    Total RO  Size (Code + RO Data)                17380 (  16.97kB)
    Total RW  Size (RW Data + ZI Data)              5704 (   5.57kB)
    Total ROM Size (Code + RO Data + RW Data)      17552 (  17.14kB)

==============================================================================

