ARM Linker, 5.02 [Build 28] [MDK-ARM Lite]

==============================================================================

Section Cross References

    main.o(.text) refers to printfa.o(i.__0printf) for __2printf
    main.o(.text) refers to hal_cm1.o(.emb_text) for os_set_env
    main.o(.text) refers to interrupted_charging.o(.bss) for interrupted_charging_stk
    main.o(.text) refers to interrupted_charging.o(.text) for interrupted_charging
    main.o(.text) refers to rt_task.o(i.rt_tsk_create) for rt_tsk_create
    main.o(.text) refers to interrupted_charging.o(.data) for interrupted_charging_t
    main.o(.text) refers to ui.o(.bss) for ui_stk
    main.o(.text) refers to ui.o(.text) for ui
    main.o(.text) refers to ui.o(.data) for ui_t
    main.o(.text) refers to payment_control.o(.bss) for payment_control_stk
    main.o(.text) refers to payment_control.o(.text) for payment_control
    main.o(.text) refers to payment_control.o(.data) for payment_control_t
    main.o(.text) refers to rt_task.o(i.rt_tsk_delete) for rt_tsk_delete
    main.o(.text) refers to serial.o(.data) for Serial
    main.o(.text) refers to rt_task.o(i.rt_sys_init) for rt_sys_init
    main.o(.text) refers to printfa.o(i.__0printf) for __2printf
    retarget.o(.text) refers to serial.o(.text) for write_fcn
    retarget.o(.text) refers to serial.o(.text) for write_fcn
    adc.o(.text) refers to fflti.o(.text) for __aeabi_i2f
    adc.o(.text) refers to fdiv.o(.text) for __aeabi_fdiv
    adc.o(.text) refers to stm32f0xx_dma.o(.text) for DMA_GetFlagStatus
    adc.o(.text) refers to printfa.o(i.__0printf) for __2printf
    adc.o(.text) refers to ffltui.o(.text) for __aeabi_ui2f
    adc.o(.text) refers to fmul.o(.text) for __aeabi_fmul
    adc.o(.text) refers to fadd.o(.text) for __aeabi_fsub
    adc.o(.text) refers to fscalb.o(.text) for __ARM_scalbnf
    adc.o(.text) refers to stm32f0xx_rcc.o(.text) for RCC_AHBPeriphClockCmd
    adc.o(.text) refers to stm32f0xx_gpio.o(.text) for GPIO_StructInit
    adc.o(.text) refers to stm32f0xx_adc.o(.text) for ADC_DeInit
    adc.o(.text) refers to adc.o(.data) for .data
    adc.o(.text) refers to adc.o(.bss) for .bss
    adc.o(.text) refers to pwm.o(.text) for init_pwm
    adc.o(.text) refers to adc.o(.text) for init_adc
    adc.o(.text) refers to f2d.o(.text) for __aeabi_f2d
    adc.o(.text) refers to fmul.o(.text) for __aeabi_fmul
    adc.o(.text) refers to printfa.o(i.__0printf) for __2printf
    adc.o(.text) refers to adc.o(.constdata) for .constdata
    adc.o(.text) refers to rt_time.o(i.rt_dly_wait) for rt_dly_wait
    adc.o(.text) refers to stm32f0xx_adc.o(.text) for ADC_ITConfig
    adc.o(.text) refers to stm32f0xx_adc.o(.text) for ADC_AnalogWatchdogSingleChannelConfig
    adc.o(.text) refers to stm32f0xx_adc.o(.text) for ADC_AnalogWatchdogThresholdsConfig
    adc.o(.text) refers to stm32f0xx_adc.o(.text) for ADC_AnalogWatchdogCmd
    adc.o(.text) refers to stm32f0xx_adc.o(.text) for ADC_AnalogWatchdogSingleChannelCmd
    adc.o(.text) refers to stm32f0xx_misc.o(.text) for NVIC_Init
    perturb_and_observe.o(.text) refers to adc.o(.text) for get_adc_voltage
    perturb_and_observe.o(.text) refers to fmul.o(.text) for __aeabi_fmul
    perturb_and_observe.o(.text) refers to fadd.o(.text) for __aeabi_fsub
    perturb_and_observe.o(.text) refers to cfcmple.o(.text) for __aeabi_cfcmple
    perturb_and_observe.o(.text) refers to pwm.o(.text) for set_duty_cycle
    perturb_and_observe.o(.text) refers to cfrcmple.o(.text) for __aeabi_cfrcmple
    perturb_and_observe.o(.text) refers to perturb_and_observe.o(.data) for .data
    perturb_and_observe.o(.text) refers to rt_time.o(i.rt_dly_wait) for rt_dly_wait
    perturb_and_observe.o(.text) refers to perturb_and_observe.o(.text) for perturb_and_observe_cc_itter
    perturb_and_observe.o(.text) refers to pwm.o(.text) for init_pwm
    perturb_and_observe.o(.text) refers to adc.o(.text) for init_adc
    perturb_and_observe.o(.text) refers to perturb_and_observe.o(.text) for perturb_and_observe_cc_itter
    perturb_and_observe.o(.text) refers to rt_time.o(i.rt_dly_wait) for rt_dly_wait
    pwm.o(.text) refers to dflti.o(.text) for __aeabi_i2d
    pwm.o(.text) refers to f2d.o(.text) for __aeabi_f2d
    pwm.o(.text) refers to dadd.o(.text) for __aeabi_drsub
    pwm.o(.text) refers to dmul.o(.text) for __aeabi_dmul
    pwm.o(.text) refers to ddiv.o(.text) for __aeabi_ddiv
    pwm.o(.text) refers to dfixui.o(.text) for __aeabi_d2uiz
    pwm.o(.text) refers to stm32f0xx_tim.o(.text) for TIM_OC1Init
    pwm.o(.text) refers to stm32f0xx_rcc.o(.text) for RCC_AHBPeriphClockCmd
    pwm.o(.text) refers to stm32f0xx_gpio.o(.text) for GPIO_Init
    pwm.o(.text) refers to uidiv.o(.text) for __aeabi_uidivmod
    pwm.o(.text) refers to dfltui.o(.text) for __aeabi_ui2d
    pwm.o(.text) refers to pwm.o(.data) for .data
    pwm.o(.text) refers to pwm.o(.bss) for .bss
    pwm.o(.text) refers to system_stm32f0xx.o(.data) for SystemCoreClock
[...]
    STM32F0xx_StdPeriph_Driver\\src\\stm32f0xx_pwr.c 0x00000000   Number         0  stm32f0xx_pwr.o ABSOLUTE
    STM32F0xx_StdPeriph_Driver\\src\\stm32f0xx_rcc.c 0x00000000   Number         0  stm32f0xx_rcc.o ABSOLUTE
    STM32F0xx_StdPeriph_Driver\\src\\stm32f0xx_rtc.c 0x00000000   Number         0  stm32f0xx_rtc.o ABSOLUTE
    STM32F0xx_StdPeriph_Driver\\src\\stm32f0xx_spi.c 0x00000000   Number         0  stm32f0xx_spi.o ABSOLUTE
    STM32F0xx_StdPeriph_Driver\\src\\stm32f0xx_syscfg.c 0x00000000   Number         0  stm32f0xx_syscfg.o ABSOLUTE
    STM32F0xx_StdPeriph_Driver\\src\\stm32f0xx_tim.c 0x00000000   Number         0  stm32f0xx_tim.o ABSOLUTE
    STM32F0xx_StdPeriph_Driver\\src\\stm32f0xx_usart.c 0x00000000   Number         0  stm32f0xx_usart.o ABSOLUTE
    STM32F0xx_StdPeriph_Driver\\src\\stm32f0xx_wwdg.c 0x00000000   Number         0  stm32f0xx_wwdg.o ABSOLUTE
    STM32F0xx_StdPeriph_Driver\src\stm32f0xx_adc.c 0x00000000   Number         0  stm32f0xx_adc.o ABSOLUTE
    STM32F0xx_StdPeriph_Driver\src\stm32f0xx_cec.c 0x00000000   Number         0  stm32f0xx_cec.o ABSOLUTE
    STM32F0xx_StdPeriph_Driver\src\stm32f0xx_comp.c 0x00000000   Number         0  stm32f0xx_comp.o ABSOLUTE
    STM32F0xx_StdPeriph_Driver\src\stm32f0xx_crc.c 0x00000000   Number         0  stm32f0xx_crc.o ABSOLUTE
    STM32F0xx_StdPeriph_Driver\src\stm32f0xx_dac.c 0x00000000   Number         0  stm32f0xx_dac.o ABSOLUTE
    STM32F0xx_StdPeriph_Driver\src\stm32f0xx_dbgmcu.c 0x00000000   Number         0  stm32f0xx_dbgmcu.o ABSOLUTE
    STM32F0xx_StdPeriph_Driver\src\stm32f0xx_dma.c 0x00000000   Number         0  stm32f0xx_dma.o ABSOLUTE
    STM32F0xx_StdPeriph_Driver\src\stm32f0xx_exti.c 0x00000000   Number         0  stm32f0xx_exti.o ABSOLUTE
    STM32F0xx_StdPeriph_Driver\src\stm32f0xx_flash.c 0x00000000   Number         0  stm32f0xx_flash.o ABSOLUTE
    STM32F0xx_StdPeriph_Driver\src\stm32f0xx_gpio.c 0x00000000   Number         0  stm32f0xx_gpio.o ABSOLUTE
    STM32F0xx_StdPeriph_Driver\src\stm32f0xx_i2c.c 0x00000000   Number         0  stm32f0xx_i2c.o ABSOLUTE
    STM32F0xx_StdPeriph_Driver\src\stm32f0xx_iwdg.c 0x00000000   Number         0  stm32f0xx_iwdg.o ABSOLUTE
    STM32F0xx_StdPeriph_Driver\src\stm32f0xx_misc.c 0x00000000   Number         0  stm32f0xx_misc.o ABSOLUTE
    STM32F0xx_StdPeriph_Driver\src\stm32f0xx_pwr.c 0x00000000   Number         0  stm32f0xx_pwr.o ABSOLUTE
    STM32F0xx_StdPeriph_Driver\src\stm32f0xx_rcc.c 0x00000000   Number         0  stm32f0xx_rcc.o ABSOLUTE
    STM32F0xx_StdPeriph_Driver\src\stm32f0xx_rtc.c 0x00000000   Number         0  stm32f0xx_rtc.o ABSOLUTE
    STM32F0xx_StdPeriph_Driver\src\stm32f0xx_spi.c 0x00000000   Number         0  stm32f0xx_spi.o ABSOLUTE
    STM32F0xx_StdPeriph_Driver\src\stm32f0xx_syscfg.c 0x00000000   Number         0  stm32f0xx_syscfg.o ABSOLUTE
    STM32F0xx_StdPeriph_Driver\src\stm32f0xx_tim.c 0x00000000   Number         0  stm32f0xx_tim.o ABSOLUTE
    STM32F0xx_StdPeriph_Driver\src\stm32f0xx_usart.c 0x00000000   Number         0  stm32f0xx_usart.o ABSOLUTE
    STM32F0xx_StdPeriph_Driver\src\stm32f0xx_wwdg.c 0x00000000   Number         0  stm32f0xx_wwdg.o ABSOLUTE
    adc.c                                    0x00000000   Number         0  adc.o ABSOLUTE
    adc.c                                    0x00000000   Number         0  adc.o ABSOLUTE
    buzzer.c                                 0x00000000   Number         0  buzzer.o ABSOLUTE
    buzzer.c                                 0x00000000   Number         0  buzzer.o ABSOLUTE
    cdcmple.s                                0x00000000   Number         0  cdcmple.o ABSOLUTE
    cdrcmple.s                               0x00000000   Number         0  cdrcmple.o ABSOLUTE
    cfcmple.s                                0x00000000   Number         0  cfcmple.o ABSOLUTE
    cfrcmple.s                               0x00000000   Number         0  cfrcmple.o ABSOLUTE
    dc.s                                     0x00000000   Number         0  dc.o ABSOLUTE
    handlers.s                               0x00000000   Number         0  handlers.o ABSOLUTE
    init.s                                   0x00000000   Number         0  init.o ABSOLUTE
    interrupted_charging.c                   0x00000000   Number         0  interrupted_charging.o ABSOLUTE
    interrupted_charging.c                   0x00000000   Number         0  interrupted_charging.o ABSOLUTE
    lcd_hd44780.c                            0x00000000   Number         0  lcd_hd44780.o ABSOLUTE
    lcd_hd44780.c                            0x00000000   Number         0  lcd_hd44780.o ABSOLUTE
    main.c                                   0x00000000   Number         0  main.o ABSOLUTE
    main.c                                   0x00000000   Number         0  main.o ABSOLUTE
    payment_control.c                        0x00000000   Number         0  payment_control.o ABSOLUTE
    payment_control.c                        0x00000000   Number         0  payment_control.o ABSOLUTE
    perturb_and_observe.c                    0x00000000   Number         0  perturb_and_observe.o ABSOLUTE
    perturb_and_observe.c                    0x00000000   Number         0  perturb_and_observe.o ABSOLUTE
    pwm.c                                    0x00000000   Number         0  pwm.o ABSOLUTE
    pwm.c                                    0x00000000   Number         0  pwm.o ABSOLUTE
    rtc.c                                    0x00000000   Number         0  rtc.o ABSOLUTE
    rtc.c                                    0x00000000   Number         0  rtc.o ABSOLUTE
    serial.c                                 0x00000000   Number         0  serial.o ABSOLUTE
    serial.c                                 0x00000000   Number         0  serial.o ABSOLUTE
    stm32f0xx_it.c                           0x00000000   Number         0  stm32f0xx_it.o ABSOLUTE
    stm32f0xx_it.c                           0x00000000   Number         0  stm32f0xx_it.o ABSOLUTE
    system_stm32f0xx.c                       0x00000000   Number         0  system_stm32f0xx.o ABSOLUTE
    system_stm32f0xx.c                       0x00000000   Number         0  system_stm32f0xx.o ABSOLUTE
    trace.c                                  0x00000000   Number         0  trace.o ABSOLUTE
    ui.c                                     0x00000000   Number         0  ui.o ABSOLUTE
    ui.c                                     0x00000000   Number         0  ui.o ABSOLUTE
    unlock_codes.c                           0x00000000   Number         0  unlock_codes.o ABSOLUTE
    user_outputs.c                           0x00000000   Number         0  user_outputs.o ABSOLUTE
    user_outputs.c                           0x00000000   Number         0  user_outputs.o ABSOLUTE
    RESET                                    0x08000000   Section      192  startup_stm32f0xx.o(RESET)
    .ARM.Collect$$$$00000000                 0x080000c0   Section        0  entry.o(.ARM.Collect$$$$00000000)
    .ARM.Collect$$$$00000001                 0x080000c0   Section        4  entry2.o(.ARM.Collect$$$$00000001)
    .ARM.Collect$$$$00000004                 0x080000c4   Section        4  entry5.o(.ARM.Collect$$$$00000004)
    .ARM.Collect$$$$00000008                 0x080000c8   Section        0  entry7b.o(.ARM.Collect$$$$00000008)
    .ARM.Collect$$$$00000009                 0x080000c8   Section        8  entry8.o(.ARM.Collect$$$$00000009)
    .ARM.Collect$$$$00002712                 0x080000d0   Section        4  entry2.o(.ARM.Collect$$$$00002712)
    __lit__00000000                          0x080000d0   Data           4  entry2.o(.ARM.Collect$$$$00002712)
    .emb_text                                0x080000d4   Section      392  hal_cm1.o(.emb_text)
    .text                                    0x0800025c   Section        0  main.o(.text)
    .text                                    0x080004d0   Section        0  retarget.o(.text)
    .text                                    0x080004dc   Section        0  adc.o(.text)
    .text                                    0x080007a0   Section        0  perturb_and_observe.o(.text)
    .text                                    0x08000894   Section        0  pwm.o(.text)
    .text                                    0x080009f0   Section        0  serial.o(.text)
    UART1_Init                               0x08000b05   Thumb Code   140  serial.o(.text)
    .text                                    0x08000ba0   Section        0  interrupted_charging.o(.text)
    .text                                    0x080010d8   Section        0  lcd_hd44780.o(.text)
    .text                                    0x0800155c   Section        0  stm32f0xx_it.o(.text)
    .text                                    0x08001620   Section        0  ui.o(.text)
    .text                                    0x08001e90   Section        0  user_outputs.o(.text)
    .text                                    0x08001f44   Section        0  payment_control.o(.text)
    .text                                    0x08002420   Section        0  buzzer.o(.text)
    .text                                    0x0800249c   Section        0  rtc.o(.text)
    .text                                    0x08002660   Section        0  stm32f0xx_adc.o(.text)
    .text                                    0x08002778   Section        0  stm32f0xx_dma.o(.text)
    .text                                    0x08002850   Section        0  stm32f0xx_exti.o(.text)
    .text                                    0x080028e8   Section        0  stm32f0xx_flash.o(.text)
    .text                                    0x080029bc   Section        0  stm32f0xx_gpio.o(.text)
    .text                                    0x08002a78   Section        0  stm32f0xx_misc.o(.text)
    .text                                    0x08002ac8   Section        0  stm32f0xx_pwr.o(.text)
    .text                                    0x08002af4   Section        0  stm32f0xx_rcc.o(.text)
    .text                                    0x08002cac   Section        0  stm32f0xx_rtc.o(.text)
    RTC_Bcd2ToByte                           0x08002e23   Thumb Code    16  stm32f0xx_rtc.o(.text)
    .text                                    0x08002e40   Section        0  stm32f0xx_syscfg.o(.text)
    .text                                    0x08002e68   Section        0  stm32f0xx_tim.o(.text)
    .text                                    0x08002f70   Section        0  stm32f0xx_usart.o(.text)
    .text                                    0x0800309c   Section        0  system_stm32f0xx.o(.text)
    SetSysClock                              0x080030f1   Thumb Code    80  system_stm32f0xx.o(.text)
    .text                                    0x08003150   Section       28  startup_stm32f0xx.o(.text)
    .text                                    0x0800316c   Section        0  rtx_conf_cm.o(.text)
    .text                                    0x080031f0   Section        0  eeprom.o(.text)
    EE_FindValidPage                         0x080031f1   Thumb Code    60  eeprom.o(.text)
    EE_VerifyPageFullWriteVariable           0x0800322d   Thumb Code    68  eeprom.o(.text)
    EE_Format                                0x080033c5   Thumb Code    34  eeprom.o(.text)
    EE_PageTransfer                          0x080033e7   Thumb Code   126  eeprom.o(.text)
    .text                                    0x08003480   Section        0  unlock_codes.o(.text)
    .text                                    0x08003508   Section        0  uidiv.o(.text)
    .text                                    0x08003534   Section        0  uldiv.o(.text)
    .text                                    0x08003594   Section        0  llmul.o(.text)
    .text                                    0x08003610   Section        0  mktime.o(.text)
    .text                                    0x0800369c   Section        0  memcpya.o(.text)
    .text                                    0x080036c0   Section        0  fadd.o(.text)
    .text                                    0x08003772   Section        0  fmul.o(.text)
    .text                                    0x080037ec   Section        0  fdiv.o(.text)
    .text                                    0x0800386c   Section        0  fscalb.o(.text)
    .text                                    0x08003884   Section        0  dadd.o(.text)
    .text                                    0x080039e8   Section        0  dmul.o(.text)
    .text                                    0x08003ab8   Section        0  ddiv.o(.text)
    .text                                    0x08003ba8   Section        0  fflti.o(.text)
    .text                                    0x08003bbe   Section        0  ffltui.o(.text)
    .text                                    0x08003bcc   Section        0  dflti.o(.text)
    .text                                    0x08003bf4   Section        0  dfltui.o(.text)
    .text                                    0x08003c10   Section        0  ffixi.o(.text)
    .text                                    0x08003c44   Section        0  dfixi.o(.text)
    .text                                    0x08003c8c   Section        0  dfixui.o(.text)
    .text                                    0x08003cc8   Section        0  f2d.o(.text)
    .text                                    0x08003cf0   Section       40  cdcmple.o(.text)
    .text                                    0x08003d18   Section       40  cdrcmple.o(.text)
    .text                                    0x08003d40   Section        0  d2f.o(.text)
    .text                                    0x08003d78   Section       20  cfcmple.o(.text)
    .text                                    0x08003d8c   Section       20  cfrcmple.o(.text)
    .text                                    0x08003da0   Section        0  idiv.o(.text)
    .text                                    0x08003dc8   Section        0  llshl.o(.text)
    .text                                    0x08003de8   Section        0  llushr.o(.text)
    .text                                    0x08003e0a   Section        0  llsshr.o(.text)
    .text                                    0x08003e30   Section        0  localtime_i.o(.text)
    .text                                    0x08003ea4   Section        0  iusefp.o(.text)
    .text                                    0x08003ea4   Section        0  fepilogue.o(.text)
    .text                                    0x08003f28   Section        0  depilogue.o(.text)
    .text                                    0x08003fe8   Section        0  dfixul.o(.text)
    .text                                    0x08004028   Section       36  init.o(.text)
    SVC_TABLE                                0x0800404c   Section        4  SVC_Table.o(SVC_TABLE)
    i.__0printf                              0x08004050   Section        0  printfa.o(i.__0printf)
    i.__0snprintf                            0x08004070   Section        0  printfa.o(i.__0snprintf)
    i.__ARM_clz                              0x0800409c   Section        0  depilogue.o(i.__ARM_clz)
    i.__ARM_common_switch8                   0x080040ca   Section        0  interrupted_charging.o(i.__ARM_common_switch8)
    i.__scatterload_copy                     0x080040e4   Section       14  handlers.o(i.__scatterload_copy)
    i.__scatterload_null                     0x080040f2   Section        2  handlers.o(i.__scatterload_null)
    i.__scatterload_zeroinit                 0x080040f4   Section       14  handlers.o(i.__scatterload_zeroinit)
    i._fp_digits                             0x08004104   Section        0  printfa.o(i._fp_digits)
    _fp_digits                               0x08004105   Thumb Code   314  printfa.o(i._fp_digits)
    i._init_box                              0x0800425c   Section        0  rt_membox.o(i._init_box)
    i._printf_core                           0x080042a4   Section        0  printfa.o(i._printf_core)
    _printf_core                             0x080042a5   Thumb Code  1766  printfa.o(i._printf_core)
    i._printf_post_padding                   0x0800499c   Section        0  printfa.o(i._printf_post_padding)
    _printf_post_padding                     0x0800499d   Thumb Code    32  printfa.o(i._printf_post_padding)
    i._printf_pre_padding                    0x080049bc   Section        0  printfa.o(i._printf_pre_padding)
    _printf_pre_padding                      0x080049bd   Thumb Code    44  printfa.o(i._printf_pre_padding)
    i._snputc                                0x080049e8   Section        0  printfa.o(i._snputc)
    _snputc                                  0x080049e9   Thumb Code    22  printfa.o(i._snputc)
    i.floor                                  0x08004a00   Section        0  floor.o(i.floor)
    i.isr_evt_set                            0x08004acc   Section        0  rt_event.o(i.isr_evt_set)
    i.os_tick_init                           0x08004af0   Section        0  rt_system.o(i.os_tick_init)
    i.os_tick_irqack                         0x08004b1c   Section        0  rt_system.o(i.os_tick_irqack)
    i.rt_alloc_box                           0x08004b1e   Section        0  rt_membox.o(i.rt_alloc_box)
    i.rt_block                               0x08004b3c   Section        0  rt_task.o(i.rt_block)
    i.rt_chk_robin                           0x08004b74   Section        0  rt_robin.o(i.rt_chk_robin)
    i.rt_dec_dly                             0x08004bb8   Section        0  rt_list.o(i.rt_dec_dly)
    i.rt_dispatch                            0x08004c30   Section        0  rt_task.o(i.rt_dispatch)
    i.rt_dly_wait                            0x08004c70   Section        0  rt_time.o(i.rt_dly_wait)
    i.rt_evt_clr                             0x08004c7c   Section        0  rt_event.o(i.rt_evt_clr)
    i.rt_evt_get                             0x08004c98   Section        0  rt_event.o(i.rt_evt_get)
    i.rt_evt_psh                             0x08004ca4   Section        0  rt_event.o(i.rt_evt_psh)
    i.rt_evt_set                             0x08004cf0   Section        0  rt_event.o(i.rt_evt_set)
    i.rt_evt_wait                            0x08004d4c   Section        0  rt_event.o(i.rt_evt_wait)
    i.rt_free_box                            0x08004d8c   Section        0  rt_membox.o(i.rt_free_box)
    i.rt_get_first                           0x08004db2   Section        0  rt_list.o(i.rt_get_first)
    i.rt_init_context                        0x08004ddc   Section        0  rt_task.o(i.rt_init_context)
    rt_init_context                          0x08004ddd   Thumb Code    64  rt_task.o(i.rt_init_context)
    i.rt_init_robin                          0x08004e20   Section        0  rt_robin.o(i.rt_init_robin)
    i.rt_init_stack                          0x08004e38   Section        0  hal_cm1.o(i.rt_init_stack)
    i.rt_mbx_psh                             0x08004e84   Section        0  rt_mailbox.o(i.rt_mbx_psh)
    i.rt_pop_req                             0x08004f30   Section        0  rt_system.o(i.rt_pop_req)
    i.rt_psh_req                             0x08004fa0   Section        0  rt_system.o(i.rt_psh_req)
    i.rt_psq_enq                             0x08004fc0   Section        0  rt_list.o(i.rt_psq_enq)
    i.rt_put_dly                             0x08005000   Section        0  rt_list.o(i.rt_put_dly)
    i.rt_put_prio                            0x08005050   Section        0  rt_list.o(i.rt_put_prio)
    i.rt_put_rdy_first                       0x0800508c   Section        0  rt_list.o(i.rt_put_rdy_first)
    i.rt_rmv_dly                             0x080050a0   Section        0  rt_list.o(i.rt_rmv_dly)
    i.rt_rmv_list                            0x080050cc   Section        0  rt_list.o(i.rt_rmv_list)
    i.rt_sem_psh                             0x08005100   Section        0  rt_semaphore.o(i.rt_sem_psh)
    i.rt_stk_check                           0x08005134   Section        0  rt_system.o(i.rt_stk_check)
    i.rt_switch_req                          0x0800515c   Section        0  rt_task.o(i.rt_switch_req)
    i.rt_sys_init                            0x0800516c   Section        0  rt_task.o(i.rt_sys_init)
    i.rt_systick                             0x080052a4   Section        0  rt_system.o(i.rt_systick)
    i.rt_tmr_create                          0x080052e0   Section        0  rt_timer.o(i.rt_tmr_create)
    i.rt_tmr_kill                            0x08005330   Section        0  rt_timer.o(i.rt_tmr_kill)
    i.rt_tmr_tick                            0x08005364   Section        0  rt_timer.o(i.rt_tmr_tick)
    i.rt_tsk_create                          0x080053a4   Section        0  rt_task.o(i.rt_tsk_create)
    i.rt_tsk_delete                          0x08005420   Section        0  rt_task.o(i.rt_tsk_delete)
    .constdata                               0x080054bc   Section      202  interrupted_charging.o(.constdata)
    .constdata                               0x08005586   Section        2  rtx_conf_cm.o(.constdata)
    .constdata                               0x08005588   Section        4  rtx_conf_cm.o(.constdata)
    .constdata                               0x0800558c   Section        4  rtx_conf_cm.o(.constdata)
    .constdata                               0x08005590   Section        4  rtx_conf_cm.o(.constdata)
    .constdata                               0x08005594   Section        1  rtx_conf_cm.o(.constdata)
    .constdata                               0x08005598   Section        8  rtx_conf_cm.o(.constdata)
    __tagsym$$used                           0x08005598   Number         0  rtx_conf_cm.o(.constdata)
    __tagsym$$used                           0x0800559c   Number         0  rtx_conf_cm.o(.constdata)
    .constdata                               0x080055a0   Section        2  rtx_conf_cm.o(.constdata)
    .constdata                               0x080055a4   Section        4  rtx_conf_cm.o(.constdata)
    .constdata                               0x080055a8   Section        1  rtx_conf_cm.o(.constdata)
    .constdata                               0x080055aa   Section        2  rtx_conf_cm.o(.constdata)
    .constdata                               0x080055ac   Section       12  mktime.o(.constdata)
    monlen                                   0x080055ac   Data          12  mktime.o(.constdata)
    .constdata                               0x080055b8   Section       12  localtime_i.o(.constdata)
    monlen                                   0x080055b8   Data          12  localtime_i.o(.constdata)
    .data                                    0x20000000   Section        4  retarget.o(.data)
    .data                                    0x20000004   Section        4  adc.o(.data)
    .data                                    0x20000008   Section       12  perturb_and_observe.o(.data)
    p_panel_delay                            0x2000000c   Data           4  perturb_and_observe.o(.data)
    v_panel_delay                            0x20000010   Data           4  perturb_and_observe.o(.data)
    .data                                    0x20000014   Section        2  pwm.o(.data)
    .data                                    0x20000018   Section       64  serial.o(.data)
    rcv_buff_full                            0x20000018   Data           1  serial.o(.data)
    nb_rcv_buff_char                         0x2000001a   Data           2  serial.o(.data)
    rcv_buff_overload                        0x2000001c   Data           2  serial.o(.data)
    pt_rcv_read                              0x20000020   Data           4  serial.o(.data)
    pt_rcv_write                             0x20000024   Data           4  serial.o(.data)
    USARTx                                   0x20000028   Data           4  serial.o(.data)
    rcv_buff                                 0x2000002c   Data           8  serial.o(.data)
    .data                                    0x20000058   Section       36  interrupted_charging.o(.data)
    .data                                    0x2000007c   Section        4  interrupted_charging.o(.data)
    .data                                    0x20000080   Section        4  lcd_hd44780.o(.data)
    .data                                    0x20000084   Section       12  ui.o(.data)
    .data                                    0x20000090   Section        4  payment_control.o(.data)
    .data                                    0x20000094   Section       16  stm32f0xx_rcc.o(.data)
    APBAHBPrescTable                         0x20000094   Data          16  stm32f0xx_rcc.o(.data)
    .data                                    0x200000a4   Section       20  system_stm32f0xx.o(.data)
    .data                                    0x200000b8   Section        4  rtx_conf_cm.o(.data)
    .data                                    0x200000bc   Section        2  eeprom.o(.data)
    .data                                    0x200000be   Section        2  unlock_codes.o(.data)
    .data                                    0x200000c0   Section        8  rt_task.o(.data)
    .data                                    0x200000c8   Section        4  rt_time.o(.data)
    .data                                    0x200000cc   Section        8  rt_timer.o(.data)
    .data                                    0x200000d4   Section        8  rt_system.o(.data)
    os_lock                                  0x200000d4   Data           1  rt_system.o(.data)
    os_psh_flag                              0x200000d5   Data           1  rt_system.o(.data)
    pend_flags                               0x200000d6   Data           1  rt_system.o(.data)
    .data                                    0x200000dc   Section        8  rt_robin.o(.data)
    .bss                                     0x200000e4   Section      160  adc.o(.bss)
    .bss                                     0x20000184   Section       32  pwm.o(.bss)
    .bss                                     0x200001a8   Section      640  interrupted_charging.o(.bss)
    .bss                                     0x20000428   Section       10  ui.o(.bss)
    .bss                                     0x20000438   Section      400  ui.o(.bss)
    .bss                                     0x200005c8   Section       64  payment_control.o(.bss)
    ee_data_copy                             0x200005c8   Data          24  payment_control.o(.bss)
    .bss                                     0x20000608   Section      320  payment_control.o(.bss)
    .bss                                     0x20000748   Section      204  rtx_conf_cm.o(.bss)
    .bss                                     0x20000818   Section      656  rtx_conf_cm.o(.bss)
    .bss                                     0x20000aa8   Section      132  rtx_conf_cm.o(.bss)
    .bss                                     0x20000b2c   Section       16  rtx_conf_cm.o(.bss)
    .bss                                     0x20000b3c   Section       20  rtx_conf_cm.o(.bss)
    .bss                                     0x20000b50   Section       48  rt_task.o(.bss)
    .bss                                     0x20000b80   Section       48  rt_list.o(.bss)
    STACK                                    0x20000bb0   Section     1024  startup_stm32f0xx.o(STACK)

    Global Symbols

    Symbol Name                              Value     Ov Type        Size  Object(Section)

    BuildAttributes$$THM_ISAv3M$S$PE$A:L22$X:L11$S22$IEEE1$IW$USESV6$~STKCKD$USESV7$~SHL$OTIME$ROPI$IEEEJ$EBA8$MICROLIB$REQ8$PRES8$EABIv2 0x00000000   Number         0  anon$$obj.o ABSOLUTE
    __ARM_use_no_argv                        0x00000000   Number         0  main.o ABSOLUTE
    __use_no_errno                           0x00000000   Number         0  useno.o ABSOLUTE
    __use_no_exception_handling              0x00000000   Number         0  useno.o ABSOLUTE
    __use_no_fp                              0x00000000   Number         0  useno.o ABSOLUTE
    __use_no_heap                            0x00000000   Number         0  useno.o ABSOLUTE
    __use_no_heap_region                     0x00000000   Number         0  useno.o ABSOLUTE
    __use_no_semihosting                     0x00000000   Number         0  useno.o ABSOLUTE
    __use_no_semihosting_swi                 0x00000000   Number         0  useno.o ABSOLUTE
    __use_no_signal_handling                 0x00000000   Number         0  useno.o ABSOLUTE
    _printf_a                                0x00000000   Number         0  stubs.o ABSOLUTE
    _printf_c                                0x00000000   Number         0  stubs.o ABSOLUTE
    _printf_charcount                        0x00000000   Number         0  stubs.o ABSOLUTE
    _printf_d                                0x00000000   Number         0  stubs.o ABSOLUTE
    _printf_e                                0x00000000   Number         0  stubs.o ABSOLUTE
    _printf_f                                0x00000000   Number         0  stubs.o ABSOLUTE
    _printf_flags                            0x00000000   Number         0  stubs.o ABSOLUTE
    _printf_fp_dec                           0x00000000   Number         0  stubs.o ABSOLUTE
    _printf_fp_hex                           0x00000000   Number         0  stubs.o ABSOLUTE
    _printf_g                                0x00000000   Number         0  stubs.o ABSOLUTE
    _printf_i                                0x00000000   Number         0  stubs.o ABSOLUTE
    _printf_int_dec                          0x00000000   Number         0  stubs.o ABSOLUTE
    _printf_l                                0x00000000   Number         0  stubs.o ABSOLUTE
    _printf_lc                               0x00000000   Number         0  stubs.o ABSOLUTE
    _printf_ll                               0x00000000   Number         0  stubs.o ABSOLUTE
    _printf_lld                              0x00000000   Number         0  stubs.o ABSOLUTE
    _printf_lli                              0x00000000   Number         0  stubs.o ABSOLUTE
    _printf_llo                              0x00000000   Number         0  stubs.o ABSOLUTE
    _printf_llu                              0x00000000   Number         0  stubs.o ABSOLUTE
    _printf_llx                              0x00000000   Number         0  stubs.o ABSOLUTE
    _printf_longlong_dec                     0x00000000   Number         0  stubs.o ABSOLUTE
    _printf_longlong_hex                     0x00000000   Number         0  stubs.o ABSOLUTE
    _printf_longlong_oct                     0x00000000   Number         0  stubs.o ABSOLUTE
    _printf_ls                               0x00000000   Number         0  stubs.o ABSOLUTE
    _printf_mbtowc                           0x00000000   Number         0  stubs.o ABSOLUTE
    _printf_n                                0x00000000   Number         0  stubs.o ABSOLUTE
    _printf_o                                0x00000000   Number         0  stubs.o ABSOLUTE
    _printf_p                                0x00000000   Number         0  stubs.o ABSOLUTE
    _printf_percent                          0x00000000   Number         0  stubs.o ABSOLUTE
    _printf_pre_padding                      0x00000000   Number         0  stubs.o ABSOLUTE
    _printf_return_value                     0x00000000   Number         0  stubs.o ABSOLUTE
    _printf_s                                0x00000000   Number         0  stubs.o ABSOLUTE
    _printf_sizespec                         0x00000000   Number         0  stubs.o ABSOLUTE
    _printf_str                              0x00000000   Number         0  stubs.o ABSOLUTE
    _printf_truncate_signed                  0x00000000   Number         0  stubs.o ABSOLUTE
    _printf_truncate_unsigned                0x00000000   Number         0  stubs.o ABSOLUTE
    _printf_u                                0x00000000   Number         0  stubs.o ABSOLUTE
    _printf_wc                               0x00000000   Number         0  stubs.o ABSOLUTE
    _printf_wctomb                           0x00000000   Number         0  stubs.o ABSOLUTE
    _printf_widthprec                        0x00000000   Number         0  stubs.o ABSOLUTE
    _printf_x                                0x00000000   Number         0  stubs.o ABSOLUTE
    __decompress                              - Undefined Weak Reference
    _clock_init                               - Undefined Weak Reference
    __Vectors_Size                           0x000000c0   Number         0  startup_stm32f0xx.o ABSOLUTE
    __RL_RTX_VER                             0x00000460   Number         0  rt_system.o ABSOLUTE
    __Vectors                                0x08000000   Data           4  startup_stm32f0xx.o(RESET)
    __Vectors_End                            0x080000c0   Data           0  startup_stm32f0xx.o(RESET)
    __main                                   0x080000c1   Thumb Code     0  entry.o(.ARM.Collect$$$$00000000)
    _main_stk                                0x080000c1   Thumb Code     0  entry2.o(.ARM.Collect$$$$00000001)
    _main_scatterload                        0x080000c5   Thumb Code     0  entry5.o(.ARM.Collect$$$$00000004)
    __main_after_scatterload                 0x080000c9   Thumb Code     0  entry5.o(.ARM.Collect$$$$00000004)
    _main_clock                              0x080000c9   Thumb Code     0  entry7b.o(.ARM.Collect$$$$00000008)
    _main_init                               0x080000c9   Thumb Code     0  entry8.o(.ARM.Collect$$$$00000009)
    rt_set_PSP                               0x080000d5   Thumb Code     6  hal_cm1.o(.emb_text)
    rt_get_PSP                               0x080000db   Thumb Code     6  hal_cm1.o(.emb_text)
    os_set_env                               0x080000e1   Thumb Code    32  hal_cm1.o(.emb_text)
    _alloc_box                               0x08000105   Thumb Code    28  hal_cm1.o(.emb_text)
    _free_box                                0x08000125   Thumb Code    28  hal_cm1.o(.emb_text)
    SVC_Handler                              0x08000145   Thumb Code   152  hal_cm1.o(.emb_text)
    PendSV_Handler                           0x080001e9   Thumb Code    92  hal_cm1.o(.emb_text)
    SysTick_Handler                          0x08000249   Thumb Code     8  hal_cm1.o(.emb_text)
    OS_Tick_Handler                          0x08000251   Thumb Code    12  hal_cm1.o(.emb_text)
    init                                     0x0800025d   Thumb Code   112  main.o(.text)
    main                                     0x080002cd   Thumb Code    84  main.o(.text)
    fputc                                    0x080004d1   Thumb Code    12  retarget.o(.text)
    get_adc_voltage                          0x080004dd   Thumb Code   308  adc.o(.text)
    init_adc                                 0x08000611   Thumb Code   296  adc.o(.text)
    perturb_and_observe_cc_itter             0x080007a1   Thumb Code   144  perturb_and_observe.o(.text)
    set_mppt                                 0x08000831   Thumb Code    84  perturb_and_observe.o(.text)
    set_duty_cycle                           0x08000895   Thumb Code    70  pwm.o(.text)
    TIM_Config                               0x080008db   Thumb Code   100  pwm.o(.text)
    init_pwm                                 0x0800093f   Thumb Code   150  pwm.o(.text)
    putchar                                  0x080009f1   Thumb Code    32  serial.o(.text)
    begin_fcn                                0x08000a11   Thumb Code    16  serial.o(.text)
    available_fcn                            0x08000a21   Thumb Code     6  serial.o(.text)
    flush_fcn                                0x08000a27   Thumb Code    20  serial.o(.text)
    read_fcn                                 0x08000a3b   Thumb Code    44  serial.o(.text)
    peek_fcn                                 0x08000a67   Thumb Code    16  serial.o(.text)
    write_fcn                                0x08000a77   Thumb Code     2  serial.o(.text)
    print_fcn                                0x08000a79   Thumb Code    20  serial.o(.text)
    println_fcn                              0x08000a8d   Thumb Code    20  serial.o(.text)
    USART1_IRQHandler                        0x08000aa1   Thumb Code   100  serial.o(.text)
    calc_lvdc                                0x08000ba1   Thumb Code    46  interrupted_charging.o(.text)
    set_temperature_compensation             0x08000bcf   Thumb Code    72  interrupted_charging.o(.text)
    interrupted_charging                     0x08000c17   Thumb Code   640  interrupted_charging.o(.text)
    get_charging_rate                        0x08000e97   Thumb Code    42  interrupted_charging.o(.text)
    get_soc                                  0x08000ec1   Thumb Code    88  interrupted_charging.o(.text)
    delay100u                                0x080010d9   Thumb Code    16  lcd_hd44780.o(.text)
    cycle_e                                  0x080010e9   Thumb Code    38  lcd_hd44780.o(.text)
    lcd_send_4_bits                          0x0800110f   Thumb Code    86  lcd_hd44780.o(.text)
    lcd_putc                                 0x08001165   Thumb Code    44  lcd_hd44780.o(.text)
    lcd_write_string                         0x08001191   Thumb Code    20  lcd_hd44780.o(.text)
    lcd_write_int                            0x080011a5   Thumb Code    32  lcd_hd44780.o(.text)
    lcd_send_cmd                             0x080011c5   Thumb Code    44  lcd_hd44780.o(.text)
    lcd_goto_XY                              0x080011f1   Thumb Code    14  lcd_hd44780.o(.text)
    lcd_clear                                0x080011ff   Thumb Code    18  lcd_hd44780.o(.text)
    lcd_backlight                            0x08001211   Thumb Code    74  lcd_hd44780.o(.text)
    lcd_set_custom_chars                     0x0800125b   Thumb Code   250  lcd_hd44780.o(.text)
    lcd_init                                 0x08001355   Thumb Code   144  lcd_hd44780.o(.text)
    lcd_bk_tmr_expire                        0x080013e5   Thumb Code    12  lcd_hd44780.o(.text)
    lcd_power                                0x080013f1   Thumb Code    24  lcd_hd44780.o(.text)
    lcd_batt_level                           0x08001409   Thumb Code   152  lcd_hd44780.o(.text)
    lcd_charging                             0x080014a1   Thumb Code   174  lcd_hd44780.o(.text)
    NMI_Handler                              0x0800155d   Thumb Code     2  stm32f0xx_it.o(.text)
    HardFault_Handler                        0x0800155f   Thumb Code     2  stm32f0xx_it.o(.text)
    ADC1_COMP_IRQHandler                     0x08001561   Thumb Code     2  stm32f0xx_it.o(.text)
    EXTI0_1_IRQHandler                       0x08001563   Thumb Code    30  stm32f0xx_it.o(.text)
    EXTI4_15_IRQHandler                      0x08001581   Thumb Code   152  stm32f0xx_it.o(.text)
    reset_outputs                            0x08001621   Thumb Code    72  ui.o(.text)
    reset_display                            0x08001669   Thumb Code   146  ui.o(.text)
    keypad_get_key                           0x080016fb   Thumb Code   326  ui.o(.text)
    utoa_b                                   0x08001841   Thumb Code    74  ui.o(.text)
    lcd_splash_screen                        0x0800188b   Thumb Code    50  ui.o(.text)
    pwr_sw_init                              0x080018bd   Thumb Code    64  ui.o(.text)
    keypad_init                              0x080018fd   Thumb Code   212  ui.o(.text)
    ui                                       0x080019d1   Thumb Code   938  ui.o(.text)
    usb_outputs_init                         0x08001e91   Thumb Code   134  user_outputs.o(.text)
    dc_outputs_init                          0x08001f17   Thumb Code    42  user_outputs.o(.text)
    get_unlock_days                          0x08001f45   Thumb Code    68  payment_control.o(.text)
    double_to_four_uint16                    0x08001f89   Thumb Code    24  payment_control.o(.text)
    four_uint16_to_double                    0x08001fa1   Thumb Code    24  payment_control.o(.text)
    ee_sync                                  0x08001fb9   Thumb Code   228  payment_control.o(.text)
    payment_control                          0x0800209d   Thumb Code   130  payment_control.o(.text)
    update_expiry_date                       0x0800211f   Thumb Code    94  payment_control.o(.text)
    check_code                               0x0800217d   Thumb Code    72  payment_control.o(.text)
    check_unlock_code                        0x080021c5   Thumb Code    64  payment_control.o(.text)
    delay                                    0x08002421   Thumb Code    12  buzzer.o(.text)
    buzzer_init                              0x0800242d   Thumb Code    52  buzzer.o(.text)
    buzz                                     0x08002461   Thumb Code    60  buzzer.o(.text)
    print_time_date                          0x0800249d   Thumb Code    68  rtc.o(.text)
    rtc_lsi_init                             0x080024e1   Thumb Code   104  rtc.o(.text)
    rtc_init                                 0x08002549   Thumb Code   116  rtc.o(.text)
    get_time_struct                          0x080025bd   Thumb Code    82  rtc.o(.text)
    get_time_t                               0x0800260f   Thumb Code    20  rtc.o(.text)
    ADC_DeInit                               0x08002661   Thumb Code    28  stm32f0xx_adc.o(.text)
    ADC_Init                                 0x0800267d   Thumb Code    38  stm32f0xx_adc.o(.text)
    ADC_StructInit                           0x080026a3   Thumb Code    16  stm32f0xx_adc.o(.text)
    ADC_Cmd                                  0x080026b3   Thumb Code    18  stm32f0xx_adc.o(.text)
    ADC_JitterCmd                            0x080026c5   Thumb Code    16  stm32f0xx_adc.o(.text)
    ADC_TempSensorCmd                        0x080026d5   Thumb Code    22  stm32f0xx_adc.o(.text)
    ADC_ChannelConfig                        0x080026eb   Thumb Code    10  stm32f0xx_adc.o(.text)
    ADC_GetCalibrationFactor                 0x080026f5   Thumb Code    46  stm32f0xx_adc.o(.text)
    ADC_StartOfConversion                    0x08002723   Thumb Code    10  stm32f0xx_adc.o(.text)
    ADC_DMACmd                               0x0800272d   Thumb Code    20  stm32f0xx_adc.o(.text)
    ADC_DMARequestModeConfig                 0x08002741   Thumb Code    16  stm32f0xx_adc.o(.text)
    ADC_GetFlagStatus                        0x08002751   Thumb Code    28  stm32f0xx_adc.o(.text)
    DMA_DeInit                               0x08002779   Thumb Code   100  stm32f0xx_dma.o(.text)
    DMA_Init                                 0x080027dd   Thumb Code    56  stm32f0xx_dma.o(.text)
    DMA_Cmd                                  0x08002815   Thumb Code    20  stm32f0xx_dma.o(.text)
    DMA_GetFlagStatus                        0x08002829   Thumb Code    18  stm32f0xx_dma.o(.text)
    DMA_ClearFlag                            0x0800283b   Thumb Code     8  stm32f0xx_dma.o(.text)
    EXTI_Init                                0x08002851   Thumb Code   102  stm32f0xx_exti.o(.text)
    EXTI_StructInit                          0x080028b7   Thumb Code    14  stm32f0xx_exti.o(.text)
    EXTI_GetITStatus                         0x080028c5   Thumb Code    24  stm32f0xx_exti.o(.text)
    EXTI_ClearITPendingBit                   0x080028dd   Thumb Code     6  stm32f0xx_exti.o(.text)
    FLASH_Unlock                             0x080028e9   Thumb Code    18  stm32f0xx_flash.o(.text)
    FLASH_Lock                               0x080028fb   Thumb Code    12  stm32f0xx_flash.o(.text)
    FLASH_GetStatus                          0x08002907   Thumb Code    34  stm32f0xx_flash.o(.text)
    FLASH_WaitForLastOperation               0x08002929   Thumb Code    34  stm32f0xx_flash.o(.text)
    FLASH_ErasePage                          0x0800294b   Thumb Code    52  stm32f0xx_flash.o(.text)
    FLASH_ProgramHalfWord                    0x0800297f   Thumb Code    48  stm32f0xx_flash.o(.text)
    GPIO_Init                                0x080029bd   Thumb Code   112  stm32f0xx_gpio.o(.text)
    GPIO_StructInit                          0x08002a2d   Thumb Code    18  stm32f0xx_gpio.o(.text)
    GPIO_ReadInputDataBit                    0x08002a3f   Thumb Code    14  stm32f0xx_gpio.o(.text)
    GPIO_SetBits                             0x08002a4d   Thumb Code     4  stm32f0xx_gpio.o(.text)
    GPIO_ResetBits                           0x08002a51   Thumb Code     4  stm32f0xx_gpio.o(.text)
    GPIO_PinAFConfig                         0x08002a55   Thumb Code    32  stm32f0xx_gpio.o(.text)
    NVIC_Init                                0x08002a79   Thumb Code    70  stm32f0xx_misc.o(.text)
    PWR_BackupAccessCmd                      0x08002ac9   Thumb Code    20  stm32f0xx_pwr.o(.text)
    PWR_WakeUpPinCmd                         0x08002add   Thumb Code    18  stm32f0xx_pwr.o(.text)
    RCC_GetFlagStatus                        0x08002af5   Thumb Code    48  stm32f0xx_rcc.o(.text)
    RCC_LSEConfig                            0x08002b25   Thumb Code    26  stm32f0xx_rcc.o(.text)
    RCC_LSICmd                               0x08002b3f   Thumb Code    22  stm32f0xx_rcc.o(.text)
    RCC_GetClocksFreq                        0x08002b55   Thumb Code   218  stm32f0xx_rcc.o(.text)
    RCC_RTCCLKConfig                         0x08002c2f   Thumb Code    10  stm32f0xx_rcc.o(.text)
    RCC_RTCCLKCmd                            0x08002c39   Thumb Code    20  stm32f0xx_rcc.o(.text)
    RCC_AHBPeriphClockCmd                    0x08002c4d   Thumb Code    18  stm32f0xx_rcc.o(.text)
    RCC_APB2PeriphClockCmd                   0x08002c5f   Thumb Code    18  stm32f0xx_rcc.o(.text)
    RCC_APB1PeriphClockCmd                   0x08002c71   Thumb Code    18  stm32f0xx_rcc.o(.text)
    RCC_APB2PeriphResetCmd                   0x08002c83   Thumb Code    18  stm32f0xx_rcc.o(.text)
    RTC_WaitForSynchro                       0x08002cad   Thumb Code    68  stm32f0xx_rtc.o(.text)
    RTC_EnterInitMode                        0x08002cf1   Thumb Code    48  stm32f0xx_rtc.o(.text)
    RTC_ExitInitMode                         0x08002d21   Thumb Code    12  stm32f0xx_rtc.o(.text)
    RTC_Init                                 0x08002d2d   Thumb Code    68  stm32f0xx_rtc.o(.text)
    RTC_WriteProtectionCmd                   0x08002d71   Thumb Code    20  stm32f0xx_rtc.o(.text)
    RTC_TimeStructInit                       0x08002d85   Thumb Code    12  stm32f0xx_rtc.o(.text)
    RTC_GetTime                              0x08002d91   Thumb Code    68  stm32f0xx_rtc.o(.text)
    RTC_DateStructInit                       0x08002dd5   Thumb Code    14  stm32f0xx_rtc.o(.text)
    RTC_GetDate                              0x08002de3   Thumb Code    64  stm32f0xx_rtc.o(.text)
    SYSCFG_EXTILineConfig                    0x08002e41   Thumb Code    34  stm32f0xx_syscfg.o(.text)
    TIM_TimeBaseInit                         0x08002e69   Thumb Code    88  stm32f0xx_tim.o(.text)
    TIM_Cmd                                  0x08002ec1   Thumb Code    20  stm32f0xx_tim.o(.text)
    TIM_CtrlPWMOutputs                       0x08002ed5   Thumb Code    24  stm32f0xx_tim.o(.text)
    TIM_OC1Init                              0x08002eed   Thumb Code   104  stm32f0xx_tim.o(.text)
    USART_Init                               0x08002f71   Thumb Code   128  stm32f0xx_usart.o(.text)
    USART_Cmd                                0x08002ff1   Thumb Code    20  stm32f0xx_usart.o(.text)
    USART_SendData                           0x08003005   Thumb Code     8  stm32f0xx_usart.o(.text)
    USART_ReceiveData                        0x0800300d   Thumb Code     8  stm32f0xx_usart.o(.text)
    USART_ITConfig                           0x08003015   Thumb Code    42  stm32f0xx_usart.o(.text)
    USART_GetFlagStatus                      0x0800303f   Thumb Code    14  stm32f0xx_usart.o(.text)
    USART_GetITStatus                        0x0800304d   Thumb Code    56  stm32f0xx_usart.o(.text)
    USART_ClearITPendingBit                  0x08003085   Thumb Code    10  stm32f0xx_usart.o(.text)
    SystemInit                               0x0800309d   Thumb Code    84  system_stm32f0xx.o(.text)
    Reset_Handler                            0x08003151   Thumb Code     8  startup_stm32f0xx.o(.text)
    CEC_IRQHandler                           0x08003163   Thumb Code     0  startup_stm32f0xx.o(.text)
    DMA1_Channel1_IRQHandler                 0x08003163   Thumb Code     0  startup_stm32f0xx.o(.text)
    DMA1_Channel2_3_IRQHandler               0x08003163   Thumb Code     0  startup_stm32f0xx.o(.text)
    DMA1_Channel4_5_IRQHandler               0x08003163   Thumb Code     0  startup_stm32f0xx.o(.text)
    EXTI2_3_IRQHandler                       0x08003163   Thumb Code     0  startup_stm32f0xx.o(.text)
    FLASH_IRQHandler                         0x08003163   Thumb Code     0  startup_stm32f0xx.o(.text)
    I2C1_IRQHandler                          0x08003163   Thumb Code     0  startup_stm32f0xx.o(.text)
    I2C2_IRQHandler                          0x08003163   Thumb Code     0  startup_stm32f0xx.o(.text)
    PVD_IRQHandler                           0x08003163   Thumb Code     0  startup_stm32f0xx.o(.text)
    RCC_IRQHandler                           0x08003163   Thumb Code     0  startup_stm32f0xx.o(.text)
    RTC_IRQHandler                           0x08003163   Thumb Code     0  startup_stm32f0xx.o(.text)
    SPI1_IRQHandler                          0x08003163   Thumb Code     0  startup_stm32f0xx.o(.text)
    SPI2_IRQHandler                          0x08003163   Thumb Code     0  startup_stm32f0xx.o(.text)
    TIM14_IRQHandler                         0x08003163   Thumb Code     0  startup_stm32f0xx.o(.text)
    TIM15_IRQHandler                         0x08003163   Thumb Code     0  startup_stm32f0xx.o(.text)
    TIM16_IRQHandler                         0x08003163   Thumb Code     0  startup_stm32f0xx.o(.text)
    TIM17_IRQHandler                         0x08003163   Thumb Code     0  startup_stm32f0xx.o(.text)
    TIM1_BRK_UP_TRG_COM_IRQHandler           0x08003163   Thumb Code     0  startup_stm32f0xx.o(.text)
    TIM1_CC_IRQHandler                       0x08003163   Thumb Code     0  startup_stm32f0xx.o(.text)
    TIM2_IRQHandler                          0x08003163   Thumb Code     0  startup_stm32f0xx.o(.text)
    TIM3_IRQHandler                          0x08003163   Thumb Code     0  startup_stm32f0xx.o(.text)
    TIM6_DAC_IRQHandler                      0x08003163   Thumb Code     0  startup_stm32f0xx.o(.text)
    TS_IRQHandler                            0x08003163   Thumb Code     0  startup_stm32f0xx.o(.text)
    USART2_IRQHandler                        0x08003163   Thumb Code     0  startup_stm32f0xx.o(.text)
    WWDG_IRQHandler                          0x08003163   Thumb Code     0  startup_stm32f0xx.o(.text)
    os_idle_demon                            0x0800316d   Thumb Code     2  rtx_conf_cm.o(.text)
    os_tmr_call                              0x0800316f   Thumb Code    12  rtx_conf_cm.o(.text)
    os_error                                 0x0800317b   Thumb Code    30  rtx_conf_cm.o(.text)
    EE_ReadVariable                          0x08003271   Thumb Code    60  eeprom.o(.text)
    EE_Init                                  0x080032ad   Thumb Code   256  eeprom.o(.text)
    EE_WriteVariable                         0x080033ad   Thumb Code    24  eeprom.o(.text)
    set_box_id                               0x08003481   Thumb Code    20  unlock_codes.o(.text)
    Fletcher16                               0x08003495   Thumb Code    52  unlock_codes.o(.text)
    get_checksum                             0x080034c9   Thumb Code    28  unlock_codes.o(.text)
    check_checksum                           0x080034e5   Thumb Code    22  unlock_codes.o(.text)
    __aeabi_uidiv                            0x08003509   Thumb Code     0  uidiv.o(.text)
    __aeabi_uidivmod                         0x08003509   Thumb Code    44  uidiv.o(.text)
    __aeabi_uldivmod                         0x08003535   Thumb Code    96  uldiv.o(.text)
    __aeabi_lmul                             0x08003595   Thumb Code   122  llmul.o(.text)
    _ll_mul                                  0x08003595   Thumb Code     0  llmul.o(.text)
    mktime                                   0x08003611   Thumb Code   124  mktime.o(.text)
    __aeabi_memcpy                           0x0800369d   Thumb Code    36  memcpya.o(.text)
    __aeabi_memcpy4                          0x0800369d   Thumb Code     0  memcpya.o(.text)
    __aeabi_memcpy8                          0x0800369d   Thumb Code     0  memcpya.o(.text)
    __aeabi_fadd                             0x080036c1   Thumb Code   162  fadd.o(.text)
    __aeabi_fsub                             0x08003763   Thumb Code     8  fadd.o(.text)
    __aeabi_frsub                            0x0800376b   Thumb Code     8  fadd.o(.text)
    __aeabi_fmul                             0x08003773   Thumb Code   122  fmul.o(.text)
    __aeabi_fdiv                             0x080037ed   Thumb Code   128  fdiv.o(.text)
    __ARM_scalbnf                            0x0800386d   Thumb Code    24  fscalb.o(.text)
    scalbnf                                  0x0800386d   Thumb Code     0  fscalb.o(.text)
    __aeabi_dadd                             0x08003885   Thumb Code   326  dadd.o(.text)
    __aeabi_dsub                             0x080039cb   Thumb Code    12  dadd.o(.text)
    __aeabi_drsub                            0x080039d7   Thumb Code    12  dadd.o(.text)
    __aeabi_dmul                             0x080039e9   Thumb Code   202  dmul.o(.text)
    __aeabi_ddiv                             0x08003ab9   Thumb Code   234  ddiv.o(.text)
    __aeabi_i2f                              0x08003ba9   Thumb Code    22  fflti.o(.text)
    __aeabi_ui2f                             0x08003bbf   Thumb Code    14  ffltui.o(.text)
    __aeabi_i2d                              0x08003bcd   Thumb Code    34  dflti.o(.text)
    __aeabi_ui2d                             0x08003bf5   Thumb Code    24  dfltui.o(.text)
    __aeabi_f2iz                             0x08003c11   Thumb Code    52  ffixi.o(.text)
    __aeabi_d2iz                             0x08003c45   Thumb Code    62  dfixi.o(.text)
    __aeabi_d2uiz                            0x08003c8d   Thumb Code    50  dfixui.o(.text)
    __aeabi_f2d                              0x08003cc9   Thumb Code    40  f2d.o(.text)
    __aeabi_cdcmpeq                          0x08003cf1   Thumb Code     0  cdcmple.o(.text)
    __aeabi_cdcmple                          0x08003cf1   Thumb Code    38  cdcmple.o(.text)
    __aeabi_cdrcmple                         0x08003d19   Thumb Code    38  cdrcmple.o(.text)
    __aeabi_d2f                              0x08003d41   Thumb Code    56  d2f.o(.text)
    __aeabi_cfcmpeq                          0x08003d79   Thumb Code     0  cfcmple.o(.text)
    __aeabi_cfcmple                          0x08003d79   Thumb Code    20  cfcmple.o(.text)
    __aeabi_cfrcmple                         0x08003d8d   Thumb Code    20  cfrcmple.o(.text)
    __aeabi_idiv                             0x08003da1   Thumb Code     0  idiv.o(.text)
    __aeabi_idivmod                          0x08003da1   Thumb Code    40  idiv.o(.text)
    __aeabi_llsl                             0x08003dc9   Thumb Code    32  llshl.o(.text)
    _ll_shift_l                              0x08003dc9   Thumb Code     0  llshl.o(.text)
    __aeabi_llsr                             0x08003de9   Thumb Code    34  llushr.o(.text)
    _ll_ushift_r                             0x08003de9   Thumb Code     0  llushr.o(.text)
    __aeabi_lasr                             0x08003e0b   Thumb Code    38  llsshr.o(.text)
    _ll_sshift_r                             0x08003e0b   Thumb Code     0  llsshr.o(.text)
    _localtime                               0x08003e31   Thumb Code   104  localtime_i.o(.text)
    __I$use$fp                               0x08003ea5   Thumb Code     0  iusefp.o(.text)
    _float_round                             0x08003ea5   Thumb Code    16  fepilogue.o(.text)
    _float_epilogue                          0x08003eb5   Thumb Code   116  fepilogue.o(.text)
    _double_round                            0x08003f29   Thumb Code    26  depilogue.o(.text)
    _double_epilogue                         0x08003f43   Thumb Code   166  depilogue.o(.text)
    __aeabi_d2ulz                            0x08003fe9   Thumb Code    54  dfixul.o(.text)
    __scatterload                            0x08004029   Thumb Code    28  init.o(.text)
    __scatterload_rt2                        0x08004029   Thumb Code     0  init.o(.text)
    SVC_Count                                0x0800404c   Data           4  SVC_Table.o(SVC_TABLE)
    SVC_Table                                0x08004050   Data           0  SVC_Table.o(SVC_TABLE)
    __0printf                                0x08004051   Thumb Code    24  printfa.o(i.__0printf)
    __1printf                                0x08004051   Thumb Code     0  printfa.o(i.__0printf)
    __2printf                                0x08004051   Thumb Code     0  printfa.o(i.__0printf)
    __c89printf                              0x08004051   Thumb Code     0  printfa.o(i.__0printf)
    printf                                   0x08004051   Thumb Code     0  printfa.o(i.__0printf)
    __0snprintf                              0x08004071   Thumb Code    38  printfa.o(i.__0snprintf)
    __1snprintf                              0x08004071   Thumb Code     0  printfa.o(i.__0snprintf)
    __2snprintf                              0x08004071   Thumb Code     0  printfa.o(i.__0snprintf)
    __c89snprintf                            0x08004071   Thumb Code     0  printfa.o(i.__0snprintf)
    snprintf                                 0x08004071   Thumb Code     0  printfa.o(i.__0snprintf)
    __ARM_clz                                0x0800409d   Thumb Code    46  depilogue.o(i.__ARM_clz)
    __ARM_common_switch8                     0x080040cb   Thumb Code    26  interrupted_charging.o(i.__ARM_common_switch8)
    __scatterload_copy                       0x080040e5   Thumb Code    14  handlers.o(i.__scatterload_copy)
    __scatterload_null                       0x080040f3   Thumb Code     2  handlers.o(i.__scatterload_null)
    __scatterload_zeroinit                   0x080040f5   Thumb Code    14  handlers.o(i.__scatterload_zeroinit)
    _init_box                                0x0800425d   Thumb Code    72  rt_membox.o(i._init_box)
    floor                                    0x08004a01   Thumb Code   182  floor.o(i.floor)
    isr_evt_set                              0x08004acd   Thumb Code    30  rt_event.o(i.isr_evt_set)
    os_tick_init                             0x08004af1   Thumb Code    32  rt_system.o(i.os_tick_init)
    os_tick_irqack                           0x08004b1d   Thumb Code     2  rt_system.o(i.os_tick_irqack)
    rt_alloc_box                             0x08004b1f   Thumb Code    30  rt_membox.o(i.rt_alloc_box)
    rt_block                                 0x08004b3d   Thumb Code    42  rt_task.o(i.rt_block)
    rt_chk_robin                             0x08004b75   Thumb Code    56  rt_robin.o(i.rt_chk_robin)
    rt_dec_dly                               0x08004bb9   Thumb Code   112  rt_list.o(i.rt_dec_dly)
    rt_dispatch                              0x08004c31   Thumb Code    56  rt_task.o(i.rt_dispatch)
    rt_dly_wait                              0x08004c71   Thumb Code    10  rt_time.o(i.rt_dly_wait)
    rt_evt_clr                               0x08004c7d   Thumb Code    22  rt_event.o(i.rt_evt_clr)
    rt_evt_get                               0x08004c99   Thumb Code     8  rt_event.o(i.rt_evt_get)
    rt_evt_psh                               0x08004ca5   Thumb Code    70  rt_event.o(i.rt_evt_psh)
    rt_evt_set                               0x08004cf1   Thumb Code    88  rt_event.o(i.rt_evt_set)
    rt_evt_wait                              0x08004d4d   Thumb Code    60  rt_event.o(i.rt_evt_wait)
    rt_free_box                              0x08004d8d   Thumb Code    38  rt_membox.o(i.rt_free_box)
    rt_get_first                             0x08004db3   Thumb Code    42  rt_list.o(i.rt_get_first)
    rt_init_robin                            0x08004e21   Thumb Code    14  rt_robin.o(i.rt_init_robin)
    rt_init_stack                            0x08004e39   Thumb Code    68  hal_cm1.o(i.rt_init_stack)
    rt_mbx_psh                               0x08004e85   Thumb Code   168  rt_mailbox.o(i.rt_mbx_psh)
    rt_pop_req                               0x08004f31   Thumb Code    98  rt_system.o(i.rt_pop_req)
    rt_psh_req                               0x08004fa1   Thumb Code    24  rt_system.o(i.rt_psh_req)
    rt_psq_enq                               0x08004fc1   Thumb Code    60  rt_list.o(i.rt_psq_enq)
    rt_put_dly                               0x08005001   Thumb Code    74  rt_list.o(i.rt_put_dly)
    rt_put_prio                              0x08005051   Thumb Code    60  rt_list.o(i.rt_put_prio)
    rt_put_rdy_first                         0x0800508d   Thumb Code    14  rt_list.o(i.rt_put_rdy_first)
    rt_rmv_dly                               0x080050a1   Thumb Code    42  rt_list.o(i.rt_rmv_dly)
    rt_rmv_list                              0x080050cd   Thumb Code    46  rt_list.o(i.rt_rmv_list)
    rt_sem_psh                               0x08005101   Thumb Code    46  rt_semaphore.o(i.rt_sem_psh)
    rt_stk_check                             0x08005135   Thumb Code    30  rt_system.o(i.rt_stk_check)
    rt_switch_req                            0x0800515d   Thumb Code    10  rt_task.o(i.rt_switch_req)
    rt_sys_init                              0x0800516d   Thumb Code   230  rt_task.o(i.rt_sys_init)
    rt_systick                               0x080052a5   Thumb Code    46  rt_system.o(i.rt_systick)
    rt_tmr_create                            0x080052e1   Thumb Code    72  rt_timer.o(i.rt_tmr_create)
    rt_tmr_kill                              0x08005331   Thumb Code    44  rt_timer.o(i.rt_tmr_kill)
    rt_tmr_tick                              0x08005365   Thumb Code    56  rt_timer.o(i.rt_tmr_tick)
    rt_tsk_create                            0x080053a5   Thumb Code   108  rt_task.o(i.rt_tsk_create)
    rt_tsk_delete                            0x08005421   Thumb Code   134  rt_task.o(i.rt_tsk_delete)
    os_maxtaskrun                            0x08005586   Data           2  rtx_conf_cm.o(.constdata)
    os_stackinfo                             0x08005588   Data           4  rtx_conf_cm.o(.constdata)
    os_rrobin                                0x0800558c   Data           4  rtx_conf_cm.o(.constdata)
    os_trv                                   0x08005590   Data           4  rtx_conf_cm.o(.constdata)
    os_flags                                 0x08005594   Data           1  rtx_conf_cm.o(.constdata)
    os_clockrate                             0x08005598   Data           4  rtx_conf_cm.o(.constdata)
    os_timernum                              0x0800559c   Data           4  rtx_conf_cm.o(.constdata)
    mp_tcb_size                              0x080055a0   Data           2  rtx_conf_cm.o(.constdata)
    mp_stk_size                              0x080055a4   Data           4  rtx_conf_cm.o(.constdata)
    os_fifo_size                             0x080055a8   Data           1  rtx_conf_cm.o(.constdata)
    mp_tmr_size                              0x080055aa   Data           2  rtx_conf_cm.o(.constdata)
    Region$$Table$$Base                      0x080055c4   Number         0  anon$$obj.o(Region$$Table)
    Region$$Table$$Limit                     0x080055e4   Number         0  anon$$obj.o(Region$$Table)
    __stdout                                 0x20000000   Data           4  retarget.o(.data)
    ts_cal1                                  0x20000004   Data           2  adc.o(.data)
    ts_cal2                                  0x20000006   Data           2  adc.o(.data)
    duty_cycle                               0x20000008   Data           4  perturb_and_observe.o(.data)
    TimerPeriod                              0x20000014   Data           2  pwm.o(.data)
    Serial                                   0x20000034   Data          36  serial.o(.data)
    v_high                                   0x20000058   Data           4  interrupted_charging.o(.data)
    v_low                                    0x2000005c   Data           4  interrupted_charging.o(.data)
    v_restart                                0x20000060   Data           4  interrupted_charging.o(.data)
    v_lvdc                                   0x20000064   Data           4  interrupted_charging.o(.data)
    pulse_duty                               0x20000068   Data           4  interrupted_charging.o(.data)
    batt_voltage                             0x2000006c   Data           4  interrupted_charging.o(.data)
    batt_current                             0x20000070   Data           4  interrupted_charging.o(.data)
    cc_state                                 0x20000074   Data           4  interrupted_charging.o(.data)
    temp                                     0x20000078   Data           4  interrupted_charging.o(.data)
    interrupted_charging_t                   0x2000007c   Data           4  interrupted_charging.o(.data)
    bk_tmr                                   0x20000080   Data           4  lcd_hd44780.o(.data)
    valid_payment                            0x20000084   Data           1  ui.o(.data)
    ui_state                                 0x20000088   Data           4  ui.o(.data)
    ui_t                                     0x2000008c   Data           4  ui.o(.data)
    payment_control_t                        0x20000090   Data           4  payment_control.o(.data)
    SystemCoreClock                          0x200000a4   Data           4  system_stm32f0xx.o(.data)
    AHBPrescTable                            0x200000a8   Data          16  system_stm32f0xx.o(.data)
    m_tmr                                    0x200000b8   Data           4  rtx_conf_cm.o(.data)
    DataVar                                  0x200000bc   Data           2  eeprom.o(.data)
    box_id                                   0x200000be   Data           2  unlock_codes.o(.data)
    os_tsk                                   0x200000c0   Data           8  rt_task.o(.data)
    os_time                                  0x200000c8   Data           4  rt_time.o(.data)
    os_tmr                                   0x200000cc   Data           8  rt_timer.o(.data)
    os_tick_irqn                             0x200000d8   Data           4  rt_system.o(.data)
    os_robin                                 0x200000dc   Data           8  rt_robin.o(.data)
    RegularConvData_Tab                      0x200000e4   Data         160  adc.o(.bss)
    TIM_TimeBaseStructure_PWM                0x20000184   Data          12  pwm.o(.bss)
    TIM_OCInitStructure_PWM                  0x20000190   Data          20  pwm.o(.bss)
    interrupted_charging_stk                 0x200001a8   Data         640  interrupted_charging.o(.bss)
    keypad_result_str                        0x20000428   Data          10  ui.o(.bss)
    ui_stk                                   0x20000438   Data         400  ui.o(.bss)
    VirtAddVarTab                            0x200005e0   Data          14  payment_control.o(.bss)
    local_ee_data                            0x200005f0   Data          24  payment_control.o(.bss)
    payment_control_stk                      0x20000608   Data         320  payment_control.o(.bss)
    mp_tcb                                   0x20000748   Data         204  rtx_conf_cm.o(.bss)
    mp_stk                                   0x20000818   Data         656  rtx_conf_cm.o(.bss)
    os_fifo                                  0x20000aa8   Data         132  rtx_conf_cm.o(.bss)
    os_active_TCB                            0x20000b2c   Data          16  rtx_conf_cm.o(.bss)
    mp_tmr                                   0x20000b3c   Data          20  rtx_conf_cm.o(.bss)
    os_idle_TCB                              0x20000b50   Data          48  rt_task.o(.bss)
    os_rdy                                   0x20000b80   Data          24  rt_list.o(.bss)
    os_dly                                   0x20000b98   Data          24  rt_list.o(.bss)
    __initial_sp                             0x20000fb0   Data           0  startup_stm32f0xx.o(STACK)



==============================================================================

Memory Map of the image

  Image Entry point : 0x080000c1

  Load Region LR_IROM1 (Base: 0x08000000, Size: 0x000056c8, Max: 0x00007800, ABSOLUTE)

    Execution Region ER_IROM1 (Base: 0x08000000, Size: 0x000055e4, Max: 0x00007800, ABSOLUTE)

    Base Addr    Size         Type   Attr      Idx    E Section Name        Object

    0x08000000   0x000000c0   Data   RO         3480    RESET               startup_stm32f0xx.o
    0x080000c0   0x00000000   Code   RO         4115  * .ARM.Collect$$$$00000000  mc_p.l(entry.o)
    0x080000c0   0x00000004   Code   RO         4432    .ARM.Collect$$$$00000001  mc_p.l(entry2.o)
    0x080000c4   0x00000004   Code   RO         4435    .ARM.Collect$$$$00000004  mc_p.l(entry5.o)
    0x080000c8   0x00000000   Code   RO         4437    .ARM.Collect$$$$00000008  mc_p.l(entry7b.o)
    0x080000c8   0x00000008   Code   RO         4438    .ARM.Collect$$$$00000009  mc_p.l(entry8.o)
    0x080000d0   0x00000004   Code   RO         4433    .ARM.Collect$$$$00002712  mc_p.l(entry2.o)
    0x080000d4   0x00000188   Code   RO         3790    .emb_text           RTX_CM1.LIB(hal_cm1.o)
    0x0800025c   0x00000274   Code   RO            3    .text               main.o
    0x080004d0   0x0000000c   Code   RO          172    .text               retarget.o
    0x080004dc   0x000002c4   Code   RO          231    .text               adc.o
    0x080007a0   0x000000f4   Code   RO          280    .text               perturb_and_observe.o
    0x08000894   0x0000015c   Code   RO          322    .text               pwm.o
    0x080009f0   0x000001b0   Code   RO          352    .text               serial.o
    0x08000ba0   0x00000538   Code   RO          383    .text               interrupted_charging.o
    0x080010d8   0x00000484   Code   RO          426    .text               lcd_hd44780.o
    0x0800155c   0x000000c4   Code   RO          459    .text               stm32f0xx_it.o
    0x08001620   0x00000870   Code   RO          482    .text               ui.o
    0x08001e90   0x000000b4   Code   RO          521    .text               user_outputs.o
    0x08001f44   0x000004dc   Code   RO          541    .text               payment_control.o
    0x08002420   0x0000007c   Code   RO          580    .text               buzzer.o
    0x0800249c   0x000001c4   Code   RO          601    .text               rtc.o
    0x08002660   0x00000118   Code   RO          627    .text               stm32f0xx_adc.o
    0x08002778   0x000000d8   Code   RO         1131    .text               stm32f0xx_dma.o
    0x08002850   0x00000098   Code   RO         1188    .text               stm32f0xx_exti.o
    0x080028e8   0x000000d4   Code   RO         1234    .text               stm32f0xx_flash.o
    0x080029bc   0x000000bc   Code   RO         1390    .text               stm32f0xx_gpio.o
    0x08002a78   0x00000050   Code   RO         1773    .text               stm32f0xx_misc.o
    0x08002ac8   0x0000002c   Code   RO         1806    .text               stm32f0xx_pwr.o
    0x08002af4   0x000001b8   Code   RO         1875    .text               stm32f0xx_rcc.o
    0x08002cac   0x00000194   Code   RO         2069    .text               stm32f0xx_rtc.o
    0x08002e40   0x00000028   Code   RO         2527    .text               stm32f0xx_syscfg.o
    0x08002e68   0x00000108   Code   RO         2586    .text               stm32f0xx_tim.o
    0x08002f70   0x0000012c   Code   RO         3121    .text               stm32f0xx_usart.o
    0x0800309c   0x000000b4   Code   RO         3448    .text               system_stm32f0xx.o
    0x08003150   0x0000001c   Code   RO         3481    .text               startup_stm32f0xx.o
    0x0800316c   0x00000084   Code   RO         3487    .text               rtx_conf_cm.o
    0x080031f0   0x00000290   Code   RO         3528    .text               eeprom.o
    0x08003480   0x00000088   Code   RO         3550    .text               unlock_codes.o
    0x08003508   0x0000002c   Code   RO         4118    .text               mc_p.l(uidiv.o)
    0x08003534   0x00000060   Code   RO         4120    .text               mc_p.l(uldiv.o)
    0x08003594   0x0000007a   Code   RO         4122    .text               mc_p.l(llmul.o)
    0x0800360e   0x00000002   PAD
    0x08003610   0x0000008c   Code   RO         4124    .text               mc_p.l(mktime.o)
    0x0800369c   0x00000024   Code   RO         4127    .text               mc_p.l(memcpya.o)
    0x080036c0   0x000000b2   Code   RO         4392    .text               mf_p.l(fadd.o)
    0x08003772   0x0000007a   Code   RO         4394    .text               mf_p.l(fmul.o)
    0x080037ec   0x00000080   Code   RO         4396    .text               mf_p.l(fdiv.o)
    0x0800386c   0x00000018   Code   RO         4398    .text               mf_p.l(fscalb.o)
    0x08003884   0x00000164   Code   RO         4400    .text               mf_p.l(dadd.o)
    0x080039e8   0x000000d0   Code   RO         4402    .text               mf_p.l(dmul.o)
    0x08003ab8   0x000000f0   Code   RO         4404    .text               mf_p.l(ddiv.o)
    0x08003ba8   0x00000016   Code   RO         4406    .text               mf_p.l(fflti.o)
    0x08003bbe   0x0000000e   Code   RO         4408    .text               mf_p.l(ffltui.o)
    0x08003bcc   0x00000028   Code   RO         4410    .text               mf_p.l(dflti.o)
    0x08003bf4   0x0000001c   Code   RO         4412    .text               mf_p.l(dfltui.o)
    0x08003c10   0x00000034   Code   RO         4414    .text               mf_p.l(ffixi.o)
    0x08003c44   0x00000048   Code   RO         4416    .text               mf_p.l(dfixi.o)
    0x08003c8c   0x0000003c   Code   RO         4418    .text               mf_p.l(dfixui.o)
    0x08003cc8   0x00000028   Code   RO         4420    .text               mf_p.l(f2d.o)
    0x08003cf0   0x00000028   Code   RO         4422    .text               mf_p.l(cdcmple.o)
    0x08003d18   0x00000028   Code   RO         4424    .text               mf_p.l(cdrcmple.o)
    0x08003d40   0x00000038   Code   RO         4426    .text               mf_p.l(d2f.o)
    0x08003d78   0x00000014   Code   RO         4428    .text               mf_p.l(cfcmple.o)
    0x08003d8c   0x00000014   Code   RO         4430    .text               mf_p.l(cfrcmple.o)
    0x08003da0   0x00000028   Code   RO         4439    .text               mc_p.l(idiv.o)
    0x08003dc8   0x00000020   Code   RO         4441    .text               mc_p.l(llshl.o)
    0x08003de8   0x00000022   Code   RO         4443    .text               mc_p.l(llushr.o)
    0x08003e0a   0x00000026   Code   RO         4445    .text               mc_p.l(llsshr.o)
    0x08003e30   0x00000074   Code   RO         4450    .text               mc_p.l(localtime_i.o)
    0x08003ea4   0x00000000   Code   RO         4453    .text               mc_p.l(iusefp.o)
    0x08003ea4   0x00000084   Code   RO         4454    .text               mf_p.l(fepilogue.o)
    0x08003f28   0x000000c0   Code   RO         4456    .text               mf_p.l(depilogue.o)
    0x08003fe8   0x00000040   Code   RO         4460    .text               mf_p.l(dfixul.o)
    0x08004028   0x00000024   Code   RO         4462    .text               mc_p.l(init.o)
    0x0800404c   0x00000004   Code   RO         4024    SVC_TABLE           RTX_CM1.LIB(SVC_Table.o)
    0x08004050   0x00000020   Code   RO         4364    i.__0printf         mc_p.l(printfa.o)
    0x08004070   0x0000002c   Code   RO         4365    i.__0snprintf       mc_p.l(printfa.o)
    0x0800409c   0x0000002e   Code   RO         4458    i.__ARM_clz         mf_p.l(depilogue.o)
    0x080040ca   0x0000001a   Code   RO          408    i.__ARM_common_switch8  interrupted_charging.o
    0x080040e4   0x0000000e   Code   RO         4466    i.__scatterload_copy  mc_p.l(handlers.o)
    0x080040f2   0x00000002   Code   RO         4467    i.__scatterload_null  mc_p.l(handlers.o)
    0x080040f4   0x0000000e   Code   RO         4468    i.__scatterload_zeroinit  mc_p.l(handlers.o)
    0x08004102   0x00000002   PAD
    0x08004104   0x00000158   Code   RO         4371    i._fp_digits        mc_p.l(printfa.o)
    0x0800425c   0x00000048   Code   RO         3995    i._init_box         RTX_CM1.LIB(rt_membox.o)
    0x080042a4   0x000006f8   Code   RO         4372    i._printf_core      mc_p.l(printfa.o)
    0x0800499c   0x00000020   Code   RO         4373    i._printf_post_padding  mc_p.l(printfa.o)
    0x080049bc   0x0000002c   Code   RO         4374    i._printf_pre_padding  mc_p.l(printfa.o)
    0x080049e8   0x00000016   Code   RO         4375    i._snputc           mc_p.l(printfa.o)
    0x080049fe   0x00000002   PAD
    0x08004a00   0x000000cc   Code   RO         4112    i.floor             m_ps.l(floor.o)
    0x08004acc   0x00000024   Code   RO         3684    i.isr_evt_set       RTX_CM1.LIB(rt_event.o)
    0x08004af0   0x0000002c   Code   RO         3811    i.os_tick_init      RTX_CM1.LIB(rt_system.o)
    0x08004b1c   0x00000002   Code   RO         3812    i.os_tick_irqack    RTX_CM1.LIB(rt_system.o)
    0x08004b1e   0x0000001e   Code   RO         3996    i.rt_alloc_box      RTX_CM1.LIB(rt_membox.o)
    0x08004b3c   0x00000038   Code   RO         3585    i.rt_block          RTX_CM1.LIB(rt_task.o)
    0x08004b74   0x00000044   Code   RO         3973    i.rt_chk_robin      RTX_CM1.LIB(rt_robin.o)
    0x08004bb8   0x00000078   Code   RO         3894    i.rt_dec_dly        RTX_CM1.LIB(rt_list.o)
    0x08004c30   0x00000040   Code   RO         3586    i.rt_dispatch       RTX_CM1.LIB(rt_task.o)
    0x08004c70   0x0000000a   Code   RO         3730    i.rt_dly_wait       RTX_CM1.LIB(rt_time.o)
    0x08004c7a   0x00000002   PAD
    0x08004c7c   0x0000001c   Code   RO         3685    i.rt_evt_clr        RTX_CM1.LIB(rt_event.o)
    0x08004c98   0x0000000c   Code   RO         3686    i.rt_evt_get        RTX_CM1.LIB(rt_event.o)
    0x08004ca4   0x0000004c   Code   RO         3687    i.rt_evt_psh        RTX_CM1.LIB(rt_event.o)
    0x08004cf0   0x0000005c   Code   RO         3688    i.rt_evt_set        RTX_CM1.LIB(rt_event.o)
    0x08004d4c   0x00000040   Code   RO         3689    i.rt_evt_wait       RTX_CM1.LIB(rt_event.o)
    0x08004d8c   0x00000026   Code   RO         3997    i.rt_free_box       RTX_CM1.LIB(rt_membox.o)
    0x08004db2   0x0000002a   Code   RO         3895    i.rt_get_first      RTX_CM1.LIB(rt_list.o)
    0x08004ddc   0x00000044   Code   RO         3587    i.rt_init_context   RTX_CM1.LIB(rt_task.o)
    0x08004e20   0x00000018   Code   RO         3974    i.rt_init_robin     RTX_CM1.LIB(rt_robin.o)
    0x08004e38   0x0000004c   Code   RO         3791    i.rt_init_stack     RTX_CM1.LIB(hal_cm1.o)
    0x08004e84   0x000000ac   Code   RO         4031    i.rt_mbx_psh        RTX_CM1.LIB(rt_mailbox.o)
    0x08004f30   0x00000070   Code   RO         3813    i.rt_pop_req        RTX_CM1.LIB(rt_system.o)
    0x08004fa0   0x00000020   Code   RO         3814    i.rt_psh_req        RTX_CM1.LIB(rt_system.o)
    0x08004fc0   0x00000040   Code   RO         3897    i.rt_psq_enq        RTX_CM1.LIB(rt_list.o)
    0x08005000   0x00000050   Code   RO         3898    i.rt_put_dly        RTX_CM1.LIB(rt_list.o)
    0x08005050   0x0000003c   Code   RO         3899    i.rt_put_prio       RTX_CM1.LIB(rt_list.o)
    0x0800508c   0x00000014   Code   RO         3900    i.rt_put_rdy_first  RTX_CM1.LIB(rt_list.o)
    0x080050a0   0x0000002a   Code   RO         3902    i.rt_rmv_dly        RTX_CM1.LIB(rt_list.o)
    0x080050ca   0x00000002   PAD
    0x080050cc   0x00000034   Code   RO         3903    i.rt_rmv_list       RTX_CM1.LIB(rt_list.o)
    0x08005100   0x00000034   Code   RO         4077    i.rt_sem_psh        RTX_CM1.LIB(rt_semaphore.o)
    0x08005134   0x00000028   Code   RO         3816    i.rt_stk_check      RTX_CM1.LIB(rt_system.o)
    0x0800515c   0x00000010   Code   RO         3588    i.rt_switch_req     RTX_CM1.LIB(rt_task.o)
    0x0800516c   0x00000138   Code   RO         3589    i.rt_sys_init       RTX_CM1.LIB(rt_task.o)
    0x080052a4   0x0000003c   Code   RO         3818    i.rt_systick        RTX_CM1.LIB(rt_system.o)
    0x080052e0   0x00000050   Code   RO         3763    i.rt_tmr_create     RTX_CM1.LIB(rt_timer.o)
    0x08005330   0x00000034   Code   RO         3764    i.rt_tmr_kill       RTX_CM1.LIB(rt_timer.o)
    0x08005364   0x00000040   Code   RO         3765    i.rt_tmr_tick       RTX_CM1.LIB(rt_timer.o)
    0x080053a4   0x0000007c   Code   RO         3590    i.rt_tsk_create     RTX_CM1.LIB(rt_task.o)
    0x08005420   0x0000009c   Code   RO         3591    i.rt_tsk_delete     RTX_CM1.LIB(rt_task.o)
    0x080054bc   0x000000ca   Data   RO          385    .constdata          interrupted_charging.o
    0x08005586   0x00000002   Data   RO         3493    .constdata          rtx_conf_cm.o
    0x08005588   0x00000004   Data   RO         3494    .constdata          rtx_conf_cm.o
    0x0800558c   0x00000004   Data   RO         3495    .constdata          rtx_conf_cm.o
    0x08005590   0x00000004   Data   RO         3496    .constdata          rtx_conf_cm.o
    0x08005594   0x00000001   Data   RO         3497    .constdata          rtx_conf_cm.o
    0x08005595   0x00000003   PAD
    0x08005598   0x00000008   Data   RO         3498    .constdata          rtx_conf_cm.o
    0x080055a0   0x00000002   Data   RO         3499    .constdata          rtx_conf_cm.o
    0x080055a2   0x00000002   PAD
    0x080055a4   0x00000004   Data   RO         3500    .constdata          rtx_conf_cm.o
    0x080055a8   0x00000001   Data   RO         3501    .constdata          rtx_conf_cm.o
    0x080055a9   0x00000001   PAD
    0x080055aa   0x00000002   Data   RO         3502    .constdata          rtx_conf_cm.o
    0x080055ac   0x0000000c   Data   RO         4125    .constdata          mc_p.l(mktime.o)
    0x080055b8   0x0000000c   Data   RO         4451    .constdata          mc_p.l(localtime_i.o)
    0x080055c4   0x00000020   Data   RO         4464    Region$$Table       anon$$obj.o


    Execution Region RW_IRAM1 (Base: 0x20000000, Size: 0x00000fb0, Max: 0x00001000, ABSOLUTE)

    Base Addr    Size         Type   Attr      Idx    E Section Name        Object

    0x20000000   0x00000004   Data   RW          177    .data               retarget.o
    0x20000004   0x00000004   Data   RW          238    .data               adc.o
    0x20000008   0x0000000c   Data   RW          283    .data               perturb_and_observe.o
    0x20000014   0x00000002   Data   RW          325    .data               pwm.o
    0x20000016   0x00000002   PAD
    0x20000018   0x00000040   Data   RW          353    .data               serial.o
    0x20000058   0x00000024   Data   RW          386    .data               interrupted_charging.o
    0x2000007c   0x00000004   Data   RW          387    .data               interrupted_charging.o
    0x20000080   0x00000004   Data   RW          428    .data               lcd_hd44780.o
    0x20000084   0x0000000c   Data   RW          485    .data               ui.o
    0x20000090   0x00000004   Data   RW          544    .data               payment_control.o
    0x20000094   0x00000010   Data   RW         1903    .data               stm32f0xx_rcc.o
    0x200000a4   0x00000014   Data   RW         3450    .data               system_stm32f0xx.o
    0x200000b8   0x00000004   Data   RW         3503    .data               rtx_conf_cm.o
    0x200000bc   0x00000002   Data   RW         3529    .data               eeprom.o
    0x200000be   0x00000002   Data   RW         3553    .data               unlock_codes.o
    0x200000c0   0x00000008   Data   RW         3596    .data               RTX_CM1.LIB(rt_task.o)
    0x200000c8   0x00000004   Data   RW         3734    .data               RTX_CM1.LIB(rt_time.o)
    0x200000cc   0x00000008   Data   RW         3766    .data               RTX_CM1.LIB(rt_timer.o)
    0x200000d4   0x00000008   Data   RW         3821    .data               RTX_CM1.LIB(rt_system.o)
    0x200000dc   0x00000008   Data   RW         3975    .data               RTX_CM1.LIB(rt_robin.o)
    0x200000e4   0x000000a0   Zero   RW          234    .bss                adc.o
    0x20000184   0x00000020   Zero   RW          324    .bss                pwm.o
    0x200001a4   0x00000004   PAD
    0x200001a8   0x00000280   Zero   RW          384    .bss                interrupted_charging.o
    0x20000428   0x0000000a   Zero   RW          483    .bss                ui.o
    0x20000432   0x00000006   PAD
    0x20000438   0x00000190   Zero   RW          484    .bss                ui.o
    0x200005c8   0x00000040   Zero   RW          542    .bss                payment_control.o
    0x20000608   0x00000140   Zero   RW          543    .bss                payment_control.o
    0x20000748   0x000000cc   Zero   RW         3488    .bss                rtx_conf_cm.o
    0x20000814   0x00000004   PAD
    0x20000818   0x00000290   Zero   RW         3489    .bss                rtx_conf_cm.o
    0x20000aa8   0x00000084   Zero   RW         3490    .bss                rtx_conf_cm.o
    0x20000b2c   0x00000010   Zero   RW         3491    .bss                rtx_conf_cm.o
    0x20000b3c   0x00000014   Zero   RW         3492    .bss                rtx_conf_cm.o
    0x20000b50   0x00000030   Zero   RW         3595    .bss                RTX_CM1.LIB(rt_task.o)
    0x20000b80   0x00000030   Zero   RW         3904    .bss                RTX_CM1.LIB(rt_list.o)
    0x20000bb0   0x00000400   Zero   RW         3478    STACK               startup_stm32f0xx.o


==============================================================================

Image component sizes


      Code (inc. data)   RO Data    RW Data    ZI Data      Debug   Object Name

       708        104          0          4        160       8663   adc.o
       124          0          0          0          0       1039   buzzer.o
       656         28          0          2          0       3833   eeprom.o
      1362        456        202         40        640       3986   interrupted_charging.o
      1156        146          0          4          0       6254   lcd_hd44780.o
       628        432          0          0          0     171984   main.o
      1244        550          0          4        384       3648   payment_control.o
       244         16          0         12          0       1225   perturb_and_observe.o
       348         28          0          2         32       1193   pwm.o
        12          0          0          4          0       2196   retarget.o
       452         62          0          0          0       1895   rtc.o
       132         88         32          4       1028       1915   rtx_conf_cm.o
       432         16          0         64          0       3887   serial.o
        28          8        192          0       1024        640   startup_stm32f0xx.o
       280         12          0          0          0       3008   stm32f0xx_adc.o
       216         14          0          0          0       2174   stm32f0xx_dma.o
       152          6          0          0          0       1548   stm32f0xx_exti.o
       212         14          0          0          0       2193   stm32f0xx_flash.o
       188          4          0          0          0       1943   stm32f0xx_gpio.o
       196          8          0          0          0       1004   stm32f0xx_it.o
        80         10          0          0          0        880   stm32f0xx_misc.o
        44          6          0          0          0        659   stm32f0xx_pwr.o
       440         24          0         16          0       3189   stm32f0xx_rcc.o
       404         14          0          0          0       3568   stm32f0xx_rtc.o
        40          6          0          0          0        584   stm32f0xx_syscfg.o
       264         28          0          0          0       2621   stm32f0xx_tim.o
       300         14          0          0          0       3037   stm32f0xx_usart.o
       180         16          0         20          0       1189   system_stm32f0xx.o
      2160        440          0         12        410       3934   ui.o
       136         14          0          2          0       1755   unlock_codes.o
       180          4          0          0          0        767   user_outputs.o

    ----------------------------------------------------------------------
     12998       2568        464        192       3692     246411   Object Totals
         0          0         32          0          0          0   (incl. Generated)
         0          0          6          2         14          0   (incl. Padding)

    ----------------------------------------------------------------------

      Code (inc. data)   RO Data    RW Data    ZI Data      Debug   Library Member Name

         4          4          0          0          0        136   SVC_Table.o
       468         50          0          0          0       1300   hal_cm1.o
       308         30          0          0          0       2776   rt_event.o
       480         30          0          0         48       6120   rt_list.o
       172          4          0          0          0        549   rt_mailbox.o
       140          0          0          0          0       1505   rt_membox.o
        92         22          0          8          0        906   rt_robin.o
        52          6          0          0          0        433   rt_semaphore.o
       290         58          0          8          0       3247   rt_system.o
       796        152          0          8         48       6034   rt_task.o
        10          0          0          4          0        524   rt_time.o
       196         24          0          8          0       1617   rt_timer.o
       204         22          0          0          0         76   floor.o
         0          0          0          0          0          0   entry.o
         8          4          0          0          0          0   entry2.o
         4          0          0          0          0          0   entry5.o
         0          0          0          0          0          0   entry7b.o
         8          4          0          0          0          0   entry8.o
        30          0          0          0          0          0   handlers.o
        40          0          0          0          0         72   idiv.o
        36          8          0          0          0         68   init.o
         0          0          0          0          0          0   iusefp.o
       122          0          0          0          0         84   llmul.o
        32          0          0          0          0         68   llshl.o
        38          0          0          0          0         68   llsshr.o
        34          0          0          0          0         68   llushr.o
       116         12         12          0          0         72   localtime_i.o
        36          0          0          0          0         60   memcpya.o
       140         16         12          0          0         72   mktime.o
      2302        108          0          0          0        552   printfa.o
        44          0          0          0          0         72   uidiv.o
        96          0          0          0          0         84   uldiv.o
        40          2          0          0          0         68   cdcmple.o
        40          2          0          0          0         68   cdrcmple.o
        20          0          0          0          0         68   cfcmple.o
        20          0          0          0          0         68   cfrcmple.o
        56          0          0          0          0         68   d2f.o
       356          6          0          0          0        136   dadd.o
       240          6          0          0          0         80   ddiv.o
       238          0          0          0          0        212   depilogue.o
        72         10          0          0          0         72   dfixi.o
        60         10          0          0          0         68   dfixui.o
        64         10          0          0          0         68   dfixul.o
        40          6          0          0          0         68   dflti.o
        28          4          0          0          0         68   dfltui.o
       208          6          0          0          0         84   dmul.o
        40          0          0          0          0         60   f2d.o
       178          0          0          0          0        108   fadd.o
       128          0          0          0          0         72   fdiv.o
       132          0          0          0          0        144   fepilogue.o
        52          0          0          0          0         60   ffixi.o
        22          0          0          0          0         68   fflti.o
        14          0          0          0          0         68   ffltui.o
       122          0          0          0          0         72   fmul.o
        24          0          0          0          0         60   fscalb.o

    ----------------------------------------------------------------------
      8502        616         24         36         96      28471   Library Totals
        10          0          0          0          0          0   (incl. Padding)

    ----------------------------------------------------------------------

      Code (inc. data)   RO Data    RW Data    ZI Data      Debug   Library Name

      3008        380          0         36         96      25147   RTX_CM1.LIB
       204         22          0          0          0         76   m_ps.l
      3086        152         24          0          0       1340   mc_p.l
      2194         62          0          0          0       1908   mf_p.l

    ----------------------------------------------------------------------
      8502        616         24         36         96      28471   Library Totals

    ----------------------------------------------------------------------

==============================================================================


      Code (inc. data)   RO Data    RW Data    ZI Data      Debug   

     21500       3184        488        228       3788     268630   Grand Totals
     21500       3184        488        228       3788     268630   ELF Image Totals
     21500       3184        488        228          0          0   ROM Totals

==============================================================================

    Total RO  Size (Code + RO Data)                21988 (  21.47kB)
    Total RW  Size (RW Data + ZI Data)              4016 (   3.92kB)
    Total ROM Size (Code + RO Data + RW Data)      22216 (  21.70kB)

==============================================================================

