ARM Linker, 5.02 [Build 28] [MDK-ARM Lite]

==============================================================================

Section Cross References

    main.o(.text) refers to stm32f0xx_gpio.o(.text) for GPIO_SetBits
    main.o(.text) refers to printfa.o(i.__0printf) for __2printf
    main.o(.text) refers to adc.o(.text) for init_adc
    main.o(.text) refers to stm32f0xx_rcc.o(.text) for RCC_AHBPeriphClockCmd
    main.o(.text) refers to stm32f0xx_syscfg.o(.text) for SYSCFG_EXTILineConfig
    main.o(.text) refers to stm32f0xx_exti.o(.text) for EXTI_Init
    main.o(.text) refers to stm32f0xx_misc.o(.text) for NVIC_Init
    main.o(.text) refers to stm32f0xx_rtc.o(.text) for RTC_TimeStructInit
    main.o(.text) refers to stm32f0xx_pwr.o(.text) for PWR_BackupAccessCmd
    main.o(.text) refers to hal_cm1.o(.emb_text) for os_set_env
    main.o(.text) refers to mktime.o(.text) for mktime
    main.o(.text) refers to memcpya.o(.text) for __aeabi_memcpy4
    main.o(.text) refers to rt_time.o(i.rt_dly_wait) for rt_dly_wait
    main.o(.text) refers to rt_task.o(i.rt_tsk_create) for rt_tsk_create
    main.o(.text) refers to main.o(.data) for .data
    main.o(.text) refers to rt_task.o(i.rt_tsk_delete) for rt_tsk_delete
    main.o(.text) refers to serial.o(.data) for Serial
    main.o(.text) refers to rt_task.o(i.rt_sys_init) for rt_sys_init
    retarget.o(.text) refers to serial.o(.text) for write_fcn
    adc.o(.text) refers to stm32f0xx_dma.o(.text) for DMA_GetFlagStatus
    adc.o(.text) refers to printfa.o(i.__0printf) for __2printf
    adc.o(.text) refers to ffltui.o(.text) for __aeabi_ui2f
    adc.o(.text) refers to fmul.o(.text) for __aeabi_fmul
    adc.o(.text) refers to fdiv.o(.text) for __aeabi_fdiv
    adc.o(.text) refers to f2d.o(.text) for __aeabi_f2d
    adc.o(.text) refers to stm32f0xx_rcc.o(.text) for RCC_AHBPeriphClockCmd
    adc.o(.text) refers to stm32f0xx_gpio.o(.text) for GPIO_StructInit
    adc.o(.text) refers to stm32f0xx_adc.o(.text) for ADC_DeInit
    adc.o(.text) refers to adc.o(.data) for .data
    adc.o(.text) refers to rt_time.o(i.rt_dly_wait) for rt_dly_wait
    perturb_and_observe.o(.text) refers to adc.o(.text) for get_adc_voltage
    perturb_and_observe.o(.text) refers to fmul.o(.text) for __aeabi_fmul
    perturb_and_observe.o(.text) refers to fadd.o(.text) for __aeabi_fsub
    perturb_and_observe.o(.text) refers to pwm.o(.text) for set_duty_cycle
    perturb_and_observe.o(.text) refers to f2d.o(.text) for __aeabi_f2d
    perturb_and_observe.o(.text) refers to printfa.o(i.__0printf) for __2printf
    perturb_and_observe.o(.text) refers to perturb_and_observe.o(.data) for .data
    perturb_and_observe.o(.text) refers to rt_time.o(i.rt_dly_wait) for rt_dly_wait
    pwm.o(.text) refers to dflti.o(.text) for __aeabi_i2d
    pwm.o(.text) refers to f2d.o(.text) for __aeabi_f2d
    pwm.o(.text) refers to dadd.o(.text) for __aeabi_drsub
    pwm.o(.text) refers to dmul.o(.text) for __aeabi_dmul
    pwm.o(.text) refers to ddiv.o(.text) for __aeabi_ddiv
    pwm.o(.text) refers to dfixui.o(.text) for __aeabi_d2uiz
    pwm.o(.text) refers to stm32f0xx_tim.o(.text) for TIM_OC1Init
    pwm.o(.text) refers to stm32f0xx_rcc.o(.text) for RCC_AHBPeriphClockCmd
    pwm.o(.text) refers to stm32f0xx_gpio.o(.text) for GPIO_Init
    pwm.o(.text) refers to uidiv.o(.text) for __aeabi_uidivmod
    pwm.o(.text) refers to dfltui.o(.text) for __aeabi_ui2d
    pwm.o(.text) refers to d2f.o(.text) for __aeabi_d2f
    pwm.o(.text) refers to adc.o(.text) for get_adc_voltage
    pwm.o(.text) refers to printfa.o(i.__0printf) for __2printf
    pwm.o(.text) refers to pwm.o(.data) for .data
    pwm.o(.text) refers to pwm.o(.bss) for .bss
    pwm.o(.text) refers to system_stm32f0xx.o(.data) for SystemCoreClock
    pwm.o(.text) refers to rt_time.o(i.rt_dly_wait) for rt_dly_wait
    serial.o(.text) refers to stm32f0xx_usart.o(.text) for USART_GetFlagStatus
    serial.o(.text) refers to stm32f0xx_rcc.o(.text) for RCC_AHBPeriphClockCmd
    serial.o(.text) refers to stm32f0xx_gpio.o(.text) for GPIO_PinAFConfig
    serial.o(.text) refers to stm32f0xx_misc.o(.text) for NVIC_Init
    serial.o(.text) refers to serial.o(.data) for .data
    serial.o(.text) refers to serial.o(.bss) for .bss
    serial.o(.data) refers to serial.o(.bss) for rcv_buff
    serial.o(.data) refers to serial.o(.text) for begin_fcn
    interrupted_charging.o(.text) refers to pwm.o(.text) for init_pwm
    interrupted_charging.o(.text) refers to adc.o(.text) for get_adc_voltage
    interrupted_charging.o(.text) refers to f2d.o(.text) for __aeabi_f2d
    interrupted_charging.o(.text) refers to printfa.o(i.__0printf) for __2printf
    interrupted_charging.o(.text) refers to interrupted_charging.o(i.__ARM_common_switch8) for __ARM_common_switch8
    interrupted_charging.o(.text) refers to perturb_and_observe.o(.text) for perturb_and_observe_itter
    interrupted_charging.o(.text) refers to stm32f0xx_gpio.o(.text) for GPIO_ResetBits
[...]
    Removing system_stm32f0xx.o(.revsh_text), (4 bytes).
    Removing startup_stm32f0xx.o(HEAP), (512 bytes).
    Removing rt_task.o(i.rt_tsk_pass), (44 bytes).
    Removing rt_task.o(i.rt_tsk_prio), (132 bytes).
    Removing rt_task.o(i.rt_tsk_self), (16 bytes).
    Removing rt_time.o(i.rt_itv_set), (24 bytes).
    Removing rt_time.o(i.rt_itv_wait), (44 bytes).
    Removing rt_time.o(i.rt_time_get), (12 bytes).
    Removing rt_system.o(.emb_text), (0 bytes).
    Removing rt_system.o(i.rt_psh_req), (32 bytes).
    Removing rt_system.o(i.rt_resume), (172 bytes).
    Removing rt_system.o(i.rt_suspend), (52 bytes).
    Removing rt_system.o(i.rt_tsk_lock), (84 bytes).
    Removing rt_system.o(i.rt_tsk_unlock), (84 bytes).
    Removing rt_list.o(i.rt_get_same_rdy_prio), (36 bytes).
    Removing rt_list.o(i.rt_psq_enq), (64 bytes).
    Removing rt_list.o(i.rt_resort_prio), (48 bytes).
    Removing rt_membox.o(i._calloc_box), (30 bytes).
    Removing rt_event.o(i.isr_evt_set), (36 bytes).
    Removing rt_event.o(i.rt_evt_clr), (28 bytes).
    Removing rt_event.o(i.rt_evt_get), (12 bytes).
    Removing rt_event.o(i.rt_evt_set), (92 bytes).
    Removing rt_event.o(i.rt_evt_wait), (64 bytes).
    Removing rt_mailbox.o(i.isr_mbx_receive), (74 bytes).
    Removing rt_mailbox.o(i.isr_mbx_send), (12 bytes).
    Removing rt_mailbox.o(i.rt_mbx_check), (8 bytes).
    Removing rt_mailbox.o(i.rt_mbx_init), (32 bytes).
    Removing rt_mailbox.o(i.rt_mbx_send), (156 bytes).
    Removing rt_mailbox.o(i.rt_mbx_wait), (176 bytes).
    Removing rt_semaphore.o(i.isr_sem_send), (14 bytes).
    Removing rt_semaphore.o(i.rt_sem_init), (12 bytes).
    Removing rt_semaphore.o(i.rt_sem_send), (60 bytes).
    Removing rt_semaphore.o(i.rt_sem_wait), (68 bytes).
    Removing rt_timer.o(i.rt_tmr_create), (80 bytes).
    Removing rt_timer.o(i.rt_tmr_kill), (52 bytes).
    Removing fadd.o(.text), (178 bytes).
    Removing dflti.o(.text), (40 bytes).
    Removing dfltui.o(.text), (28 bytes).
    Removing dfixui.o(.text), (60 bytes).
    Removing d2f.o(.text), (56 bytes).
    Removing cfrcmple.o(.text), (20 bytes).
    Removing interrupted_charging.o(i.__ARM_common_switch8), (26 bytes).

134 unused section(s) (total 11612 bytes) removed from the image.

==============================================================================

Image Symbol Table

    Local Symbols

    Symbol Name                              Value     Ov Type        Size  Object(Section)

    ../clib/microlib/division.c              0x00000000   Number         0  idiv.o ABSOLUTE
    ../clib/microlib/division.c              0x00000000   Number         0  uidiv.o ABSOLUTE
    ../clib/microlib/division.c              0x00000000   Number         0  uldiv.o ABSOLUTE
    ../clib/microlib/init/entry.s            0x00000000   Number         0  entry2.o ABSOLUTE
    ../clib/microlib/init/entry.s            0x00000000   Number         0  entry5.o ABSOLUTE
    ../clib/microlib/init/entry.s            0x00000000   Number         0  entry.o ABSOLUTE
    ../clib/microlib/init/entry.s            0x00000000   Number         0  entry8.o ABSOLUTE
    ../clib/microlib/init/entry.s            0x00000000   Number         0  entry7b.o ABSOLUTE
    ../clib/microlib/init/entry.s            0x00000000   Number         0  entry7a.o ABSOLUTE
    ../clib/microlib/longlong.c              0x00000000   Number         0  llshl.o ABSOLUTE
    ../clib/microlib/longlong.c              0x00000000   Number         0  llushr.o ABSOLUTE
    ../clib/microlib/longlong.c              0x00000000   Number         0  llsshr.o ABSOLUTE
    ../clib/microlib/printf/printf.c         0x00000000   Number         0  printf4.o ABSOLUTE
    ../clib/microlib/printf/printf.c         0x00000000   Number         0  printf6.o ABSOLUTE
    ../clib/microlib/printf/printf.c         0x00000000   Number         0  printf8.o ABSOLUTE
    ../clib/microlib/printf/printf.c         0x00000000   Number         0  printfa.o ABSOLUTE
    ../clib/microlib/printf/printf.c         0x00000000   Number         0  printf5.o ABSOLUTE
    ../clib/microlib/printf/printf.c         0x00000000   Number         0  printf7.o ABSOLUTE
    ../clib/microlib/printf/printf.c         0x00000000   Number         0  printfb.o ABSOLUTE
    ../clib/microlib/printf/printf.c         0x00000000   Number         0  printf0.o ABSOLUTE
    ../clib/microlib/printf/printf.c         0x00000000   Number         0  printf1.o ABSOLUTE
    ../clib/microlib/printf/printf.c         0x00000000   Number         0  printf2.o ABSOLUTE
    ../clib/microlib/printf/printf.c         0x00000000   Number         0  printf3.o ABSOLUTE
    ../clib/microlib/printf/stubs.s          0x00000000   Number         0  stubs.o ABSOLUTE
    ../clib/microlib/string/memcpy.c         0x00000000   Number         0  memcpyb.o ABSOLUTE
    ../clib/microlib/string/memcpy.c         0x00000000   Number         0  memcpya.o ABSOLUTE
    ../clib/microlib/stubs.s                 0x00000000   Number         0  iusefp.o ABSOLUTE
    ../clib/microlib/stubs.s                 0x00000000   Number         0  useno.o ABSOLUTE
    ../clib/microlib/time/localtime.c        0x00000000   Number         0  localtime_i.o ABSOLUTE
    ../clib/microlib/time/localtime.c        0x00000000   Number         0  localtime_w.o ABSOLUTE
    ../clib/microlib/time/mktime.c           0x00000000   Number         0  mktime.o ABSOLUTE
    ../fplib/microlib/d2f.c                  0x00000000   Number         0  d2f.o ABSOLUTE
    ../fplib/microlib/f2d.c                  0x00000000   Number         0  f2d.o ABSOLUTE
    ../fplib/microlib/fpadd.c                0x00000000   Number         0  fadd.o ABSOLUTE
    ../fplib/microlib/fpadd.c                0x00000000   Number         0  dadd.o ABSOLUTE
    ../fplib/microlib/fpdiv.c                0x00000000   Number         0  ddiv.o ABSOLUTE
    ../fplib/microlib/fpdiv.c                0x00000000   Number         0  fdiv.o ABSOLUTE
    ../fplib/microlib/fpepilogue.c           0x00000000   Number         0  depilogue.o ABSOLUTE
    ../fplib/microlib/fpepilogue.c           0x00000000   Number         0  fepilogue.o ABSOLUTE
    ../fplib/microlib/fpfix.c                0x00000000   Number         0  dfixui.o ABSOLUTE
    ../fplib/microlib/fpfix.c                0x00000000   Number         0  dfixul.o ABSOLUTE
    ../fplib/microlib/fpflt.c                0x00000000   Number         0  ffltui.o ABSOLUTE
    ../fplib/microlib/fpflt.c                0x00000000   Number         0  dflti.o ABSOLUTE
    ../fplib/microlib/fpflt.c                0x00000000   Number         0  dfltui.o ABSOLUTE
    ../fplib/microlib/fpmul.c                0x00000000   Number         0  dmul.o ABSOLUTE
    ../fplib/microlib/fpmul.c                0x00000000   Number         0  fmul.o ABSOLUTE
    CMSIS\ST\STM32F0xx\Source\Templates\arm\startup_stm32f0xx.s 0x00000000   Number         0  startup_stm32f0xx.o ABSOLUTE
    RTX_Conf_CM.c                            0x00000000   Number         0  rtx_conf_cm.o ABSOLUTE
    Retarget.c                               0x00000000   Number         0  retarget.o ABSOLUTE
    Retarget.c                               0x00000000   Number         0  retarget.o ABSOLUTE
    SRC\CM\HAL_CM1.c                         0x00000000   Number         0  hal_cm1.o ABSOLUTE
    SRC\CM\SVC_Table.s                       0x00000000   Number         0  SVC_Table.o ABSOLUTE
    SRC\CM\rt_Event.c                        0x00000000   Number         0  rt_event.o ABSOLUTE
    SRC\CM\rt_List.c                         0x00000000   Number         0  rt_list.o ABSOLUTE
    SRC\CM\rt_Mailbox.c                      0x00000000   Number         0  rt_mailbox.o ABSOLUTE
    SRC\CM\rt_MemBox.c                       0x00000000   Number         0  rt_membox.o ABSOLUTE
    SRC\CM\rt_Robin.c                        0x00000000   Number         0  rt_robin.o ABSOLUTE
    SRC\CM\rt_Semaphore.c                    0x00000000   Number         0  rt_semaphore.o ABSOLUTE
    SRC\CM\rt_System.c                       0x00000000   Number         0  rt_system.o ABSOLUTE
    SRC\CM\rt_Task.c                         0x00000000   Number         0  rt_task.o ABSOLUTE
    SRC\CM\rt_Time.c                         0x00000000   Number         0  rt_time.o ABSOLUTE
    SRC\CM\rt_Timer.c                        0x00000000   Number         0  rt_timer.o ABSOLUTE
    SRC\\CM\\HAL_CM1.c                       0x00000000   Number         0  hal_cm1.o ABSOLUTE
    SRC\\CM\\rt_System.c                     0x00000000   Number         0  rt_system.o ABSOLUTE
    STM32F0-Discovery\\stm32f0_discovery.c   0x00000000   Number         0  stm32f0_discovery.o ABSOLUTE
    STM32F0-Discovery\stm32f0_discovery.c    0x00000000   Number         0  stm32f0_discovery.o ABSOLUTE
    STM32F0xx_StdPeriph_Driver\\src\\stm32f0xx_adc.c 0x00000000   Number         0  stm32f0xx_adc.o ABSOLUTE
    STM32F0xx_StdPeriph_Driver\\src\\stm32f0xx_cec.c 0x00000000   Number         0  stm32f0xx_cec.o ABSOLUTE
    STM32F0xx_StdPeriph_Driver\\src\\stm32f0xx_comp.c 0x00000000   Number         0  stm32f0xx_comp.o ABSOLUTE
    STM32F0xx_StdPeriph_Driver\\src\\stm32f0xx_crc.c 0x00000000   Number         0  stm32f0xx_crc.o ABSOLUTE
    STM32F0xx_StdPeriph_Driver\\src\\stm32f0xx_dac.c 0x00000000   Number         0  stm32f0xx_dac.o ABSOLUTE
    STM32F0xx_StdPeriph_Driver\\src\\stm32f0xx_dbgmcu.c 0x00000000   Number         0  stm32f0xx_dbgmcu.o ABSOLUTE
    STM32F0xx_StdPeriph_Driver\\src\\stm32f0xx_dma.c 0x00000000   Number         0  stm32f0xx_dma.o ABSOLUTE
    STM32F0xx_StdPeriph_Driver\\src\\stm32f0xx_exti.c 0x00000000   Number         0  stm32f0xx_exti.o ABSOLUTE
    STM32F0xx_StdPeriph_Driver\\src\\stm32f0xx_flash.c 0x00000000   Number         0  stm32f0xx_flash.o ABSOLUTE
    STM32F0xx_StdPeriph_Driver\\src\\stm32f0xx_gpio.c 0x00000000   Number         0  stm32f0xx_gpio.o ABSOLUTE
    STM32F0xx_StdPeriph_Driver\\src\\stm32f0xx_i2c.c 0x00000000   Number         0  stm32f0xx_i2c.o ABSOLUTE
    STM32F0xx_StdPeriph_Driver\\src\\stm32f0xx_iwdg.c 0x00000000   Number         0  stm32f0xx_iwdg.o ABSOLUTE
    STM32F0xx_StdPeriph_Driver\\src\\stm32f0xx_misc.c 0x00000000   Number         0  stm32f0xx_misc.o ABSOLUTE
    STM32F0xx_StdPeriph_Driver\\src\\stm32f0xx_pwr.c 0x00000000   Number         0  stm32f0xx_pwr.o ABSOLUTE
    STM32F0xx_StdPeriph_Driver\\src\\stm32f0xx_rcc.c 0x00000000   Number         0  stm32f0xx_rcc.o ABSOLUTE
    STM32F0xx_StdPeriph_Driver\\src\\stm32f0xx_rtc.c 0x00000000   Number         0  stm32f0xx_rtc.o ABSOLUTE
    STM32F0xx_StdPeriph_Driver\\src\\stm32f0xx_spi.c 0x00000000   Number         0  stm32f0xx_spi.o ABSOLUTE
    STM32F0xx_StdPeriph_Driver\\src\\stm32f0xx_syscfg.c 0x00000000   Number         0  stm32f0xx_syscfg.o ABSOLUTE
    STM32F0xx_StdPeriph_Driver\\src\\stm32f0xx_tim.c 0x00000000   Number         0  stm32f0xx_tim.o ABSOLUTE
    STM32F0xx_StdPeriph_Driver\\src\\stm32f0xx_usart.c 0x00000000   Number         0  stm32f0xx_usart.o ABSOLUTE
    STM32F0xx_StdPeriph_Driver\\src\\stm32f0xx_wwdg.c 0x00000000   Number         0  stm32f0xx_wwdg.o ABSOLUTE
    STM32F0xx_StdPeriph_Driver\src\stm32f0xx_adc.c 0x00000000   Number         0  stm32f0xx_adc.o ABSOLUTE
    STM32F0xx_StdPeriph_Driver\src\stm32f0xx_cec.c 0x00000000   Number         0  stm32f0xx_cec.o ABSOLUTE
    STM32F0xx_StdPeriph_Driver\src\stm32f0xx_comp.c 0x00000000   Number         0  stm32f0xx_comp.o ABSOLUTE
    STM32F0xx_StdPeriph_Driver\src\stm32f0xx_crc.c 0x00000000   Number         0  stm32f0xx_crc.o ABSOLUTE
    STM32F0xx_StdPeriph_Driver\src\stm32f0xx_dac.c 0x00000000   Number         0  stm32f0xx_dac.o ABSOLUTE
    STM32F0xx_StdPeriph_Driver\src\stm32f0xx_dbgmcu.c 0x00000000   Number         0  stm32f0xx_dbgmcu.o ABSOLUTE
    STM32F0xx_StdPeriph_Driver\src\stm32f0xx_dma.c 0x00000000   Number         0  stm32f0xx_dma.o ABSOLUTE
    STM32F0xx_StdPeriph_Driver\src\stm32f0xx_exti.c 0x00000000   Number         0  stm32f0xx_exti.o ABSOLUTE
    STM32F0xx_StdPeriph_Driver\src\stm32f0xx_flash.c 0x00000000   Number         0  stm32f0xx_flash.o ABSOLUTE
    STM32F0xx_StdPeriph_Driver\src\stm32f0xx_gpio.c 0x00000000   Number         0  stm32f0xx_gpio.o ABSOLUTE
    STM32F0xx_StdPeriph_Driver\src\stm32f0xx_i2c.c 0x00000000   Number         0  stm32f0xx_i2c.o ABSOLUTE
    STM32F0xx_StdPeriph_Driver\src\stm32f0xx_iwdg.c 0x00000000   Number         0  stm32f0xx_iwdg.o ABSOLUTE
    STM32F0xx_StdPeriph_Driver\src\stm32f0xx_misc.c 0x00000000   Number         0  stm32f0xx_misc.o ABSOLUTE
    STM32F0xx_StdPeriph_Driver\src\stm32f0xx_pwr.c 0x00000000   Number         0  stm32f0xx_pwr.o ABSOLUTE
    STM32F0xx_StdPeriph_Driver\src\stm32f0xx_rcc.c 0x00000000   Number         0  stm32f0xx_rcc.o ABSOLUTE
    STM32F0xx_StdPeriph_Driver\src\stm32f0xx_rtc.c 0x00000000   Number         0  stm32f0xx_rtc.o ABSOLUTE
    STM32F0xx_StdPeriph_Driver\src\stm32f0xx_spi.c 0x00000000   Number         0  stm32f0xx_spi.o ABSOLUTE
    STM32F0xx_StdPeriph_Driver\src\stm32f0xx_syscfg.c 0x00000000   Number         0  stm32f0xx_syscfg.o ABSOLUTE
    STM32F0xx_StdPeriph_Driver\src\stm32f0xx_tim.c 0x00000000   Number         0  stm32f0xx_tim.o ABSOLUTE
    STM32F0xx_StdPeriph_Driver\src\stm32f0xx_usart.c 0x00000000   Number         0  stm32f0xx_usart.o ABSOLUTE
    STM32F0xx_StdPeriph_Driver\src\stm32f0xx_wwdg.c 0x00000000   Number         0  stm32f0xx_wwdg.o ABSOLUTE
    adc.c                                    0x00000000   Number         0  adc.o ABSOLUTE
    adc.c                                    0x00000000   Number         0  adc.o ABSOLUTE
    cdrcmple.s                               0x00000000   Number         0  cdrcmple.o ABSOLUTE
    cfrcmple.s                               0x00000000   Number         0  cfrcmple.o ABSOLUTE
    dc.s                                     0x00000000   Number         0  dc.o ABSOLUTE
    handlers.s                               0x00000000   Number         0  handlers.o ABSOLUTE
    init.s                                   0x00000000   Number         0  init.o ABSOLUTE
    interrupted_charging.c                   0x00000000   Number         0  interrupted_charging.o ABSOLUTE
    interrupted_charging.c                   0x00000000   Number         0  interrupted_charging.o ABSOLUTE
    lcd_hd44780.c                            0x00000000   Number         0  lcd_hd44780.o ABSOLUTE
    lcd_hd44780.c                            0x00000000   Number         0  lcd_hd44780.o ABSOLUTE
    main.c                                   0x00000000   Number         0  main.o ABSOLUTE
    main.c                                   0x00000000   Number         0  main.o ABSOLUTE
    perturb_and_observe.c                    0x00000000   Number         0  perturb_and_observe.o ABSOLUTE
    perturb_and_observe.c                    0x00000000   Number         0  perturb_and_observe.o ABSOLUTE
    pwm.c                                    0x00000000   Number         0  pwm.o ABSOLUTE
    pwm.c                                    0x00000000   Number         0  pwm.o ABSOLUTE
    serial.c                                 0x00000000   Number         0  serial.o ABSOLUTE
    serial.c                                 0x00000000   Number         0  serial.o ABSOLUTE
    stm32f0xx_it.c                           0x00000000   Number         0  stm32f0xx_it.o ABSOLUTE
    stm32f0xx_it.c                           0x00000000   Number         0  stm32f0xx_it.o ABSOLUTE
    system_stm32f0xx.c                       0x00000000   Number         0  system_stm32f0xx.o ABSOLUTE
    system_stm32f0xx.c                       0x00000000   Number         0  system_stm32f0xx.o ABSOLUTE
    RESET                                    0x08000000   Section      192  startup_stm32f0xx.o(RESET)
    .ARM.Collect$$$$00000000                 0x080000c0   Section        0  entry.o(.ARM.Collect$$$$00000000)
    .ARM.Collect$$$$00000001                 0x080000c0   Section        4  entry2.o(.ARM.Collect$$$$00000001)
    .ARM.Collect$$$$00000004                 0x080000c4   Section        4  entry5.o(.ARM.Collect$$$$00000004)
    .ARM.Collect$$$$00000008                 0x080000c8   Section        0  entry7b.o(.ARM.Collect$$$$00000008)
    .ARM.Collect$$$$00000009                 0x080000c8   Section        8  entry8.o(.ARM.Collect$$$$00000009)
    .ARM.Collect$$$$00002712                 0x080000d0   Section        4  entry2.o(.ARM.Collect$$$$00002712)
    __lit__00000000                          0x080000d0   Data           4  entry2.o(.ARM.Collect$$$$00002712)
    .emb_text                                0x080000d4   Section      392  hal_cm1.o(.emb_text)
    .text                                    0x0800025c   Section        0  main.o(.text)
    .text                                    0x0800074c   Section        0  retarget.o(.text)
    .text                                    0x08000770   Section        0  adc.o(.text)
    .text                                    0x08000a0c   Section        0  serial.o(.text)
    UART1_Init                               0x08000b1b   Thumb Code   140  serial.o(.text)
    .text                                    0x08000bbc   Section        0  stm32f0xx_it.o(.text)
    .text                                    0x08000c2c   Section        0  stm32f0xx_adc.o(.text)
    .text                                    0x08000e50   Section        0  stm32f0xx_dma.o(.text)
    .text                                    0x08000f74   Section        0  stm32f0xx_exti.o(.text)
    .text                                    0x08001048   Section        0  stm32f0xx_gpio.o(.text)
    .text                                    0x0800119c   Section        0  stm32f0xx_misc.o(.text)
    .text                                    0x08001218   Section        0  stm32f0xx_pwr.o(.text)
    .text                                    0x080012f8   Section        0  stm32f0xx_rcc.o(.text)
    .text                                    0x08001708   Section        0  stm32f0xx_rtc.o(.text)
    RTC_ByteToBcd2                           0x08001eeb   Thumb Code    46  stm32f0xx_rtc.o(.text)
    RTC_Bcd2ToByte                           0x08001f19   Thumb Code    16  stm32f0xx_rtc.o(.text)
    .text                                    0x08001f28   Section        0  stm32f0xx_syscfg.o(.text)
    .text                                    0x08001fc0   Section        0  stm32f0xx_usart.o(.text)
    .text                                    0x08002428   Section        0  system_stm32f0xx.o(.text)
    SetSysClock                              0x080024db   Thumb Code    80  system_stm32f0xx.o(.text)
    .text                                    0x08002548   Section       28  startup_stm32f0xx.o(.text)
    .text                                    0x08002564   Section        0  rtx_conf_cm.o(.text)
    .text                                    0x08002584   Section        0  uidiv.o(.text)
    .text                                    0x080025b0   Section        0  mktime.o(.text)
    .text                                    0x0800263c   Section        0  memcpya.o(.text)
    .text                                    0x08002660   Section        0  fmul.o(.text)
    .text                                    0x080026da   Section        0  fdiv.o(.text)
    .text                                    0x0800275c   Section        0  dadd.o(.text)
    .text                                    0x080028c0   Section        0  dmul.o(.text)
    .text                                    0x08002990   Section        0  ddiv.o(.text)
    .text                                    0x08002a80   Section        0  ffltui.o(.text)
    .text                                    0x08002a8e   Section        0  f2d.o(.text)
    .text                                    0x08002ab6   Section        0  idiv.o(.text)
    .text                                    0x08002ade   Section        0  uldiv.o(.text)
    .text                                    0x08002b3e   Section        0  llshl.o(.text)
    .text                                    0x08002b5e   Section        0  llushr.o(.text)
    .text                                    0x08002b80   Section        0  llsshr.o(.text)
    .text                                    0x08002ba8   Section        0  localtime_i.o(.text)
    .text                                    0x08002c1c   Section        0  iusefp.o(.text)
    .text                                    0x08002c1c   Section        0  fepilogue.o(.text)
    .text                                    0x08002ca0   Section        0  depilogue.o(.text)
    .text                                    0x08002d60   Section        0  dfixul.o(.text)
    .text                                    0x08002da0   Section       40  cdrcmple.o(.text)
    .text                                    0x08002dc8   Section       36  init.o(.text)
    SVC_TABLE                                0x08002dec   Section        4  SVC_Table.o(SVC_TABLE)
    i.__0printf                              0x08002df0   Section        0  printfa.o(i.__0printf)
    i.__ARM_clz                              0x08002e10   Section        0  depilogue.o(i.__ARM_clz)
    i.__scatterload_copy                     0x08002e3e   Section       14  handlers.o(i.__scatterload_copy)
    i.__scatterload_null                     0x08002e4c   Section        2  handlers.o(i.__scatterload_null)
    i.__scatterload_zeroinit                 0x08002e4e   Section       14  handlers.o(i.__scatterload_zeroinit)
    i._fp_digits                             0x08002e5c   Section        0  printfa.o(i._fp_digits)
    _fp_digits                               0x08002e5d   Thumb Code   314  printfa.o(i._fp_digits)
    i._init_box                              0x08002fb4   Section        0  rt_membox.o(i._init_box)
    i._printf_core                           0x08002ffc   Section        0  printfa.o(i._printf_core)
    _printf_core                             0x08002ffd   Thumb Code  1766  printfa.o(i._printf_core)
    i._printf_post_padding                   0x080036f4   Section        0  printfa.o(i._printf_post_padding)
    _printf_post_padding                     0x080036f5   Thumb Code    32  printfa.o(i._printf_post_padding)
    i._printf_pre_padding                    0x08003714   Section        0  printfa.o(i._printf_pre_padding)
    _printf_pre_padding                      0x08003715   Thumb Code    44  printfa.o(i._printf_pre_padding)
    i.os_tick_init                           0x08003740   Section        0  rt_system.o(i.os_tick_init)
    i.os_tick_irqack                         0x0800376c   Section        0  rt_system.o(i.os_tick_irqack)
    i.rt_alloc_box                           0x0800376e   Section        0  rt_membox.o(i.rt_alloc_box)
    i.rt_block                               0x0800378c   Section        0  rt_task.o(i.rt_block)
    i.rt_chk_robin                           0x080037c4   Section        0  rt_robin.o(i.rt_chk_robin)
    i.rt_dec_dly                             0x08003808   Section        0  rt_list.o(i.rt_dec_dly)
    i.rt_dispatch                            0x08003880   Section        0  rt_task.o(i.rt_dispatch)
    i.rt_dly_wait                            0x080038c0   Section        0  rt_time.o(i.rt_dly_wait)
    i.rt_evt_psh                             0x080038cc   Section        0  rt_event.o(i.rt_evt_psh)
    i.rt_free_box                            0x08003918   Section        0  rt_membox.o(i.rt_free_box)
    i.rt_get_first                           0x0800393e   Section        0  rt_list.o(i.rt_get_first)
    i.rt_init_context                        0x08003968   Section        0  rt_task.o(i.rt_init_context)
    rt_init_context                          0x08003969   Thumb Code    64  rt_task.o(i.rt_init_context)
    i.rt_init_robin                          0x080039ac   Section        0  rt_robin.o(i.rt_init_robin)
    i.rt_init_stack                          0x080039c4   Section        0  hal_cm1.o(i.rt_init_stack)
    i.rt_mbx_psh                             0x08003a10   Section        0  rt_mailbox.o(i.rt_mbx_psh)
    i.rt_pop_req                             0x08003abc   Section        0  rt_system.o(i.rt_pop_req)
    i.rt_put_dly                             0x08003b2c   Section        0  rt_list.o(i.rt_put_dly)
    i.rt_put_prio                            0x08003b7c   Section        0  rt_list.o(i.rt_put_prio)
    i.rt_put_rdy_first                       0x08003bb8   Section        0  rt_list.o(i.rt_put_rdy_first)
    i.rt_rmv_dly                             0x08003bcc   Section        0  rt_list.o(i.rt_rmv_dly)
    i.rt_rmv_list                            0x08003bf8   Section        0  rt_list.o(i.rt_rmv_list)
    i.rt_sem_psh                             0x08003c2c   Section        0  rt_semaphore.o(i.rt_sem_psh)
    i.rt_stk_check                           0x08003c60   Section        0  rt_system.o(i.rt_stk_check)
    i.rt_switch_req                          0x08003c88   Section        0  rt_task.o(i.rt_switch_req)
    i.rt_sys_init                            0x08003c98   Section        0  rt_task.o(i.rt_sys_init)
    i.rt_systick                             0x08003dd0   Section        0  rt_system.o(i.rt_systick)
    i.rt_tmr_tick                            0x08003e0c   Section        0  rt_timer.o(i.rt_tmr_tick)
    i.rt_tsk_create                          0x08003e4c   Section        0  rt_task.o(i.rt_tsk_create)
    i.rt_tsk_delete                          0x08003ec8   Section        0  rt_task.o(i.rt_tsk_delete)
    .constdata                               0x08003f64   Section        2  rtx_conf_cm.o(.constdata)
    .constdata                               0x08003f68   Section        4  rtx_conf_cm.o(.constdata)
    .constdata                               0x08003f6c   Section        4  rtx_conf_cm.o(.constdata)
    .constdata                               0x08003f70   Section        4  rtx_conf_cm.o(.constdata)
    .constdata                               0x08003f74   Section        1  rtx_conf_cm.o(.constdata)
    .constdata                               0x08003f78   Section        8  rtx_conf_cm.o(.constdata)
    __tagsym$$used                           0x08003f78   Number         0  rtx_conf_cm.o(.constdata)
    __tagsym$$used                           0x08003f7c   Number         0  rtx_conf_cm.o(.constdata)
    .constdata                               0x08003f80   Section        2  rtx_conf_cm.o(.constdata)
    .constdata                               0x08003f84   Section        4  rtx_conf_cm.o(.constdata)
    .constdata                               0x08003f88   Section        1  rtx_conf_cm.o(.constdata)
    .constdata                               0x08003f8a   Section        2  rtx_conf_cm.o(.constdata)
    .constdata                               0x08003f8c   Section       12  mktime.o(.constdata)
    monlen                                   0x08003f8c   Data          12  mktime.o(.constdata)
    .constdata                               0x08003f98   Section       12  localtime_i.o(.constdata)
    monlen                                   0x08003f98   Data          12  localtime_i.o(.constdata)
    .data                                    0x20000000   Section        4  main.o(.data)
    .data                                    0x20000004   Section        4  retarget.o(.data)
    .data                                    0x20000008   Section        8  adc.o(.data)
    .data                                    0x20000010   Section       56  serial.o(.data)
    rcv_buff_full                            0x20000010   Data           1  serial.o(.data)
    nb_rcv_buff_char                         0x20000012   Data           2  serial.o(.data)
    rcv_buff_overload                        0x20000014   Data           2  serial.o(.data)
    pt_rcv_read                              0x20000018   Data           4  serial.o(.data)
    pt_rcv_write                             0x2000001c   Data           4  serial.o(.data)
    USARTx                                   0x20000020   Data           4  serial.o(.data)
    .data                                    0x20000048   Section       16  stm32f0xx_rcc.o(.data)
    APBAHBPrescTable                         0x20000048   Data          16  stm32f0xx_rcc.o(.data)
    .data                                    0x20000058   Section       20  system_stm32f0xx.o(.data)
    .data                                    0x2000006c   Section        4  rtx_conf_cm.o(.data)
    .data                                    0x20000070   Section        8  rt_task.o(.data)
    .data                                    0x20000078   Section        4  rt_time.o(.data)
    .data                                    0x2000007c   Section        8  rt_system.o(.data)
    os_lock                                  0x2000007c   Data           1  rt_system.o(.data)
    os_psh_flag                              0x2000007d   Data           1  rt_system.o(.data)
    pend_flags                               0x2000007e   Data           1  rt_system.o(.data)
    .data                                    0x20000084   Section        8  rt_robin.o(.data)
    .data                                    0x2000008c   Section        8  rt_timer.o(.data)
    .bss                                     0x20000094   Section       64  serial.o(.bss)
    rcv_buff                                 0x20000094   Data          64  serial.o(.bss)
    .bss                                     0x200000d4   Section      156  rtx_conf_cm.o(.bss)
    .bss                                     0x20000170   Section     2064  rtx_conf_cm.o(.bss)
    .bss                                     0x20000980   Section      132  rtx_conf_cm.o(.bss)
    .bss                                     0x20000a04   Section       12  rtx_conf_cm.o(.bss)
    .bss                                     0x20000a10   Section       48  rt_task.o(.bss)
    .bss                                     0x20000a40   Section       48  rt_list.o(.bss)
    STACK                                    0x20000a70   Section     1024  startup_stm32f0xx.o(STACK)

    Global Symbols

    Symbol Name                              Value     Ov Type        Size  Object(Section)

    BuildAttributes$$THM_ISAv3M$S$PE$A:L22$X:L11$S22$IEEE1$IW$USESV6$~STKCKD$USESV7$~SHL$OTIME$ROPI$EBA8$MICROLIB$REQ8$PRES8$EABIv2 0x00000000   Number         0  anon$$obj.o ABSOLUTE
    __ARM_use_no_argv                        0x00000000   Number         0  main.o ABSOLUTE
    __use_no_errno                           0x00000000   Number         0  useno.o ABSOLUTE
    __use_no_exception_handling              0x00000000   Number         0  useno.o ABSOLUTE
    __use_no_fp                              0x00000000   Number         0  useno.o ABSOLUTE
    __use_no_heap                            0x00000000   Number         0  useno.o ABSOLUTE
    __use_no_heap_region                     0x00000000   Number         0  useno.o ABSOLUTE
    __use_no_semihosting                     0x00000000   Number         0  useno.o ABSOLUTE
    __use_no_semihosting_swi                 0x00000000   Number         0  useno.o ABSOLUTE
    __use_no_signal_handling                 0x00000000   Number         0  useno.o ABSOLUTE
    _printf_a                                0x00000000   Number         0  stubs.o ABSOLUTE
    _printf_c                                0x00000000   Number         0  stubs.o ABSOLUTE
    _printf_charcount                        0x00000000   Number         0  stubs.o ABSOLUTE
    _printf_d                                0x00000000   Number         0  stubs.o ABSOLUTE
    _printf_e                                0x00000000   Number         0  stubs.o ABSOLUTE
    _printf_f                                0x00000000   Number         0  stubs.o ABSOLUTE
    _printf_flags                            0x00000000   Number         0  stubs.o ABSOLUTE
    _printf_fp_dec                           0x00000000   Number         0  stubs.o ABSOLUTE
    _printf_fp_hex                           0x00000000   Number         0  stubs.o ABSOLUTE
    _printf_g                                0x00000000   Number         0  stubs.o ABSOLUTE
    _printf_i                                0x00000000   Number         0  stubs.o ABSOLUTE
    _printf_int_dec                          0x00000000   Number         0  stubs.o ABSOLUTE
    _printf_l                                0x00000000   Number         0  stubs.o ABSOLUTE
    _printf_lc                               0x00000000   Number         0  stubs.o ABSOLUTE
    _printf_ll                               0x00000000   Number         0  stubs.o ABSOLUTE
    _printf_lld                              0x00000000   Number         0  stubs.o ABSOLUTE
    _printf_lli                              0x00000000   Number         0  stubs.o ABSOLUTE
    _printf_llo                              0x00000000   Number         0  stubs.o ABSOLUTE
    _printf_llu                              0x00000000   Number         0  stubs.o ABSOLUTE
    _printf_llx                              0x00000000   Number         0  stubs.o ABSOLUTE
    _printf_longlong_dec                     0x00000000   Number         0  stubs.o ABSOLUTE
    _printf_longlong_hex                     0x00000000   Number         0  stubs.o ABSOLUTE
    _printf_longlong_oct                     0x00000000   Number         0  stubs.o ABSOLUTE
    _printf_ls                               0x00000000   Number         0  stubs.o ABSOLUTE
    _printf_mbtowc                           0x00000000   Number         0  stubs.o ABSOLUTE
    _printf_n                                0x00000000   Number         0  stubs.o ABSOLUTE
    _printf_o                                0x00000000   Number         0  stubs.o ABSOLUTE
    _printf_p                                0x00000000   Number         0  stubs.o ABSOLUTE
    _printf_percent                          0x00000000   Number         0  stubs.o ABSOLUTE
    _printf_pre_padding                      0x00000000   Number         0  stubs.o ABSOLUTE
    _printf_return_value                     0x00000000   Number         0  stubs.o ABSOLUTE
    _printf_s                                0x00000000   Number         0  stubs.o ABSOLUTE
    _printf_sizespec                         0x00000000   Number         0  stubs.o ABSOLUTE
    _printf_str                              0x00000000   Number         0  stubs.o ABSOLUTE
    _printf_truncate_signed                  0x00000000   Number         0  stubs.o ABSOLUTE
    _printf_truncate_unsigned                0x00000000   Number         0  stubs.o ABSOLUTE
    _printf_u                                0x00000000   Number         0  stubs.o ABSOLUTE
    _printf_wc                               0x00000000   Number         0  stubs.o ABSOLUTE
    _printf_wctomb                           0x00000000   Number         0  stubs.o ABSOLUTE
    _printf_widthprec                        0x00000000   Number         0  stubs.o ABSOLUTE
    _printf_x                                0x00000000   Number         0  stubs.o ABSOLUTE
    __decompress                              - Undefined Weak Reference
    _clock_init                               - Undefined Weak Reference
    __Vectors_Size                           0x000000c0   Number         0  startup_stm32f0xx.o ABSOLUTE
    __RL_RTX_VER                             0x00000460   Number         0  rt_system.o ABSOLUTE
    __Vectors                                0x08000000   Data           4  startup_stm32f0xx.o(RESET)
    __Vectors_End                            0x080000c0   Data           0  startup_stm32f0xx.o(RESET)
    __main                                   0x080000c1   Thumb Code     0  entry.o(.ARM.Collect$$$$00000000)
    _main_stk                                0x080000c1   Thumb Code     0  entry2.o(.ARM.Collect$$$$00000001)
    _main_scatterload                        0x080000c5   Thumb Code     0  entry5.o(.ARM.Collect$$$$00000004)
    __main_after_scatterload                 0x080000c9   Thumb Code     0  entry5.o(.ARM.Collect$$$$00000004)
    _main_clock                              0x080000c9   Thumb Code     0  entry7b.o(.ARM.Collect$$$$00000008)
    _main_init                               0x080000c9   Thumb Code     0  entry8.o(.ARM.Collect$$$$00000009)
    rt_set_PSP                               0x080000d5   Thumb Code     6  hal_cm1.o(.emb_text)
    rt_get_PSP                               0x080000db   Thumb Code     6  hal_cm1.o(.emb_text)
    os_set_env                               0x080000e1   Thumb Code    32  hal_cm1.o(.emb_text)
    _alloc_box                               0x08000105   Thumb Code    28  hal_cm1.o(.emb_text)
    _free_box                                0x08000125   Thumb Code    28  hal_cm1.o(.emb_text)
    SVC_Handler                              0x08000145   Thumb Code   152  hal_cm1.o(.emb_text)
    PendSV_Handler                           0x080001e9   Thumb Code    92  hal_cm1.o(.emb_text)
    SysTick_Handler                          0x08000249   Thumb Code     8  hal_cm1.o(.emb_text)
    OS_Tick_Handler                          0x08000251   Thumb Code    12  hal_cm1.o(.emb_text)
    delay                                    0x0800025d   Thumb Code    12  main.o(.text)
    keypad                                   0x08000269   Thumb Code   370  main.o(.text)
    init                                     0x080003db   Thumb Code    36  main.o(.text)
    keypad_init                              0x080003ff   Thumb Code   136  main.o(.text)
    dc_outputs_config                        0x08000487   Thumb Code    42  main.o(.text)
    EXTI0_Config                             0x080004b1   Thumb Code   120  main.o(.text)
    usb_outputs_config                       0x08000529   Thumb Code    42  main.o(.text)
    print_time_date                          0x08000553   Thumb Code    68  main.o(.text)
    setup_rtc                                0x08000597   Thumb Code    66  main.o(.text)
    main                                     0x080005d9   Thumb Code    64  main.o(.text)
    get_time_struct                          0x08000619   Thumb Code   252  main.o(.text)
    assert_failed                            0x08000715   Thumb Code    12  main.o(.text)
    fputc                                    0x0800074d   Thumb Code    12  retarget.o(.text)
    fgetc                                    0x08000759   Thumb Code     4  retarget.o(.text)
    ferror                                   0x0800075d   Thumb Code     6  retarget.o(.text)
    _ttywrch                                 0x08000763   Thumb Code    10  retarget.o(.text)
    _sys_exit                                0x0800076d   Thumb Code     2  retarget.o(.text)
    get_adc_voltage                          0x08000771   Thumb Code   158  adc.o(.text)
    adc_test                                 0x0800080f   Thumb Code   102  adc.o(.text)
    init_adc                                 0x08000875   Thumb Code   250  adc.o(.text)
    putchar                                  0x08000a0d   Thumb Code    32  serial.o(.text)
    begin_fcn                                0x08000a2d   Thumb Code    16  serial.o(.text)
    available_fcn                            0x08000a3d   Thumb Code     6  serial.o(.text)
    flush_fcn                                0x08000a43   Thumb Code    18  serial.o(.text)
    read_fcn                                 0x08000a55   Thumb Code    42  serial.o(.text)
    peek_fcn                                 0x08000a7f   Thumb Code    16  serial.o(.text)
    write_fcn                                0x08000a8f   Thumb Code     2  serial.o(.text)
    print_fcn                                0x08000a91   Thumb Code    20  serial.o(.text)
    println_fcn                              0x08000aa5   Thumb Code    20  serial.o(.text)
    USART1_IRQHandler                        0x08000ab9   Thumb Code    98  serial.o(.text)
    NMI_Handler                              0x08000bbd   Thumb Code     2  stm32f0xx_it.o(.text)
    HardFault_Handler                        0x08000bbf   Thumb Code     2  stm32f0xx_it.o(.text)
    EXTI0_1_IRQHandler                       0x08000bc1   Thumb Code    40  stm32f0xx_it.o(.text)
    EXTI4_15_IRQHandler                      0x08000be9   Thumb Code    54  stm32f0xx_it.o(.text)
    ADC_DeInit                               0x08000c2d   Thumb Code    28  stm32f0xx_adc.o(.text)
    ADC_Init                                 0x08000c49   Thumb Code    38  stm32f0xx_adc.o(.text)
    ADC_StructInit                           0x08000c6f   Thumb Code    16  stm32f0xx_adc.o(.text)
    ADC_Cmd                                  0x08000c7f   Thumb Code    18  stm32f0xx_adc.o(.text)
    ADC_JitterCmd                            0x08000c91   Thumb Code    16  stm32f0xx_adc.o(.text)
    ADC_AutoPowerOffCmd                      0x08000ca1   Thumb Code    20  stm32f0xx_adc.o(.text)
    ADC_WaitModeCmd                          0x08000cb5   Thumb Code    20  stm32f0xx_adc.o(.text)
    ADC_AnalogWatchdogCmd                    0x08000cc9   Thumb Code    20  stm32f0xx_adc.o(.text)
    ADC_AnalogWatchdogThresholdsConfig       0x08000cdd   Thumb Code     8  stm32f0xx_adc.o(.text)
    ADC_AnalogWatchdogSingleChannelConfig    0x08000ce5   Thumb Code    14  stm32f0xx_adc.o(.text)
    ADC_AnalogWatchdogSingleChannelCmd       0x08000cf3   Thumb Code    20  stm32f0xx_adc.o(.text)
    ADC_TempSensorCmd                        0x08000d07   Thumb Code    22  stm32f0xx_adc.o(.text)
    ADC_VrefintCmd                           0x08000d1d   Thumb Code    22  stm32f0xx_adc.o(.text)
    ADC_VbatCmd                              0x08000d33   Thumb Code    22  stm32f0xx_adc.o(.text)
    ADC_ChannelConfig                        0x08000d49   Thumb Code    10  stm32f0xx_adc.o(.text)
    ADC_ContinuousModeCmd                    0x08000d53   Thumb Code    20  stm32f0xx_adc.o(.text)
    ADC_DiscModeCmd                          0x08000d67   Thumb Code    20  stm32f0xx_adc.o(.text)
    ADC_OverrunModeCmd                       0x08000d7b   Thumb Code    20  stm32f0xx_adc.o(.text)
    ADC_GetCalibrationFactor                 0x08000d8f   Thumb Code    46  stm32f0xx_adc.o(.text)
    ADC_StopOfConversion                     0x08000dbd   Thumb Code    10  stm32f0xx_adc.o(.text)
    ADC_StartOfConversion                    0x08000dc7   Thumb Code    10  stm32f0xx_adc.o(.text)
    ADC_GetConversionValue                   0x08000dd1   Thumb Code     6  stm32f0xx_adc.o(.text)
    ADC_DMACmd                               0x08000dd7   Thumb Code    20  stm32f0xx_adc.o(.text)
    ADC_DMARequestModeConfig                 0x08000deb   Thumb Code    16  stm32f0xx_adc.o(.text)
    ADC_ITConfig                             0x08000dfb   Thumb Code    16  stm32f0xx_adc.o(.text)
    ADC_GetFlagStatus                        0x08000e0b   Thumb Code    28  stm32f0xx_adc.o(.text)
    ADC_ClearFlag                            0x08000e27   Thumb Code     4  stm32f0xx_adc.o(.text)
    ADC_GetITStatus                          0x08000e2b   Thumb Code    22  stm32f0xx_adc.o(.text)
    ADC_ClearITPendingBit                    0x08000e41   Thumb Code     4  stm32f0xx_adc.o(.text)
    DMA_DeInit                               0x08000e51   Thumb Code   100  stm32f0xx_dma.o(.text)
    DMA_Init                                 0x08000eb5   Thumb Code    56  stm32f0xx_dma.o(.text)
    DMA_StructInit                           0x08000eed   Thumb Code    26  stm32f0xx_dma.o(.text)
    DMA_Cmd                                  0x08000f07   Thumb Code    20  stm32f0xx_dma.o(.text)
    DMA_SetCurrDataCounter                   0x08000f1b   Thumb Code     4  stm32f0xx_dma.o(.text)
    DMA_GetCurrDataCounter                   0x08000f1f   Thumb Code     6  stm32f0xx_dma.o(.text)
    DMA_ITConfig                             0x08000f25   Thumb Code    16  stm32f0xx_dma.o(.text)
    DMA_GetFlagStatus                        0x08000f35   Thumb Code    18  stm32f0xx_dma.o(.text)
    DMA_ClearFlag                            0x08000f47   Thumb Code     8  stm32f0xx_dma.o(.text)
    DMA_GetITStatus                          0x08000f4f   Thumb Code    18  stm32f0xx_dma.o(.text)
    DMA_ClearITPendingBit                    0x08000f61   Thumb Code     8  stm32f0xx_dma.o(.text)
    EXTI_DeInit                              0x08000f75   Thumb Code    20  stm32f0xx_exti.o(.text)
    EXTI_Init                                0x08000f89   Thumb Code   102  stm32f0xx_exti.o(.text)
    EXTI_StructInit                          0x08000fef   Thumb Code    14  stm32f0xx_exti.o(.text)
    EXTI_GenerateSWInterrupt                 0x08000ffd   Thumb Code    10  stm32f0xx_exti.o(.text)
    EXTI_GetFlagStatus                       0x08001007   Thumb Code    16  stm32f0xx_exti.o(.text)
    EXTI_ClearFlag                           0x08001017   Thumb Code     6  stm32f0xx_exti.o(.text)
    EXTI_GetITStatus                         0x0800101d   Thumb Code    24  stm32f0xx_exti.o(.text)
    EXTI_ClearITPendingBit                   0x08001035   Thumb Code     6  stm32f0xx_exti.o(.text)
    GPIO_DeInit                              0x08001049   Thumb Code    78  stm32f0xx_gpio.o(.text)
    GPIO_Init                                0x08001097   Thumb Code   112  stm32f0xx_gpio.o(.text)
    GPIO_StructInit                          0x08001107   Thumb Code    18  stm32f0xx_gpio.o(.text)
    GPIO_PinLockConfig                       0x08001119   Thumb Code    18  stm32f0xx_gpio.o(.text)
    GPIO_ReadInputDataBit                    0x0800112b   Thumb Code    14  stm32f0xx_gpio.o(.text)
    GPIO_ReadInputData                       0x08001139   Thumb Code     4  stm32f0xx_gpio.o(.text)
    GPIO_ReadOutputDataBit                   0x0800113d   Thumb Code    14  stm32f0xx_gpio.o(.text)
    GPIO_ReadOutputData                      0x0800114b   Thumb Code     4  stm32f0xx_gpio.o(.text)
    GPIO_SetBits                             0x0800114f   Thumb Code     4  stm32f0xx_gpio.o(.text)
    GPIO_ResetBits                           0x08001153   Thumb Code     4  stm32f0xx_gpio.o(.text)
    GPIO_WriteBit                            0x08001157   Thumb Code    12  stm32f0xx_gpio.o(.text)
    GPIO_Write                               0x08001163   Thumb Code     4  stm32f0xx_gpio.o(.text)
    GPIO_PinAFConfig                         0x08001167   Thumb Code    32  stm32f0xx_gpio.o(.text)
    NVIC_Init                                0x0800119d   Thumb Code    70  stm32f0xx_misc.o(.text)
    NVIC_SystemLPConfig                      0x080011e3   Thumb Code    18  stm32f0xx_misc.o(.text)
    SysTick_CLKSourceConfig                  0x080011f5   Thumb Code    20  stm32f0xx_misc.o(.text)
    PWR_DeInit                               0x08001219   Thumb Code    22  stm32f0xx_pwr.o(.text)
    PWR_BackupAccessCmd                      0x0800122f   Thumb Code    20  stm32f0xx_pwr.o(.text)
    PWR_PVDLevelConfig                       0x08001243   Thumb Code    14  stm32f0xx_pwr.o(.text)
    PWR_PVDCmd                               0x08001251   Thumb Code    20  stm32f0xx_pwr.o(.text)
    PWR_WakeUpPinCmd                         0x08001265   Thumb Code    18  stm32f0xx_pwr.o(.text)
    PWR_EnterSleepMode                       0x08001277   Thumb Code    22  stm32f0xx_pwr.o(.text)
    PWR_EnterSTOPMode                        0x0800128d   Thumb Code    40  stm32f0xx_pwr.o(.text)
    PWR_EnterSTANDBYMode                     0x080012b5   Thumb Code    30  stm32f0xx_pwr.o(.text)
    PWR_GetFlagStatus                        0x080012d3   Thumb Code    16  stm32f0xx_pwr.o(.text)
    PWR_ClearFlag                            0x080012e3   Thumb Code    12  stm32f0xx_pwr.o(.text)
    RCC_DeInit                               0x080012f9   Thumb Code    78  stm32f0xx_rcc.o(.text)
    RCC_HSEConfig                            0x08001347   Thumb Code    10  stm32f0xx_rcc.o(.text)
    RCC_GetFlagStatus                        0x08001351   Thumb Code    48  stm32f0xx_rcc.o(.text)
    RCC_WaitForHSEStartUp                    0x08001381   Thumb Code    38  stm32f0xx_rcc.o(.text)
    RCC_AdjustHSICalibrationValue            0x080013a7   Thumb Code    16  stm32f0xx_rcc.o(.text)
    RCC_HSICmd                               0x080013b7   Thumb Code    22  stm32f0xx_rcc.o(.text)
    RCC_AdjustHSI14CalibrationValue          0x080013cd   Thumb Code    16  stm32f0xx_rcc.o(.text)
    RCC_HSI14Cmd                             0x080013dd   Thumb Code    22  stm32f0xx_rcc.o(.text)
    RCC_HSI14ADCRequestCmd                   0x080013f3   Thumb Code    20  stm32f0xx_rcc.o(.text)
    RCC_LSEConfig                            0x08001407   Thumb Code    26  stm32f0xx_rcc.o(.text)
    RCC_LSEDriveConfig                       0x08001421   Thumb Code    18  stm32f0xx_rcc.o(.text)
    RCC_LSICmd                               0x08001433   Thumb Code    22  stm32f0xx_rcc.o(.text)
    RCC_PLLConfig                            0x08001449   Thumb Code    24  stm32f0xx_rcc.o(.text)
    RCC_PLLCmd                               0x08001461   Thumb Code    22  stm32f0xx_rcc.o(.text)
    RCC_PREDIV1Config                        0x08001477   Thumb Code    14  stm32f0xx_rcc.o(.text)
    RCC_ClockSecuritySystemCmd               0x08001485   Thumb Code    22  stm32f0xx_rcc.o(.text)
    RCC_MCOConfig                            0x0800149b   Thumb Code     6  stm32f0xx_rcc.o(.text)
    RCC_SYSCLKConfig                         0x080014a1   Thumb Code    14  stm32f0xx_rcc.o(.text)
    RCC_GetSYSCLKSource                      0x080014af   Thumb Code    10  stm32f0xx_rcc.o(.text)
    RCC_HCLKConfig                           0x080014b9   Thumb Code    14  stm32f0xx_rcc.o(.text)
    RCC_PCLKConfig                           0x080014c7   Thumb Code    16  stm32f0xx_rcc.o(.text)
    RCC_ADCCLKConfig                         0x080014d7   Thumb Code    38  stm32f0xx_rcc.o(.text)
    RCC_CECCLKConfig                         0x080014fd   Thumb Code    18  stm32f0xx_rcc.o(.text)
    RCC_I2CCLKConfig                         0x0800150f   Thumb Code    18  stm32f0xx_rcc.o(.text)
    RCC_USARTCLKConfig                       0x08001521   Thumb Code    18  stm32f0xx_rcc.o(.text)
    RCC_GetClocksFreq                        0x08001533   Thumb Code   218  stm32f0xx_rcc.o(.text)
    RCC_RTCCLKConfig                         0x0800160d   Thumb Code    10  stm32f0xx_rcc.o(.text)
    RCC_RTCCLKCmd                            0x08001617   Thumb Code    20  stm32f0xx_rcc.o(.text)
    RCC_BackupResetCmd                       0x0800162b   Thumb Code    22  stm32f0xx_rcc.o(.text)
    RCC_AHBPeriphClockCmd                    0x08001641   Thumb Code    18  stm32f0xx_rcc.o(.text)
    RCC_APB2PeriphClockCmd                   0x08001653   Thumb Code    18  stm32f0xx_rcc.o(.text)
    RCC_APB1PeriphClockCmd                   0x08001665   Thumb Code    18  stm32f0xx_rcc.o(.text)
    RCC_AHBPeriphResetCmd                    0x08001677   Thumb Code    18  stm32f0xx_rcc.o(.text)
    RCC_APB2PeriphResetCmd                   0x08001689   Thumb Code    18  stm32f0xx_rcc.o(.text)
    RCC_APB1PeriphResetCmd                   0x0800169b   Thumb Code    18  stm32f0xx_rcc.o(.text)
    RCC_ITConfig                             0x080016ad   Thumb Code    18  stm32f0xx_rcc.o(.text)
    RCC_ClearFlag                            0x080016bf   Thumb Code    14  stm32f0xx_rcc.o(.text)
    RCC_GetITStatus                          0x080016cd   Thumb Code    48  stm32f0xx_rcc.o(.text)
    RCC_ClearITPendingBit                    0x080016fd   Thumb Code     6  stm32f0xx_rcc.o(.text)
    RTC_WaitForSynchro                       0x08001709   Thumb Code    68  stm32f0xx_rtc.o(.text)
    RTC_EnterInitMode                        0x0800174d   Thumb Code    48  stm32f0xx_rtc.o(.text)
    RTC_DeInit                               0x0800177d   Thumb Code    72  stm32f0xx_rtc.o(.text)
    RTC_ExitInitMode                         0x080017c5   Thumb Code    12  stm32f0xx_rtc.o(.text)
    RTC_Init                                 0x080017d1   Thumb Code    68  stm32f0xx_rtc.o(.text)
    RTC_StructInit                           0x08001815   Thumb Code    14  stm32f0xx_rtc.o(.text)
    RTC_WriteProtectionCmd                   0x08001823   Thumb Code    20  stm32f0xx_rtc.o(.text)
    RTC_RefClockCmd                          0x08001837   Thumb Code    54  stm32f0xx_rtc.o(.text)
    RTC_BypassShadowCmd                      0x0800186d   Thumb Code    34  stm32f0xx_rtc.o(.text)
    RTC_SetTime                              0x0800188f   Thumb Code   136  stm32f0xx_rtc.o(.text)
    RTC_TimeStructInit                       0x08001917   Thumb Code    12  stm32f0xx_rtc.o(.text)
    RTC_GetTime                              0x08001923   Thumb Code    68  stm32f0xx_rtc.o(.text)
    RTC_GetSubSecond                         0x08001967   Thumb Code     8  stm32f0xx_rtc.o(.text)
    RTC_SetDate                              0x0800196f   Thumb Code   138  stm32f0xx_rtc.o(.text)
    RTC_DateStructInit                       0x080019f9   Thumb Code    14  stm32f0xx_rtc.o(.text)
    RTC_GetDate                              0x08001a07   Thumb Code    64  stm32f0xx_rtc.o(.text)
    RTC_SetAlarm                             0x08001a47   Thumb Code   130  stm32f0xx_rtc.o(.text)
    RTC_AlarmStructInit                      0x08001ac9   Thumb Code    20  stm32f0xx_rtc.o(.text)
    RTC_GetAlarm                             0x08001add   Thumb Code   112  stm32f0xx_rtc.o(.text)
    RTC_AlarmCmd                             0x08001b4d   Thumb Code    68  stm32f0xx_rtc.o(.text)
    RTC_AlarmSubSecondConfig                 0x08001b91   Thumb Code    26  stm32f0xx_rtc.o(.text)
    RTC_GetAlarmSubSecond                    0x08001bab   Thumb Code    12  stm32f0xx_rtc.o(.text)
    RTC_DayLightSavingConfig                 0x08001bb7   Thumb Code    36  stm32f0xx_rtc.o(.text)
    RTC_GetStoreOperation                    0x08001bdb   Thumb Code    12  stm32f0xx_rtc.o(.text)
    RTC_OutputConfig                         0x08001be7   Thumb Code    36  stm32f0xx_rtc.o(.text)
    RTC_CalibOutputCmd                       0x08001c0b   Thumb Code    34  stm32f0xx_rtc.o(.text)
    RTC_CalibOutputConfig                    0x08001c2d   Thumb Code    32  stm32f0xx_rtc.o(.text)
    RTC_SmoothCalibConfig                    0x08001c4d   Thumb Code    60  stm32f0xx_rtc.o(.text)
    RTC_TimeStampCmd                         0x08001c89   Thumb Code    36  stm32f0xx_rtc.o(.text)
    RTC_GetTimeStamp                         0x08001cad   Thumb Code   124  stm32f0xx_rtc.o(.text)
    RTC_GetTimeStampSubSecond                0x08001d29   Thumb Code     6  stm32f0xx_rtc.o(.text)
    RTC_TamperTriggerConfig                  0x08001d2f   Thumb Code    22  stm32f0xx_rtc.o(.text)
    RTC_TamperCmd                            0x08001d45   Thumb Code    20  stm32f0xx_rtc.o(.text)
    RTC_TamperFilterConfig                   0x08001d59   Thumb Code    22  stm32f0xx_rtc.o(.text)
    RTC_TamperSamplingFreqConfig             0x08001d6f   Thumb Code    22  stm32f0xx_rtc.o(.text)
    RTC_TamperPinsPrechargeDuration          0x08001d85   Thumb Code    22  stm32f0xx_rtc.o(.text)
    RTC_TimeStampOnTamperDetectionCmd        0x08001d9b   Thumb Code    22  stm32f0xx_rtc.o(.text)
    RTC_TamperPullUpCmd                      0x08001db1   Thumb Code    22  stm32f0xx_rtc.o(.text)
    RTC_WriteBackupRegister                  0x08001dc7   Thumb Code    12  stm32f0xx_rtc.o(.text)
    RTC_ReadBackupRegister                   0x08001dd3   Thumb Code    12  stm32f0xx_rtc.o(.text)
    RTC_OutputTypeConfig                     0x08001ddf   Thumb Code    22  stm32f0xx_rtc.o(.text)
    RTC_SynchroShiftConfig                   0x08001df5   Thumb Code    72  stm32f0xx_rtc.o(.text)
    RTC_ITConfig                             0x08001e3d   Thumb Code    56  stm32f0xx_rtc.o(.text)
    RTC_GetFlagStatus                        0x08001e75   Thumb Code    20  stm32f0xx_rtc.o(.text)
    RTC_ClearFlag                            0x08001e89   Thumb Code    22  stm32f0xx_rtc.o(.text)
    RTC_GetITStatus                          0x08001e9f   Thumb Code    54  stm32f0xx_rtc.o(.text)
    RTC_ClearITPendingBit                    0x08001ed5   Thumb Code    22  stm32f0xx_rtc.o(.text)
    SYSCFG_DeInit                            0x08001f29   Thumb Code    30  stm32f0xx_syscfg.o(.text)
    SYSCFG_MemoryRemapConfig                 0x08001f47   Thumb Code    14  stm32f0xx_syscfg.o(.text)
    SYSCFG_DMAChannelRemapConfig             0x08001f55   Thumb Code    18  stm32f0xx_syscfg.o(.text)
    SYSCFG_I2CFastModePlusConfig             0x08001f67   Thumb Code    18  stm32f0xx_syscfg.o(.text)
    SYSCFG_EXTILineConfig                    0x08001f79   Thumb Code    34  stm32f0xx_syscfg.o(.text)
    SYSCFG_BreakConfig                       0x08001f9b   Thumb Code    10  stm32f0xx_syscfg.o(.text)
    SYSCFG_GetFlagStatus                     0x08001fa5   Thumb Code    14  stm32f0xx_syscfg.o(.text)
    SYSCFG_ClearFlag                         0x08001fb3   Thumb Code    10  stm32f0xx_syscfg.o(.text)
    USART_DeInit                             0x08001fc1   Thumb Code    54  stm32f0xx_usart.o(.text)
    USART_Init                               0x08001ff7   Thumb Code   166  stm32f0xx_usart.o(.text)
    USART_StructInit                         0x0800209d   Thumb Code    22  stm32f0xx_usart.o(.text)
    USART_ClockInit                          0x080020b3   Thumb Code    30  stm32f0xx_usart.o(.text)
    USART_ClockStructInit                    0x080020d1   Thumb Code    12  stm32f0xx_usart.o(.text)
    USART_Cmd                                0x080020dd   Thumb Code    20  stm32f0xx_usart.o(.text)
    USART_DirectionModeCmd                   0x080020f1   Thumb Code    16  stm32f0xx_usart.o(.text)
    USART_OverSampling8Cmd                   0x08002101   Thumb Code    20  stm32f0xx_usart.o(.text)
    USART_OneBitMethodCmd                    0x08002115   Thumb Code    20  stm32f0xx_usart.o(.text)
    USART_MSBFirstCmd                        0x08002129   Thumb Code    20  stm32f0xx_usart.o(.text)
    USART_DataInvCmd                         0x0800213d   Thumb Code    20  stm32f0xx_usart.o(.text)
    USART_InvPinCmd                          0x08002151   Thumb Code    16  stm32f0xx_usart.o(.text)
    USART_SWAPPinCmd                         0x08002161   Thumb Code    20  stm32f0xx_usart.o(.text)
    USART_ReceiverTimeOutCmd                 0x08002175   Thumb Code    20  stm32f0xx_usart.o(.text)
    USART_SetReceiverTimeOut                 0x08002189   Thumb Code    16  stm32f0xx_usart.o(.text)
    USART_SetPrescaler                       0x08002199   Thumb Code    16  stm32f0xx_usart.o(.text)
    USART_STOPModeCmd                        0x080021a9   Thumb Code    18  stm32f0xx_usart.o(.text)
    USART_StopModeWakeUpSourceConfig         0x080021bb   Thumb Code    18  stm32f0xx_usart.o(.text)
    USART_AutoBaudRateCmd                    0x080021cd   Thumb Code    20  stm32f0xx_usart.o(.text)
    USART_AutoBaudRateConfig                 0x080021e1   Thumb Code    18  stm32f0xx_usart.o(.text)
    USART_AutoBaudRateNewRequest             0x080021f3   Thumb Code    12  stm32f0xx_usart.o(.text)
    USART_SendData                           0x080021ff   Thumb Code     8  stm32f0xx_usart.o(.text)
    USART_ReceiveData                        0x08002207   Thumb Code     8  stm32f0xx_usart.o(.text)
    USART_SetAddress                         0x0800220f   Thumb Code    18  stm32f0xx_usart.o(.text)
    USART_MuteModeCmd                        0x08002221   Thumb Code    20  stm32f0xx_usart.o(.text)
    USART_MuteModeWakeUpConfig               0x08002235   Thumb Code    18  stm32f0xx_usart.o(.text)
    USART_AddressDetectionConfig             0x08002247   Thumb Code    16  stm32f0xx_usart.o(.text)
    USART_LINBreakDetectLengthConfig         0x08002257   Thumb Code    16  stm32f0xx_usart.o(.text)
    USART_LINCmd                             0x08002267   Thumb Code    20  stm32f0xx_usart.o(.text)
    USART_HalfDuplexCmd                      0x0800227b   Thumb Code    18  stm32f0xx_usart.o(.text)
    USART_SetGuardTime                       0x0800228d   Thumb Code    16  stm32f0xx_usart.o(.text)
    USART_SmartCardCmd                       0x0800229d   Thumb Code    18  stm32f0xx_usart.o(.text)
    USART_SmartCardNACKCmd                   0x080022af   Thumb Code    18  stm32f0xx_usart.o(.text)
    USART_SetAutoRetryCount                  0x080022c1   Thumb Code    20  stm32f0xx_usart.o(.text)
    USART_SetBlockLength                     0x080022d5   Thumb Code    18  stm32f0xx_usart.o(.text)
    USART_IrDAConfig                         0x080022e7   Thumb Code    16  stm32f0xx_usart.o(.text)
    USART_IrDACmd                            0x080022f7   Thumb Code    18  stm32f0xx_usart.o(.text)
    USART_DECmd                              0x08002309   Thumb Code    20  stm32f0xx_usart.o(.text)
    USART_DEPolarityConfig                   0x0800231d   Thumb Code    18  stm32f0xx_usart.o(.text)
    USART_SetDEAssertionTime                 0x0800232f   Thumb Code    20  stm32f0xx_usart.o(.text)
    USART_SetDEDeassertionTime               0x08002343   Thumb Code    20  stm32f0xx_usart.o(.text)
    USART_DMACmd                             0x08002357   Thumb Code    16  stm32f0xx_usart.o(.text)
    USART_DMAReceptionErrorConfig            0x08002367   Thumb Code    18  stm32f0xx_usart.o(.text)
    USART_ITConfig                           0x08002379   Thumb Code    56  stm32f0xx_usart.o(.text)
    USART_RequestCmd                         0x080023b1   Thumb Code    16  stm32f0xx_usart.o(.text)
    USART_OverrunDetectionConfig             0x080023c1   Thumb Code    18  stm32f0xx_usart.o(.text)
    USART_GetFlagStatus                      0x080023d3   Thumb Code    14  stm32f0xx_usart.o(.text)
    USART_ClearFlag                          0x080023e1   Thumb Code     4  stm32f0xx_usart.o(.text)
    USART_GetITStatus                        0x080023e5   Thumb Code    56  stm32f0xx_usart.o(.text)
    USART_ClearITPendingBit                  0x0800241d   Thumb Code    10  stm32f0xx_usart.o(.text)
    SystemInit                               0x08002429   Thumb Code    84  system_stm32f0xx.o(.text)
    SystemCoreClockUpdate                    0x0800247d   Thumb Code    94  system_stm32f0xx.o(.text)
    Reset_Handler                            0x08002549   Thumb Code     8  startup_stm32f0xx.o(.text)
    ADC1_COMP_IRQHandler                     0x0800255b   Thumb Code     0  startup_stm32f0xx.o(.text)
    CEC_IRQHandler                           0x0800255b   Thumb Code     0  startup_stm32f0xx.o(.text)
    DMA1_Channel1_IRQHandler                 0x0800255b   Thumb Code     0  startup_stm32f0xx.o(.text)
    DMA1_Channel2_3_IRQHandler               0x0800255b   Thumb Code     0  startup_stm32f0xx.o(.text)
    DMA1_Channel4_5_IRQHandler               0x0800255b   Thumb Code     0  startup_stm32f0xx.o(.text)
    EXTI2_3_IRQHandler                       0x0800255b   Thumb Code     0  startup_stm32f0xx.o(.text)
    FLASH_IRQHandler                         0x0800255b   Thumb Code     0  startup_stm32f0xx.o(.text)
    I2C1_IRQHandler                          0x0800255b   Thumb Code     0  startup_stm32f0xx.o(.text)
    I2C2_IRQHandler                          0x0800255b   Thumb Code     0  startup_stm32f0xx.o(.text)
    PVD_IRQHandler                           0x0800255b   Thumb Code     0  startup_stm32f0xx.o(.text)
    RCC_IRQHandler                           0x0800255b   Thumb Code     0  startup_stm32f0xx.o(.text)
    RTC_IRQHandler                           0x0800255b   Thumb Code     0  startup_stm32f0xx.o(.text)
    SPI1_IRQHandler                          0x0800255b   Thumb Code     0  startup_stm32f0xx.o(.text)
    SPI2_IRQHandler                          0x0800255b   Thumb Code     0  startup_stm32f0xx.o(.text)
    TIM14_IRQHandler                         0x0800255b   Thumb Code     0  startup_stm32f0xx.o(.text)
    TIM15_IRQHandler                         0x0800255b   Thumb Code     0  startup_stm32f0xx.o(.text)
    TIM16_IRQHandler                         0x0800255b   Thumb Code     0  startup_stm32f0xx.o(.text)
    TIM17_IRQHandler                         0x0800255b   Thumb Code     0  startup_stm32f0xx.o(.text)
    TIM1_BRK_UP_TRG_COM_IRQHandler           0x0800255b   Thumb Code     0  startup_stm32f0xx.o(.text)
    TIM1_CC_IRQHandler                       0x0800255b   Thumb Code     0  startup_stm32f0xx.o(.text)
    TIM2_IRQHandler                          0x0800255b   Thumb Code     0  startup_stm32f0xx.o(.text)
    TIM3_IRQHandler                          0x0800255b   Thumb Code     0  startup_stm32f0xx.o(.text)
    TIM6_DAC_IRQHandler                      0x0800255b   Thumb Code     0  startup_stm32f0xx.o(.text)
    TS_IRQHandler                            0x0800255b   Thumb Code     0  startup_stm32f0xx.o(.text)
    USART2_IRQHandler                        0x0800255b   Thumb Code     0  startup_stm32f0xx.o(.text)
    WWDG_IRQHandler                          0x0800255b   Thumb Code     0  startup_stm32f0xx.o(.text)
    os_idle_demon                            0x08002565   Thumb Code     2  rtx_conf_cm.o(.text)
    os_tmr_call                              0x08002567   Thumb Code     2  rtx_conf_cm.o(.text)
    os_error                                 0x08002569   Thumb Code    10  rtx_conf_cm.o(.text)
    __aeabi_uidiv                            0x08002585   Thumb Code     0  uidiv.o(.text)
    __aeabi_uidivmod                         0x08002585   Thumb Code    44  uidiv.o(.text)
    mktime                                   0x080025b1   Thumb Code   124  mktime.o(.text)
    __aeabi_memcpy                           0x0800263d   Thumb Code    36  memcpya.o(.text)
    __aeabi_memcpy4                          0x0800263d   Thumb Code     0  memcpya.o(.text)
    __aeabi_memcpy8                          0x0800263d   Thumb Code     0  memcpya.o(.text)
    __aeabi_fmul                             0x08002661   Thumb Code   122  fmul.o(.text)
    __aeabi_fdiv                             0x080026db   Thumb Code   128  fdiv.o(.text)
    __aeabi_dadd                             0x0800275d   Thumb Code   326  dadd.o(.text)
    __aeabi_dsub                             0x080028a3   Thumb Code    12  dadd.o(.text)
    __aeabi_drsub                            0x080028af   Thumb Code    12  dadd.o(.text)
    __aeabi_dmul                             0x080028c1   Thumb Code   202  dmul.o(.text)
    __aeabi_ddiv                             0x08002991   Thumb Code   234  ddiv.o(.text)
    __aeabi_ui2f                             0x08002a81   Thumb Code    14  ffltui.o(.text)
    __aeabi_f2d                              0x08002a8f   Thumb Code    40  f2d.o(.text)
    __aeabi_idiv                             0x08002ab7   Thumb Code     0  idiv.o(.text)
    __aeabi_idivmod                          0x08002ab7   Thumb Code    40  idiv.o(.text)
    __aeabi_uldivmod                         0x08002adf   Thumb Code    96  uldiv.o(.text)
    __aeabi_llsl                             0x08002b3f   Thumb Code    32  llshl.o(.text)
    _ll_shift_l                              0x08002b3f   Thumb Code     0  llshl.o(.text)
    __aeabi_llsr                             0x08002b5f   Thumb Code    34  llushr.o(.text)
    _ll_ushift_r                             0x08002b5f   Thumb Code     0  llushr.o(.text)
    __aeabi_lasr                             0x08002b81   Thumb Code    38  llsshr.o(.text)
    _ll_sshift_r                             0x08002b81   Thumb Code     0  llsshr.o(.text)
    _localtime                               0x08002ba9   Thumb Code   104  localtime_i.o(.text)
    __I$use$fp                               0x08002c1d   Thumb Code     0  iusefp.o(.text)
    _float_round                             0x08002c1d   Thumb Code    16  fepilogue.o(.text)
    _float_epilogue                          0x08002c2d   Thumb Code   116  fepilogue.o(.text)
    _double_round                            0x08002ca1   Thumb Code    26  depilogue.o(.text)
    _double_epilogue                         0x08002cbb   Thumb Code   166  depilogue.o(.text)
    __aeabi_d2ulz                            0x08002d61   Thumb Code    54  dfixul.o(.text)
    __aeabi_cdrcmple                         0x08002da1   Thumb Code    38  cdrcmple.o(.text)
    __scatterload                            0x08002dc9   Thumb Code    28  init.o(.text)
    __scatterload_rt2                        0x08002dc9   Thumb Code     0  init.o(.text)
    SVC_Count                                0x08002dec   Data           4  SVC_Table.o(SVC_TABLE)
    SVC_Table                                0x08002df0   Data           0  SVC_Table.o(SVC_TABLE)
    __0printf                                0x08002df1   Thumb Code    24  printfa.o(i.__0printf)
    __1printf                                0x08002df1   Thumb Code     0  printfa.o(i.__0printf)
    __2printf                                0x08002df1   Thumb Code     0  printfa.o(i.__0printf)
    __c89printf                              0x08002df1   Thumb Code     0  printfa.o(i.__0printf)
    printf                                   0x08002df1   Thumb Code     0  printfa.o(i.__0printf)
    __ARM_clz                                0x08002e11   Thumb Code    46  depilogue.o(i.__ARM_clz)
    __scatterload_copy                       0x08002e3f   Thumb Code    14  handlers.o(i.__scatterload_copy)
    __scatterload_null                       0x08002e4d   Thumb Code     2  handlers.o(i.__scatterload_null)
    __scatterload_zeroinit                   0x08002e4f   Thumb Code    14  handlers.o(i.__scatterload_zeroinit)
    _init_box                                0x08002fb5   Thumb Code    72  rt_membox.o(i._init_box)
    os_tick_init                             0x08003741   Thumb Code    32  rt_system.o(i.os_tick_init)
    os_tick_irqack                           0x0800376d   Thumb Code     2  rt_system.o(i.os_tick_irqack)
    rt_alloc_box                             0x0800376f   Thumb Code    30  rt_membox.o(i.rt_alloc_box)
    rt_block                                 0x0800378d   Thumb Code    42  rt_task.o(i.rt_block)
    rt_chk_robin                             0x080037c5   Thumb Code    56  rt_robin.o(i.rt_chk_robin)
    rt_dec_dly                               0x08003809   Thumb Code   112  rt_list.o(i.rt_dec_dly)
    rt_dispatch                              0x08003881   Thumb Code    56  rt_task.o(i.rt_dispatch)
    rt_dly_wait                              0x080038c1   Thumb Code    10  rt_time.o(i.rt_dly_wait)
    rt_evt_psh                               0x080038cd   Thumb Code    70  rt_event.o(i.rt_evt_psh)
    rt_free_box                              0x08003919   Thumb Code    38  rt_membox.o(i.rt_free_box)
    rt_get_first                             0x0800393f   Thumb Code    42  rt_list.o(i.rt_get_first)
    rt_init_robin                            0x080039ad   Thumb Code    14  rt_robin.o(i.rt_init_robin)
    rt_init_stack                            0x080039c5   Thumb Code    68  hal_cm1.o(i.rt_init_stack)
    rt_mbx_psh                               0x08003a11   Thumb Code   168  rt_mailbox.o(i.rt_mbx_psh)
    rt_pop_req                               0x08003abd   Thumb Code    98  rt_system.o(i.rt_pop_req)
    rt_put_dly                               0x08003b2d   Thumb Code    74  rt_list.o(i.rt_put_dly)
    rt_put_prio                              0x08003b7d   Thumb Code    60  rt_list.o(i.rt_put_prio)
    rt_put_rdy_first                         0x08003bb9   Thumb Code    14  rt_list.o(i.rt_put_rdy_first)
    rt_rmv_dly                               0x08003bcd   Thumb Code    42  rt_list.o(i.rt_rmv_dly)
    rt_rmv_list                              0x08003bf9   Thumb Code    46  rt_list.o(i.rt_rmv_list)
    rt_sem_psh                               0x08003c2d   Thumb Code    46  rt_semaphore.o(i.rt_sem_psh)
    rt_stk_check                             0x08003c61   Thumb Code    30  rt_system.o(i.rt_stk_check)
    rt_switch_req                            0x08003c89   Thumb Code    10  rt_task.o(i.rt_switch_req)
    rt_sys_init                              0x08003c99   Thumb Code   230  rt_task.o(i.rt_sys_init)
    rt_systick                               0x08003dd1   Thumb Code    46  rt_system.o(i.rt_systick)
    rt_tmr_tick                              0x08003e0d   Thumb Code    56  rt_timer.o(i.rt_tmr_tick)
    rt_tsk_create                            0x08003e4d   Thumb Code   108  rt_task.o(i.rt_tsk_create)
    rt_tsk_delete                            0x08003ec9   Thumb Code   134  rt_task.o(i.rt_tsk_delete)
    os_maxtaskrun                            0x08003f64   Data           2  rtx_conf_cm.o(.constdata)
    os_stackinfo                             0x08003f68   Data           4  rtx_conf_cm.o(.constdata)
    os_rrobin                                0x08003f6c   Data           4  rtx_conf_cm.o(.constdata)
    os_trv                                   0x08003f70   Data           4  rtx_conf_cm.o(.constdata)
    os_flags                                 0x08003f74   Data           1  rtx_conf_cm.o(.constdata)
    os_clockrate                             0x08003f78   Data           4  rtx_conf_cm.o(.constdata)
    os_timernum                              0x08003f7c   Data           4  rtx_conf_cm.o(.constdata)
    mp_tcb_size                              0x08003f80   Data           2  rtx_conf_cm.o(.constdata)
    mp_stk_size                              0x08003f84   Data           4  rtx_conf_cm.o(.constdata)
    os_fifo_size                             0x08003f88   Data           1  rtx_conf_cm.o(.constdata)
    mp_tmr_size                              0x08003f8a   Data           2  rtx_conf_cm.o(.constdata)
    Region$$Table$$Base                      0x08003fa4   Number         0  anon$$obj.o(Region$$Table)
    Region$$Table$$Limit                     0x08003fc4   Number         0  anon$$obj.o(Region$$Table)
    keypad_t                                 0x20000000   Data           4  main.o(.data)
    __stdout                                 0x20000004   Data           4  retarget.o(.data)
    RegularConvData_Tab                      0x20000008   Data           8  adc.o(.data)
    Serial                                   0x20000024   Data          36  serial.o(.data)
    SystemCoreClock                          0x20000058   Data           4  system_stm32f0xx.o(.data)
    AHBPrescTable                            0x2000005c   Data          16  system_stm32f0xx.o(.data)
    m_tmr                                    0x2000006c   Data           4  rtx_conf_cm.o(.data)
    os_tsk                                   0x20000070   Data           8  rt_task.o(.data)
    os_time                                  0x20000078   Data           4  rt_time.o(.data)
    os_tick_irqn                             0x20000080   Data           4  rt_system.o(.data)
    os_robin                                 0x20000084   Data           8  rt_robin.o(.data)
    os_tmr                                   0x2000008c   Data           8  rt_timer.o(.data)
    mp_tcb                                   0x200000d4   Data         156  rtx_conf_cm.o(.bss)
    mp_stk                                   0x20000170   Data        2064  rtx_conf_cm.o(.bss)
    os_fifo                                  0x20000980   Data         132  rtx_conf_cm.o(.bss)
    os_active_TCB                            0x20000a04   Data          12  rtx_conf_cm.o(.bss)
    os_idle_TCB                              0x20000a10   Data          48  rt_task.o(.bss)
    os_rdy                                   0x20000a40   Data          24  rt_list.o(.bss)
    os_dly                                   0x20000a58   Data          24  rt_list.o(.bss)
    __initial_sp                             0x20000e70   Data           0  startup_stm32f0xx.o(STACK)



==============================================================================

Memory Map of the image

  Image Entry point : 0x080000c1

  Load Region LR_IROM1 (Base: 0x08000000, Size: 0x00004058, Max: 0x00008000, ABSOLUTE)

    Execution Region ER_IROM1 (Base: 0x08000000, Size: 0x00003fc4, Max: 0x00008000, ABSOLUTE)

    Base Addr    Size         Type   Attr      Idx    E Section Name        Object

    0x08000000   0x000000c0   Data   RO          839    RESET               startup_stm32f0xx.o
    0x080000c0   0x00000000   Code   RO         1402  * .ARM.Collect$$$$00000000  mc_p.l(entry.o)
    0x080000c0   0x00000004   Code   RO         1701    .ARM.Collect$$$$00000001  mc_p.l(entry2.o)
    0x080000c4   0x00000004   Code   RO         1704    .ARM.Collect$$$$00000004  mc_p.l(entry5.o)
    0x080000c8   0x00000000   Code   RO         1706    .ARM.Collect$$$$00000008  mc_p.l(entry7b.o)
    0x080000c8   0x00000008   Code   RO         1707    .ARM.Collect$$$$00000009  mc_p.l(entry8.o)
    0x080000d0   0x00000004   Code   RO         1702    .ARM.Collect$$$$00002712  mc_p.l(entry2.o)
    0x080000d4   0x00000188   Code   RO         1012    .emb_text           RTX_CM1.LIB(hal_cm1.o)
    0x0800025c   0x000004f0   Code   RO            3    .text               main.o
    0x0800074c   0x00000022   Code   RO          149    .text               retarget.o
    0x0800076e   0x00000002   PAD
    0x08000770   0x0000029c   Code   RO          184    .text               adc.o
    0x08000a0c   0x000001b0   Code   RO          259    .text               serial.o
    0x08000bbc   0x00000070   Code   RO          338    .text               stm32f0xx_it.o
    0x08000c2c   0x00000224   Code   RO          388    .text               stm32f0xx_adc.o
    0x08000e50   0x00000124   Code   RO          508    .text               stm32f0xx_dma.o
    0x08000f74   0x000000d4   Code   RO          528    .text               stm32f0xx_exti.o
    0x08001048   0x00000154   Code   RO          569    .text               stm32f0xx_gpio.o
    0x0800119c   0x0000007c   Code   RO          629    .text               stm32f0xx_misc.o
    0x08001218   0x000000e0   Code   RO          649    .text               stm32f0xx_pwr.o
    0x080012f8   0x00000410   Code   RO          669    .text               stm32f0xx_rcc.o
    0x08001708   0x00000820   Code   RO          691    .text               stm32f0xx_rtc.o
    0x08001f28   0x00000098   Code   RO          732    .text               stm32f0xx_syscfg.o
    0x08001fc0   0x00000466   Code   RO          773    .text               stm32f0xx_usart.o
    0x08002426   0x00000002   PAD
    0x08002428   0x00000120   Code   RO          813    .text               system_stm32f0xx.o
    0x08002548   0x0000001c   Code   RO          840    .text               startup_stm32f0xx.o
    0x08002564   0x00000020   Code   RO          844    .text               rtx_conf_cm.o
    0x08002584   0x0000002c   Code   RO         1405    .text               mc_p.l(uidiv.o)
    0x080025b0   0x0000008c   Code   RO         1407    .text               mc_p.l(mktime.o)
    0x0800263c   0x00000024   Code   RO         1410    .text               mc_p.l(memcpya.o)
    0x08002660   0x0000007a   Code   RO         1677    .text               mf_p.l(fmul.o)
    0x080026da   0x00000080   Code   RO         1679    .text               mf_p.l(fdiv.o)
    0x0800275a   0x00000002   PAD
    0x0800275c   0x00000164   Code   RO         1681    .text               mf_p.l(dadd.o)
    0x080028c0   0x000000d0   Code   RO         1683    .text               mf_p.l(dmul.o)
    0x08002990   0x000000f0   Code   RO         1685    .text               mf_p.l(ddiv.o)
    0x08002a80   0x0000000e   Code   RO         1687    .text               mf_p.l(ffltui.o)
    0x08002a8e   0x00000028   Code   RO         1695    .text               mf_p.l(f2d.o)
    0x08002ab6   0x00000028   Code   RO         1708    .text               mc_p.l(idiv.o)
    0x08002ade   0x00000060   Code   RO         1710    .text               mc_p.l(uldiv.o)
    0x08002b3e   0x00000020   Code   RO         1712    .text               mc_p.l(llshl.o)
    0x08002b5e   0x00000022   Code   RO         1714    .text               mc_p.l(llushr.o)
    0x08002b80   0x00000026   Code   RO         1716    .text               mc_p.l(llsshr.o)
    0x08002ba6   0x00000002   PAD
    0x08002ba8   0x00000074   Code   RO         1721    .text               mc_p.l(localtime_i.o)
    0x08002c1c   0x00000000   Code   RO         1724    .text               mc_p.l(iusefp.o)
    0x08002c1c   0x00000084   Code   RO         1725    .text               mf_p.l(fepilogue.o)
    0x08002ca0   0x000000c0   Code   RO         1727    .text               mf_p.l(depilogue.o)
    0x08002d60   0x00000040   Code   RO         1731    .text               mf_p.l(dfixul.o)
    0x08002da0   0x00000028   Code   RO         1733    .text               mf_p.l(cdrcmple.o)
    0x08002dc8   0x00000024   Code   RO         1735    .text               mc_p.l(init.o)
    0x08002dec   0x00000004   Code   RO         1246    SVC_TABLE           RTX_CM1.LIB(SVC_Table.o)
    0x08002df0   0x00000020   Code   RO         1647    i.__0printf         mc_p.l(printfa.o)
    0x08002e10   0x0000002e   Code   RO         1729    i.__ARM_clz         mf_p.l(depilogue.o)
    0x08002e3e   0x0000000e   Code   RO         1739    i.__scatterload_copy  mc_p.l(handlers.o)
    0x08002e4c   0x00000002   Code   RO         1740    i.__scatterload_null  mc_p.l(handlers.o)
    0x08002e4e   0x0000000e   Code   RO         1741    i.__scatterload_zeroinit  mc_p.l(handlers.o)
    0x08002e5c   0x00000158   Code   RO         1654    i._fp_digits        mc_p.l(printfa.o)
    0x08002fb4   0x00000048   Code   RO         1217    i._init_box         RTX_CM1.LIB(rt_membox.o)
    0x08002ffc   0x000006f8   Code   RO         1655    i._printf_core      mc_p.l(printfa.o)
    0x080036f4   0x00000020   Code   RO         1656    i._printf_post_padding  mc_p.l(printfa.o)
    0x08003714   0x0000002c   Code   RO         1657    i._printf_pre_padding  mc_p.l(printfa.o)
    0x08003740   0x0000002c   Code   RO         1033    i.os_tick_init      RTX_CM1.LIB(rt_system.o)
    0x0800376c   0x00000002   Code   RO         1034    i.os_tick_irqack    RTX_CM1.LIB(rt_system.o)
    0x0800376e   0x0000001e   Code   RO         1218    i.rt_alloc_box      RTX_CM1.LIB(rt_membox.o)
    0x0800378c   0x00000038   Code   RO          876    i.rt_block          RTX_CM1.LIB(rt_task.o)
    0x080037c4   0x00000044   Code   RO         1195    i.rt_chk_robin      RTX_CM1.LIB(rt_robin.o)
    0x08003808   0x00000078   Code   RO         1116    i.rt_dec_dly        RTX_CM1.LIB(rt_list.o)
    0x08003880   0x00000040   Code   RO          877    i.rt_dispatch       RTX_CM1.LIB(rt_task.o)
    0x080038c0   0x0000000a   Code   RO          975    i.rt_dly_wait       RTX_CM1.LIB(rt_time.o)
    0x080038ca   0x00000002   PAD
    0x080038cc   0x0000004c   Code   RO         1252    i.rt_evt_psh        RTX_CM1.LIB(rt_event.o)
    0x08003918   0x00000026   Code   RO         1219    i.rt_free_box       RTX_CM1.LIB(rt_membox.o)
    0x0800393e   0x0000002a   Code   RO         1117    i.rt_get_first      RTX_CM1.LIB(rt_list.o)
    0x08003968   0x00000044   Code   RO          878    i.rt_init_context   RTX_CM1.LIB(rt_task.o)
    0x080039ac   0x00000018   Code   RO         1196    i.rt_init_robin     RTX_CM1.LIB(rt_robin.o)
    0x080039c4   0x0000004c   Code   RO         1013    i.rt_init_stack     RTX_CM1.LIB(hal_cm1.o)
    0x08003a10   0x000000ac   Code   RO         1295    i.rt_mbx_psh        RTX_CM1.LIB(rt_mailbox.o)
    0x08003abc   0x00000070   Code   RO         1035    i.rt_pop_req        RTX_CM1.LIB(rt_system.o)
    0x08003b2c   0x00000050   Code   RO         1120    i.rt_put_dly        RTX_CM1.LIB(rt_list.o)
    0x08003b7c   0x0000003c   Code   RO         1121    i.rt_put_prio       RTX_CM1.LIB(rt_list.o)
    0x08003bb8   0x00000014   Code   RO         1122    i.rt_put_rdy_first  RTX_CM1.LIB(rt_list.o)
    0x08003bcc   0x0000002a   Code   RO         1124    i.rt_rmv_dly        RTX_CM1.LIB(rt_list.o)
    0x08003bf6   0x00000002   PAD
    0x08003bf8   0x00000034   Code   RO         1125    i.rt_rmv_list       RTX_CM1.LIB(rt_list.o)
    0x08003c2c   0x00000034   Code   RO         1341    i.rt_sem_psh        RTX_CM1.LIB(rt_semaphore.o)
    0x08003c60   0x00000028   Code   RO         1038    i.rt_stk_check      RTX_CM1.LIB(rt_system.o)
    0x08003c88   0x00000010   Code   RO          879    i.rt_switch_req     RTX_CM1.LIB(rt_task.o)
    0x08003c98   0x00000138   Code   RO          880    i.rt_sys_init       RTX_CM1.LIB(rt_task.o)
    0x08003dd0   0x0000003c   Code   RO         1040    i.rt_systick        RTX_CM1.LIB(rt_system.o)
    0x08003e0c   0x00000040   Code   RO         1377    i.rt_tmr_tick       RTX_CM1.LIB(rt_timer.o)
    0x08003e4c   0x0000007c   Code   RO          881    i.rt_tsk_create     RTX_CM1.LIB(rt_task.o)
    0x08003ec8   0x0000009c   Code   RO          882    i.rt_tsk_delete     RTX_CM1.LIB(rt_task.o)
    0x08003f64   0x00000002   Data   RO          849    .constdata          rtx_conf_cm.o
    0x08003f66   0x00000002   PAD
    0x08003f68   0x00000004   Data   RO          850    .constdata          rtx_conf_cm.o
    0x08003f6c   0x00000004   Data   RO          851    .constdata          rtx_conf_cm.o
    0x08003f70   0x00000004   Data   RO          852    .constdata          rtx_conf_cm.o
    0x08003f74   0x00000001   Data   RO          853    .constdata          rtx_conf_cm.o
    0x08003f75   0x00000003   PAD
    0x08003f78   0x00000008   Data   RO          854    .constdata          rtx_conf_cm.o
    0x08003f80   0x00000002   Data   RO          855    .constdata          rtx_conf_cm.o
    0x08003f82   0x00000002   PAD
    0x08003f84   0x00000004   Data   RO          856    .constdata          rtx_conf_cm.o
    0x08003f88   0x00000001   Data   RO          857    .constdata          rtx_conf_cm.o
    0x08003f89   0x00000001   PAD
    0x08003f8a   0x00000002   Data   RO          858    .constdata          rtx_conf_cm.o
    0x08003f8c   0x0000000c   Data   RO         1408    .constdata          mc_p.l(mktime.o)
    0x08003f98   0x0000000c   Data   RO         1722    .constdata          mc_p.l(localtime_i.o)
    0x08003fa4   0x00000020   Data   RO         1737    Region$$Table       anon$$obj.o


    Execution Region RW_IRAM1 (Base: 0x20000000, Size: 0x00000e70, Max: 0x00001000, ABSOLUTE)

    Base Addr    Size         Type   Attr      Idx    E Section Name        Object

    0x20000000   0x00000004   Data   RW            9    .data               main.o
    0x20000004   0x00000004   Data   RW          150    .data               retarget.o
    0x20000008   0x00000008   Data   RW          185    .data               adc.o
    0x20000010   0x00000038   Data   RW          261    .data               serial.o
    0x20000048   0x00000010   Data   RW          670    .data               stm32f0xx_rcc.o
    0x20000058   0x00000014   Data   RW          814    .data               system_stm32f0xx.o
    0x2000006c   0x00000004   Data   RW          859    .data               rtx_conf_cm.o
    0x20000070   0x00000008   Data   RW          887    .data               RTX_CM1.LIB(rt_task.o)
    0x20000078   0x00000004   Data   RW          979    .data               RTX_CM1.LIB(rt_time.o)
    0x2000007c   0x00000008   Data   RW         1043    .data               RTX_CM1.LIB(rt_system.o)
    0x20000084   0x00000008   Data   RW         1197    .data               RTX_CM1.LIB(rt_robin.o)
    0x2000008c   0x00000008   Data   RW         1378    .data               RTX_CM1.LIB(rt_timer.o)
    0x20000094   0x00000040   Zero   RW          260    .bss                serial.o
    0x200000d4   0x0000009c   Zero   RW          845    .bss                rtx_conf_cm.o
    0x20000170   0x00000810   Zero   RW          846    .bss                rtx_conf_cm.o
    0x20000980   0x00000084   Zero   RW          847    .bss                rtx_conf_cm.o
    0x20000a04   0x0000000c   Zero   RW          848    .bss                rtx_conf_cm.o
    0x20000a10   0x00000030   Zero   RW          886    .bss                RTX_CM1.LIB(rt_task.o)
    0x20000a40   0x00000030   Zero   RW         1126    .bss                RTX_CM1.LIB(rt_list.o)
    0x20000a70   0x00000400   Zero   RW          837    STACK               startup_stm32f0xx.o


==============================================================================

Image component sizes


      Code (inc. data)   RO Data    RW Data    ZI Data      Debug   Object Name

       668        158          0          8          0       8362   adc.o
      1264        206          0          4          0     152004   main.o
        34          0          0          4          0       2676   retarget.o
        32         18         32          4       2364       1860   rtx_conf_cm.o
       432         22          0         56         64       3883   serial.o
        28          8        192          0       1024        640   startup_stm32f0xx.o
       548         12          0          0          0       5879   stm32f0xx_adc.o
       292         12          0          0          0       3174   stm32f0xx_dma.o
       212         14          0          0          0       2127   stm32f0xx_exti.o
       340         22          0          0          0       3253   stm32f0xx_gpio.o
       112         14          0          0          0        835   stm32f0xx_it.o
       124         16          0          0          0       1296   stm32f0xx_misc.o
       224         10          0          0          0       1954   stm32f0xx_pwr.o
      1040         38          0         16          0       7686   stm32f0xx_rcc.o
      2080         42          0          0          0      11854   stm32f0xx_rtc.o
       152          4          0          0          0       1806   stm32f0xx_syscfg.o
      1126         14          0          0          0      10091   stm32f0xx_usart.o
       288         30          0         20          0       1467   system_stm32f0xx.o

    ----------------------------------------------------------------------
      9000        640        264        112       3452     220847   Object Totals
         0          0         32          0          0          0   (incl. Generated)
         4          0          8          0          0          0   (incl. Padding)

    ----------------------------------------------------------------------

      Code (inc. data)   RO Data    RW Data    ZI Data      Debug   Library Member Name

         4          4          0          0          0        136   SVC_Table.o
       468         50          0          0          0       1300   hal_cm1.o
        76          6          0          0          0        509   rt_event.o
       416         26          0          0         48       3297   rt_list.o
       172          4          0          0          0        549   rt_mailbox.o
       140          0          0          0          0       1505   rt_membox.o
        92         22          0          8          0        906   rt_robin.o
        52          6          0          0          0        433   rt_semaphore.o
       258         50          0          8          0       2886   rt_system.o
       796        152          0          8         48       6034   rt_task.o
        10          0          0          4          0        524   rt_time.o
        64          8          0          8          0        575   rt_timer.o
         0          0          0          0          0          0   entry.o
         8          4          0          0          0          0   entry2.o
         4          0          0          0          0          0   entry5.o
         0          0          0          0          0          0   entry7b.o
         8          4          0          0          0          0   entry8.o
        30          0          0          0          0          0   handlers.o
        40          0          0          0          0         72   idiv.o
        36          8          0          0          0         68   init.o
         0          0          0          0          0          0   iusefp.o
        32          0          0          0          0         68   llshl.o
        38          0          0          0          0         68   llsshr.o
        34          0          0          0          0         68   llushr.o
       116         12         12          0          0         72   localtime_i.o
        36          0          0          0          0         60   memcpya.o
       140         16         12          0          0         72   mktime.o
      2236        102          0          0          0        408   printfa.o
        44          0          0          0          0         72   uidiv.o
        96          0          0          0          0         84   uldiv.o
        40          2          0          0          0         68   cdrcmple.o
       356          6          0          0          0        136   dadd.o
       240          6          0          0          0         80   ddiv.o
       238          0          0          0          0        212   depilogue.o
        64         10          0          0          0         68   dfixul.o
       208          6          0          0          0         84   dmul.o
        40          0          0          0          0         60   f2d.o
       128          0          0          0          0         72   fdiv.o
       132          0          0          0          0        144   fepilogue.o
        14          0          0          0          0         68   ffltui.o
       122          0          0          0          0         72   fmul.o

    ----------------------------------------------------------------------
      7036        504         24         36         96      20830   Library Totals
         8          0          0          0          0          0   (incl. Padding)

    ----------------------------------------------------------------------

      Code (inc. data)   RO Data    RW Data    ZI Data      Debug   Library Name

      2548        328          0         36         96      18654   RTX_CM1.LIB
      2898        146         24          0          0       1112   mc_p.l
      1582         30          0          0          0       1064   mf_p.l

    ----------------------------------------------------------------------
      7036        504         24         36         96      20830   Library Totals

    ----------------------------------------------------------------------

==============================================================================


      Code (inc. data)   RO Data    RW Data    ZI Data      Debug   

     16036       1144        288        148       3548     236857   Grand Totals
     16036       1144        288        148       3548     236857   ELF Image Totals
     16036       1144        288        148          0          0   ROM Totals

==============================================================================

    Total RO  Size (Code + RO Data)                16324 (  15.94kB)
    Total RW  Size (RW Data + ZI Data)              3696 (   3.61kB)
    Total ROM Size (Code + RO Data + RW Data)      16472 (  16.09kB)

==============================================================================

