ARM Linker, 5.02 [Build 28] [MDK-ARM Lite]

==============================================================================

Section Cross References

    main.o(.text) refers to printfa.o(i.__0printf) for __2printf
    main.o(.text) refers to hal_cm1.o(.emb_text) for os_set_env
    main.o(.text) refers to interrupted_charging.o(.bss) for interrupted_charging_stk
    main.o(.text) refers to interrupted_charging.o(.text) for interrupted_charging
    main.o(.text) refers to rt_task.o(i.rt_tsk_create) for rt_tsk_create
    main.o(.text) refers to interrupted_charging.o(.data) for interrupted_charging_t
    main.o(.text) refers to ui.o(.bss) for ui_stk
    main.o(.text) refers to ui.o(.text) for ui
    main.o(.text) refers to ui.o(.data) for ui_t
    main.o(.text) refers to payment_control.o(.bss) for payment_control_stk
    main.o(.text) refers to payment_control.o(.text) for payment_control
    main.o(.text) refers to payment_control.o(.data) for payment_control_t
    main.o(.text) refers to rt_task.o(i.rt_tsk_delete) for rt_tsk_delete
    main.o(.text) refers to serial.o(.data) for Serial
    main.o(.text) refers to rt_task.o(i.rt_sys_init) for rt_sys_init
    main.o(.text) refers to printfa.o(i.__0printf) for __2printf
    retarget.o(.text) refers to serial.o(.text) for write_fcn
    retarget.o(.text) refers to serial.o(.text) for write_fcn
    adc.o(.text) refers to fflti.o(.text) for __aeabi_i2f
    adc.o(.text) refers to fdiv.o(.text) for __aeabi_fdiv
    adc.o(.text) refers to stm32f0xx_dma.o(.text) for DMA_GetFlagStatus
    adc.o(.text) refers to printfa.o(i.__0printf) for __2printf
    adc.o(.text) refers to ffltui.o(.text) for __aeabi_ui2f
    adc.o(.text) refers to fmul.o(.text) for __aeabi_fmul
    adc.o(.text) refers to fadd.o(.text) for __aeabi_fsub
    adc.o(.text) refers to fscalb.o(.text) for __ARM_scalbnf
    adc.o(.text) refers to stm32f0xx_rcc.o(.text) for RCC_AHBPeriphClockCmd
    adc.o(.text) refers to stm32f0xx_gpio.o(.text) for GPIO_StructInit
    adc.o(.text) refers to stm32f0xx_adc.o(.text) for ADC_DeInit
    adc.o(.text) refers to adc.o(.data) for .data
    adc.o(.text) refers to adc.o(.bss) for .bss
    adc.o(.text) refers to pwm.o(.text) for init_pwm
    adc.o(.text) refers to adc.o(.text) for init_adc
    adc.o(.text) refers to f2d.o(.text) for __aeabi_f2d
    adc.o(.text) refers to fmul.o(.text) for __aeabi_fmul
    adc.o(.text) refers to printfa.o(i.__0printf) for __2printf
    adc.o(.text) refers to adc.o(.constdata) for .constdata
    adc.o(.text) refers to rt_time.o(i.rt_dly_wait) for rt_dly_wait
    adc.o(.text) refers to stm32f0xx_adc.o(.text) for ADC_ITConfig
    adc.o(.text) refers to stm32f0xx_adc.o(.text) for ADC_AnalogWatchdogSingleChannelConfig
    adc.o(.text) refers to stm32f0xx_adc.o(.text) for ADC_AnalogWatchdogThresholdsConfig
    adc.o(.text) refers to stm32f0xx_adc.o(.text) for ADC_AnalogWatchdogCmd
    adc.o(.text) refers to stm32f0xx_adc.o(.text) for ADC_AnalogWatchdogSingleChannelCmd
    adc.o(.text) refers to stm32f0xx_misc.o(.text) for NVIC_Init
    perturb_and_observe.o(.text) refers to adc.o(.text) for get_adc_voltage
    perturb_and_observe.o(.text) refers to fmul.o(.text) for __aeabi_fmul
    perturb_and_observe.o(.text) refers to fadd.o(.text) for __aeabi_fsub
    perturb_and_observe.o(.text) refers to cfcmple.o(.text) for __aeabi_cfcmple
    perturb_and_observe.o(.text) refers to pwm.o(.text) for set_duty_cycle
    perturb_and_observe.o(.text) refers to cfrcmple.o(.text) for __aeabi_cfrcmple
    perturb_and_observe.o(.text) refers to perturb_and_observe.o(.data) for .data
    perturb_and_observe.o(.text) refers to rt_time.o(i.rt_dly_wait) for rt_dly_wait
    perturb_and_observe.o(.text) refers to perturb_and_observe.o(.text) for perturb_and_observe_cc_itter
    perturb_and_observe.o(.text) refers to pwm.o(.text) for init_pwm
    perturb_and_observe.o(.text) refers to adc.o(.text) for init_adc
    perturb_and_observe.o(.text) refers to perturb_and_observe.o(.text) for perturb_and_observe_itter
    perturb_and_observe.o(.text) refers to rt_time.o(i.rt_dly_wait) for rt_dly_wait
    pwm.o(.text) refers to dflti.o(.text) for __aeabi_i2d
    pwm.o(.text) refers to f2d.o(.text) for __aeabi_f2d
    pwm.o(.text) refers to dadd.o(.text) for __aeabi_drsub
    pwm.o(.text) refers to dmul.o(.text) for __aeabi_dmul
    pwm.o(.text) refers to ddiv.o(.text) for __aeabi_ddiv
    pwm.o(.text) refers to dfixui.o(.text) for __aeabi_d2uiz
    pwm.o(.text) refers to stm32f0xx_tim.o(.text) for TIM_OC1Init
    pwm.o(.text) refers to stm32f0xx_rcc.o(.text) for RCC_AHBPeriphClockCmd
    pwm.o(.text) refers to stm32f0xx_gpio.o(.text) for GPIO_Init
    pwm.o(.text) refers to uidiv.o(.text) for __aeabi_uidivmod
    pwm.o(.text) refers to dfltui.o(.text) for __aeabi_ui2d
    pwm.o(.text) refers to pwm.o(.data) for .data
    pwm.o(.text) refers to pwm.o(.bss) for .bss
    pwm.o(.text) refers to system_stm32f0xx.o(.data) for SystemCoreClock
[...]
    Removing rt_mailbox.o(i.isr_mbx_send), (12 bytes).
    Removing rt_mailbox.o(i.rt_mbx_check), (8 bytes).
    Removing rt_mailbox.o(i.rt_mbx_init), (32 bytes).
    Removing rt_mailbox.o(i.rt_mbx_send), (156 bytes).
    Removing rt_mailbox.o(i.rt_mbx_wait), (176 bytes).
    Removing rt_semaphore.o(i.isr_sem_send), (14 bytes).
    Removing rt_semaphore.o(i.rt_sem_init), (12 bytes).
    Removing rt_semaphore.o(i.rt_sem_send), (60 bytes).
    Removing rt_semaphore.o(i.rt_sem_wait), (68 bytes).
    Removing d2f.o(.text), (56 bytes).

551 unused section(s) (total 15829 bytes) removed from the image.

==============================================================================

Image Symbol Table

    Local Symbols

    Symbol Name                              Value     Ov Type        Size  Object(Section)

    ../clib/microlib/division.c              0x00000000   Number         0  idiv.o ABSOLUTE
    ../clib/microlib/division.c              0x00000000   Number         0  uldiv.o ABSOLUTE
    ../clib/microlib/division.c              0x00000000   Number         0  uidiv.o ABSOLUTE
    ../clib/microlib/init/entry.s            0x00000000   Number         0  entry7a.o ABSOLUTE
    ../clib/microlib/init/entry.s            0x00000000   Number         0  entry2.o ABSOLUTE
    ../clib/microlib/init/entry.s            0x00000000   Number         0  entry7b.o ABSOLUTE
    ../clib/microlib/init/entry.s            0x00000000   Number         0  entry5.o ABSOLUTE
    ../clib/microlib/init/entry.s            0x00000000   Number         0  entry8.o ABSOLUTE
    ../clib/microlib/init/entry.s            0x00000000   Number         0  entry.o ABSOLUTE
    ../clib/microlib/longlong.c              0x00000000   Number         0  llshl.o ABSOLUTE
    ../clib/microlib/longlong.c              0x00000000   Number         0  llsshr.o ABSOLUTE
    ../clib/microlib/longlong.c              0x00000000   Number         0  llushr.o ABSOLUTE
    ../clib/microlib/longlong.c              0x00000000   Number         0  llmul.o ABSOLUTE
    ../clib/microlib/printf/printf.c         0x00000000   Number         0  printf8.o ABSOLUTE
    ../clib/microlib/printf/printf.c         0x00000000   Number         0  printf7.o ABSOLUTE
    ../clib/microlib/printf/printf.c         0x00000000   Number         0  printf1.o ABSOLUTE
    ../clib/microlib/printf/printf.c         0x00000000   Number         0  printf6.o ABSOLUTE
    ../clib/microlib/printf/printf.c         0x00000000   Number         0  printf5.o ABSOLUTE
    ../clib/microlib/printf/printf.c         0x00000000   Number         0  printf4.o ABSOLUTE
    ../clib/microlib/printf/printf.c         0x00000000   Number         0  printf3.o ABSOLUTE
    ../clib/microlib/printf/printf.c         0x00000000   Number         0  printf2.o ABSOLUTE
    ../clib/microlib/printf/printf.c         0x00000000   Number         0  printfa.o ABSOLUTE
    ../clib/microlib/printf/printf.c         0x00000000   Number         0  printf0.o ABSOLUTE
    ../clib/microlib/printf/printf.c         0x00000000   Number         0  printfb.o ABSOLUTE
    ../clib/microlib/printf/stubs.s          0x00000000   Number         0  stubs.o ABSOLUTE
    ../clib/microlib/string/memcpy.c         0x00000000   Number         0  memcpyb.o ABSOLUTE
    ../clib/microlib/string/memcpy.c         0x00000000   Number         0  memcpya.o ABSOLUTE
    ../clib/microlib/stubs.s                 0x00000000   Number         0  iusefp.o ABSOLUTE
    ../clib/microlib/stubs.s                 0x00000000   Number         0  useno.o ABSOLUTE
    ../clib/microlib/time/localtime.c        0x00000000   Number         0  localtime_w.o ABSOLUTE
    ../clib/microlib/time/localtime.c        0x00000000   Number         0  localtime_i.o ABSOLUTE
    ../clib/microlib/time/mktime.c           0x00000000   Number         0  mktime.o ABSOLUTE
    ../fplib/microlib/d2f.c                  0x00000000   Number         0  d2f.o ABSOLUTE
    ../fplib/microlib/f2d.c                  0x00000000   Number         0  f2d.o ABSOLUTE
    ../fplib/microlib/fpadd.c                0x00000000   Number         0  fadd.o ABSOLUTE
    ../fplib/microlib/fpadd.c                0x00000000   Number         0  dadd.o ABSOLUTE
    ../fplib/microlib/fpdiv.c                0x00000000   Number         0  ddiv.o ABSOLUTE
    ../fplib/microlib/fpdiv.c                0x00000000   Number         0  fdiv.o ABSOLUTE
    ../fplib/microlib/fpepilogue.c           0x00000000   Number         0  depilogue.o ABSOLUTE
    ../fplib/microlib/fpepilogue.c           0x00000000   Number         0  fepilogue.o ABSOLUTE
    ../fplib/microlib/fpfix.c                0x00000000   Number         0  ffixi.o ABSOLUTE
    ../fplib/microlib/fpfix.c                0x00000000   Number         0  dfixui.o ABSOLUTE
    ../fplib/microlib/fpfix.c                0x00000000   Number         0  dfixul.o ABSOLUTE
    ../fplib/microlib/fpflt.c                0x00000000   Number         0  ffltui.o ABSOLUTE
    ../fplib/microlib/fpflt.c                0x00000000   Number         0  dfltui.o ABSOLUTE
    ../fplib/microlib/fpflt.c                0x00000000   Number         0  fflti.o ABSOLUTE
    ../fplib/microlib/fpflt.c                0x00000000   Number         0  dflti.o ABSOLUTE
    ../fplib/microlib/fpmul.c                0x00000000   Number         0  fmul.o ABSOLUTE
    ../fplib/microlib/fpmul.c                0x00000000   Number         0  dmul.o ABSOLUTE
    ../fplib/microlib/fpscalb.c              0x00000000   Number         0  fscalb.o ABSOLUTE
    CMSIS\ST\STM32F0xx\Source\Templates\arm\startup_stm32f0xx.s 0x00000000   Number         0  startup_stm32f0xx.o ABSOLUTE
    EEPROMEmulation\\source\\eeprom.c        0x00000000   Number         0  eeprom.o ABSOLUTE
    EEPROMEmulation\source\eeprom.c          0x00000000   Number         0  eeprom.o ABSOLUTE
    RTX_Conf_CM.c                            0x00000000   Number         0  rtx_conf_cm.o ABSOLUTE
    RTX_Conf_CM.c                            0x00000000   Number         0  rtx_conf_cm.o ABSOLUTE
    Retarget.c                               0x00000000   Number         0  retarget.o ABSOLUTE
    Retarget.c                               0x00000000   Number         0  retarget.o ABSOLUTE
    SRC\CM\HAL_CM1.c                         0x00000000   Number         0  hal_cm1.o ABSOLUTE
    SRC\CM\SVC_Table.s                       0x00000000   Number         0  SVC_Table.o ABSOLUTE
    SRC\CM\rt_Event.c                        0x00000000   Number         0  rt_event.o ABSOLUTE
    SRC\CM\rt_List.c                         0x00000000   Number         0  rt_list.o ABSOLUTE
    SRC\CM\rt_Mailbox.c                      0x00000000   Number         0  rt_mailbox.o ABSOLUTE
    SRC\CM\rt_MemBox.c                       0x00000000   Number         0  rt_membox.o ABSOLUTE
    SRC\CM\rt_Robin.c                        0x00000000   Number         0  rt_robin.o ABSOLUTE
    SRC\CM\rt_Semaphore.c                    0x00000000   Number         0  rt_semaphore.o ABSOLUTE
    SRC\CM\rt_System.c                       0x00000000   Number         0  rt_system.o ABSOLUTE
    SRC\CM\rt_Task.c                         0x00000000   Number         0  rt_task.o ABSOLUTE
    SRC\CM\rt_Time.c                         0x00000000   Number         0  rt_time.o ABSOLUTE
    SRC\CM\rt_Timer.c                        0x00000000   Number         0  rt_timer.o ABSOLUTE
    SRC\\CM\\HAL_CM1.c                       0x00000000   Number         0  hal_cm1.o ABSOLUTE
    SRC\\CM\\rt_System.c                     0x00000000   Number         0  rt_system.o ABSOLUTE
    STM32F0xx_StdPeriph_Driver\\src\\stm32f0xx_adc.c 0x00000000   Number         0  stm32f0xx_adc.o ABSOLUTE
    STM32F0xx_StdPeriph_Driver\\src\\stm32f0xx_cec.c 0x00000000   Number         0  stm32f0xx_cec.o ABSOLUTE
    STM32F0xx_StdPeriph_Driver\\src\\stm32f0xx_comp.c 0x00000000   Number         0  stm32f0xx_comp.o ABSOLUTE
    STM32F0xx_StdPeriph_Driver\\src\\stm32f0xx_crc.c 0x00000000   Number         0  stm32f0xx_crc.o ABSOLUTE
    STM32F0xx_StdPeriph_Driver\\src\\stm32f0xx_dac.c 0x00000000   Number         0  stm32f0xx_dac.o ABSOLUTE
    STM32F0xx_StdPeriph_Driver\\src\\stm32f0xx_dbgmcu.c 0x00000000   Number         0  stm32f0xx_dbgmcu.o ABSOLUTE
    STM32F0xx_StdPeriph_Driver\\src\\stm32f0xx_dma.c 0x00000000   Number         0  stm32f0xx_dma.o ABSOLUTE
    STM32F0xx_StdPeriph_Driver\\src\\stm32f0xx_exti.c 0x00000000   Number         0  stm32f0xx_exti.o ABSOLUTE
    STM32F0xx_StdPeriph_Driver\\src\\stm32f0xx_flash.c 0x00000000   Number         0  stm32f0xx_flash.o ABSOLUTE
    STM32F0xx_StdPeriph_Driver\\src\\stm32f0xx_gpio.c 0x00000000   Number         0  stm32f0xx_gpio.o ABSOLUTE
    STM32F0xx_StdPeriph_Driver\\src\\stm32f0xx_i2c.c 0x00000000   Number         0  stm32f0xx_i2c.o ABSOLUTE
    STM32F0xx_StdPeriph_Driver\\src\\stm32f0xx_iwdg.c 0x00000000   Number         0  stm32f0xx_iwdg.o ABSOLUTE
    STM32F0xx_StdPeriph_Driver\\src\\stm32f0xx_misc.c 0x00000000   Number         0  stm32f0xx_misc.o ABSOLUTE
    STM32F0xx_StdPeriph_Driver\\src\\stm32f0xx_pwr.c 0x00000000   Number         0  stm32f0xx_pwr.o ABSOLUTE
    STM32F0xx_StdPeriph_Driver\\src\\stm32f0xx_rcc.c 0x00000000   Number         0  stm32f0xx_rcc.o ABSOLUTE
    STM32F0xx_StdPeriph_Driver\\src\\stm32f0xx_rtc.c 0x00000000   Number         0  stm32f0xx_rtc.o ABSOLUTE
    STM32F0xx_StdPeriph_Driver\\src\\stm32f0xx_spi.c 0x00000000   Number         0  stm32f0xx_spi.o ABSOLUTE
    STM32F0xx_StdPeriph_Driver\\src\\stm32f0xx_syscfg.c 0x00000000   Number         0  stm32f0xx_syscfg.o ABSOLUTE
    STM32F0xx_StdPeriph_Driver\\src\\stm32f0xx_tim.c 0x00000000   Number         0  stm32f0xx_tim.o ABSOLUTE
    STM32F0xx_StdPeriph_Driver\\src\\stm32f0xx_usart.c 0x00000000   Number         0  stm32f0xx_usart.o ABSOLUTE
    STM32F0xx_StdPeriph_Driver\\src\\stm32f0xx_wwdg.c 0x00000000   Number         0  stm32f0xx_wwdg.o ABSOLUTE
    STM32F0xx_StdPeriph_Driver\src\stm32f0xx_adc.c 0x00000000   Number         0  stm32f0xx_adc.o ABSOLUTE
    STM32F0xx_StdPeriph_Driver\src\stm32f0xx_cec.c 0x00000000   Number         0  stm32f0xx_cec.o ABSOLUTE
    STM32F0xx_StdPeriph_Driver\src\stm32f0xx_comp.c 0x00000000   Number         0  stm32f0xx_comp.o ABSOLUTE
    STM32F0xx_StdPeriph_Driver\src\stm32f0xx_crc.c 0x00000000   Number         0  stm32f0xx_crc.o ABSOLUTE
    STM32F0xx_StdPeriph_Driver\src\stm32f0xx_dac.c 0x00000000   Number         0  stm32f0xx_dac.o ABSOLUTE
    STM32F0xx_StdPeriph_Driver\src\stm32f0xx_dbgmcu.c 0x00000000   Number         0  stm32f0xx_dbgmcu.o ABSOLUTE
    STM32F0xx_StdPeriph_Driver\src\stm32f0xx_dma.c 0x00000000   Number         0  stm32f0xx_dma.o ABSOLUTE
    STM32F0xx_StdPeriph_Driver\src\stm32f0xx_exti.c 0x00000000   Number         0  stm32f0xx_exti.o ABSOLUTE
    STM32F0xx_StdPeriph_Driver\src\stm32f0xx_flash.c 0x00000000   Number         0  stm32f0xx_flash.o ABSOLUTE
    STM32F0xx_StdPeriph_Driver\src\stm32f0xx_gpio.c 0x00000000   Number         0  stm32f0xx_gpio.o ABSOLUTE
    STM32F0xx_StdPeriph_Driver\src\stm32f0xx_i2c.c 0x00000000   Number         0  stm32f0xx_i2c.o ABSOLUTE
    STM32F0xx_StdPeriph_Driver\src\stm32f0xx_iwdg.c 0x00000000   Number         0  stm32f0xx_iwdg.o ABSOLUTE
    STM32F0xx_StdPeriph_Driver\src\stm32f0xx_misc.c 0x00000000   Number         0  stm32f0xx_misc.o ABSOLUTE
    STM32F0xx_StdPeriph_Driver\src\stm32f0xx_pwr.c 0x00000000   Number         0  stm32f0xx_pwr.o ABSOLUTE
    STM32F0xx_StdPeriph_Driver\src\stm32f0xx_rcc.c 0x00000000   Number         0  stm32f0xx_rcc.o ABSOLUTE
    STM32F0xx_StdPeriph_Driver\src\stm32f0xx_rtc.c 0x00000000   Number         0  stm32f0xx_rtc.o ABSOLUTE
    STM32F0xx_StdPeriph_Driver\src\stm32f0xx_spi.c 0x00000000   Number         0  stm32f0xx_spi.o ABSOLUTE
    STM32F0xx_StdPeriph_Driver\src\stm32f0xx_syscfg.c 0x00000000   Number         0  stm32f0xx_syscfg.o ABSOLUTE
    STM32F0xx_StdPeriph_Driver\src\stm32f0xx_tim.c 0x00000000   Number         0  stm32f0xx_tim.o ABSOLUTE
    STM32F0xx_StdPeriph_Driver\src\stm32f0xx_usart.c 0x00000000   Number         0  stm32f0xx_usart.o ABSOLUTE
    STM32F0xx_StdPeriph_Driver\src\stm32f0xx_wwdg.c 0x00000000   Number         0  stm32f0xx_wwdg.o ABSOLUTE
    adc.c                                    0x00000000   Number         0  adc.o ABSOLUTE
    adc.c                                    0x00000000   Number         0  adc.o ABSOLUTE
    buzzer.c                                 0x00000000   Number         0  buzzer.o ABSOLUTE
    buzzer.c                                 0x00000000   Number         0  buzzer.o ABSOLUTE
    cdrcmple.s                               0x00000000   Number         0  cdrcmple.o ABSOLUTE
    cfcmple.s                                0x00000000   Number         0  cfcmple.o ABSOLUTE
    cfrcmple.s                               0x00000000   Number         0  cfrcmple.o ABSOLUTE
    dc.s                                     0x00000000   Number         0  dc.o ABSOLUTE
    handlers.s                               0x00000000   Number         0  handlers.o ABSOLUTE
    init.s                                   0x00000000   Number         0  init.o ABSOLUTE
    interrupted_charging.c                   0x00000000   Number         0  interrupted_charging.o ABSOLUTE
    interrupted_charging.c                   0x00000000   Number         0  interrupted_charging.o ABSOLUTE
    lcd_hd44780.c                            0x00000000   Number         0  lcd_hd44780.o ABSOLUTE
    lcd_hd44780.c                            0x00000000   Number         0  lcd_hd44780.o ABSOLUTE
    main.c                                   0x00000000   Number         0  main.o ABSOLUTE
    main.c                                   0x00000000   Number         0  main.o ABSOLUTE
    payment_control.c                        0x00000000   Number         0  payment_control.o ABSOLUTE
    payment_control.c                        0x00000000   Number         0  payment_control.o ABSOLUTE
    perturb_and_observe.c                    0x00000000   Number         0  perturb_and_observe.o ABSOLUTE
    perturb_and_observe.c                    0x00000000   Number         0  perturb_and_observe.o ABSOLUTE
    pwm.c                                    0x00000000   Number         0  pwm.o ABSOLUTE
    pwm.c                                    0x00000000   Number         0  pwm.o ABSOLUTE
    rtc.c                                    0x00000000   Number         0  rtc.o ABSOLUTE
    rtc.c                                    0x00000000   Number         0  rtc.o ABSOLUTE
    serial.c                                 0x00000000   Number         0  serial.o ABSOLUTE
    serial.c                                 0x00000000   Number         0  serial.o ABSOLUTE
    stm32f0xx_it.c                           0x00000000   Number         0  stm32f0xx_it.o ABSOLUTE
    stm32f0xx_it.c                           0x00000000   Number         0  stm32f0xx_it.o ABSOLUTE
    system_stm32f0xx.c                       0x00000000   Number         0  system_stm32f0xx.o ABSOLUTE
    system_stm32f0xx.c                       0x00000000   Number         0  system_stm32f0xx.o ABSOLUTE
    ui.c                                     0x00000000   Number         0  ui.o ABSOLUTE
    ui.c                                     0x00000000   Number         0  ui.o ABSOLUTE
    user_outputs.c                           0x00000000   Number         0  user_outputs.o ABSOLUTE
    user_outputs.c                           0x00000000   Number         0  user_outputs.o ABSOLUTE
    RESET                                    0x08000000   Section      192  startup_stm32f0xx.o(RESET)
    .ARM.Collect$$$$00000000                 0x080000c0   Section        0  entry.o(.ARM.Collect$$$$00000000)
    .ARM.Collect$$$$00000001                 0x080000c0   Section        4  entry2.o(.ARM.Collect$$$$00000001)
    .ARM.Collect$$$$00000004                 0x080000c4   Section        4  entry5.o(.ARM.Collect$$$$00000004)
    .ARM.Collect$$$$00000008                 0x080000c8   Section        0  entry7b.o(.ARM.Collect$$$$00000008)
    .ARM.Collect$$$$00000009                 0x080000c8   Section        8  entry8.o(.ARM.Collect$$$$00000009)
    .ARM.Collect$$$$00002712                 0x080000d0   Section        4  entry2.o(.ARM.Collect$$$$00002712)
    __lit__00000000                          0x080000d0   Data           4  entry2.o(.ARM.Collect$$$$00002712)
    .emb_text                                0x080000d4   Section      392  hal_cm1.o(.emb_text)
    .text                                    0x0800025c   Section        0  main.o(.text)
    .text                                    0x0800040c   Section        0  retarget.o(.text)
    .text                                    0x08000418   Section        0  adc.o(.text)
    .text                                    0x080006fc   Section        0  perturb_and_observe.o(.text)
    .text                                    0x08000824   Section        0  pwm.o(.text)
    .text                                    0x08000984   Section        0  serial.o(.text)
    NVIC_Configuration                       0x08000985   Thumb Code    24  serial.o(.text)
    GPIO_Configuration_USART1                0x0800099d   Thumb Code    76  serial.o(.text)
    UART1_Init                               0x080009e9   Thumb Code    62  serial.o(.text)
    .text                                    0x08000b48   Section        0  interrupted_charging.o(.text)
    .text                                    0x08001108   Section        0  lcd_hd44780.o(.text)
    .text                                    0x080015b4   Section        0  stm32f0xx_it.o(.text)
    .text                                    0x08001678   Section        0  ui.o(.text)
    .text                                    0x08001eb0   Section        0  user_outputs.o(.text)
    .text                                    0x08001f64   Section        0  payment_control.o(.text)
    .text                                    0x08001f98   Section        0  buzzer.o(.text)
    .text                                    0x08002014   Section        0  rtc.o(.text)
    .text                                    0x08002100   Section        0  stm32f0xx_adc.o(.text)
    .text                                    0x0800222c   Section        0  stm32f0xx_dma.o(.text)
    .text                                    0x08002318   Section        0  stm32f0xx_exti.o(.text)
    .text                                    0x080023b0   Section        0  stm32f0xx_gpio.o(.text)
    .text                                    0x0800246c   Section        0  stm32f0xx_misc.o(.text)
    .text                                    0x080024bc   Section        0  stm32f0xx_pwr.o(.text)
    .text                                    0x080024f0   Section        0  stm32f0xx_rcc.o(.text)
    .text                                    0x080026c8   Section        0  stm32f0xx_rtc.o(.text)
    RTC_Bcd2ToByte                           0x08002795   Thumb Code    16  stm32f0xx_rtc.o(.text)
    .text                                    0x08002850   Section        0  stm32f0xx_syscfg.o(.text)
    .text                                    0x08002878   Section        0  stm32f0xx_tim.o(.text)
    .text                                    0x08002994   Section        0  stm32f0xx_usart.o(.text)
    .text                                    0x08002afc   Section        0  system_stm32f0xx.o(.text)
    SetSysClock                              0x08002afd   Thumb Code    80  system_stm32f0xx.o(.text)
    .text                                    0x08002bac   Section       28  startup_stm32f0xx.o(.text)
    .text                                    0x08002bc8   Section        0  rtx_conf_cm.o(.text)
    .text                                    0x08002c54   Section        0  uidiv.o(.text)
    .text                                    0x08002c80   Section        0  uldiv.o(.text)
    .text                                    0x08002ce0   Section        0  llmul.o(.text)
    .text                                    0x08002d5a   Section        0  fadd.o(.text)
    .text                                    0x08002e0c   Section        0  fmul.o(.text)
    .text                                    0x08002e86   Section        0  fdiv.o(.text)
    .text                                    0x08002f06   Section        0  fscalb.o(.text)
    .text                                    0x08002f20   Section        0  dadd.o(.text)
    .text                                    0x08003084   Section        0  dmul.o(.text)
    .text                                    0x08003154   Section        0  ddiv.o(.text)
    .text                                    0x08003244   Section        0  fflti.o(.text)
    .text                                    0x0800325a   Section        0  ffltui.o(.text)
    .text                                    0x08003268   Section        0  dflti.o(.text)
    .text                                    0x08003290   Section        0  dfltui.o(.text)
    .text                                    0x080032ac   Section        0  ffixi.o(.text)
    .text                                    0x080032e0   Section        0  dfixui.o(.text)
    .text                                    0x0800331c   Section        0  f2d.o(.text)
    .text                                    0x08003344   Section       20  cfcmple.o(.text)
    .text                                    0x08003358   Section       20  cfrcmple.o(.text)
    .text                                    0x0800336c   Section        0  llshl.o(.text)
    .text                                    0x0800338c   Section        0  llushr.o(.text)
    .text                                    0x080033ae   Section        0  llsshr.o(.text)
    .text                                    0x080033d4   Section        0  iusefp.o(.text)
    .text                                    0x080033d4   Section        0  fepilogue.o(.text)
    .text                                    0x08003458   Section        0  depilogue.o(.text)
    .text                                    0x08003518   Section        0  dfixul.o(.text)
    .text                                    0x08003558   Section       40  cdrcmple.o(.text)
    .text                                    0x08003580   Section       36  init.o(.text)
    SVC_TABLE                                0x080035a4   Section        4  SVC_Table.o(SVC_TABLE)
    i.__0printf                              0x080035a8   Section        0  printfa.o(i.__0printf)
    i.__ARM_clz                              0x080035c8   Section        0  depilogue.o(i.__ARM_clz)
    i.__ARM_common_switch8                   0x080035f6   Section        0  interrupted_charging.o(i.__ARM_common_switch8)
    i.__scatterload_copy                     0x08003610   Section       14  handlers.o(i.__scatterload_copy)
    i.__scatterload_null                     0x0800361e   Section        2  handlers.o(i.__scatterload_null)
    i.__scatterload_zeroinit                 0x08003620   Section       14  handlers.o(i.__scatterload_zeroinit)
    i._fp_digits                             0x08003630   Section        0  printfa.o(i._fp_digits)
    _fp_digits                               0x08003631   Thumb Code   314  printfa.o(i._fp_digits)
    i._init_box                              0x08003788   Section        0  rt_membox.o(i._init_box)
    i._printf_core                           0x080037d0   Section        0  printfa.o(i._printf_core)
    _printf_core                             0x080037d1   Thumb Code  1766  printfa.o(i._printf_core)
    i._printf_post_padding                   0x08003ec8   Section        0  printfa.o(i._printf_post_padding)
    _printf_post_padding                     0x08003ec9   Thumb Code    32  printfa.o(i._printf_post_padding)
    i._printf_pre_padding                    0x08003ee8   Section        0  printfa.o(i._printf_pre_padding)
    _printf_pre_padding                      0x08003ee9   Thumb Code    44  printfa.o(i._printf_pre_padding)
    i.isr_evt_set                            0x08003f14   Section        0  rt_event.o(i.isr_evt_set)
    i.os_tick_init                           0x08003f38   Section        0  rt_system.o(i.os_tick_init)
    i.os_tick_irqack                         0x08003f64   Section        0  rt_system.o(i.os_tick_irqack)
    i.rt_alloc_box                           0x08003f66   Section        0  rt_membox.o(i.rt_alloc_box)
    i.rt_block                               0x08003f84   Section        0  rt_task.o(i.rt_block)
    i.rt_chk_robin                           0x08003fbc   Section        0  rt_robin.o(i.rt_chk_robin)
    i.rt_dec_dly                             0x08004000   Section        0  rt_list.o(i.rt_dec_dly)
    i.rt_dispatch                            0x08004078   Section        0  rt_task.o(i.rt_dispatch)
    i.rt_dly_wait                            0x080040b8   Section        0  rt_time.o(i.rt_dly_wait)
    i.rt_evt_clr                             0x080040c4   Section        0  rt_event.o(i.rt_evt_clr)
    i.rt_evt_get                             0x080040e0   Section        0  rt_event.o(i.rt_evt_get)
    i.rt_evt_psh                             0x080040ec   Section        0  rt_event.o(i.rt_evt_psh)
    i.rt_evt_set                             0x08004138   Section        0  rt_event.o(i.rt_evt_set)
    i.rt_evt_wait                            0x08004194   Section        0  rt_event.o(i.rt_evt_wait)
    i.rt_free_box                            0x080041d4   Section        0  rt_membox.o(i.rt_free_box)
    i.rt_get_first                           0x080041fa   Section        0  rt_list.o(i.rt_get_first)
    i.rt_init_context                        0x08004224   Section        0  rt_task.o(i.rt_init_context)
    rt_init_context                          0x08004225   Thumb Code    64  rt_task.o(i.rt_init_context)
    i.rt_init_robin                          0x08004268   Section        0  rt_robin.o(i.rt_init_robin)
    i.rt_init_stack                          0x08004280   Section        0  hal_cm1.o(i.rt_init_stack)
    i.rt_mbx_psh                             0x080042cc   Section        0  rt_mailbox.o(i.rt_mbx_psh)
    i.rt_pop_req                             0x08004378   Section        0  rt_system.o(i.rt_pop_req)
    i.rt_psh_req                             0x080043e8   Section        0  rt_system.o(i.rt_psh_req)
    i.rt_psq_enq                             0x08004408   Section        0  rt_list.o(i.rt_psq_enq)
    i.rt_put_dly                             0x08004448   Section        0  rt_list.o(i.rt_put_dly)
    i.rt_put_prio                            0x08004498   Section        0  rt_list.o(i.rt_put_prio)
    i.rt_put_rdy_first                       0x080044d4   Section        0  rt_list.o(i.rt_put_rdy_first)
    i.rt_rmv_dly                             0x080044e8   Section        0  rt_list.o(i.rt_rmv_dly)
    i.rt_rmv_list                            0x08004514   Section        0  rt_list.o(i.rt_rmv_list)
    i.rt_sem_psh                             0x08004548   Section        0  rt_semaphore.o(i.rt_sem_psh)
    i.rt_stk_check                           0x0800457c   Section        0  rt_system.o(i.rt_stk_check)
    i.rt_switch_req                          0x080045a4   Section        0  rt_task.o(i.rt_switch_req)
    i.rt_sys_init                            0x080045b4   Section        0  rt_task.o(i.rt_sys_init)
    i.rt_systick                             0x080046ec   Section        0  rt_system.o(i.rt_systick)
    i.rt_time_get                            0x08004728   Section        0  rt_time.o(i.rt_time_get)
    i.rt_tmr_create                          0x08004734   Section        0  rt_timer.o(i.rt_tmr_create)
    i.rt_tmr_kill                            0x08004784   Section        0  rt_timer.o(i.rt_tmr_kill)
    i.rt_tmr_tick                            0x080047b8   Section        0  rt_timer.o(i.rt_tmr_tick)
    i.rt_tsk_create                          0x080047f8   Section        0  rt_task.o(i.rt_tsk_create)
    i.rt_tsk_delete                          0x08004874   Section        0  rt_task.o(i.rt_tsk_delete)
    .constdata                               0x08004910   Section      197  interrupted_charging.o(.constdata)
    .constdata                               0x080049d6   Section        2  rtx_conf_cm.o(.constdata)
    .constdata                               0x080049d8   Section        4  rtx_conf_cm.o(.constdata)
    .constdata                               0x080049dc   Section        4  rtx_conf_cm.o(.constdata)
    .constdata                               0x080049e0   Section        4  rtx_conf_cm.o(.constdata)
    .constdata                               0x080049e4   Section        1  rtx_conf_cm.o(.constdata)
    .constdata                               0x080049e8   Section        8  rtx_conf_cm.o(.constdata)
    __tagsym$$used                           0x080049e8   Number         0  rtx_conf_cm.o(.constdata)
    __tagsym$$used                           0x080049ec   Number         0  rtx_conf_cm.o(.constdata)
    .constdata                               0x080049f0   Section        2  rtx_conf_cm.o(.constdata)
    .constdata                               0x080049f4   Section        4  rtx_conf_cm.o(.constdata)
    .constdata                               0x080049f8   Section        1  rtx_conf_cm.o(.constdata)
    .constdata                               0x080049fa   Section        2  rtx_conf_cm.o(.constdata)
    .data                                    0x20000000   Section        4  retarget.o(.data)
    .data                                    0x20000004   Section        4  adc.o(.data)
    .data                                    0x20000008   Section       12  perturb_and_observe.o(.data)
    p_panel_delay                            0x2000000c   Data           4  perturb_and_observe.o(.data)
    v_panel_delay                            0x20000010   Data           4  perturb_and_observe.o(.data)
    .data                                    0x20000014   Section        2  pwm.o(.data)
    .data                                    0x20000018   Section       56  serial.o(.data)
    rcv_buff_full                            0x20000018   Data           1  serial.o(.data)
    nb_rcv_buff_char                         0x2000001a   Data           2  serial.o(.data)
    rcv_buff_overload                        0x2000001c   Data           2  serial.o(.data)
    pt_rcv_read                              0x20000020   Data           4  serial.o(.data)
    pt_rcv_write                             0x20000024   Data           4  serial.o(.data)
    USARTx                                   0x20000028   Data           4  serial.o(.data)
    .data                                    0x20000050   Section       36  interrupted_charging.o(.data)
    .data                                    0x20000074   Section        4  interrupted_charging.o(.data)
    .data                                    0x20000078   Section        4  lcd_hd44780.o(.data)
    .data                                    0x2000007c   Section       12  ui.o(.data)
    .data                                    0x20000088   Section        4  payment_control.o(.data)
    .data                                    0x2000008c   Section       16  stm32f0xx_rcc.o(.data)
    APBAHBPrescTable                         0x2000008c   Data          16  stm32f0xx_rcc.o(.data)
    .data                                    0x2000009c   Section       20  system_stm32f0xx.o(.data)
    .data                                    0x200000b0   Section        4  rtx_conf_cm.o(.data)
    .data                                    0x200000b4   Section        8  rt_task.o(.data)
    .data                                    0x200000bc   Section        4  rt_time.o(.data)
    .data                                    0x200000c0   Section        8  rt_timer.o(.data)
    .data                                    0x200000c8   Section        8  rt_system.o(.data)
    os_lock                                  0x200000c8   Data           1  rt_system.o(.data)
    os_psh_flag                              0x200000c9   Data           1  rt_system.o(.data)
    pend_flags                               0x200000ca   Data           1  rt_system.o(.data)
    .data                                    0x200000d0   Section        8  rt_robin.o(.data)
    .bss                                     0x200000d8   Section      160  adc.o(.bss)
    .bss                                     0x20000178   Section       32  pwm.o(.bss)
    .bss                                     0x20000198   Section       64  serial.o(.bss)
    rcv_buff                                 0x20000198   Data          64  serial.o(.bss)
    .bss                                     0x200001d8   Section      640  interrupted_charging.o(.bss)
    .bss                                     0x20000458   Section       10  ui.o(.bss)
    .bss                                     0x20000468   Section      400  ui.o(.bss)
    .bss                                     0x200005f8   Section      320  payment_control.o(.bss)
    .bss                                     0x20000738   Section      204  rtx_conf_cm.o(.bss)
    .bss                                     0x20000808   Section      656  rtx_conf_cm.o(.bss)
    .bss                                     0x20000a98   Section      132  rtx_conf_cm.o(.bss)
    .bss                                     0x20000b1c   Section       16  rtx_conf_cm.o(.bss)
    .bss                                     0x20000b2c   Section       20  rtx_conf_cm.o(.bss)
    .bss                                     0x20000b40   Section       48  rt_task.o(.bss)
    .bss                                     0x20000b70   Section       48  rt_list.o(.bss)
    STACK                                    0x20000ba0   Section     1024  startup_stm32f0xx.o(STACK)

    Global Symbols

    Symbol Name                              Value     Ov Type        Size  Object(Section)

    BuildAttributes$$THM_ISAv3M$S$PE$A:L22$X:L11$S22$IEEE1$IW$USESV6$~STKCKD$USESV7$~SHL$OTIME$ROPI$EBA8$MICROLIB$REQ8$PRES8$EABIv2 0x00000000   Number         0  anon$$obj.o ABSOLUTE
    __ARM_use_no_argv                        0x00000000   Number         0  main.o ABSOLUTE
    __use_no_errno                           0x00000000   Number         0  useno.o ABSOLUTE
    __use_no_exception_handling              0x00000000   Number         0  useno.o ABSOLUTE
    __use_no_fp                              0x00000000   Number         0  useno.o ABSOLUTE
    __use_no_heap                            0x00000000   Number         0  useno.o ABSOLUTE
    __use_no_heap_region                     0x00000000   Number         0  useno.o ABSOLUTE
    __use_no_semihosting                     0x00000000   Number         0  useno.o ABSOLUTE
    __use_no_semihosting_swi                 0x00000000   Number         0  useno.o ABSOLUTE
    __use_no_signal_handling                 0x00000000   Number         0  useno.o ABSOLUTE
    _printf_a                                0x00000000   Number         0  stubs.o ABSOLUTE
    _printf_c                                0x00000000   Number         0  stubs.o ABSOLUTE
    _printf_charcount                        0x00000000   Number         0  stubs.o ABSOLUTE
    _printf_d                                0x00000000   Number         0  stubs.o ABSOLUTE
    _printf_e                                0x00000000   Number         0  stubs.o ABSOLUTE
    _printf_f                                0x00000000   Number         0  stubs.o ABSOLUTE
    _printf_flags                            0x00000000   Number         0  stubs.o ABSOLUTE
    _printf_fp_dec                           0x00000000   Number         0  stubs.o ABSOLUTE
    _printf_fp_hex                           0x00000000   Number         0  stubs.o ABSOLUTE
    _printf_g                                0x00000000   Number         0  stubs.o ABSOLUTE
    _printf_i                                0x00000000   Number         0  stubs.o ABSOLUTE
    _printf_int_dec                          0x00000000   Number         0  stubs.o ABSOLUTE
    _printf_l                                0x00000000   Number         0  stubs.o ABSOLUTE
    _printf_lc                               0x00000000   Number         0  stubs.o ABSOLUTE
    _printf_ll                               0x00000000   Number         0  stubs.o ABSOLUTE
    _printf_lld                              0x00000000   Number         0  stubs.o ABSOLUTE
    _printf_lli                              0x00000000   Number         0  stubs.o ABSOLUTE
    _printf_llo                              0x00000000   Number         0  stubs.o ABSOLUTE
    _printf_llu                              0x00000000   Number         0  stubs.o ABSOLUTE
    _printf_llx                              0x00000000   Number         0  stubs.o ABSOLUTE
    _printf_longlong_dec                     0x00000000   Number         0  stubs.o ABSOLUTE
    _printf_longlong_hex                     0x00000000   Number         0  stubs.o ABSOLUTE
    _printf_longlong_oct                     0x00000000   Number         0  stubs.o ABSOLUTE
    _printf_ls                               0x00000000   Number         0  stubs.o ABSOLUTE
    _printf_mbtowc                           0x00000000   Number         0  stubs.o ABSOLUTE
    _printf_n                                0x00000000   Number         0  stubs.o ABSOLUTE
    _printf_o                                0x00000000   Number         0  stubs.o ABSOLUTE
    _printf_p                                0x00000000   Number         0  stubs.o ABSOLUTE
    _printf_percent                          0x00000000   Number         0  stubs.o ABSOLUTE
    _printf_pre_padding                      0x00000000   Number         0  stubs.o ABSOLUTE
    _printf_return_value                     0x00000000   Number         0  stubs.o ABSOLUTE
    _printf_s                                0x00000000   Number         0  stubs.o ABSOLUTE
    _printf_sizespec                         0x00000000   Number         0  stubs.o ABSOLUTE
    _printf_str                              0x00000000   Number         0  stubs.o ABSOLUTE
    _printf_truncate_signed                  0x00000000   Number         0  stubs.o ABSOLUTE
    _printf_truncate_unsigned                0x00000000   Number         0  stubs.o ABSOLUTE
    _printf_u                                0x00000000   Number         0  stubs.o ABSOLUTE
    _printf_wc                               0x00000000   Number         0  stubs.o ABSOLUTE
    _printf_wctomb                           0x00000000   Number         0  stubs.o ABSOLUTE
    _printf_widthprec                        0x00000000   Number         0  stubs.o ABSOLUTE
    _printf_x                                0x00000000   Number         0  stubs.o ABSOLUTE
    __decompress                              - Undefined Weak Reference
    _clock_init                               - Undefined Weak Reference
    __Vectors_Size                           0x000000c0   Number         0  startup_stm32f0xx.o ABSOLUTE
    __RL_RTX_VER                             0x00000460   Number         0  rt_system.o ABSOLUTE
    __Vectors                                0x08000000   Data           4  startup_stm32f0xx.o(RESET)
    __Vectors_End                            0x080000c0   Data           0  startup_stm32f0xx.o(RESET)
    __main                                   0x080000c1   Thumb Code     0  entry.o(.ARM.Collect$$$$00000000)
    _main_stk                                0x080000c1   Thumb Code     0  entry2.o(.ARM.Collect$$$$00000001)
    _main_scatterload                        0x080000c5   Thumb Code     0  entry5.o(.ARM.Collect$$$$00000004)
    __main_after_scatterload                 0x080000c9   Thumb Code     0  entry5.o(.ARM.Collect$$$$00000004)
    _main_clock                              0x080000c9   Thumb Code     0  entry7b.o(.ARM.Collect$$$$00000008)
    _main_init                               0x080000c9   Thumb Code     0  entry8.o(.ARM.Collect$$$$00000009)
    rt_set_PSP                               0x080000d5   Thumb Code     6  hal_cm1.o(.emb_text)
    rt_get_PSP                               0x080000db   Thumb Code     6  hal_cm1.o(.emb_text)
    os_set_env                               0x080000e1   Thumb Code    32  hal_cm1.o(.emb_text)
    _alloc_box                               0x08000105   Thumb Code    28  hal_cm1.o(.emb_text)
    _free_box                                0x08000125   Thumb Code    28  hal_cm1.o(.emb_text)
    SVC_Handler                              0x08000145   Thumb Code   152  hal_cm1.o(.emb_text)
    PendSV_Handler                           0x080001e9   Thumb Code    92  hal_cm1.o(.emb_text)
    SysTick_Handler                          0x08000249   Thumb Code     8  hal_cm1.o(.emb_text)
    OS_Tick_Handler                          0x08000251   Thumb Code    12  hal_cm1.o(.emb_text)
    init                                     0x0800025d   Thumb Code   112  main.o(.text)
    main                                     0x080002cd   Thumb Code    28  main.o(.text)
    fputc                                    0x0800040d   Thumb Code    12  retarget.o(.text)
    get_adc_voltage                          0x08000419   Thumb Code   340  adc.o(.text)
    init_adc                                 0x0800056d   Thumb Code   296  adc.o(.text)
    perturb_and_observe_cc_itter             0x080006fd   Thumb Code   190  perturb_and_observe.o(.text)
    set_mppt                                 0x080007bb   Thumb Code    88  perturb_and_observe.o(.text)
    set_duty_cycle                           0x08000825   Thumb Code    70  pwm.o(.text)
    TIM_Config                               0x0800086b   Thumb Code   100  pwm.o(.text)
    init_pwm                                 0x080008cf   Thumb Code   152  pwm.o(.text)
    putchar                                  0x08000a27   Thumb Code    32  serial.o(.text)
    begin_fcn                                0x08000a47   Thumb Code    18  serial.o(.text)
    available_fcn                            0x08000a59   Thumb Code     6  serial.o(.text)
    flush_fcn                                0x08000a5f   Thumb Code    18  serial.o(.text)
    read_fcn                                 0x08000a71   Thumb Code    42  serial.o(.text)
    peek_fcn                                 0x08000a9b   Thumb Code    16  serial.o(.text)
    write_fcn                                0x08000aab   Thumb Code     2  serial.o(.text)
    print_fcn                                0x08000aad   Thumb Code    20  serial.o(.text)
    println_fcn                              0x08000ac1   Thumb Code    20  serial.o(.text)
    USART1_IRQHandler                        0x08000ad5   Thumb Code    96  serial.o(.text)
    set_current_compensation                 0x08000b49   Thumb Code     2  interrupted_charging.o(.text)
    calc_lvdc                                0x08000b4b   Thumb Code    50  interrupted_charging.o(.text)
    set_temperature_compensation             0x08000b7d   Thumb Code    78  interrupted_charging.o(.text)
    interrupted_charging                     0x08000bcb   Thumb Code   734  interrupted_charging.o(.text)
    get_charging_rate                        0x08000ea9   Thumb Code    46  interrupted_charging.o(.text)
    get_soc                                  0x08000ed7   Thumb Code   562  interrupted_charging.o(.text)
    delay100u                                0x08001109   Thumb Code    16  lcd_hd44780.o(.text)
    cycle_e                                  0x08001119   Thumb Code    38  lcd_hd44780.o(.text)
    lcd_send_4_bits                          0x0800113f   Thumb Code    94  lcd_hd44780.o(.text)
    lcd_putc                                 0x0800119d   Thumb Code    44  lcd_hd44780.o(.text)
    lcd_write_string                         0x080011c9   Thumb Code    20  lcd_hd44780.o(.text)
    lcd_send_cmd                             0x080011dd   Thumb Code    44  lcd_hd44780.o(.text)
    lcd_goto_XY                              0x08001209   Thumb Code    14  lcd_hd44780.o(.text)
    lcd_clear                                0x08001217   Thumb Code    18  lcd_hd44780.o(.text)
    lcd_backlight                            0x08001229   Thumb Code    74  lcd_hd44780.o(.text)
    lcd_set_custom_chars                     0x08001273   Thumb Code   250  lcd_hd44780.o(.text)
    lcd_init                                 0x0800136d   Thumb Code   144  lcd_hd44780.o(.text)
    lcd_bk_tmr_expire                        0x080013fd   Thumb Code    12  lcd_hd44780.o(.text)
    lcd_power                                0x08001409   Thumb Code    30  lcd_hd44780.o(.text)
    lcd_batt_level                           0x08001427   Thumb Code   330  lcd_hd44780.o(.text)
    lcd_charging                             0x08001571   Thumb Code    50  lcd_hd44780.o(.text)
    NMI_Handler                              0x080015b5   Thumb Code     2  stm32f0xx_it.o(.text)
    HardFault_Handler                        0x080015b7   Thumb Code     2  stm32f0xx_it.o(.text)
    ADC1_COMP_IRQHandler                     0x080015b9   Thumb Code     2  stm32f0xx_it.o(.text)
    EXTI0_1_IRQHandler                       0x080015bb   Thumb Code    30  stm32f0xx_it.o(.text)
    EXTI4_15_IRQHandler                      0x080015d9   Thumb Code   152  stm32f0xx_it.o(.text)
    keypad_get_key                           0x08001679   Thumb Code   326  ui.o(.text)
    reset_outputs                            0x080017bf   Thumb Code    72  ui.o(.text)
    reset_display                            0x08001807   Thumb Code   138  ui.o(.text)
    utoa_b                                   0x08001891   Thumb Code    72  ui.o(.text)
    lcd_splash_screen                        0x080018d9   Thumb Code    50  ui.o(.text)
    pwr_sw_init                              0x0800190b   Thumb Code    66  ui.o(.text)
    keypad_init                              0x0800194d   Thumb Code   210  ui.o(.text)
    ui                                       0x08001a1f   Thumb Code   974  ui.o(.text)
    usb_outputs_init                         0x08001eb1   Thumb Code   132  user_outputs.o(.text)
    dc_outputs_init                          0x08001f35   Thumb Code    42  user_outputs.o(.text)
    payment_control                          0x08001f65   Thumb Code    30  payment_control.o(.text)
    check_unlock_code                        0x08001f83   Thumb Code    14  payment_control.o(.text)
    delay                                    0x08001f99   Thumb Code    12  buzzer.o(.text)
    buzzer_init                              0x08001fa5   Thumb Code    52  buzzer.o(.text)
    buzz                                     0x08001fd9   Thumb Code    60  buzzer.o(.text)
    print_time_date                          0x08002015   Thumb Code    68  rtc.o(.text)
    rtc_init                                 0x08002059   Thumb Code   106  rtc.o(.text)
    ADC_DeInit                               0x08002101   Thumb Code    28  stm32f0xx_adc.o(.text)
    ADC_Init                                 0x0800211d   Thumb Code    38  stm32f0xx_adc.o(.text)
    ADC_StructInit                           0x08002143   Thumb Code    16  stm32f0xx_adc.o(.text)
    ADC_Cmd                                  0x08002153   Thumb Code    24  stm32f0xx_adc.o(.text)
    ADC_JitterCmd                            0x0800216b   Thumb Code    20  stm32f0xx_adc.o(.text)
    ADC_TempSensorCmd                        0x0800217f   Thumb Code    26  stm32f0xx_adc.o(.text)
    ADC_ChannelConfig                        0x08002199   Thumb Code    10  stm32f0xx_adc.o(.text)
    ADC_GetCalibrationFactor                 0x080021a3   Thumb Code    46  stm32f0xx_adc.o(.text)
    ADC_StartOfConversion                    0x080021d1   Thumb Code    10  stm32f0xx_adc.o(.text)
    ADC_DMACmd                               0x080021db   Thumb Code    24  stm32f0xx_adc.o(.text)
    ADC_DMARequestModeConfig                 0x080021f3   Thumb Code    16  stm32f0xx_adc.o(.text)
    ADC_GetFlagStatus                        0x08002203   Thumb Code    30  stm32f0xx_adc.o(.text)
    DMA_DeInit                               0x0800222d   Thumb Code   116  stm32f0xx_dma.o(.text)
    DMA_Init                                 0x080022a1   Thumb Code    56  stm32f0xx_dma.o(.text)
    DMA_Cmd                                  0x080022d9   Thumb Code    24  stm32f0xx_dma.o(.text)
    DMA_GetFlagStatus                        0x080022f1   Thumb Code    18  stm32f0xx_dma.o(.text)
    DMA_ClearFlag                            0x08002303   Thumb Code     8  stm32f0xx_dma.o(.text)
    EXTI_Init                                0x08002319   Thumb Code   102  stm32f0xx_exti.o(.text)
    EXTI_StructInit                          0x0800237f   Thumb Code    14  stm32f0xx_exti.o(.text)
    EXTI_GetITStatus                         0x0800238d   Thumb Code    24  stm32f0xx_exti.o(.text)
    EXTI_ClearITPendingBit                   0x080023a5   Thumb Code     6  stm32f0xx_exti.o(.text)
    GPIO_Init                                0x080023b1   Thumb Code   112  stm32f0xx_gpio.o(.text)
    GPIO_StructInit                          0x08002421   Thumb Code    18  stm32f0xx_gpio.o(.text)
    GPIO_ReadInputDataBit                    0x08002433   Thumb Code    14  stm32f0xx_gpio.o(.text)
    GPIO_SetBits                             0x08002441   Thumb Code     4  stm32f0xx_gpio.o(.text)
    GPIO_ResetBits                           0x08002445   Thumb Code     4  stm32f0xx_gpio.o(.text)
    GPIO_PinAFConfig                         0x08002449   Thumb Code    32  stm32f0xx_gpio.o(.text)
    NVIC_Init                                0x0800246d   Thumb Code    72  stm32f0xx_misc.o(.text)
    PWR_BackupAccessCmd                      0x080024bd   Thumb Code    24  stm32f0xx_pwr.o(.text)
    PWR_WakeUpPinCmd                         0x080024d5   Thumb Code    22  stm32f0xx_pwr.o(.text)
    RCC_GetFlagStatus                        0x080024f1   Thumb Code    50  stm32f0xx_rcc.o(.text)
    RCC_LSEConfig                            0x08002523   Thumb Code    26  stm32f0xx_rcc.o(.text)
    RCC_LSEDriveConfig                       0x0800253d   Thumb Code    18  stm32f0xx_rcc.o(.text)
    RCC_GetClocksFreq                        0x0800254f   Thumb Code   232  stm32f0xx_rcc.o(.text)
    RCC_RTCCLKConfig                         0x08002637   Thumb Code    10  stm32f0xx_rcc.o(.text)
    RCC_RTCCLKCmd                            0x08002641   Thumb Code    24  stm32f0xx_rcc.o(.text)
    RCC_AHBPeriphClockCmd                    0x08002659   Thumb Code    22  stm32f0xx_rcc.o(.text)
    RCC_APB2PeriphClockCmd                   0x0800266f   Thumb Code    22  stm32f0xx_rcc.o(.text)
    RCC_APB1PeriphClockCmd                   0x08002685   Thumb Code    22  stm32f0xx_rcc.o(.text)
    RCC_APB2PeriphResetCmd                   0x0800269b   Thumb Code    22  stm32f0xx_rcc.o(.text)
    RTC_WaitForSynchro                       0x080026c9   Thumb Code    70  stm32f0xx_rtc.o(.text)
    RTC_EnterInitMode                        0x0800270f   Thumb Code    54  stm32f0xx_rtc.o(.text)
    RTC_ExitInitMode                         0x08002745   Thumb Code    12  stm32f0xx_rtc.o(.text)
    RTC_Init                                 0x08002751   Thumb Code    68  stm32f0xx_rtc.o(.text)
    RTC_TimeStructInit                       0x080027a5   Thumb Code    12  stm32f0xx_rtc.o(.text)
    RTC_GetTime                              0x080027b1   Thumb Code    68  stm32f0xx_rtc.o(.text)
    RTC_DateStructInit                       0x080027f5   Thumb Code    14  stm32f0xx_rtc.o(.text)
    RTC_GetDate                              0x08002803   Thumb Code    64  stm32f0xx_rtc.o(.text)
    SYSCFG_EXTILineConfig                    0x08002851   Thumb Code    34  stm32f0xx_syscfg.o(.text)
    TIM_TimeBaseInit                         0x08002879   Thumb Code    88  stm32f0xx_tim.o(.text)
    TIM_Cmd                                  0x080028d1   Thumb Code    24  stm32f0xx_tim.o(.text)
    TIM_CtrlPWMOutputs                       0x080028e9   Thumb Code    28  stm32f0xx_tim.o(.text)
    TIM_OC1Init                              0x08002905   Thumb Code   108  stm32f0xx_tim.o(.text)
    USART_Init                               0x08002995   Thumb Code   182  stm32f0xx_usart.o(.text)
    USART_Cmd                                0x08002a4b   Thumb Code    24  stm32f0xx_usart.o(.text)
    USART_SendData                           0x08002a63   Thumb Code     8  stm32f0xx_usart.o(.text)
    USART_ReceiveData                        0x08002a6b   Thumb Code     8  stm32f0xx_usart.o(.text)
    USART_ITConfig                           0x08002a73   Thumb Code    46  stm32f0xx_usart.o(.text)
    USART_GetFlagStatus                      0x08002aa1   Thumb Code    14  stm32f0xx_usart.o(.text)
    USART_GetITStatus                        0x08002aaf   Thumb Code    60  stm32f0xx_usart.o(.text)
    USART_ClearITPendingBit                  0x08002aeb   Thumb Code    10  stm32f0xx_usart.o(.text)
    SystemInit                               0x08002b4d   Thumb Code    78  system_stm32f0xx.o(.text)
    Reset_Handler                            0x08002bad   Thumb Code     8  startup_stm32f0xx.o(.text)
    CEC_IRQHandler                           0x08002bbf   Thumb Code     0  startup_stm32f0xx.o(.text)
    DMA1_Channel1_IRQHandler                 0x08002bbf   Thumb Code     0  startup_stm32f0xx.o(.text)
    DMA1_Channel2_3_IRQHandler               0x08002bbf   Thumb Code     0  startup_stm32f0xx.o(.text)
    DMA1_Channel4_5_IRQHandler               0x08002bbf   Thumb Code     0  startup_stm32f0xx.o(.text)
    EXTI2_3_IRQHandler                       0x08002bbf   Thumb Code     0  startup_stm32f0xx.o(.text)
    FLASH_IRQHandler                         0x08002bbf   Thumb Code     0  startup_stm32f0xx.o(.text)
    I2C1_IRQHandler                          0x08002bbf   Thumb Code     0  startup_stm32f0xx.o(.text)
    I2C2_IRQHandler                          0x08002bbf   Thumb Code     0  startup_stm32f0xx.o(.text)
    PVD_IRQHandler                           0x08002bbf   Thumb Code     0  startup_stm32f0xx.o(.text)
    RCC_IRQHandler                           0x08002bbf   Thumb Code     0  startup_stm32f0xx.o(.text)
    RTC_IRQHandler                           0x08002bbf   Thumb Code     0  startup_stm32f0xx.o(.text)
    SPI1_IRQHandler                          0x08002bbf   Thumb Code     0  startup_stm32f0xx.o(.text)
    SPI2_IRQHandler                          0x08002bbf   Thumb Code     0  startup_stm32f0xx.o(.text)
    TIM14_IRQHandler                         0x08002bbf   Thumb Code     0  startup_stm32f0xx.o(.text)
    TIM15_IRQHandler                         0x08002bbf   Thumb Code     0  startup_stm32f0xx.o(.text)
    TIM16_IRQHandler                         0x08002bbf   Thumb Code     0  startup_stm32f0xx.o(.text)
    TIM17_IRQHandler                         0x08002bbf   Thumb Code     0  startup_stm32f0xx.o(.text)
    TIM1_BRK_UP_TRG_COM_IRQHandler           0x08002bbf   Thumb Code     0  startup_stm32f0xx.o(.text)
    TIM1_CC_IRQHandler                       0x08002bbf   Thumb Code     0  startup_stm32f0xx.o(.text)
    TIM2_IRQHandler                          0x08002bbf   Thumb Code     0  startup_stm32f0xx.o(.text)
    TIM3_IRQHandler                          0x08002bbf   Thumb Code     0  startup_stm32f0xx.o(.text)
    TIM6_DAC_IRQHandler                      0x08002bbf   Thumb Code     0  startup_stm32f0xx.o(.text)
    TS_IRQHandler                            0x08002bbf   Thumb Code     0  startup_stm32f0xx.o(.text)
    USART2_IRQHandler                        0x08002bbf   Thumb Code     0  startup_stm32f0xx.o(.text)
    WWDG_IRQHandler                          0x08002bbf   Thumb Code     0  startup_stm32f0xx.o(.text)
    os_idle_demon                            0x08002bc9   Thumb Code     2  rtx_conf_cm.o(.text)
    os_tmr_call                              0x08002bcb   Thumb Code    12  rtx_conf_cm.o(.text)
    os_error                                 0x08002bd7   Thumb Code    38  rtx_conf_cm.o(.text)
    __aeabi_uidiv                            0x08002c55   Thumb Code     0  uidiv.o(.text)
    __aeabi_uidivmod                         0x08002c55   Thumb Code    44  uidiv.o(.text)
    __aeabi_uldivmod                         0x08002c81   Thumb Code    96  uldiv.o(.text)
    __aeabi_lmul                             0x08002ce1   Thumb Code   122  llmul.o(.text)
    _ll_mul                                  0x08002ce1   Thumb Code     0  llmul.o(.text)
    __aeabi_fadd                             0x08002d5b   Thumb Code   162  fadd.o(.text)
    __aeabi_fsub                             0x08002dfd   Thumb Code     8  fadd.o(.text)
    __aeabi_frsub                            0x08002e05   Thumb Code     8  fadd.o(.text)
    __aeabi_fmul                             0x08002e0d   Thumb Code   122  fmul.o(.text)
    __aeabi_fdiv                             0x08002e87   Thumb Code   128  fdiv.o(.text)
    __ARM_scalbnf                            0x08002f07   Thumb Code    24  fscalb.o(.text)
    scalbnf                                  0x08002f07   Thumb Code     0  fscalb.o(.text)
    __aeabi_dadd                             0x08002f21   Thumb Code   326  dadd.o(.text)
    __aeabi_dsub                             0x08003067   Thumb Code    12  dadd.o(.text)
    __aeabi_drsub                            0x08003073   Thumb Code    12  dadd.o(.text)
    __aeabi_dmul                             0x08003085   Thumb Code   202  dmul.o(.text)
    __aeabi_ddiv                             0x08003155   Thumb Code   234  ddiv.o(.text)
    __aeabi_i2f                              0x08003245   Thumb Code    22  fflti.o(.text)
    __aeabi_ui2f                             0x0800325b   Thumb Code    14  ffltui.o(.text)
    __aeabi_i2d                              0x08003269   Thumb Code    34  dflti.o(.text)
    __aeabi_ui2d                             0x08003291   Thumb Code    24  dfltui.o(.text)
    __aeabi_f2iz                             0x080032ad   Thumb Code    52  ffixi.o(.text)
    __aeabi_d2uiz                            0x080032e1   Thumb Code    50  dfixui.o(.text)
    __aeabi_f2d                              0x0800331d   Thumb Code    40  f2d.o(.text)
    __aeabi_cfcmpeq                          0x08003345   Thumb Code     0  cfcmple.o(.text)
    __aeabi_cfcmple                          0x08003345   Thumb Code    20  cfcmple.o(.text)
    __aeabi_cfrcmple                         0x08003359   Thumb Code    20  cfrcmple.o(.text)
    __aeabi_llsl                             0x0800336d   Thumb Code    32  llshl.o(.text)
    _ll_shift_l                              0x0800336d   Thumb Code     0  llshl.o(.text)
    __aeabi_llsr                             0x0800338d   Thumb Code    34  llushr.o(.text)
    _ll_ushift_r                             0x0800338d   Thumb Code     0  llushr.o(.text)
    __aeabi_lasr                             0x080033af   Thumb Code    38  llsshr.o(.text)
    _ll_sshift_r                             0x080033af   Thumb Code     0  llsshr.o(.text)
    __I$use$fp                               0x080033d5   Thumb Code     0  iusefp.o(.text)
    _float_round                             0x080033d5   Thumb Code    16  fepilogue.o(.text)
    _float_epilogue                          0x080033e5   Thumb Code   116  fepilogue.o(.text)
    _double_round                            0x08003459   Thumb Code    26  depilogue.o(.text)
    _double_epilogue                         0x08003473   Thumb Code   166  depilogue.o(.text)
    __aeabi_d2ulz                            0x08003519   Thumb Code    54  dfixul.o(.text)
    __aeabi_cdrcmple                         0x08003559   Thumb Code    38  cdrcmple.o(.text)
    __scatterload                            0x08003581   Thumb Code    28  init.o(.text)
    __scatterload_rt2                        0x08003581   Thumb Code     0  init.o(.text)
    SVC_Count                                0x080035a4   Data           4  SVC_Table.o(SVC_TABLE)
    SVC_Table                                0x080035a8   Data           0  SVC_Table.o(SVC_TABLE)
    __0printf                                0x080035a9   Thumb Code    24  printfa.o(i.__0printf)
    __1printf                                0x080035a9   Thumb Code     0  printfa.o(i.__0printf)
    __2printf                                0x080035a9   Thumb Code     0  printfa.o(i.__0printf)
    __c89printf                              0x080035a9   Thumb Code     0  printfa.o(i.__0printf)
    printf                                   0x080035a9   Thumb Code     0  printfa.o(i.__0printf)
    __ARM_clz                                0x080035c9   Thumb Code    46  depilogue.o(i.__ARM_clz)
    __ARM_common_switch8                     0x080035f7   Thumb Code    26  interrupted_charging.o(i.__ARM_common_switch8)
    __scatterload_copy                       0x08003611   Thumb Code    14  handlers.o(i.__scatterload_copy)
    __scatterload_null                       0x0800361f   Thumb Code     2  handlers.o(i.__scatterload_null)
    __scatterload_zeroinit                   0x08003621   Thumb Code    14  handlers.o(i.__scatterload_zeroinit)
    _init_box                                0x08003789   Thumb Code    72  rt_membox.o(i._init_box)
    isr_evt_set                              0x08003f15   Thumb Code    30  rt_event.o(i.isr_evt_set)
    os_tick_init                             0x08003f39   Thumb Code    32  rt_system.o(i.os_tick_init)
    os_tick_irqack                           0x08003f65   Thumb Code     2  rt_system.o(i.os_tick_irqack)
    rt_alloc_box                             0x08003f67   Thumb Code    30  rt_membox.o(i.rt_alloc_box)
    rt_block                                 0x08003f85   Thumb Code    42  rt_task.o(i.rt_block)
    rt_chk_robin                             0x08003fbd   Thumb Code    56  rt_robin.o(i.rt_chk_robin)
    rt_dec_dly                               0x08004001   Thumb Code   112  rt_list.o(i.rt_dec_dly)
    rt_dispatch                              0x08004079   Thumb Code    56  rt_task.o(i.rt_dispatch)
    rt_dly_wait                              0x080040b9   Thumb Code    10  rt_time.o(i.rt_dly_wait)
    rt_evt_clr                               0x080040c5   Thumb Code    22  rt_event.o(i.rt_evt_clr)
    rt_evt_get                               0x080040e1   Thumb Code     8  rt_event.o(i.rt_evt_get)
    rt_evt_psh                               0x080040ed   Thumb Code    70  rt_event.o(i.rt_evt_psh)
    rt_evt_set                               0x08004139   Thumb Code    88  rt_event.o(i.rt_evt_set)
    rt_evt_wait                              0x08004195   Thumb Code    60  rt_event.o(i.rt_evt_wait)
    rt_free_box                              0x080041d5   Thumb Code    38  rt_membox.o(i.rt_free_box)
    rt_get_first                             0x080041fb   Thumb Code    42  rt_list.o(i.rt_get_first)
    rt_init_robin                            0x08004269   Thumb Code    14  rt_robin.o(i.rt_init_robin)
    rt_init_stack                            0x08004281   Thumb Code    68  hal_cm1.o(i.rt_init_stack)
    rt_mbx_psh                               0x080042cd   Thumb Code   168  rt_mailbox.o(i.rt_mbx_psh)
    rt_pop_req                               0x08004379   Thumb Code    98  rt_system.o(i.rt_pop_req)
    rt_psh_req                               0x080043e9   Thumb Code    24  rt_system.o(i.rt_psh_req)
    rt_psq_enq                               0x08004409   Thumb Code    60  rt_list.o(i.rt_psq_enq)
    rt_put_dly                               0x08004449   Thumb Code    74  rt_list.o(i.rt_put_dly)
    rt_put_prio                              0x08004499   Thumb Code    60  rt_list.o(i.rt_put_prio)
    rt_put_rdy_first                         0x080044d5   Thumb Code    14  rt_list.o(i.rt_put_rdy_first)
    rt_rmv_dly                               0x080044e9   Thumb Code    42  rt_list.o(i.rt_rmv_dly)
    rt_rmv_list                              0x08004515   Thumb Code    46  rt_list.o(i.rt_rmv_list)
    rt_sem_psh                               0x08004549   Thumb Code    46  rt_semaphore.o(i.rt_sem_psh)
    rt_stk_check                             0x0800457d   Thumb Code    30  rt_system.o(i.rt_stk_check)
    rt_switch_req                            0x080045a5   Thumb Code    10  rt_task.o(i.rt_switch_req)
    rt_sys_init                              0x080045b5   Thumb Code   230  rt_task.o(i.rt_sys_init)
    rt_systick                               0x080046ed   Thumb Code    46  rt_system.o(i.rt_systick)
    rt_time_get                              0x08004729   Thumb Code     6  rt_time.o(i.rt_time_get)
    rt_tmr_create                            0x08004735   Thumb Code    72  rt_timer.o(i.rt_tmr_create)
    rt_tmr_kill                              0x08004785   Thumb Code    44  rt_timer.o(i.rt_tmr_kill)
    rt_tmr_tick                              0x080047b9   Thumb Code    56  rt_timer.o(i.rt_tmr_tick)
    rt_tsk_create                            0x080047f9   Thumb Code   108  rt_task.o(i.rt_tsk_create)
    rt_tsk_delete                            0x08004875   Thumb Code   134  rt_task.o(i.rt_tsk_delete)
    os_maxtaskrun                            0x080049d6   Data           2  rtx_conf_cm.o(.constdata)
    os_stackinfo                             0x080049d8   Data           4  rtx_conf_cm.o(.constdata)
    os_rrobin                                0x080049dc   Data           4  rtx_conf_cm.o(.constdata)
    os_trv                                   0x080049e0   Data           4  rtx_conf_cm.o(.constdata)
    os_flags                                 0x080049e4   Data           1  rtx_conf_cm.o(.constdata)
    os_clockrate                             0x080049e8   Data           4  rtx_conf_cm.o(.constdata)
    os_timernum                              0x080049ec   Data           4  rtx_conf_cm.o(.constdata)
    mp_tcb_size                              0x080049f0   Data           2  rtx_conf_cm.o(.constdata)
    mp_stk_size                              0x080049f4   Data           4  rtx_conf_cm.o(.constdata)
    os_fifo_size                             0x080049f8   Data           1  rtx_conf_cm.o(.constdata)
    mp_tmr_size                              0x080049fa   Data           2  rtx_conf_cm.o(.constdata)
    Region$$Table$$Base                      0x080049fc   Number         0  anon$$obj.o(Region$$Table)
    Region$$Table$$Limit                     0x08004a1c   Number         0  anon$$obj.o(Region$$Table)
    __stdout                                 0x20000000   Data           4  retarget.o(.data)
    ts_cal1                                  0x20000004   Data           2  adc.o(.data)
    ts_cal2                                  0x20000006   Data           2  adc.o(.data)
    duty_cycle                               0x20000008   Data           4  perturb_and_observe.o(.data)
    TimerPeriod                              0x20000014   Data           2  pwm.o(.data)
    Serial                                   0x2000002c   Data          36  serial.o(.data)
    v_high                                   0x20000050   Data           4  interrupted_charging.o(.data)
    v_low                                    0x20000054   Data           4  interrupted_charging.o(.data)
    v_restart                                0x20000058   Data           4  interrupted_charging.o(.data)
    v_lvdc                                   0x2000005c   Data           4  interrupted_charging.o(.data)
    pulse_duty                               0x20000060   Data           4  interrupted_charging.o(.data)
    batt_voltage                             0x20000064   Data           4  interrupted_charging.o(.data)
    batt_current                             0x20000068   Data           4  interrupted_charging.o(.data)
    cc_state                                 0x2000006c   Data           4  interrupted_charging.o(.data)
    temp                                     0x20000070   Data           4  interrupted_charging.o(.data)
    interrupted_charging_t                   0x20000074   Data           4  interrupted_charging.o(.data)
    bk_tmr                                   0x20000078   Data           4  lcd_hd44780.o(.data)
    valid_payment                            0x2000007c   Data           1  ui.o(.data)
    ui_state                                 0x20000080   Data           4  ui.o(.data)
    ui_t                                     0x20000084   Data           4  ui.o(.data)
    payment_control_t                        0x20000088   Data           4  payment_control.o(.data)
    SystemCoreClock                          0x2000009c   Data           4  system_stm32f0xx.o(.data)
    AHBPrescTable                            0x200000a0   Data          16  system_stm32f0xx.o(.data)
    m_tmr                                    0x200000b0   Data           4  rtx_conf_cm.o(.data)
    os_tsk                                   0x200000b4   Data           8  rt_task.o(.data)
    os_time                                  0x200000bc   Data           4  rt_time.o(.data)
    os_tmr                                   0x200000c0   Data           8  rt_timer.o(.data)
    os_tick_irqn                             0x200000cc   Data           4  rt_system.o(.data)
    os_robin                                 0x200000d0   Data           8  rt_robin.o(.data)
    RegularConvData_Tab                      0x200000d8   Data         160  adc.o(.bss)
    TIM_TimeBaseStructure_PWM                0x20000178   Data          12  pwm.o(.bss)
    TIM_OCInitStructure_PWM                  0x20000184   Data          20  pwm.o(.bss)
    interrupted_charging_stk                 0x200001d8   Data         640  interrupted_charging.o(.bss)
    keypad_result_str                        0x20000458   Data          10  ui.o(.bss)
    ui_stk                                   0x20000468   Data         400  ui.o(.bss)
    payment_control_stk                      0x200005f8   Data         320  payment_control.o(.bss)
    mp_tcb                                   0x20000738   Data         204  rtx_conf_cm.o(.bss)
    mp_stk                                   0x20000808   Data         656  rtx_conf_cm.o(.bss)
    os_fifo                                  0x20000a98   Data         132  rtx_conf_cm.o(.bss)
    os_active_TCB                            0x20000b1c   Data          16  rtx_conf_cm.o(.bss)
    mp_tmr                                   0x20000b2c   Data          20  rtx_conf_cm.o(.bss)
    os_idle_TCB                              0x20000b40   Data          48  rt_task.o(.bss)
    os_rdy                                   0x20000b70   Data          24  rt_list.o(.bss)
    os_dly                                   0x20000b88   Data          24  rt_list.o(.bss)
    __initial_sp                             0x20000fa0   Data           0  startup_stm32f0xx.o(STACK)



==============================================================================

Memory Map of the image

  Image Entry point : 0x080000c1

  Load Region LR_IROM1 (Base: 0x08000000, Size: 0x00004af4, Max: 0x00007800, ABSOLUTE)

    Execution Region ER_IROM1 (Base: 0x08000000, Size: 0x00004a1c, Max: 0x00007800, ABSOLUTE)

    Base Addr    Size         Type   Attr      Idx    E Section Name        Object

    0x08000000   0x000000c0   Data   RO         3521    RESET               startup_stm32f0xx.o
    0x080000c0   0x00000000   Code   RO         4149  * .ARM.Collect$$$$00000000  mc_p.l(entry.o)
    0x080000c0   0x00000004   Code   RO         4460    .ARM.Collect$$$$00000001  mc_p.l(entry2.o)
    0x080000c4   0x00000004   Code   RO         4463    .ARM.Collect$$$$00000004  mc_p.l(entry5.o)
    0x080000c8   0x00000000   Code   RO         4465    .ARM.Collect$$$$00000008  mc_p.l(entry7b.o)
    0x080000c8   0x00000008   Code   RO         4466    .ARM.Collect$$$$00000009  mc_p.l(entry8.o)
    0x080000d0   0x00000004   Code   RO         4461    .ARM.Collect$$$$00002712  mc_p.l(entry2.o)
    0x080000d4   0x00000188   Code   RO         3828    .emb_text           RTX_CM1.LIB(hal_cm1.o)
    0x0800025c   0x000001b0   Code   RO            3    .text               main.o
    0x0800040c   0x0000000c   Code   RO          166    .text               retarget.o
    0x08000418   0x000002e4   Code   RO          225    .text               adc.o
    0x080006fc   0x00000128   Code   RO          274    .text               perturb_and_observe.o
    0x08000824   0x00000160   Code   RO          316    .text               pwm.o
    0x08000984   0x000001c4   Code   RO          346    .text               serial.o
    0x08000b48   0x000005c0   Code   RO          376    .text               interrupted_charging.o
    0x08001108   0x000004ac   Code   RO          411    .text               lcd_hd44780.o
    0x080015b4   0x000000c4   Code   RO          449    .text               stm32f0xx_it.o
    0x08001678   0x00000838   Code   RO          472    .text               ui.o
    0x08001eb0   0x000000b4   Code   RO          517    .text               user_outputs.o
    0x08001f64   0x00000034   Code   RO          537    .text               payment_control.o
    0x08001f98   0x0000007c   Code   RO          566    .text               buzzer.o
    0x08002014   0x000000ec   Code   RO          586    .text               rtc.o
    0x08002100   0x0000012c   Code   RO          612    .text               stm32f0xx_adc.o
    0x0800222c   0x000000ec   Code   RO         1116    .text               stm32f0xx_dma.o
    0x08002318   0x00000098   Code   RO         1173    .text               stm32f0xx_exti.o
    0x080023b0   0x000000bc   Code   RO         1405    .text               stm32f0xx_gpio.o
    0x0800246c   0x00000050   Code   RO         1788    .text               stm32f0xx_misc.o
    0x080024bc   0x00000034   Code   RO         1821    .text               stm32f0xx_pwr.o
    0x080024f0   0x000001d8   Code   RO         1890    .text               stm32f0xx_rcc.o
    0x080026c8   0x00000188   Code   RO         2084    .text               stm32f0xx_rtc.o
    0x08002850   0x00000028   Code   RO         2547    .text               stm32f0xx_syscfg.o
    0x08002878   0x0000011c   Code   RO         2606    .text               stm32f0xx_tim.o
    0x08002994   0x00000168   Code   RO         3156    .text               stm32f0xx_usart.o
    0x08002afc   0x000000b0   Code   RO         3489    .text               system_stm32f0xx.o
    0x08002bac   0x0000001c   Code   RO         3522    .text               startup_stm32f0xx.o
    0x08002bc8   0x0000008c   Code   RO         3528    .text               rtx_conf_cm.o
    0x08002c54   0x0000002c   Code   RO         4152    .text               mc_p.l(uidiv.o)
    0x08002c80   0x00000060   Code   RO         4154    .text               mc_p.l(uldiv.o)
    0x08002ce0   0x0000007a   Code   RO         4156    .text               mc_p.l(llmul.o)
    0x08002d5a   0x000000b2   Code   RO         4426    .text               mf_p.l(fadd.o)
    0x08002e0c   0x0000007a   Code   RO         4428    .text               mf_p.l(fmul.o)
    0x08002e86   0x00000080   Code   RO         4430    .text               mf_p.l(fdiv.o)
    0x08002f06   0x00000018   Code   RO         4432    .text               mf_p.l(fscalb.o)
    0x08002f1e   0x00000002   PAD
    0x08002f20   0x00000164   Code   RO         4434    .text               mf_p.l(dadd.o)
    0x08003084   0x000000d0   Code   RO         4436    .text               mf_p.l(dmul.o)
    0x08003154   0x000000f0   Code   RO         4438    .text               mf_p.l(ddiv.o)
    0x08003244   0x00000016   Code   RO         4440    .text               mf_p.l(fflti.o)
    0x0800325a   0x0000000e   Code   RO         4442    .text               mf_p.l(ffltui.o)
    0x08003268   0x00000028   Code   RO         4444    .text               mf_p.l(dflti.o)
    0x08003290   0x0000001c   Code   RO         4446    .text               mf_p.l(dfltui.o)
    0x080032ac   0x00000034   Code   RO         4448    .text               mf_p.l(ffixi.o)
    0x080032e0   0x0000003c   Code   RO         4450    .text               mf_p.l(dfixui.o)
    0x0800331c   0x00000028   Code   RO         4452    .text               mf_p.l(f2d.o)
    0x08003344   0x00000014   Code   RO         4456    .text               mf_p.l(cfcmple.o)
    0x08003358   0x00000014   Code   RO         4458    .text               mf_p.l(cfrcmple.o)
    0x0800336c   0x00000020   Code   RO         4469    .text               mc_p.l(llshl.o)
    0x0800338c   0x00000022   Code   RO         4471    .text               mc_p.l(llushr.o)
    0x080033ae   0x00000026   Code   RO         4473    .text               mc_p.l(llsshr.o)
    0x080033d4   0x00000000   Code   RO         4481    .text               mc_p.l(iusefp.o)
    0x080033d4   0x00000084   Code   RO         4482    .text               mf_p.l(fepilogue.o)
    0x08003458   0x000000c0   Code   RO         4484    .text               mf_p.l(depilogue.o)
    0x08003518   0x00000040   Code   RO         4488    .text               mf_p.l(dfixul.o)
    0x08003558   0x00000028   Code   RO         4490    .text               mf_p.l(cdrcmple.o)
    0x08003580   0x00000024   Code   RO         4492    .text               mc_p.l(init.o)
    0x080035a4   0x00000004   Code   RO         4062    SVC_TABLE           RTX_CM1.LIB(SVC_Table.o)
    0x080035a8   0x00000020   Code   RO         4398    i.__0printf         mc_p.l(printfa.o)
    0x080035c8   0x0000002e   Code   RO         4486    i.__ARM_clz         mf_p.l(depilogue.o)
    0x080035f6   0x0000001a   Code   RO          397    i.__ARM_common_switch8  interrupted_charging.o
    0x08003610   0x0000000e   Code   RO         4496    i.__scatterload_copy  mc_p.l(handlers.o)
    0x0800361e   0x00000002   Code   RO         4497    i.__scatterload_null  mc_p.l(handlers.o)
    0x08003620   0x0000000e   Code   RO         4498    i.__scatterload_zeroinit  mc_p.l(handlers.o)
    0x0800362e   0x00000002   PAD
    0x08003630   0x00000158   Code   RO         4405    i._fp_digits        mc_p.l(printfa.o)
    0x08003788   0x00000048   Code   RO         4033    i._init_box         RTX_CM1.LIB(rt_membox.o)
    0x080037d0   0x000006f8   Code   RO         4406    i._printf_core      mc_p.l(printfa.o)
    0x08003ec8   0x00000020   Code   RO         4407    i._printf_post_padding  mc_p.l(printfa.o)
    0x08003ee8   0x0000002c   Code   RO         4408    i._printf_pre_padding  mc_p.l(printfa.o)
    0x08003f14   0x00000024   Code   RO         3722    i.isr_evt_set       RTX_CM1.LIB(rt_event.o)
    0x08003f38   0x0000002c   Code   RO         3849    i.os_tick_init      RTX_CM1.LIB(rt_system.o)
    0x08003f64   0x00000002   Code   RO         3850    i.os_tick_irqack    RTX_CM1.LIB(rt_system.o)
    0x08003f66   0x0000001e   Code   RO         4034    i.rt_alloc_box      RTX_CM1.LIB(rt_membox.o)
    0x08003f84   0x00000038   Code   RO         3623    i.rt_block          RTX_CM1.LIB(rt_task.o)
    0x08003fbc   0x00000044   Code   RO         4011    i.rt_chk_robin      RTX_CM1.LIB(rt_robin.o)
    0x08004000   0x00000078   Code   RO         3932    i.rt_dec_dly        RTX_CM1.LIB(rt_list.o)
    0x08004078   0x00000040   Code   RO         3624    i.rt_dispatch       RTX_CM1.LIB(rt_task.o)
    0x080040b8   0x0000000a   Code   RO         3768    i.rt_dly_wait       RTX_CM1.LIB(rt_time.o)
    0x080040c2   0x00000002   PAD
    0x080040c4   0x0000001c   Code   RO         3723    i.rt_evt_clr        RTX_CM1.LIB(rt_event.o)
    0x080040e0   0x0000000c   Code   RO         3724    i.rt_evt_get        RTX_CM1.LIB(rt_event.o)
    0x080040ec   0x0000004c   Code   RO         3725    i.rt_evt_psh        RTX_CM1.LIB(rt_event.o)
    0x08004138   0x0000005c   Code   RO         3726    i.rt_evt_set        RTX_CM1.LIB(rt_event.o)
    0x08004194   0x00000040   Code   RO         3727    i.rt_evt_wait       RTX_CM1.LIB(rt_event.o)
    0x080041d4   0x00000026   Code   RO         4035    i.rt_free_box       RTX_CM1.LIB(rt_membox.o)
    0x080041fa   0x0000002a   Code   RO         3933    i.rt_get_first      RTX_CM1.LIB(rt_list.o)
    0x08004224   0x00000044   Code   RO         3625    i.rt_init_context   RTX_CM1.LIB(rt_task.o)
    0x08004268   0x00000018   Code   RO         4012    i.rt_init_robin     RTX_CM1.LIB(rt_robin.o)
    0x08004280   0x0000004c   Code   RO         3829    i.rt_init_stack     RTX_CM1.LIB(hal_cm1.o)
    0x080042cc   0x000000ac   Code   RO         4069    i.rt_mbx_psh        RTX_CM1.LIB(rt_mailbox.o)
    0x08004378   0x00000070   Code   RO         3851    i.rt_pop_req        RTX_CM1.LIB(rt_system.o)
    0x080043e8   0x00000020   Code   RO         3852    i.rt_psh_req        RTX_CM1.LIB(rt_system.o)
    0x08004408   0x00000040   Code   RO         3935    i.rt_psq_enq        RTX_CM1.LIB(rt_list.o)
    0x08004448   0x00000050   Code   RO         3936    i.rt_put_dly        RTX_CM1.LIB(rt_list.o)
    0x08004498   0x0000003c   Code   RO         3937    i.rt_put_prio       RTX_CM1.LIB(rt_list.o)
    0x080044d4   0x00000014   Code   RO         3938    i.rt_put_rdy_first  RTX_CM1.LIB(rt_list.o)
    0x080044e8   0x0000002a   Code   RO         3940    i.rt_rmv_dly        RTX_CM1.LIB(rt_list.o)
    0x08004512   0x00000002   PAD
    0x08004514   0x00000034   Code   RO         3941    i.rt_rmv_list       RTX_CM1.LIB(rt_list.o)
    0x08004548   0x00000034   Code   RO         4115    i.rt_sem_psh        RTX_CM1.LIB(rt_semaphore.o)
    0x0800457c   0x00000028   Code   RO         3854    i.rt_stk_check      RTX_CM1.LIB(rt_system.o)
    0x080045a4   0x00000010   Code   RO         3626    i.rt_switch_req     RTX_CM1.LIB(rt_task.o)
    0x080045b4   0x00000138   Code   RO         3627    i.rt_sys_init       RTX_CM1.LIB(rt_task.o)
    0x080046ec   0x0000003c   Code   RO         3856    i.rt_systick        RTX_CM1.LIB(rt_system.o)
    0x08004728   0x0000000c   Code   RO         3771    i.rt_time_get       RTX_CM1.LIB(rt_time.o)
    0x08004734   0x00000050   Code   RO         3801    i.rt_tmr_create     RTX_CM1.LIB(rt_timer.o)
    0x08004784   0x00000034   Code   RO         3802    i.rt_tmr_kill       RTX_CM1.LIB(rt_timer.o)
    0x080047b8   0x00000040   Code   RO         3803    i.rt_tmr_tick       RTX_CM1.LIB(rt_timer.o)
    0x080047f8   0x0000007c   Code   RO         3628    i.rt_tsk_create     RTX_CM1.LIB(rt_task.o)
    0x08004874   0x0000009c   Code   RO         3629    i.rt_tsk_delete     RTX_CM1.LIB(rt_task.o)
    0x08004910   0x000000c5   Data   RO          378    .constdata          interrupted_charging.o
    0x080049d5   0x00000001   PAD
    0x080049d6   0x00000002   Data   RO         3534    .constdata          rtx_conf_cm.o
    0x080049d8   0x00000004   Data   RO         3535    .constdata          rtx_conf_cm.o
    0x080049dc   0x00000004   Data   RO         3536    .constdata          rtx_conf_cm.o
    0x080049e0   0x00000004   Data   RO         3537    .constdata          rtx_conf_cm.o
    0x080049e4   0x00000001   Data   RO         3538    .constdata          rtx_conf_cm.o
    0x080049e5   0x00000003   PAD
    0x080049e8   0x00000008   Data   RO         3539    .constdata          rtx_conf_cm.o
    0x080049f0   0x00000002   Data   RO         3540    .constdata          rtx_conf_cm.o
    0x080049f2   0x00000002   PAD
    0x080049f4   0x00000004   Data   RO         3541    .constdata          rtx_conf_cm.o
    0x080049f8   0x00000001   Data   RO         3542    .constdata          rtx_conf_cm.o
    0x080049f9   0x00000001   PAD
    0x080049fa   0x00000002   Data   RO         3543    .constdata          rtx_conf_cm.o
    0x080049fc   0x00000020   Data   RO         4494    Region$$Table       anon$$obj.o


    Execution Region RW_IRAM1 (Base: 0x20000000, Size: 0x00000fa0, Max: 0x00001000, ABSOLUTE)

    Base Addr    Size         Type   Attr      Idx    E Section Name        Object

    0x20000000   0x00000004   Data   RW          171    .data               retarget.o
    0x20000004   0x00000004   Data   RW          232    .data               adc.o
    0x20000008   0x0000000c   Data   RW          277    .data               perturb_and_observe.o
    0x20000014   0x00000002   Data   RW          319    .data               pwm.o
    0x20000016   0x00000002   PAD
    0x20000018   0x00000038   Data   RW          348    .data               serial.o
    0x20000050   0x00000024   Data   RW          379    .data               interrupted_charging.o
    0x20000074   0x00000004   Data   RW          380    .data               interrupted_charging.o
    0x20000078   0x00000004   Data   RW          414    .data               lcd_hd44780.o
    0x2000007c   0x0000000c   Data   RW          475    .data               ui.o
    0x20000088   0x00000004   Data   RW          540    .data               payment_control.o
    0x2000008c   0x00000010   Data   RW         1918    .data               stm32f0xx_rcc.o
    0x2000009c   0x00000014   Data   RW         3491    .data               system_stm32f0xx.o
    0x200000b0   0x00000004   Data   RW         3544    .data               rtx_conf_cm.o
    0x200000b4   0x00000008   Data   RW         3634    .data               RTX_CM1.LIB(rt_task.o)
    0x200000bc   0x00000004   Data   RW         3772    .data               RTX_CM1.LIB(rt_time.o)
    0x200000c0   0x00000008   Data   RW         3804    .data               RTX_CM1.LIB(rt_timer.o)
    0x200000c8   0x00000008   Data   RW         3859    .data               RTX_CM1.LIB(rt_system.o)
    0x200000d0   0x00000008   Data   RW         4013    .data               RTX_CM1.LIB(rt_robin.o)
    0x200000d8   0x000000a0   Zero   RW          228    .bss                adc.o
    0x20000178   0x00000020   Zero   RW          318    .bss                pwm.o
    0x20000198   0x00000040   Zero   RW          347    .bss                serial.o
    0x200001d8   0x00000280   Zero   RW          377    .bss                interrupted_charging.o
    0x20000458   0x0000000a   Zero   RW          473    .bss                ui.o
    0x20000462   0x00000006   PAD
    0x20000468   0x00000190   Zero   RW          474    .bss                ui.o
    0x200005f8   0x00000140   Zero   RW          538    .bss                payment_control.o
    0x20000738   0x000000cc   Zero   RW         3529    .bss                rtx_conf_cm.o
    0x20000804   0x00000004   PAD
    0x20000808   0x00000290   Zero   RW         3530    .bss                rtx_conf_cm.o
    0x20000a98   0x00000084   Zero   RW         3531    .bss                rtx_conf_cm.o
    0x20000b1c   0x00000010   Zero   RW         3532    .bss                rtx_conf_cm.o
    0x20000b2c   0x00000014   Zero   RW         3533    .bss                rtx_conf_cm.o
    0x20000b40   0x00000030   Zero   RW         3633    .bss                RTX_CM1.LIB(rt_task.o)
    0x20000b70   0x00000030   Zero   RW         3942    .bss                RTX_CM1.LIB(rt_list.o)
    0x20000ba0   0x00000400   Zero   RW         3519    STACK               startup_stm32f0xx.o


==============================================================================

Image component sizes


      Code (inc. data)   RO Data    RW Data    ZI Data      Debug   Object Name

       740        104          0          4        160       8887   adc.o
       124          0          0          0          0        821   buzzer.o
      1498        476        197         40        640       3392   interrupted_charging.o
      1196        116          0          4          0       7834   lcd_hd44780.o
       432        292          0          0          0     167728   main.o
        52          8          0          4        320       1320   payment_control.o
       296         18          0         12          0       1429   perturb_and_observe.o
       352         30          0          2         32       1245   pwm.o
        12          0          0          4          0       2220   retarget.o
       236         62          0          0          0        727   rtc.o
       140         88         32          4       1028       1971   rtx_conf_cm.o
       452         20          0         56         64       3897   serial.o
        28          8        192          0       1024        640   startup_stm32f0xx.o
       300         12          0          0          0       3516   stm32f0xx_adc.o
       236         14          0          0          0       2426   stm32f0xx_dma.o
       152          6          0          0          0       1732   stm32f0xx_exti.o
       188          4          0          0          0       2227   stm32f0xx_gpio.o
       196          8          0          0          0        996   stm32f0xx_it.o
        80          8          0          0          0        956   stm32f0xx_misc.o
        52          6          0          0          0        739   stm32f0xx_pwr.o
       472         24          0         16          0       3685   stm32f0xx_rcc.o
       392         14          0          0          0       3511   stm32f0xx_rtc.o
        40          6          0          0          0        620   stm32f0xx_syscfg.o
       284         36          0          0          0       2138   stm32f0xx_tim.o
       360          8          0          0          0       3781   stm32f0xx_usart.o
       176         18          0         20          0       1141   system_stm32f0xx.o
      2104        364          0         12        410       3970   ui.o
       180          6          0          0          0        775   user_outputs.o

    ----------------------------------------------------------------------
     10770       1756        460        180       3688     234324   Object Totals
         0          0         32          0          0          0   (incl. Generated)
         0          0          7          2         10          0   (incl. Padding)

    ----------------------------------------------------------------------

      Code (inc. data)   RO Data    RW Data    ZI Data      Debug   Library Member Name

         4          4          0          0          0        136   SVC_Table.o
       468         50          0          0          0       1300   hal_cm1.o
       308         30          0          0          0       2776   rt_event.o
       480         30          0          0         48       6120   rt_list.o
       172          4          0          0          0        549   rt_mailbox.o
       140          0          0          0          0       1505   rt_membox.o
        92         22          0          8          0        906   rt_robin.o
        52          6          0          0          0        433   rt_semaphore.o
       290         58          0          8          0       3247   rt_system.o
       796        152          0          8         48       6034   rt_task.o
        22          6          0          4          0        878   rt_time.o
       196         24          0          8          0       1617   rt_timer.o
         0          0          0          0          0          0   entry.o
         8          4          0          0          0          0   entry2.o
         4          0          0          0          0          0   entry5.o
         0          0          0          0          0          0   entry7b.o
         8          4          0          0          0          0   entry8.o
        30          0          0          0          0          0   handlers.o
        36          8          0          0          0         68   init.o
         0          0          0          0          0          0   iusefp.o
       122          0          0          0          0         84   llmul.o
        32          0          0          0          0         68   llshl.o
        38          0          0          0          0         68   llsshr.o
        34          0          0          0          0         68   llushr.o
      2236        102          0          0          0        408   printfa.o
        44          0          0          0          0         72   uidiv.o
        96          0          0          0          0         84   uldiv.o
        40          2          0          0          0         68   cdrcmple.o
        20          0          0          0          0         68   cfcmple.o
        20          0          0          0          0         68   cfrcmple.o
       356          6          0          0          0        136   dadd.o
       240          6          0          0          0         80   ddiv.o
       238          0          0          0          0        212   depilogue.o
        60         10          0          0          0         68   dfixui.o
        64         10          0          0          0         68   dfixul.o
        40          6          0          0          0         68   dflti.o
        28          4          0          0          0         68   dfltui.o
       208          6          0          0          0         84   dmul.o
        40          0          0          0          0         60   f2d.o
       178          0          0          0          0        108   fadd.o
       128          0          0          0          0         72   fdiv.o
       132          0          0          0          0        144   fepilogue.o
        52          0          0          0          0         60   ffixi.o
        22          0          0          0          0         68   fflti.o
        14          0          0          0          0         68   ffltui.o
       122          0          0          0          0         72   fmul.o
        24          0          0          0          0         60   fscalb.o

    ----------------------------------------------------------------------
      7742        554          0         36         96      28121   Library Totals
         8          0          0          0          0          0   (incl. Padding)

    ----------------------------------------------------------------------

      Code (inc. data)   RO Data    RW Data    ZI Data      Debug   Library Name

      3020        386          0         36         96      25501   RTX_CM1.LIB
      2688        118          0          0          0        920   mc_p.l
      2026         50          0          0          0       1700   mf_p.l

    ----------------------------------------------------------------------
      7742        554          0         36         96      28121   Library Totals

    ----------------------------------------------------------------------

==============================================================================


      Code (inc. data)   RO Data    RW Data    ZI Data      Debug   

     18512       2310        460        216       3784     257213   Grand Totals
     18512       2310        460        216       3784     257213   ELF Image Totals
     18512       2310        460        216          0          0   ROM Totals

==============================================================================

    Total RO  Size (Code + RO Data)                18972 (  18.53kB)
    Total RW  Size (RW Data + ZI Data)              4000 (   3.91kB)
    Total ROM Size (Code + RO Data + RW Data)      19188 (  18.74kB)

==============================================================================

