ARM Linker, 5.02 [Build 28] [MDK-ARM Lite]

==============================================================================

Section Cross References

    main.o(.text) refers to adc.o(.text) for init_adc
    main.o(.text) refers to stm32f0xx_rcc.o(.text) for RCC_AHBPeriphClockCmd
    main.o(.text) refers to stm32f0xx_gpio.o(.text) for GPIO_Init
    main.o(.text) refers to stm32f0xx_syscfg.o(.text) for SYSCFG_EXTILineConfig
    main.o(.text) refers to stm32f0xx_exti.o(.text) for EXTI_Init
    main.o(.text) refers to stm32f0xx_misc.o(.text) for NVIC_Init
    main.o(.text) refers to stm32f0xx_rtc.o(.text) for RTC_TimeStructInit
    main.o(.text) refers to printfa.o(i.__0printf) for __2printf
    main.o(.text) refers to stm32f0xx_pwr.o(.text) for PWR_BackupAccessCmd
    main.o(.text) refers to mktime.o(.text) for mktime
    main.o(.text) refers to memcpya.o(.text) for __aeabi_memcpy4
    main.o(.text) refers to perturb_and_observe.o(.text) for perturb_and_observe
    main.o(.text) refers to rt_task.o(i.rt_tsk_create) for rt_tsk_create
    main.o(.text) refers to main.o(.data) for perturb_and_observe_t
    main.o(.text) refers to rt_task.o(i.rt_tsk_delete) for rt_tsk_delete
    main.o(.text) refers to serial.o(.data) for Serial
    retarget.o(.text) refers to serial.o(.text) for write_fcn
    adc.o(.text) refers to stm32f0xx_dma.o(.text) for DMA_GetFlagStatus
    adc.o(.text) refers to ffltui.o(.text) for __aeabi_ui2f
    adc.o(.text) refers to fmul.o(.text) for __aeabi_fmul
    adc.o(.text) refers to fdiv.o(.text) for __aeabi_fdiv
    adc.o(.text) refers to printfa.o(i.__0printf) for __2printf
    adc.o(.text) refers to f2d.o(.text) for __aeabi_f2d
    adc.o(.text) refers to stm32f0xx_rcc.o(.text) for RCC_AHBPeriphClockCmd
    adc.o(.text) refers to stm32f0xx_gpio.o(.text) for GPIO_StructInit
    adc.o(.text) refers to stm32f0xx_adc.o(.text) for ADC_DeInit
    adc.o(.text) refers to adc.o(.data) for RegularConvData_Tab
    adc.o(.text) refers to rt_time.o(i.rt_dly_wait) for rt_dly_wait
    perturb_and_observe.o(.text) refers to adc.o(.text) for get_adc_voltage
    perturb_and_observe.o(.text) refers to fmul.o(.text) for __aeabi_fmul
    perturb_and_observe.o(.text) refers to fadd.o(.text) for __aeabi_fsub
    perturb_and_observe.o(.text) refers to cfcmple.o(.text) for __aeabi_cfcmpeq
    perturb_and_observe.o(.text) refers to cfrcmple.o(.text) for __aeabi_cfrcmple
    perturb_and_observe.o(.text) refers to pwm.o(.text) for set_duty_cycle
    perturb_and_observe.o(.text) refers to f2d.o(.text) for __aeabi_f2d
    perturb_and_observe.o(.text) refers to printfa.o(i.__0printf) for __2printf
    perturb_and_observe.o(.text) refers to perturb_and_observe.o(.data) for p_panel_delay
    perturb_and_observe.o(.text) refers to rt_time.o(i.rt_dly_wait) for rt_dly_wait
    pwm.o(.text) refers to dflti.o(.text) for __aeabi_i2d
    pwm.o(.text) refers to f2d.o(.text) for __aeabi_f2d
    pwm.o(.text) refers to dadd.o(.text) for __aeabi_drsub
    pwm.o(.text) refers to dmul.o(.text) for __aeabi_dmul
    pwm.o(.text) refers to ddiv.o(.text) for __aeabi_ddiv
    pwm.o(.text) refers to dfixui.o(.text) for __aeabi_d2uiz
    pwm.o(.text) refers to stm32f0xx_tim.o(.text) for TIM_OC1Init
    pwm.o(.text) refers to stm32f0xx_rcc.o(.text) for RCC_AHBPeriphClockCmd
    pwm.o(.text) refers to stm32f0xx_gpio.o(.text) for GPIO_Init
    pwm.o(.text) refers to uidiv.o(.text) for __aeabi_uidivmod
    pwm.o(.text) refers to dfltui.o(.text) for __aeabi_ui2d
    pwm.o(.text) refers to d2f.o(.text) for __aeabi_d2f
    pwm.o(.text) refers to cfrcmple.o(.text) for __aeabi_cfrcmple
    pwm.o(.text) refers to pwm.o(.data) for TimerPeriod
    pwm.o(.text) refers to pwm.o(.bss) for TIM_OCInitStructure_PWM
    pwm.o(.text) refers to system_stm32f0xx.o(.data) for SystemCoreClock
    pwm.o(.text) refers to rt_time.o(i.rt_dly_wait) for rt_dly_wait
    serial.o(.text) refers to stm32f0xx_misc.o(.text) for NVIC_Init
    serial.o(.text) refers to stm32f0xx_rcc.o(.text) for RCC_AHBPeriphClockCmd
    serial.o(.text) refers to stm32f0xx_gpio.o(.text) for GPIO_PinAFConfig
    serial.o(.text) refers to stm32f0xx_usart.o(.text) for USART_Init
    serial.o(.text) refers to serial.o(.data) for USARTx
    serial.o(.text) refers to serial.o(.bss) for rcv_buff
    serial.o(.data) refers to serial.o(.text) for begin_fcn
    serial.o(.data) refers to serial.o(.bss) for rcv_buff
    interrupted_charging.o(.text) refers to pwm.o(.text) for init_pwm
    interrupted_charging.o(.text) refers to stm32f0xx_rcc.o(.text) for RCC_AHBPeriphClockCmd
    interrupted_charging.o(.text) refers to stm32f0xx_gpio.o(.text) for GPIO_StructInit
    interrupted_charging.o(.text) refers to adc.o(.text) for get_adc_voltage
    interrupted_charging.o(.text) refers to f2d.o(.text) for __aeabi_f2d
    interrupted_charging.o(.text) refers to printfa.o(i.__0printf) for __2printf
    interrupted_charging.o(.text) refers to interrupted_charging.o(i.__ARM_common_switch8) for __ARM_common_switch8
[...]
    STM32F0xx_StdPeriph_Driver\\src\\stm32f0xx_spi.c 0x00000000   Number         0  stm32f0xx_spi.o ABSOLUTE
    STM32F0xx_StdPeriph_Driver\\src\\stm32f0xx_syscfg.c 0x00000000   Number         0  stm32f0xx_syscfg.o ABSOLUTE
    STM32F0xx_StdPeriph_Driver\\src\\stm32f0xx_tim.c 0x00000000   Number         0  stm32f0xx_tim.o ABSOLUTE
    STM32F0xx_StdPeriph_Driver\\src\\stm32f0xx_usart.c 0x00000000   Number         0  stm32f0xx_usart.o ABSOLUTE
    STM32F0xx_StdPeriph_Driver\\src\\stm32f0xx_wwdg.c 0x00000000   Number         0  stm32f0xx_wwdg.o ABSOLUTE
    STM32F0xx_StdPeriph_Driver\src\stm32f0xx_adc.c 0x00000000   Number         0  stm32f0xx_adc.o ABSOLUTE
    STM32F0xx_StdPeriph_Driver\src\stm32f0xx_cec.c 0x00000000   Number         0  stm32f0xx_cec.o ABSOLUTE
    STM32F0xx_StdPeriph_Driver\src\stm32f0xx_comp.c 0x00000000   Number         0  stm32f0xx_comp.o ABSOLUTE
    STM32F0xx_StdPeriph_Driver\src\stm32f0xx_crc.c 0x00000000   Number         0  stm32f0xx_crc.o ABSOLUTE
    STM32F0xx_StdPeriph_Driver\src\stm32f0xx_dac.c 0x00000000   Number         0  stm32f0xx_dac.o ABSOLUTE
    STM32F0xx_StdPeriph_Driver\src\stm32f0xx_dbgmcu.c 0x00000000   Number         0  stm32f0xx_dbgmcu.o ABSOLUTE
    STM32F0xx_StdPeriph_Driver\src\stm32f0xx_dma.c 0x00000000   Number         0  stm32f0xx_dma.o ABSOLUTE
    STM32F0xx_StdPeriph_Driver\src\stm32f0xx_exti.c 0x00000000   Number         0  stm32f0xx_exti.o ABSOLUTE
    STM32F0xx_StdPeriph_Driver\src\stm32f0xx_flash.c 0x00000000   Number         0  stm32f0xx_flash.o ABSOLUTE
    STM32F0xx_StdPeriph_Driver\src\stm32f0xx_gpio.c 0x00000000   Number         0  stm32f0xx_gpio.o ABSOLUTE
    STM32F0xx_StdPeriph_Driver\src\stm32f0xx_i2c.c 0x00000000   Number         0  stm32f0xx_i2c.o ABSOLUTE
    STM32F0xx_StdPeriph_Driver\src\stm32f0xx_iwdg.c 0x00000000   Number         0  stm32f0xx_iwdg.o ABSOLUTE
    STM32F0xx_StdPeriph_Driver\src\stm32f0xx_misc.c 0x00000000   Number         0  stm32f0xx_misc.o ABSOLUTE
    STM32F0xx_StdPeriph_Driver\src\stm32f0xx_pwr.c 0x00000000   Number         0  stm32f0xx_pwr.o ABSOLUTE
    STM32F0xx_StdPeriph_Driver\src\stm32f0xx_rcc.c 0x00000000   Number         0  stm32f0xx_rcc.o ABSOLUTE
    STM32F0xx_StdPeriph_Driver\src\stm32f0xx_rtc.c 0x00000000   Number         0  stm32f0xx_rtc.o ABSOLUTE
    STM32F0xx_StdPeriph_Driver\src\stm32f0xx_spi.c 0x00000000   Number         0  stm32f0xx_spi.o ABSOLUTE
    STM32F0xx_StdPeriph_Driver\src\stm32f0xx_syscfg.c 0x00000000   Number         0  stm32f0xx_syscfg.o ABSOLUTE
    STM32F0xx_StdPeriph_Driver\src\stm32f0xx_tim.c 0x00000000   Number         0  stm32f0xx_tim.o ABSOLUTE
    STM32F0xx_StdPeriph_Driver\src\stm32f0xx_usart.c 0x00000000   Number         0  stm32f0xx_usart.o ABSOLUTE
    STM32F0xx_StdPeriph_Driver\src\stm32f0xx_wwdg.c 0x00000000   Number         0  stm32f0xx_wwdg.o ABSOLUTE
    adc.c                                    0x00000000   Number         0  adc.o ABSOLUTE
    adc.c                                    0x00000000   Number         0  adc.o ABSOLUTE
    cdrcmple.s                               0x00000000   Number         0  cdrcmple.o ABSOLUTE
    cfcmple.s                                0x00000000   Number         0  cfcmple.o ABSOLUTE
    cfrcmple.s                               0x00000000   Number         0  cfrcmple.o ABSOLUTE
    dc.s                                     0x00000000   Number         0  dc.o ABSOLUTE
    handlers.s                               0x00000000   Number         0  handlers.o ABSOLUTE
    init.s                                   0x00000000   Number         0  init.o ABSOLUTE
    interrupted_charging.c                   0x00000000   Number         0  interrupted_charging.o ABSOLUTE
    interrupted_charging.c                   0x00000000   Number         0  interrupted_charging.o ABSOLUTE
    lcd_hd44780.c                            0x00000000   Number         0  lcd_hd44780.o ABSOLUTE
    lcd_hd44780.c                            0x00000000   Number         0  lcd_hd44780.o ABSOLUTE
    main.c                                   0x00000000   Number         0  main.o ABSOLUTE
    main.c                                   0x00000000   Number         0  main.o ABSOLUTE
    perturb_and_observe.c                    0x00000000   Number         0  perturb_and_observe.o ABSOLUTE
    perturb_and_observe.c                    0x00000000   Number         0  perturb_and_observe.o ABSOLUTE
    pwm.c                                    0x00000000   Number         0  pwm.o ABSOLUTE
    pwm.c                                    0x00000000   Number         0  pwm.o ABSOLUTE
    serial.c                                 0x00000000   Number         0  serial.o ABSOLUTE
    serial.c                                 0x00000000   Number         0  serial.o ABSOLUTE
    stm32f0xx_it.c                           0x00000000   Number         0  stm32f0xx_it.o ABSOLUTE
    stm32f0xx_it.c                           0x00000000   Number         0  stm32f0xx_it.o ABSOLUTE
    system_stm32f0xx.c                       0x00000000   Number         0  system_stm32f0xx.o ABSOLUTE
    system_stm32f0xx.c                       0x00000000   Number         0  system_stm32f0xx.o ABSOLUTE
    RESET                                    0x08000000   Section      192  startup_stm32f0xx.o(RESET)
    .ARM.Collect$$$$00000000                 0x080000c0   Section        0  entry.o(.ARM.Collect$$$$00000000)
    .ARM.Collect$$$$00000001                 0x080000c0   Section        4  entry2.o(.ARM.Collect$$$$00000001)
    .ARM.Collect$$$$00000004                 0x080000c4   Section        4  entry5.o(.ARM.Collect$$$$00000004)
    .ARM.Collect$$$$00000008                 0x080000c8   Section        0  entry7b.o(.ARM.Collect$$$$00000008)
    .ARM.Collect$$$$00000009                 0x080000c8   Section        8  entry8.o(.ARM.Collect$$$$00000009)
    .ARM.Collect$$$$00002712                 0x080000d0   Section        4  entry2.o(.ARM.Collect$$$$00002712)
    __lit__00000000                          0x080000d0   Data           4  entry2.o(.ARM.Collect$$$$00002712)
    .emb_text                                0x080000d4   Section      392  hal_cm1.o(.emb_text)
    .text                                    0x0800025c   Section        0  main.o(.text)
    .text                                    0x08000500   Section        0  retarget.o(.text)
    .text                                    0x08000530   Section        0  adc.o(.text)
    .text                                    0x080007ec   Section        0  perturb_and_observe.o(.text)
    .text                                    0x0800098c   Section        0  pwm.o(.text)
    .text                                    0x08000b6c   Section        0  serial.o(.text)
    NVIC_Configuration                       0x08000b6d   Thumb Code    22  serial.o(.text)
    GPIO_Configuration_USART1                0x08000b83   Thumb Code    76  serial.o(.text)
    UART1_Init                               0x08000bcf   Thumb Code    60  serial.o(.text)
    .text                                    0x08000d90   Section        0  stm32f0xx_it.o(.text)
    .text                                    0x08000e04   Section        0  stm32f0xx_adc.o(.text)
    .text                                    0x080010e4   Section        0  stm32f0xx_dma.o(.text)
    .text                                    0x08001250   Section        0  stm32f0xx_exti.o(.text)
    .text                                    0x08001354   Section        0  stm32f0xx_gpio.o(.text)
    .text                                    0x08001534   Section        0  stm32f0xx_misc.o(.text)
    .text                                    0x080015e8   Section        0  stm32f0xx_pwr.o(.text)
    .text                                    0x08001720   Section        0  stm32f0xx_rcc.o(.text)
    .text                                    0x08001d0c   Section        0  stm32f0xx_rtc.o(.text)
    RTC_ByteToBcd2                           0x08001f0f   Thumb Code    28  stm32f0xx_rtc.o(.text)
    RTC_Bcd2ToByte                           0x08001f2b   Thumb Code    26  stm32f0xx_rtc.o(.text)
    .text                                    0x0800283c   Section        0  stm32f0xx_syscfg.o(.text)
    .text                                    0x0800292c   Section        0  stm32f0xx_tim.o(.text)
    TI4_Config                               0x0800306d   Thumb Code    66  stm32f0xx_tim.o(.text)
    TI3_Config                               0x080030c1   Thumb Code    66  stm32f0xx_tim.o(.text)
    TI2_Config                               0x08003117   Thumb Code   118  stm32f0xx_tim.o(.text)
    TI1_Config                               0x0800319d   Thumb Code    54  stm32f0xx_tim.o(.text)
    .text                                    0x080034f8   Section        0  stm32f0xx_usart.o(.text)
    .text                                    0x08003a68   Section        0  system_stm32f0xx.o(.text)
    SetSysClock                              0x08003a69   Thumb Code   120  system_stm32f0xx.o(.text)
    .text                                    0x08003c08   Section       28  startup_stm32f0xx.o(.text)
    .text                                    0x08003c24   Section        0  rtx_conf_cm.o(.text)
    .text                                    0x08003c48   Section        0  uidiv.o(.text)
    .text                                    0x08003c74   Section        0  mktime.o(.text)
    .text                                    0x08003d00   Section        0  memcpya.o(.text)
    .text                                    0x08003d24   Section        0  fadd.o(.text)
    .text                                    0x08003dd6   Section        0  fmul.o(.text)
    .text                                    0x08003e50   Section        0  fdiv.o(.text)
    .text                                    0x08003ed0   Section        0  dadd.o(.text)
    .text                                    0x08004034   Section        0  dmul.o(.text)
    .text                                    0x08004104   Section        0  ddiv.o(.text)
    .text                                    0x080041f4   Section        0  ffltui.o(.text)
    .text                                    0x08004204   Section        0  dflti.o(.text)
    .text                                    0x0800422c   Section        0  dfltui.o(.text)
    .text                                    0x08004248   Section        0  dfixui.o(.text)
    .text                                    0x08004284   Section        0  f2d.o(.text)
    .text                                    0x080042ac   Section        0  d2f.o(.text)
    .text                                    0x080042e4   Section       20  cfcmple.o(.text)
    .text                                    0x080042f8   Section       20  cfrcmple.o(.text)
    .text                                    0x0800430c   Section        0  idiv.o(.text)
    .text                                    0x08004334   Section        0  uldiv.o(.text)
    .text                                    0x08004394   Section        0  llshl.o(.text)
    .text                                    0x080043b4   Section        0  llushr.o(.text)
    .text                                    0x080043d6   Section        0  llsshr.o(.text)
    .text                                    0x080043fc   Section        0  localtime_i.o(.text)
    .text                                    0x08004470   Section        0  fepilogue.o(.text)
    .text                                    0x08004470   Section        0  iusefp.o(.text)
    .text                                    0x080044f4   Section        0  depilogue.o(.text)
    .text                                    0x080045b4   Section        0  dfixul.o(.text)
    .text                                    0x080045f4   Section       40  cdrcmple.o(.text)
    .text                                    0x0800461c   Section       36  init.o(.text)
    SVC_TABLE                                0x08004640   Section        4  SVC_Table.o(SVC_TABLE)
    i.__0printf                              0x08004644   Section        0  printfa.o(i.__0printf)
    i.__ARM_clz                              0x08004664   Section        0  depilogue.o(i.__ARM_clz)
    i.__scatterload_copy                     0x08004692   Section       14  handlers.o(i.__scatterload_copy)
    i.__scatterload_null                     0x080046a0   Section        2  handlers.o(i.__scatterload_null)
    i.__scatterload_zeroinit                 0x080046a2   Section       14  handlers.o(i.__scatterload_zeroinit)
    i._fp_digits                             0x080046b0   Section        0  printfa.o(i._fp_digits)
    _fp_digits                               0x080046b1   Thumb Code   314  printfa.o(i._fp_digits)
    i._printf_core                           0x08004808   Section        0  printfa.o(i._printf_core)
    _printf_core                             0x08004809   Thumb Code  1766  printfa.o(i._printf_core)
    i._printf_post_padding                   0x08004f00   Section        0  printfa.o(i._printf_post_padding)
    _printf_post_padding                     0x08004f01   Thumb Code    32  printfa.o(i._printf_post_padding)
    i._printf_pre_padding                    0x08004f20   Section        0  printfa.o(i._printf_pre_padding)
    _printf_pre_padding                      0x08004f21   Thumb Code    44  printfa.o(i._printf_pre_padding)
    i.os_tick_irqack                         0x08004f4c   Section        0  rt_system.o(i.os_tick_irqack)
    i.rt_alloc_box                           0x08004f4e   Section        0  rt_membox.o(i.rt_alloc_box)
    i.rt_block                               0x08004f6c   Section        0  rt_task.o(i.rt_block)
    i.rt_chk_robin                           0x08004fa4   Section        0  rt_robin.o(i.rt_chk_robin)
    i.rt_dec_dly                             0x08004fe8   Section        0  rt_list.o(i.rt_dec_dly)
    i.rt_dispatch                            0x08005060   Section        0  rt_task.o(i.rt_dispatch)
    i.rt_dly_wait                            0x080050a0   Section        0  rt_time.o(i.rt_dly_wait)
    i.rt_evt_psh                             0x080050ac   Section        0  rt_event.o(i.rt_evt_psh)
    i.rt_free_box                            0x080050f8   Section        0  rt_membox.o(i.rt_free_box)
    i.rt_get_first                           0x0800511e   Section        0  rt_list.o(i.rt_get_first)
    i.rt_init_context                        0x08005148   Section        0  rt_task.o(i.rt_init_context)
    rt_init_context                          0x08005149   Thumb Code    64  rt_task.o(i.rt_init_context)
    i.rt_init_stack                          0x0800518c   Section        0  hal_cm1.o(i.rt_init_stack)
    i.rt_mbx_psh                             0x080051d8   Section        0  rt_mailbox.o(i.rt_mbx_psh)
    i.rt_pop_req                             0x08005284   Section        0  rt_system.o(i.rt_pop_req)
    i.rt_put_dly                             0x080052f4   Section        0  rt_list.o(i.rt_put_dly)
    i.rt_put_prio                            0x08005344   Section        0  rt_list.o(i.rt_put_prio)
    i.rt_put_rdy_first                       0x08005380   Section        0  rt_list.o(i.rt_put_rdy_first)
    i.rt_rmv_dly                             0x08005394   Section        0  rt_list.o(i.rt_rmv_dly)
    i.rt_rmv_list                            0x080053c0   Section        0  rt_list.o(i.rt_rmv_list)
    i.rt_sem_psh                             0x080053f4   Section        0  rt_semaphore.o(i.rt_sem_psh)
    i.rt_stk_check                           0x08005428   Section        0  rt_system.o(i.rt_stk_check)
    i.rt_switch_req                          0x08005450   Section        0  rt_task.o(i.rt_switch_req)
    i.rt_systick                             0x08005460   Section        0  rt_system.o(i.rt_systick)
    i.rt_tmr_tick                            0x0800549c   Section        0  rt_timer.o(i.rt_tmr_tick)
    i.rt_tsk_create                          0x080054dc   Section        0  rt_task.o(i.rt_tsk_create)
    i.rt_tsk_delete                          0x08005558   Section        0  rt_task.o(i.rt_tsk_delete)
    .constdata                               0x080055f4   Section       40  rtx_conf_cm.o(.constdata)
    __tagsym$$used                           0x08005608   Number         0  rtx_conf_cm.o(.constdata)
    __tagsym$$used                           0x0800560c   Number         0  rtx_conf_cm.o(.constdata)
    .constdata                               0x0800561c   Section       12  mktime.o(.constdata)
    monlen                                   0x0800561c   Data          12  mktime.o(.constdata)
    .constdata                               0x08005628   Section       12  localtime_i.o(.constdata)
    monlen                                   0x08005628   Data          12  localtime_i.o(.constdata)
    .data                                    0x20000000   Section       20  main.o(.data)
    .data                                    0x20000014   Section        8  retarget.o(.data)
    .data                                    0x2000001c   Section        8  adc.o(.data)
    .data                                    0x20000024   Section       12  perturb_and_observe.o(.data)
    duty_cycle                               0x20000024   Data           4  perturb_and_observe.o(.data)
    p_panel_delay                            0x20000028   Data           4  perturb_and_observe.o(.data)
    v_panel_delay                            0x2000002c   Data           4  perturb_and_observe.o(.data)
    .data                                    0x20000030   Section        2  pwm.o(.data)
    .data                                    0x20000034   Section       56  serial.o(.data)
    pt_rcv_read                              0x20000058   Data           4  serial.o(.data)
    pt_rcv_write                             0x2000005c   Data           4  serial.o(.data)
    nb_rcv_buff_char                         0x20000060   Data           2  serial.o(.data)
    rcv_buff_overload                        0x20000062   Data           2  serial.o(.data)
    rcv_buff_full                            0x20000064   Data           1  serial.o(.data)
    USARTx                                   0x20000068   Data           4  serial.o(.data)
    .data                                    0x2000006c   Section       16  stm32f0xx_rcc.o(.data)
    APBAHBPrescTable                         0x2000006c   Data          16  stm32f0xx_rcc.o(.data)
    .data                                    0x2000007c   Section       20  system_stm32f0xx.o(.data)
    .data                                    0x20000090   Section        4  rtx_conf_cm.o(.data)
    .data                                    0x20000094   Section        8  rt_task.o(.data)
    .data                                    0x2000009c   Section        4  rt_time.o(.data)
    .data                                    0x200000a0   Section        8  rt_robin.o(.data)
    .data                                    0x200000a8   Section        8  rt_timer.o(.data)
    .bss                                     0x200000b0   Section       32  pwm.o(.bss)
    .bss                                     0x200000d0   Section       64  serial.o(.bss)
    rcv_buff                                 0x200000d0   Data          64  serial.o(.bss)
    .bss                                     0x20000110   Section     2368  rtx_conf_cm.o(.bss)
    .bss                                     0x20000a50   Section       48  rt_list.o(.bss)
    STACK                                    0x20000a80   Section     1024  startup_stm32f0xx.o(STACK)

    Global Symbols

    Symbol Name                              Value     Ov Type        Size  Object(Section)

    BuildAttributes$$THM_ISAv3M$S$PE$A:L22$X:L11$S22$IEEE1$IW$USESV6$~STKCKD$USESV7$~SHL$OTIME$ROPI$EBA8$MICROLIB$REQ8$PRES8$EABIv2 0x00000000   Number         0  anon$$obj.o ABSOLUTE
    __ARM_use_no_argv                        0x00000000   Number         0  main.o ABSOLUTE
    __use_no_errno                           0x00000000   Number         0  useno.o ABSOLUTE
    __use_no_exception_handling              0x00000000   Number         0  useno.o ABSOLUTE
    __use_no_fp                              0x00000000   Number         0  useno.o ABSOLUTE
    __use_no_heap                            0x00000000   Number         0  useno.o ABSOLUTE
    __use_no_heap_region                     0x00000000   Number         0  useno.o ABSOLUTE
    __use_no_semihosting                     0x00000000   Number         0  useno.o ABSOLUTE
    __use_no_semihosting_swi                 0x00000000   Number         0  useno.o ABSOLUTE
    __use_no_signal_handling                 0x00000000   Number         0  useno.o ABSOLUTE
    _printf_a                                0x00000000   Number         0  stubs.o ABSOLUTE
    _printf_c                                0x00000000   Number         0  stubs.o ABSOLUTE
    _printf_charcount                        0x00000000   Number         0  stubs.o ABSOLUTE
    _printf_d                                0x00000000   Number         0  stubs.o ABSOLUTE
    _printf_e                                0x00000000   Number         0  stubs.o ABSOLUTE
    _printf_f                                0x00000000   Number         0  stubs.o ABSOLUTE
    _printf_flags                            0x00000000   Number         0  stubs.o ABSOLUTE
    _printf_fp_dec                           0x00000000   Number         0  stubs.o ABSOLUTE
    _printf_fp_hex                           0x00000000   Number         0  stubs.o ABSOLUTE
    _printf_g                                0x00000000   Number         0  stubs.o ABSOLUTE
    _printf_i                                0x00000000   Number         0  stubs.o ABSOLUTE
    _printf_int_dec                          0x00000000   Number         0  stubs.o ABSOLUTE
    _printf_l                                0x00000000   Number         0  stubs.o ABSOLUTE
    _printf_lc                               0x00000000   Number         0  stubs.o ABSOLUTE
    _printf_ll                               0x00000000   Number         0  stubs.o ABSOLUTE
    _printf_lld                              0x00000000   Number         0  stubs.o ABSOLUTE
    _printf_lli                              0x00000000   Number         0  stubs.o ABSOLUTE
    _printf_llo                              0x00000000   Number         0  stubs.o ABSOLUTE
    _printf_llu                              0x00000000   Number         0  stubs.o ABSOLUTE
    _printf_llx                              0x00000000   Number         0  stubs.o ABSOLUTE
    _printf_longlong_dec                     0x00000000   Number         0  stubs.o ABSOLUTE
    _printf_longlong_hex                     0x00000000   Number         0  stubs.o ABSOLUTE
    _printf_longlong_oct                     0x00000000   Number         0  stubs.o ABSOLUTE
    _printf_ls                               0x00000000   Number         0  stubs.o ABSOLUTE
    _printf_mbtowc                           0x00000000   Number         0  stubs.o ABSOLUTE
    _printf_n                                0x00000000   Number         0  stubs.o ABSOLUTE
    _printf_o                                0x00000000   Number         0  stubs.o ABSOLUTE
    _printf_p                                0x00000000   Number         0  stubs.o ABSOLUTE
    _printf_percent                          0x00000000   Number         0  stubs.o ABSOLUTE
    _printf_pre_padding                      0x00000000   Number         0  stubs.o ABSOLUTE
    _printf_return_value                     0x00000000   Number         0  stubs.o ABSOLUTE
    _printf_s                                0x00000000   Number         0  stubs.o ABSOLUTE
    _printf_sizespec                         0x00000000   Number         0  stubs.o ABSOLUTE
    _printf_str                              0x00000000   Number         0  stubs.o ABSOLUTE
    _printf_truncate_signed                  0x00000000   Number         0  stubs.o ABSOLUTE
    _printf_truncate_unsigned                0x00000000   Number         0  stubs.o ABSOLUTE
    _printf_u                                0x00000000   Number         0  stubs.o ABSOLUTE
    _printf_wc                               0x00000000   Number         0  stubs.o ABSOLUTE
    _printf_wctomb                           0x00000000   Number         0  stubs.o ABSOLUTE
    _printf_widthprec                        0x00000000   Number         0  stubs.o ABSOLUTE
    _printf_x                                0x00000000   Number         0  stubs.o ABSOLUTE
    __decompress                              - Undefined Weak Reference
    _clock_init                               - Undefined Weak Reference
    __Vectors_Size                           0x000000c0   Number         0  startup_stm32f0xx.o ABSOLUTE
    __RL_RTX_VER                             0x00000460   Number         0  rt_system.o ABSOLUTE
    __Vectors                                0x08000000   Data           4  startup_stm32f0xx.o(RESET)
    __Vectors_End                            0x080000c0   Data           0  startup_stm32f0xx.o(RESET)
    __main                                   0x080000c1   Thumb Code     0  entry.o(.ARM.Collect$$$$00000000)
    _main_stk                                0x080000c1   Thumb Code     0  entry2.o(.ARM.Collect$$$$00000001)
    _main_scatterload                        0x080000c5   Thumb Code     0  entry5.o(.ARM.Collect$$$$00000004)
    __main_after_scatterload                 0x080000c9   Thumb Code     0  entry5.o(.ARM.Collect$$$$00000004)
    _main_clock                              0x080000c9   Thumb Code     0  entry7b.o(.ARM.Collect$$$$00000008)
    _main_init                               0x080000c9   Thumb Code     0  entry8.o(.ARM.Collect$$$$00000009)
    rt_set_PSP                               0x080000d5   Thumb Code     6  hal_cm1.o(.emb_text)
    rt_get_PSP                               0x080000db   Thumb Code     6  hal_cm1.o(.emb_text)
    os_set_env                               0x080000e1   Thumb Code    32  hal_cm1.o(.emb_text)
    _alloc_box                               0x08000105   Thumb Code    28  hal_cm1.o(.emb_text)
    _free_box                                0x08000125   Thumb Code    28  hal_cm1.o(.emb_text)
    SVC_Handler                              0x08000145   Thumb Code   152  hal_cm1.o(.emb_text)
    PendSV_Handler                           0x080001e9   Thumb Code    92  hal_cm1.o(.emb_text)
    SysTick_Handler                          0x08000249   Thumb Code     8  hal_cm1.o(.emb_text)
    OS_Tick_Handler                          0x08000251   Thumb Code    12  hal_cm1.o(.emb_text)
    delay                                    0x0800025d   Thumb Code    14  main.o(.text)
    init                                     0x0800026b   Thumb Code    30  main.o(.text)
    dc_outputs_config                        0x08000289   Thumb Code    44  main.o(.text)
    EXTI0_Config                             0x080002b5   Thumb Code   138  main.o(.text)
    usb_outputs_config                       0x0800033f   Thumb Code    44  main.o(.text)
    print_time_date                          0x0800036b   Thumb Code    68  main.o(.text)
    setup_rtc                                0x080003af   Thumb Code    66  main.o(.text)
    main                                     0x080003f1   Thumb Code    46  main.o(.text)
    get_time_struct                          0x0800041f   Thumb Code    92  main.o(.text)
    assert_failed                            0x0800047b   Thumb Code    18  main.o(.text)
    fputc                                    0x08000501   Thumb Code    16  retarget.o(.text)
    fgetc                                    0x08000511   Thumb Code     6  retarget.o(.text)
    ferror                                   0x08000517   Thumb Code     8  retarget.o(.text)
    _ttywrch                                 0x0800051f   Thumb Code    12  retarget.o(.text)
    _sys_exit                                0x0800052b   Thumb Code     4  retarget.o(.text)
    get_adc_voltage                          0x08000531   Thumb Code   186  adc.o(.text)
    adc_test                                 0x080005eb   Thumb Code   112  adc.o(.text)
    init_adc                                 0x0800065b   Thumb Code   258  adc.o(.text)
    perturb_and_observe_itter                0x080007ed   Thumb Code   294  perturb_and_observe.o(.text)
    perturb_and_observe                      0x08000913   Thumb Code    28  perturb_and_observe.o(.text)
    set_duty_cycle                           0x0800098d   Thumb Code    86  pwm.o(.text)
    TIM_Config                               0x080009e3   Thumb Code    94  pwm.o(.text)
    init_pwm                                 0x08000a41   Thumb Code   174  pwm.o(.text)
    pwm_out                                  0x08000aef   Thumb Code    68  pwm.o(.text)
    putchar                                  0x08000c0b   Thumb Code    36  serial.o(.text)
    begin_fcn                                0x08000c2f   Thumb Code    16  serial.o(.text)
    available_fcn                            0x08000c3f   Thumb Code     6  serial.o(.text)
    flush_fcn                                0x08000c45   Thumb Code    26  serial.o(.text)
    read_fcn                                 0x08000c5f   Thumb Code    62  serial.o(.text)
    peek_fcn                                 0x08000c9d   Thumb Code    18  serial.o(.text)
    write_fcn                                0x08000caf   Thumb Code    12  serial.o(.text)
    print_fcn                                0x08000cbb   Thumb Code    24  serial.o(.text)
    println_fcn                              0x08000cd3   Thumb Code    24  serial.o(.text)
    USART1_IRQHandler                        0x08000ceb   Thumb Code   122  serial.o(.text)
    NMI_Handler                              0x08000d91   Thumb Code     2  stm32f0xx_it.o(.text)
    HardFault_Handler                        0x08000d93   Thumb Code     4  stm32f0xx_it.o(.text)
    EXTI0_1_IRQHandler                       0x08000d97   Thumb Code    46  stm32f0xx_it.o(.text)
    EXTI4_15_IRQHandler                      0x08000dc5   Thumb Code    52  stm32f0xx_it.o(.text)
    ADC_DeInit                               0x08000e05   Thumb Code    28  stm32f0xx_adc.o(.text)
    ADC_Init                                 0x08000e21   Thumb Code    40  stm32f0xx_adc.o(.text)
    ADC_StructInit                           0x08000e49   Thumb Code    16  stm32f0xx_adc.o(.text)
    ADC_Cmd                                  0x08000e59   Thumb Code    24  stm32f0xx_adc.o(.text)
    ADC_JitterCmd                            0x08000e71   Thumb Code    20  stm32f0xx_adc.o(.text)
    ADC_AutoPowerOffCmd                      0x08000e85   Thumb Code    28  stm32f0xx_adc.o(.text)
    ADC_WaitModeCmd                          0x08000ea1   Thumb Code    28  stm32f0xx_adc.o(.text)
    ADC_AnalogWatchdogCmd                    0x08000ebd   Thumb Code    28  stm32f0xx_adc.o(.text)
    ADC_AnalogWatchdogThresholdsConfig       0x08000ed9   Thumb Code     8  stm32f0xx_adc.o(.text)
    ADC_AnalogWatchdogSingleChannelConfig    0x08000ee1   Thumb Code    28  stm32f0xx_adc.o(.text)
    ADC_AnalogWatchdogSingleChannelCmd       0x08000efd   Thumb Code    28  stm32f0xx_adc.o(.text)
    ADC_TempSensorCmd                        0x08000f19   Thumb Code    36  stm32f0xx_adc.o(.text)
    ADC_VrefintCmd                           0x08000f3d   Thumb Code    36  stm32f0xx_adc.o(.text)
    ADC_VbatCmd                              0x08000f61   Thumb Code    36  stm32f0xx_adc.o(.text)
    ADC_ChannelConfig                        0x08000f85   Thumb Code    24  stm32f0xx_adc.o(.text)
    ADC_ContinuousModeCmd                    0x08000f9d   Thumb Code    28  stm32f0xx_adc.o(.text)
    ADC_DiscModeCmd                          0x08000fb9   Thumb Code    28  stm32f0xx_adc.o(.text)
    ADC_OverrunModeCmd                       0x08000fd5   Thumb Code    28  stm32f0xx_adc.o(.text)
    ADC_GetCalibrationFactor                 0x08000ff1   Thumb Code    58  stm32f0xx_adc.o(.text)
    ADC_StopOfConversion                     0x0800102b   Thumb Code    10  stm32f0xx_adc.o(.text)
    ADC_StartOfConversion                    0x08001035   Thumb Code    10  stm32f0xx_adc.o(.text)
    ADC_GetConversionValue                   0x0800103f   Thumb Code     8  stm32f0xx_adc.o(.text)
    ADC_DMACmd                               0x08001047   Thumb Code    24  stm32f0xx_adc.o(.text)
    ADC_DMARequestModeConfig                 0x0800105f   Thumb Code    16  stm32f0xx_adc.o(.text)
    ADC_ITConfig                             0x0800106f   Thumb Code    20  stm32f0xx_adc.o(.text)
    ADC_GetFlagStatus                        0x08001083   Thumb Code    44  stm32f0xx_adc.o(.text)
    ADC_ClearFlag                            0x080010af   Thumb Code     4  stm32f0xx_adc.o(.text)
    ADC_GetITStatus                          0x080010b3   Thumb Code    32  stm32f0xx_adc.o(.text)
    ADC_ClearITPendingBit                    0x080010d3   Thumb Code     4  stm32f0xx_adc.o(.text)
    DMA_DeInit                               0x080010e5   Thumb Code   152  stm32f0xx_dma.o(.text)
    DMA_Init                                 0x0800117d   Thumb Code    58  stm32f0xx_dma.o(.text)
    DMA_StructInit                           0x080011b7   Thumb Code    26  stm32f0xx_dma.o(.text)
    DMA_Cmd                                  0x080011d1   Thumb Code    24  stm32f0xx_dma.o(.text)
    DMA_SetCurrDataCounter                   0x080011e9   Thumb Code     4  stm32f0xx_dma.o(.text)
    DMA_GetCurrDataCounter                   0x080011ed   Thumb Code     8  stm32f0xx_dma.o(.text)
    DMA_ITConfig                             0x080011f5   Thumb Code    20  stm32f0xx_dma.o(.text)
    DMA_GetFlagStatus                        0x08001209   Thumb Code    22  stm32f0xx_dma.o(.text)
    DMA_ClearFlag                            0x0800121f   Thumb Code     8  stm32f0xx_dma.o(.text)
    DMA_GetITStatus                          0x08001227   Thumb Code    22  stm32f0xx_dma.o(.text)
    DMA_ClearITPendingBit                    0x0800123d   Thumb Code     8  stm32f0xx_dma.o(.text)
    EXTI_DeInit                              0x08001251   Thumb Code    20  stm32f0xx_exti.o(.text)
    EXTI_Init                                0x08001265   Thumb Code   132  stm32f0xx_exti.o(.text)
    EXTI_StructInit                          0x080012e9   Thumb Code    16  stm32f0xx_exti.o(.text)
    EXTI_GenerateSWInterrupt                 0x080012f9   Thumb Code    12  stm32f0xx_exti.o(.text)
    EXTI_GetFlagStatus                       0x08001305   Thumb Code    20  stm32f0xx_exti.o(.text)
    EXTI_ClearFlag                           0x08001319   Thumb Code     6  stm32f0xx_exti.o(.text)
    EXTI_GetITStatus                         0x0800131f   Thumb Code    34  stm32f0xx_exti.o(.text)
    EXTI_ClearITPendingBit                   0x08001341   Thumb Code     6  stm32f0xx_exti.o(.text)
    GPIO_DeInit                              0x08001355   Thumb Code   132  stm32f0xx_gpio.o(.text)
    GPIO_Init                                0x080013d9   Thumb Code   144  stm32f0xx_gpio.o(.text)
    GPIO_StructInit                          0x08001469   Thumb Code    20  stm32f0xx_gpio.o(.text)
    GPIO_PinLockConfig                       0x0800147d   Thumb Code    22  stm32f0xx_gpio.o(.text)
    GPIO_ReadInputDataBit                    0x08001493   Thumb Code    18  stm32f0xx_gpio.o(.text)
    GPIO_ReadInputData                       0x080014a5   Thumb Code     6  stm32f0xx_gpio.o(.text)
    GPIO_ReadOutputDataBit                   0x080014ab   Thumb Code    18  stm32f0xx_gpio.o(.text)
    GPIO_ReadOutputData                      0x080014bd   Thumb Code     6  stm32f0xx_gpio.o(.text)
    GPIO_SetBits                             0x080014c3   Thumb Code     4  stm32f0xx_gpio.o(.text)
    GPIO_ResetBits                           0x080014c7   Thumb Code     4  stm32f0xx_gpio.o(.text)
    GPIO_WriteBit                            0x080014cb   Thumb Code    12  stm32f0xx_gpio.o(.text)
    GPIO_Write                               0x080014d7   Thumb Code     4  stm32f0xx_gpio.o(.text)
    GPIO_PinAFConfig                         0x080014db   Thumb Code    68  stm32f0xx_gpio.o(.text)
    NVIC_Init                                0x08001535   Thumb Code   106  stm32f0xx_misc.o(.text)
    NVIC_SystemLPConfig                      0x0800159f   Thumb Code    28  stm32f0xx_misc.o(.text)
    SysTick_CLKSourceConfig                  0x080015bb   Thumb Code    32  stm32f0xx_misc.o(.text)
    PWR_DeInit                               0x080015e9   Thumb Code    22  stm32f0xx_pwr.o(.text)
    PWR_BackupAccessCmd                      0x080015ff   Thumb Code    36  stm32f0xx_pwr.o(.text)
    PWR_PVDLevelConfig                       0x08001623   Thumb Code    28  stm32f0xx_pwr.o(.text)
    PWR_PVDCmd                               0x0800163f   Thumb Code    32  stm32f0xx_pwr.o(.text)
    PWR_WakeUpPinCmd                         0x0800165f   Thumb Code    28  stm32f0xx_pwr.o(.text)
    PWR_EnterSleepMode                       0x0800167b   Thumb Code    24  stm32f0xx_pwr.o(.text)
    PWR_EnterSTOPMode                        0x08001693   Thumb Code    60  stm32f0xx_pwr.o(.text)
    PWR_EnterSTANDBYMode                     0x080016cf   Thumb Code    40  stm32f0xx_pwr.o(.text)
    PWR_GetFlagStatus                        0x080016f7   Thumb Code    20  stm32f0xx_pwr.o(.text)
    PWR_ClearFlag                            0x0800170b   Thumb Code    14  stm32f0xx_pwr.o(.text)
    RCC_DeInit                               0x08001721   Thumb Code   104  stm32f0xx_rcc.o(.text)
    RCC_HSEConfig                            0x08001789   Thumb Code    12  stm32f0xx_rcc.o(.text)
    RCC_GetFlagStatus                        0x08001795   Thumb Code    66  stm32f0xx_rcc.o(.text)
    RCC_WaitForHSEStartUp                    0x080017d7   Thumb Code    52  stm32f0xx_rcc.o(.text)
    RCC_AdjustHSICalibrationValue            0x0800180b   Thumb Code    26  stm32f0xx_rcc.o(.text)
    RCC_HSICmd                               0x08001825   Thumb Code    32  stm32f0xx_rcc.o(.text)
    RCC_AdjustHSI14CalibrationValue          0x08001845   Thumb Code    26  stm32f0xx_rcc.o(.text)
    RCC_HSI14Cmd                             0x0800185f   Thumb Code    32  stm32f0xx_rcc.o(.text)
    RCC_HSI14ADCRequestCmd                   0x0800187f   Thumb Code    32  stm32f0xx_rcc.o(.text)
    RCC_LSEConfig                            0x0800189f   Thumb Code    34  stm32f0xx_rcc.o(.text)
    RCC_LSEDriveConfig                       0x080018c1   Thumb Code    22  stm32f0xx_rcc.o(.text)
    RCC_LSICmd                               0x080018d7   Thumb Code    32  stm32f0xx_rcc.o(.text)
    RCC_PLLConfig                            0x080018f7   Thumb Code    30  stm32f0xx_rcc.o(.text)
    RCC_PLLCmd                               0x08001915   Thumb Code    36  stm32f0xx_rcc.o(.text)
    RCC_PREDIV1Config                        0x08001939   Thumb Code    24  stm32f0xx_rcc.o(.text)
    RCC_ClockSecuritySystemCmd               0x08001951   Thumb Code    36  stm32f0xx_rcc.o(.text)
    RCC_MCOConfig                            0x08001975   Thumb Code     6  stm32f0xx_rcc.o(.text)
    RCC_SYSCLKConfig                         0x0800197b   Thumb Code    24  stm32f0xx_rcc.o(.text)
    RCC_GetSYSCLKSource                      0x08001993   Thumb Code    10  stm32f0xx_rcc.o(.text)
    RCC_HCLKConfig                           0x0800199d   Thumb Code    28  stm32f0xx_rcc.o(.text)
    RCC_PCLKConfig                           0x080019b9   Thumb Code    30  stm32f0xx_rcc.o(.text)
    RCC_ADCCLKConfig                         0x080019d7   Thumb Code    52  stm32f0xx_rcc.o(.text)
    RCC_CECCLKConfig                         0x08001a0b   Thumb Code    22  stm32f0xx_rcc.o(.text)
    RCC_I2CCLKConfig                         0x08001a21   Thumb Code    22  stm32f0xx_rcc.o(.text)
    RCC_USARTCLKConfig                       0x08001a37   Thumb Code    22  stm32f0xx_rcc.o(.text)
    RCC_GetClocksFreq                        0x08001a4d   Thumb Code   368  stm32f0xx_rcc.o(.text)
    RCC_RTCCLKConfig                         0x08001bbd   Thumb Code    12  stm32f0xx_rcc.o(.text)
    RCC_RTCCLKCmd                            0x08001bc9   Thumb Code    36  stm32f0xx_rcc.o(.text)
    RCC_BackupResetCmd                       0x08001bed   Thumb Code    36  stm32f0xx_rcc.o(.text)
    RCC_AHBPeriphClockCmd                    0x08001c11   Thumb Code    28  stm32f0xx_rcc.o(.text)
    RCC_APB2PeriphClockCmd                   0x08001c2d   Thumb Code    28  stm32f0xx_rcc.o(.text)
    RCC_APB1PeriphClockCmd                   0x08001c49   Thumb Code    28  stm32f0xx_rcc.o(.text)
    RCC_AHBPeriphResetCmd                    0x08001c65   Thumb Code    28  stm32f0xx_rcc.o(.text)
    RCC_APB2PeriphResetCmd                   0x08001c81   Thumb Code    28  stm32f0xx_rcc.o(.text)
    RCC_APB1PeriphResetCmd                   0x08001c9d   Thumb Code    28  stm32f0xx_rcc.o(.text)
    RCC_ITConfig                             0x08001cb9   Thumb Code    28  stm32f0xx_rcc.o(.text)
    RCC_ClearFlag                            0x08001cd5   Thumb Code    16  stm32f0xx_rcc.o(.text)
    RCC_GetITStatus                          0x08001ce5   Thumb Code    20  stm32f0xx_rcc.o(.text)
    RCC_ClearITPendingBit                    0x08001cf9   Thumb Code     6  stm32f0xx_rcc.o(.text)
    RTC_WaitForSynchro                       0x08001d0d   Thumb Code    92  stm32f0xx_rtc.o(.text)
    RTC_EnterInitMode                        0x08001d69   Thumb Code    70  stm32f0xx_rtc.o(.text)
    RTC_DeInit                               0x08001daf   Thumb Code    96  stm32f0xx_rtc.o(.text)
    RTC_ExitInitMode                         0x08001e0f   Thumb Code    14  stm32f0xx_rtc.o(.text)
    RTC_Init                                 0x08001e1d   Thumb Code    84  stm32f0xx_rtc.o(.text)
    RTC_StructInit                           0x08001e71   Thumb Code    14  stm32f0xx_rtc.o(.text)
    RTC_WriteProtectionCmd                   0x08001e7f   Thumb Code    24  stm32f0xx_rtc.o(.text)
    RTC_RefClockCmd                          0x08001e97   Thumb Code    72  stm32f0xx_rtc.o(.text)
    RTC_BypassShadowCmd                      0x08001edf   Thumb Code    48  stm32f0xx_rtc.o(.text)
    RTC_SetTime                              0x08001f45   Thumb Code   202  stm32f0xx_rtc.o(.text)
    RTC_TimeStructInit                       0x0800200f   Thumb Code    12  stm32f0xx_rtc.o(.text)
    RTC_GetTime                              0x0800201b   Thumb Code    84  stm32f0xx_rtc.o(.text)
    RTC_GetSubSecond                         0x0800206f   Thumb Code    10  stm32f0xx_rtc.o(.text)
    RTC_SetDate                              0x08002079   Thumb Code   214  stm32f0xx_rtc.o(.text)
    RTC_DateStructInit                       0x0800214f   Thumb Code    14  stm32f0xx_rtc.o(.text)
    RTC_GetDate                              0x0800215d   Thumb Code    88  stm32f0xx_rtc.o(.text)
    RTC_SetAlarm                             0x080021b5   Thumb Code   206  stm32f0xx_rtc.o(.text)
    RTC_AlarmStructInit                      0x08002283   Thumb Code    22  stm32f0xx_rtc.o(.text)
    RTC_GetAlarm                             0x08002299   Thumb Code   112  stm32f0xx_rtc.o(.text)
    RTC_AlarmCmd                             0x08002309   Thumb Code    96  stm32f0xx_rtc.o(.text)
    RTC_AlarmSubSecondConfig                 0x08002369   Thumb Code    34  stm32f0xx_rtc.o(.text)
    RTC_GetAlarmSubSecond                    0x0800238b   Thumb Code    16  stm32f0xx_rtc.o(.text)
    RTC_DayLightSavingConfig                 0x0800239b   Thumb Code    44  stm32f0xx_rtc.o(.text)
    RTC_GetStoreOperation                    0x080023c7   Thumb Code    12  stm32f0xx_rtc.o(.text)
    RTC_OutputConfig                         0x080023d3   Thumb Code    44  stm32f0xx_rtc.o(.text)
    RTC_CalibOutputCmd                       0x080023ff   Thumb Code    52  stm32f0xx_rtc.o(.text)
    RTC_CalibOutputConfig                    0x08002433   Thumb Code    38  stm32f0xx_rtc.o(.text)
    RTC_SmoothCalibConfig                    0x08002459   Thumb Code    86  stm32f0xx_rtc.o(.text)
    RTC_TimeStampCmd                         0x080024af   Thumb Code    56  stm32f0xx_rtc.o(.text)
    RTC_GetTimeStamp                         0x080024e7   Thumb Code   174  stm32f0xx_rtc.o(.text)
    RTC_GetTimeStampSubSecond                0x08002595   Thumb Code     6  stm32f0xx_rtc.o(.text)
    RTC_TamperTriggerConfig                  0x0800259b   Thumb Code    40  stm32f0xx_rtc.o(.text)
    RTC_TamperCmd                            0x080025c3   Thumb Code    36  stm32f0xx_rtc.o(.text)
    RTC_TamperFilterConfig                   0x080025e7   Thumb Code    28  stm32f0xx_rtc.o(.text)
    RTC_TamperSamplingFreqConfig             0x08002603   Thumb Code    28  stm32f0xx_rtc.o(.text)
    RTC_TamperPinsPrechargeDuration          0x0800261f   Thumb Code    28  stm32f0xx_rtc.o(.text)
    RTC_TimeStampOnTamperDetectionCmd        0x0800263b   Thumb Code    40  stm32f0xx_rtc.o(.text)
    RTC_TamperPullUpCmd                      0x08002663   Thumb Code    44  stm32f0xx_rtc.o(.text)
    RTC_WriteBackupRegister                  0x0800268f   Thumb Code    14  stm32f0xx_rtc.o(.text)
    RTC_ReadBackupRegister                   0x0800269d   Thumb Code    16  stm32f0xx_rtc.o(.text)
    RTC_OutputTypeConfig                     0x080026ad   Thumb Code    28  stm32f0xx_rtc.o(.text)
    RTC_SynchroShiftConfig                   0x080026c9   Thumb Code   110  stm32f0xx_rtc.o(.text)
    RTC_ITConfig                             0x08002737   Thumb Code    94  stm32f0xx_rtc.o(.text)
    RTC_GetFlagStatus                        0x08002795   Thumb Code    32  stm32f0xx_rtc.o(.text)
    RTC_ClearFlag                            0x080027b5   Thumb Code    26  stm32f0xx_rtc.o(.text)
    RTC_GetITStatus                          0x080027cf   Thumb Code    70  stm32f0xx_rtc.o(.text)
    RTC_ClearITPendingBit                    0x08002815   Thumb Code    30  stm32f0xx_rtc.o(.text)
    SYSCFG_DeInit                            0x0800283d   Thumb Code    40  stm32f0xx_syscfg.o(.text)
    SYSCFG_MemoryRemapConfig                 0x08002865   Thumb Code    24  stm32f0xx_syscfg.o(.text)
    SYSCFG_DMAChannelRemapConfig             0x0800287d   Thumb Code    28  stm32f0xx_syscfg.o(.text)
    SYSCFG_I2CFastModePlusConfig             0x08002899   Thumb Code    28  stm32f0xx_syscfg.o(.text)
    SYSCFG_EXTILineConfig                    0x080028b5   Thumb Code    66  stm32f0xx_syscfg.o(.text)
    SYSCFG_BreakConfig                       0x080028f7   Thumb Code    12  stm32f0xx_syscfg.o(.text)
    SYSCFG_GetFlagStatus                     0x08002903   Thumb Code    24  stm32f0xx_syscfg.o(.text)
    SYSCFG_ClearFlag                         0x0800291b   Thumb Code    12  stm32f0xx_syscfg.o(.text)
    TIM_DeInit                               0x0800292d   Thumb Code   204  stm32f0xx_tim.o(.text)
    TIM_TimeBaseInit                         0x080029f9   Thumb Code    90  stm32f0xx_tim.o(.text)
    TIM_TimeBaseStructInit                   0x08002a53   Thumb Code    18  stm32f0xx_tim.o(.text)
    TIM_PrescalerConfig                      0x08002a65   Thumb Code     6  stm32f0xx_tim.o(.text)
    TIM_CounterModeConfig                    0x08002a6b   Thumb Code    20  stm32f0xx_tim.o(.text)
    TIM_SetCounter                           0x08002a7f   Thumb Code     4  stm32f0xx_tim.o(.text)
    TIM_SetAutoreload                        0x08002a83   Thumb Code     4  stm32f0xx_tim.o(.text)
    TIM_GetCounter                           0x08002a87   Thumb Code     6  stm32f0xx_tim.o(.text)
    TIM_GetPrescaler                         0x08002a8d   Thumb Code     6  stm32f0xx_tim.o(.text)
    TIM_UpdateDisableConfig                  0x08002a93   Thumb Code    26  stm32f0xx_tim.o(.text)
    TIM_UpdateRequestConfig                  0x08002aad   Thumb Code    26  stm32f0xx_tim.o(.text)
    TIM_ARRPreloadConfig                     0x08002ac7   Thumb Code    26  stm32f0xx_tim.o(.text)
    TIM_SelectOnePulseMode                   0x08002ae1   Thumb Code    18  stm32f0xx_tim.o(.text)
    TIM_SetClockDivision                     0x08002af3   Thumb Code    16  stm32f0xx_tim.o(.text)
    TIM_Cmd                                  0x08002b03   Thumb Code    26  stm32f0xx_tim.o(.text)
    TIM_BDTRConfig                           0x08002b1d   Thumb Code    32  stm32f0xx_tim.o(.text)
    TIM_BDTRStructInit                       0x08002b3d   Thumb Code    18  stm32f0xx_tim.o(.text)
    TIM_CtrlPWMOutputs                       0x08002b4f   Thumb Code    34  stm32f0xx_tim.o(.text)
    TIM_OC1Init                              0x08002b71   Thumb Code   122  stm32f0xx_tim.o(.text)
    TIM_OC2Init                              0x08002beb   Thumb Code   132  stm32f0xx_tim.o(.text)
    TIM_OC3Init                              0x08002c6f   Thumb Code   124  stm32f0xx_tim.o(.text)
    TIM_OC4Init                              0x08002ceb   Thumb Code   150  stm32f0xx_tim.o(.text)
    TIM_OCStructInit                         0x08002d81   Thumb Code    20  stm32f0xx_tim.o(.text)
    TIM_SelectOCxM                           0x08002d95   Thumb Code    82  stm32f0xx_tim.o(.text)
    TIM_SetCompare1                          0x08002de7   Thumb Code     4  stm32f0xx_tim.o(.text)
    TIM_SetCompare2                          0x08002deb   Thumb Code     4  stm32f0xx_tim.o(.text)
    TIM_SetCompare3                          0x08002def   Thumb Code     4  stm32f0xx_tim.o(.text)
    TIM_SetCompare4                          0x08002df3   Thumb Code     4  stm32f0xx_tim.o(.text)
    TIM_ForcedOC1Config                      0x08002df7   Thumb Code    20  stm32f0xx_tim.o(.text)
    TIM_ForcedOC2Config                      0x08002e0b   Thumb Code    20  stm32f0xx_tim.o(.text)
    TIM_ForcedOC3Config                      0x08002e1f   Thumb Code    20  stm32f0xx_tim.o(.text)
    TIM_ForcedOC4Config                      0x08002e33   Thumb Code    20  stm32f0xx_tim.o(.text)
    TIM_CCPreloadControl                     0x08002e47   Thumb Code    26  stm32f0xx_tim.o(.text)
    TIM_OC1PreloadConfig                     0x08002e61   Thumb Code    22  stm32f0xx_tim.o(.text)
    TIM_OC2PreloadConfig                     0x08002e77   Thumb Code    20  stm32f0xx_tim.o(.text)
    TIM_OC3PreloadConfig                     0x08002e8b   Thumb Code    22  stm32f0xx_tim.o(.text)
    TIM_OC4PreloadConfig                     0x08002ea1   Thumb Code    20  stm32f0xx_tim.o(.text)
    TIM_OC1FastConfig                        0x08002eb5   Thumb Code    22  stm32f0xx_tim.o(.text)
    TIM_OC2FastConfig                        0x08002ecb   Thumb Code    20  stm32f0xx_tim.o(.text)
    TIM_OC3FastConfig                        0x08002edf   Thumb Code    22  stm32f0xx_tim.o(.text)
    TIM_OC4FastConfig                        0x08002ef5   Thumb Code    20  stm32f0xx_tim.o(.text)
    TIM_ClearOC1Ref                          0x08002f09   Thumb Code    22  stm32f0xx_tim.o(.text)
    TIM_ClearOC2Ref                          0x08002f1f   Thumb Code    20  stm32f0xx_tim.o(.text)
    TIM_ClearOC3Ref                          0x08002f33   Thumb Code    22  stm32f0xx_tim.o(.text)
    TIM_ClearOC4Ref                          0x08002f49   Thumb Code    20  stm32f0xx_tim.o(.text)
    TIM_OC1PolarityConfig                    0x08002f5d   Thumb Code    22  stm32f0xx_tim.o(.text)
    TIM_OC1NPolarityConfig                   0x08002f73   Thumb Code    22  stm32f0xx_tim.o(.text)
    TIM_OC2PolarityConfig                    0x08002f89   Thumb Code    22  stm32f0xx_tim.o(.text)
    TIM_OC2NPolarityConfig                   0x08002f9f   Thumb Code    22  stm32f0xx_tim.o(.text)
    TIM_OC3PolarityConfig                    0x08002fb5   Thumb Code    20  stm32f0xx_tim.o(.text)
    TIM_OC3NPolarityConfig                   0x08002fc9   Thumb Code    20  stm32f0xx_tim.o(.text)
    TIM_OC4PolarityConfig                    0x08002fdd   Thumb Code    20  stm32f0xx_tim.o(.text)
    TIM_SelectOCREFClear                     0x08002ff1   Thumb Code    18  stm32f0xx_tim.o(.text)
    TIM_CCxCmd                               0x08003003   Thumb Code    30  stm32f0xx_tim.o(.text)
    TIM_CCxNCmd                              0x08003021   Thumb Code    30  stm32f0xx_tim.o(.text)
    TIM_SelectCOM                            0x0800303f   Thumb Code    26  stm32f0xx_tim.o(.text)
    TIM_SetIC4Prescaler                      0x08003059   Thumb Code    20  stm32f0xx_tim.o(.text)
    TIM_SetIC3Prescaler                      0x080030af   Thumb Code    18  stm32f0xx_tim.o(.text)
    TIM_SetIC2Prescaler                      0x08003103   Thumb Code    20  stm32f0xx_tim.o(.text)
    TIM_SetIC1Prescaler                      0x0800318d   Thumb Code    16  stm32f0xx_tim.o(.text)
    TIM_ICInit                               0x080031d3   Thumb Code   112  stm32f0xx_tim.o(.text)
    TIM_ICStructInit                         0x08003243   Thumb Code    18  stm32f0xx_tim.o(.text)
    TIM_PWMIConfig                           0x08003255   Thumb Code   124  stm32f0xx_tim.o(.text)
    TIM_GetCapture1                          0x080032d1   Thumb Code     6  stm32f0xx_tim.o(.text)
    TIM_GetCapture2                          0x080032d7   Thumb Code     6  stm32f0xx_tim.o(.text)
    TIM_GetCapture3                          0x080032dd   Thumb Code     6  stm32f0xx_tim.o(.text)
    TIM_GetCapture4                          0x080032e3   Thumb Code     6  stm32f0xx_tim.o(.text)
    TIM_ITConfig                             0x080032e9   Thumb Code    20  stm32f0xx_tim.o(.text)
    TIM_GenerateEvent                        0x080032fd   Thumb Code     4  stm32f0xx_tim.o(.text)
    TIM_GetFlagStatus                        0x08003301   Thumb Code    18  stm32f0xx_tim.o(.text)
    TIM_ClearFlag                            0x08003313   Thumb Code     6  stm32f0xx_tim.o(.text)
    TIM_GetITStatus                          0x08003319   Thumb Code    38  stm32f0xx_tim.o(.text)
    TIM_ClearITPendingBit                    0x0800333f   Thumb Code     6  stm32f0xx_tim.o(.text)
    TIM_DMAConfig                            0x08003345   Thumb Code    12  stm32f0xx_tim.o(.text)
    TIM_DMACmd                               0x08003351   Thumb Code    20  stm32f0xx_tim.o(.text)
    TIM_SelectCCDMA                          0x08003365   Thumb Code    26  stm32f0xx_tim.o(.text)
    TIM_InternalClockConfig                  0x0800337f   Thumb Code    12  stm32f0xx_tim.o(.text)
    TIM_SelectInputTrigger                   0x0800338b   Thumb Code    22  stm32f0xx_tim.o(.text)
    TIM_ITRxExternalClockConfig              0x080033a1   Thumb Code    24  stm32f0xx_tim.o(.text)
    TIM_TIxExternalClockConfig               0x080033b9   Thumb Code    58  stm32f0xx_tim.o(.text)
    TIM_ETRConfig                            0x080033f3   Thumb Code    24  stm32f0xx_tim.o(.text)
    TIM_ETRClockMode1Config                  0x0800340b   Thumb Code    48  stm32f0xx_tim.o(.text)
    TIM_ETRClockMode2Config                  0x0800343b   Thumb Code    34  stm32f0xx_tim.o(.text)
    TIM_SelectOutputTrigger                  0x0800345d   Thumb Code    18  stm32f0xx_tim.o(.text)
    TIM_SelectSlaveMode                      0x0800346f   Thumb Code    18  stm32f0xx_tim.o(.text)
    TIM_SelectMasterSlaveMode                0x08003481   Thumb Code    18  stm32f0xx_tim.o(.text)
    TIM_EncoderInterfaceConfig               0x08003493   Thumb Code    60  stm32f0xx_tim.o(.text)
    TIM_SelectHallSensor                     0x080034cf   Thumb Code    26  stm32f0xx_tim.o(.text)
    TIM_RemapConfig                          0x080034e9   Thumb Code     6  stm32f0xx_tim.o(.text)
    USART_DeInit                             0x080034f9   Thumb Code    56  stm32f0xx_usart.o(.text)
    USART_Init                               0x08003531   Thumb Code   230  stm32f0xx_usart.o(.text)
    USART_StructInit                         0x08003617   Thumb Code    24  stm32f0xx_usart.o(.text)
    USART_ClockInit                          0x0800362f   Thumb Code    36  stm32f0xx_usart.o(.text)
    USART_ClockStructInit                    0x08003653   Thumb Code    12  stm32f0xx_usart.o(.text)
    USART_Cmd                                0x0800365f   Thumb Code    24  stm32f0xx_usart.o(.text)
    USART_DirectionModeCmd                   0x08003677   Thumb Code    20  stm32f0xx_usart.o(.text)
    USART_OverSampling8Cmd                   0x0800368b   Thumb Code    28  stm32f0xx_usart.o(.text)
    USART_OneBitMethodCmd                    0x080036a7   Thumb Code    28  stm32f0xx_usart.o(.text)
    USART_MSBFirstCmd                        0x080036c3   Thumb Code    28  stm32f0xx_usart.o(.text)
    USART_DataInvCmd                         0x080036df   Thumb Code    28  stm32f0xx_usart.o(.text)
    USART_InvPinCmd                          0x080036fb   Thumb Code    20  stm32f0xx_usart.o(.text)
    USART_SWAPPinCmd                         0x0800370f   Thumb Code    28  stm32f0xx_usart.o(.text)
    USART_ReceiverTimeOutCmd                 0x0800372b   Thumb Code    28  stm32f0xx_usart.o(.text)
    USART_SetReceiverTimeOut                 0x08003747   Thumb Code    16  stm32f0xx_usart.o(.text)
    USART_SetPrescaler                       0x08003757   Thumb Code    18  stm32f0xx_usart.o(.text)
    USART_STOPModeCmd                        0x08003769   Thumb Code    24  stm32f0xx_usart.o(.text)
    USART_StopModeWakeUpSourceConfig         0x08003781   Thumb Code    18  stm32f0xx_usart.o(.text)
    USART_AutoBaudRateCmd                    0x08003793   Thumb Code    28  stm32f0xx_usart.o(.text)
    USART_AutoBaudRateConfig                 0x080037af   Thumb Code    18  stm32f0xx_usart.o(.text)
    USART_AutoBaudRateNewRequest             0x080037c1   Thumb Code    12  stm32f0xx_usart.o(.text)
    USART_SendData                           0x080037cd   Thumb Code     8  stm32f0xx_usart.o(.text)
    USART_ReceiveData                        0x080037d5   Thumb Code    10  stm32f0xx_usart.o(.text)
    USART_SetAddress                         0x080037df   Thumb Code    18  stm32f0xx_usart.o(.text)
    USART_MuteModeCmd                        0x080037f1   Thumb Code    28  stm32f0xx_usart.o(.text)
    USART_MuteModeWakeUpConfig               0x0800380d   Thumb Code    18  stm32f0xx_usart.o(.text)
    USART_AddressDetectionConfig             0x0800381f   Thumb Code    16  stm32f0xx_usart.o(.text)
    USART_LINBreakDetectLengthConfig         0x0800382f   Thumb Code    16  stm32f0xx_usart.o(.text)
    USART_LINCmd                             0x0800383f   Thumb Code    28  stm32f0xx_usart.o(.text)
    USART_HalfDuplexCmd                      0x0800385b   Thumb Code    24  stm32f0xx_usart.o(.text)
    USART_SetGuardTime                       0x08003873   Thumb Code    16  stm32f0xx_usart.o(.text)
    USART_SmartCardCmd                       0x08003883   Thumb Code    24  stm32f0xx_usart.o(.text)
    USART_SmartCardNACKCmd                   0x0800389b   Thumb Code    24  stm32f0xx_usart.o(.text)
    USART_SetAutoRetryCount                  0x080038b3   Thumb Code    20  stm32f0xx_usart.o(.text)
    USART_SetBlockLength                     0x080038c7   Thumb Code    30  stm32f0xx_usart.o(.text)
    USART_IrDAConfig                         0x080038e5   Thumb Code    16  stm32f0xx_usart.o(.text)
    USART_IrDACmd                            0x080038f5   Thumb Code    24  stm32f0xx_usart.o(.text)
    USART_DECmd                              0x0800390d   Thumb Code    28  stm32f0xx_usart.o(.text)
    USART_DEPolarityConfig                   0x08003929   Thumb Code    18  stm32f0xx_usart.o(.text)
    USART_SetDEAssertionTime                 0x0800393b   Thumb Code    20  stm32f0xx_usart.o(.text)
    USART_SetDEDeassertionTime               0x0800394f   Thumb Code    20  stm32f0xx_usart.o(.text)
    USART_DMACmd                             0x08003963   Thumb Code    20  stm32f0xx_usart.o(.text)
    USART_DMAReceptionErrorConfig            0x08003977   Thumb Code    18  stm32f0xx_usart.o(.text)
    USART_ITConfig                           0x08003989   Thumb Code    66  stm32f0xx_usart.o(.text)
    USART_RequestCmd                         0x080039cb   Thumb Code    20  stm32f0xx_usart.o(.text)
    USART_OverrunDetectionConfig             0x080039df   Thumb Code    18  stm32f0xx_usart.o(.text)
    USART_GetFlagStatus                      0x080039f1   Thumb Code    18  stm32f0xx_usart.o(.text)
    USART_ClearFlag                          0x08003a03   Thumb Code     4  stm32f0xx_usart.o(.text)
    USART_GetITStatus                        0x08003a07   Thumb Code    78  stm32f0xx_usart.o(.text)
    USART_ClearITPendingBit                  0x08003a55   Thumb Code    18  stm32f0xx_usart.o(.text)
    SystemInit                               0x08003ae1   Thumb Code   110  system_stm32f0xx.o(.text)
    SystemCoreClockUpdate                    0x08003b4f   Thumb Code   154  system_stm32f0xx.o(.text)
    Reset_Handler                            0x08003c09   Thumb Code     8  startup_stm32f0xx.o(.text)
    ADC1_COMP_IRQHandler                     0x08003c1b   Thumb Code     0  startup_stm32f0xx.o(.text)
    CEC_IRQHandler                           0x08003c1b   Thumb Code     0  startup_stm32f0xx.o(.text)
    DMA1_Channel1_IRQHandler                 0x08003c1b   Thumb Code     0  startup_stm32f0xx.o(.text)
    DMA1_Channel2_3_IRQHandler               0x08003c1b   Thumb Code     0  startup_stm32f0xx.o(.text)
    DMA1_Channel4_5_IRQHandler               0x08003c1b   Thumb Code     0  startup_stm32f0xx.o(.text)
    EXTI2_3_IRQHandler                       0x08003c1b   Thumb Code     0  startup_stm32f0xx.o(.text)
    FLASH_IRQHandler                         0x08003c1b   Thumb Code     0  startup_stm32f0xx.o(.text)
    I2C1_IRQHandler                          0x08003c1b   Thumb Code     0  startup_stm32f0xx.o(.text)
    I2C2_IRQHandler                          0x08003c1b   Thumb Code     0  startup_stm32f0xx.o(.text)
    PVD_IRQHandler                           0x08003c1b   Thumb Code     0  startup_stm32f0xx.o(.text)
    RCC_IRQHandler                           0x08003c1b   Thumb Code     0  startup_stm32f0xx.o(.text)
    RTC_IRQHandler                           0x08003c1b   Thumb Code     0  startup_stm32f0xx.o(.text)
    SPI1_IRQHandler                          0x08003c1b   Thumb Code     0  startup_stm32f0xx.o(.text)
    SPI2_IRQHandler                          0x08003c1b   Thumb Code     0  startup_stm32f0xx.o(.text)
    TIM14_IRQHandler                         0x08003c1b   Thumb Code     0  startup_stm32f0xx.o(.text)
    TIM15_IRQHandler                         0x08003c1b   Thumb Code     0  startup_stm32f0xx.o(.text)
    TIM16_IRQHandler                         0x08003c1b   Thumb Code     0  startup_stm32f0xx.o(.text)
    TIM17_IRQHandler                         0x08003c1b   Thumb Code     0  startup_stm32f0xx.o(.text)
    TIM1_BRK_UP_TRG_COM_IRQHandler           0x08003c1b   Thumb Code     0  startup_stm32f0xx.o(.text)
    TIM1_CC_IRQHandler                       0x08003c1b   Thumb Code     0  startup_stm32f0xx.o(.text)
    TIM2_IRQHandler                          0x08003c1b   Thumb Code     0  startup_stm32f0xx.o(.text)
    TIM3_IRQHandler                          0x08003c1b   Thumb Code     0  startup_stm32f0xx.o(.text)
    TIM6_DAC_IRQHandler                      0x08003c1b   Thumb Code     0  startup_stm32f0xx.o(.text)
    TS_IRQHandler                            0x08003c1b   Thumb Code     0  startup_stm32f0xx.o(.text)
    USART2_IRQHandler                        0x08003c1b   Thumb Code     0  startup_stm32f0xx.o(.text)
    WWDG_IRQHandler                          0x08003c1b   Thumb Code     0  startup_stm32f0xx.o(.text)
    os_idle_demon                            0x08003c25   Thumb Code     4  rtx_conf_cm.o(.text)
    os_tmr_call                              0x08003c29   Thumb Code     2  rtx_conf_cm.o(.text)
    os_error                                 0x08003c2b   Thumb Code    14  rtx_conf_cm.o(.text)
    __aeabi_uidiv                            0x08003c49   Thumb Code     0  uidiv.o(.text)
    __aeabi_uidivmod                         0x08003c49   Thumb Code    44  uidiv.o(.text)
    mktime                                   0x08003c75   Thumb Code   124  mktime.o(.text)
    __aeabi_memcpy                           0x08003d01   Thumb Code    36  memcpya.o(.text)
    __aeabi_memcpy4                          0x08003d01   Thumb Code     0  memcpya.o(.text)
    __aeabi_memcpy8                          0x08003d01   Thumb Code     0  memcpya.o(.text)
    __aeabi_fadd                             0x08003d25   Thumb Code   162  fadd.o(.text)
    __aeabi_fsub                             0x08003dc7   Thumb Code     8  fadd.o(.text)
    __aeabi_frsub                            0x08003dcf   Thumb Code     8  fadd.o(.text)
    __aeabi_fmul                             0x08003dd7   Thumb Code   122  fmul.o(.text)
    __aeabi_fdiv                             0x08003e51   Thumb Code   128  fdiv.o(.text)
    __aeabi_dadd                             0x08003ed1   Thumb Code   326  dadd.o(.text)
    __aeabi_dsub                             0x08004017   Thumb Code    12  dadd.o(.text)
    __aeabi_drsub                            0x08004023   Thumb Code    12  dadd.o(.text)
    __aeabi_dmul                             0x08004035   Thumb Code   202  dmul.o(.text)
    __aeabi_ddiv                             0x08004105   Thumb Code   234  ddiv.o(.text)
    __aeabi_ui2f                             0x080041f5   Thumb Code    14  ffltui.o(.text)
    __aeabi_i2d                              0x08004205   Thumb Code    34  dflti.o(.text)
    __aeabi_ui2d                             0x0800422d   Thumb Code    24  dfltui.o(.text)
    __aeabi_d2uiz                            0x08004249   Thumb Code    50  dfixui.o(.text)
    __aeabi_f2d                              0x08004285   Thumb Code    40  f2d.o(.text)
    __aeabi_d2f                              0x080042ad   Thumb Code    56  d2f.o(.text)
    __aeabi_cfcmpeq                          0x080042e5   Thumb Code     0  cfcmple.o(.text)
    __aeabi_cfcmple                          0x080042e5   Thumb Code    20  cfcmple.o(.text)
    __aeabi_cfrcmple                         0x080042f9   Thumb Code    20  cfrcmple.o(.text)
    __aeabi_idiv                             0x0800430d   Thumb Code     0  idiv.o(.text)
    __aeabi_idivmod                          0x0800430d   Thumb Code    40  idiv.o(.text)
    __aeabi_uldivmod                         0x08004335   Thumb Code    96  uldiv.o(.text)
    __aeabi_llsl                             0x08004395   Thumb Code    32  llshl.o(.text)
    _ll_shift_l                              0x08004395   Thumb Code     0  llshl.o(.text)
    __aeabi_llsr                             0x080043b5   Thumb Code    34  llushr.o(.text)
    _ll_ushift_r                             0x080043b5   Thumb Code     0  llushr.o(.text)
    __aeabi_lasr                             0x080043d7   Thumb Code    38  llsshr.o(.text)
    _ll_sshift_r                             0x080043d7   Thumb Code     0  llsshr.o(.text)
    _localtime                               0x080043fd   Thumb Code   104  localtime_i.o(.text)
    __I$use$fp                               0x08004471   Thumb Code     0  iusefp.o(.text)
    _float_round                             0x08004471   Thumb Code    16  fepilogue.o(.text)
    _float_epilogue                          0x08004481   Thumb Code   116  fepilogue.o(.text)
    _double_round                            0x080044f5   Thumb Code    26  depilogue.o(.text)
    _double_epilogue                         0x0800450f   Thumb Code   166  depilogue.o(.text)
    __aeabi_d2ulz                            0x080045b5   Thumb Code    54  dfixul.o(.text)
    __aeabi_cdrcmple                         0x080045f5   Thumb Code    38  cdrcmple.o(.text)
    __scatterload                            0x0800461d   Thumb Code    28  init.o(.text)
    __scatterload_rt2                        0x0800461d   Thumb Code     0  init.o(.text)
    SVC_Count                                0x08004640   Data           4  SVC_Table.o(SVC_TABLE)
    SVC_Table                                0x08004644   Data           0  SVC_Table.o(SVC_TABLE)
    __0printf                                0x08004645   Thumb Code    24  printfa.o(i.__0printf)
    __1printf                                0x08004645   Thumb Code     0  printfa.o(i.__0printf)
    __2printf                                0x08004645   Thumb Code     0  printfa.o(i.__0printf)
    __c89printf                              0x08004645   Thumb Code     0  printfa.o(i.__0printf)
    printf                                   0x08004645   Thumb Code     0  printfa.o(i.__0printf)
    __ARM_clz                                0x08004665   Thumb Code    46  depilogue.o(i.__ARM_clz)
    __scatterload_copy                       0x08004693   Thumb Code    14  handlers.o(i.__scatterload_copy)
    __scatterload_null                       0x080046a1   Thumb Code     2  handlers.o(i.__scatterload_null)
    __scatterload_zeroinit                   0x080046a3   Thumb Code    14  handlers.o(i.__scatterload_zeroinit)
    os_tick_irqack                           0x08004f4d   Thumb Code     2  rt_system.o(i.os_tick_irqack)
    rt_alloc_box                             0x08004f4f   Thumb Code    30  rt_membox.o(i.rt_alloc_box)
    rt_block                                 0x08004f6d   Thumb Code    42  rt_task.o(i.rt_block)
    rt_chk_robin                             0x08004fa5   Thumb Code    56  rt_robin.o(i.rt_chk_robin)
    rt_dec_dly                               0x08004fe9   Thumb Code   112  rt_list.o(i.rt_dec_dly)
    rt_dispatch                              0x08005061   Thumb Code    56  rt_task.o(i.rt_dispatch)
    rt_dly_wait                              0x080050a1   Thumb Code    10  rt_time.o(i.rt_dly_wait)
    rt_evt_psh                               0x080050ad   Thumb Code    70  rt_event.o(i.rt_evt_psh)
    rt_free_box                              0x080050f9   Thumb Code    38  rt_membox.o(i.rt_free_box)
    rt_get_first                             0x0800511f   Thumb Code    42  rt_list.o(i.rt_get_first)
    rt_init_stack                            0x0800518d   Thumb Code    68  hal_cm1.o(i.rt_init_stack)
    rt_mbx_psh                               0x080051d9   Thumb Code   168  rt_mailbox.o(i.rt_mbx_psh)
    rt_pop_req                               0x08005285   Thumb Code    98  rt_system.o(i.rt_pop_req)
    rt_put_dly                               0x080052f5   Thumb Code    74  rt_list.o(i.rt_put_dly)
    rt_put_prio                              0x08005345   Thumb Code    60  rt_list.o(i.rt_put_prio)
    rt_put_rdy_first                         0x08005381   Thumb Code    14  rt_list.o(i.rt_put_rdy_first)
    rt_rmv_dly                               0x08005395   Thumb Code    42  rt_list.o(i.rt_rmv_dly)
    rt_rmv_list                              0x080053c1   Thumb Code    46  rt_list.o(i.rt_rmv_list)
    rt_sem_psh                               0x080053f5   Thumb Code    46  rt_semaphore.o(i.rt_sem_psh)
    rt_stk_check                             0x08005429   Thumb Code    30  rt_system.o(i.rt_stk_check)
    rt_switch_req                            0x08005451   Thumb Code    10  rt_task.o(i.rt_switch_req)
    rt_systick                               0x08005461   Thumb Code    46  rt_system.o(i.rt_systick)
    rt_tmr_tick                              0x0800549d   Thumb Code    56  rt_timer.o(i.rt_tmr_tick)
    rt_tsk_create                            0x080054dd   Thumb Code   108  rt_task.o(i.rt_tsk_create)
    rt_tsk_delete                            0x08005559   Thumb Code   134  rt_task.o(i.rt_tsk_delete)
    os_maxtaskrun                            0x080055f4   Data           2  rtx_conf_cm.o(.constdata)
    os_stackinfo                             0x080055f8   Data           4  rtx_conf_cm.o(.constdata)
    os_rrobin                                0x080055fc   Data           4  rtx_conf_cm.o(.constdata)
    os_trv                                   0x08005600   Data           4  rtx_conf_cm.o(.constdata)
    os_flags                                 0x08005604   Data           1  rtx_conf_cm.o(.constdata)
    os_clockrate                             0x08005608   Data           4  rtx_conf_cm.o(.constdata)
    os_timernum                              0x0800560c   Data           4  rtx_conf_cm.o(.constdata)
    mp_tcb_size                              0x08005610   Data           2  rtx_conf_cm.o(.constdata)
    mp_stk_size                              0x08005614   Data           4  rtx_conf_cm.o(.constdata)
    os_fifo_size                             0x08005618   Data           1  rtx_conf_cm.o(.constdata)
    mp_tmr_size                              0x0800561a   Data           2  rtx_conf_cm.o(.constdata)
    Region$$Table$$Base                      0x08005634   Number         0  anon$$obj.o(Region$$Table)
    Region$$Table$$Limit                     0x08005654   Number         0  anon$$obj.o(Region$$Table)
    pwm_out_t                                0x20000000   Data           4  main.o(.data)
    adc_test_t                               0x20000004   Data           4  main.o(.data)
    perturb_and_observe_t                    0x20000008   Data           4  main.o(.data)
    lcd_t                                    0x2000000c   Data           4  main.o(.data)
    interrupted_charging_t                   0x20000010   Data           4  main.o(.data)
    __stdout                                 0x20000014   Data           4  retarget.o(.data)
    __stdin                                  0x20000018   Data           4  retarget.o(.data)
    RegularConvData_Tab                      0x2000001c   Data           8  adc.o(.data)
    TimerPeriod                              0x20000030   Data           2  pwm.o(.data)
    Serial                                   0x20000034   Data          36  serial.o(.data)
    SystemCoreClock                          0x2000007c   Data           4  system_stm32f0xx.o(.data)
    AHBPrescTable                            0x20000080   Data          16  system_stm32f0xx.o(.data)
    m_tmr                                    0x20000090   Data           4  rtx_conf_cm.o(.data)
    os_tsk                                   0x20000094   Data           8  rt_task.o(.data)
    os_time                                  0x2000009c   Data           4  rt_time.o(.data)
    os_robin                                 0x200000a0   Data           8  rt_robin.o(.data)
    os_tmr                                   0x200000a8   Data           8  rt_timer.o(.data)
    TIM_TimeBaseStructure_PWM                0x200000b0   Data          12  pwm.o(.bss)
    TIM_OCInitStructure_PWM                  0x200000bc   Data          20  pwm.o(.bss)
    mp_tcb                                   0x20000110   Data         156  rtx_conf_cm.o(.bss)
    mp_stk                                   0x200001b0   Data        2064  rtx_conf_cm.o(.bss)
    os_fifo                                  0x200009c0   Data         132  rtx_conf_cm.o(.bss)
    os_active_TCB                            0x20000a44   Data          12  rtx_conf_cm.o(.bss)
    os_rdy                                   0x20000a50   Data          24  rt_list.o(.bss)
    os_dly                                   0x20000a68   Data          24  rt_list.o(.bss)
    __initial_sp                             0x20000e80   Data           0  startup_stm32f0xx.o(STACK)



==============================================================================

Memory Map of the image

  Image Entry point : 0x080000c1

  Load Region LR_IROM1 (Base: 0x08000000, Size: 0x00005704, Max: 0x00008000, ABSOLUTE)

    Execution Region ER_IROM1 (Base: 0x08000000, Size: 0x00005654, Max: 0x00008000, ABSOLUTE)

    Base Addr    Size         Type   Attr      Idx    E Section Name        Object

    0x08000000   0x000000c0   Data   RO          826    RESET               startup_stm32f0xx.o
    0x080000c0   0x00000000   Code   RO         1377  * .ARM.Collect$$$$00000000  mc_p.l(entry.o)
    0x080000c0   0x00000004   Code   RO         1678    .ARM.Collect$$$$00000001  mc_p.l(entry2.o)
    0x080000c4   0x00000004   Code   RO         1681    .ARM.Collect$$$$00000004  mc_p.l(entry5.o)
    0x080000c8   0x00000000   Code   RO         1683    .ARM.Collect$$$$00000008  mc_p.l(entry7b.o)
    0x080000c8   0x00000008   Code   RO         1684    .ARM.Collect$$$$00000009  mc_p.l(entry8.o)
    0x080000d0   0x00000004   Code   RO         1679    .ARM.Collect$$$$00002712  mc_p.l(entry2.o)
    0x080000d4   0x00000188   Code   RO         1205    .emb_text           RTX_CM1.LIB(hal_cm1.o)
    0x0800025c   0x000002a4   Code   RO            3    .text               main.o
    0x08000500   0x0000002e   Code   RO          143    .text               retarget.o
    0x0800052e   0x00000002   PAD
    0x08000530   0x000002bc   Code   RO          177    .text               adc.o
    0x080007ec   0x000001a0   Code   RO          207    .text               perturb_and_observe.o
    0x0800098c   0x000001e0   Code   RO          228    .text               pwm.o
    0x08000b6c   0x00000224   Code   RO          252    .text               serial.o
    0x08000d90   0x00000074   Code   RO          328    .text               stm32f0xx_it.o
    0x08000e04   0x000002e0   Code   RO          378    .text               stm32f0xx_adc.o
    0x080010e4   0x0000016c   Code   RO          498    .text               stm32f0xx_dma.o
    0x08001250   0x00000104   Code   RO          518    .text               stm32f0xx_exti.o
    0x08001354   0x000001e0   Code   RO          558    .text               stm32f0xx_gpio.o
    0x08001534   0x000000b4   Code   RO          618    .text               stm32f0xx_misc.o
    0x080015e8   0x00000138   Code   RO          638    .text               stm32f0xx_pwr.o
    0x08001720   0x000005ec   Code   RO          658    .text               stm32f0xx_rcc.o
    0x08001d0c   0x00000b30   Code   RO          680    .text               stm32f0xx_rtc.o
    0x0800283c   0x000000f0   Code   RO          720    .text               stm32f0xx_syscfg.o
    0x0800292c   0x00000bcc   Code   RO          740    .text               stm32f0xx_tim.o
    0x080034f8   0x0000056e   Code   RO          760    .text               stm32f0xx_usart.o
    0x08003a66   0x00000002   PAD
    0x08003a68   0x000001a0   Code   RO          800    .text               system_stm32f0xx.o
    0x08003c08   0x0000001c   Code   RO          827    .text               startup_stm32f0xx.o
    0x08003c24   0x00000024   Code   RO          831    .text               rtx_conf_cm.o
    0x08003c48   0x0000002c   Code   RO         1380    .text               mc_p.l(uidiv.o)
    0x08003c74   0x0000008c   Code   RO         1382    .text               mc_p.l(mktime.o)
    0x08003d00   0x00000024   Code   RO         1385    .text               mc_p.l(memcpya.o)
    0x08003d24   0x000000b2   Code   RO         1650    .text               mf_p.l(fadd.o)
    0x08003dd6   0x0000007a   Code   RO         1652    .text               mf_p.l(fmul.o)
    0x08003e50   0x00000080   Code   RO         1654    .text               mf_p.l(fdiv.o)
    0x08003ed0   0x00000164   Code   RO         1656    .text               mf_p.l(dadd.o)
    0x08004034   0x000000d0   Code   RO         1658    .text               mf_p.l(dmul.o)
    0x08004104   0x000000f0   Code   RO         1660    .text               mf_p.l(ddiv.o)
    0x080041f4   0x0000000e   Code   RO         1662    .text               mf_p.l(ffltui.o)
    0x08004202   0x00000002   PAD
    0x08004204   0x00000028   Code   RO         1664    .text               mf_p.l(dflti.o)
    0x0800422c   0x0000001c   Code   RO         1666    .text               mf_p.l(dfltui.o)
    0x08004248   0x0000003c   Code   RO         1668    .text               mf_p.l(dfixui.o)
    0x08004284   0x00000028   Code   RO         1670    .text               mf_p.l(f2d.o)
    0x080042ac   0x00000038   Code   RO         1672    .text               mf_p.l(d2f.o)
    0x080042e4   0x00000014   Code   RO         1674    .text               mf_p.l(cfcmple.o)
    0x080042f8   0x00000014   Code   RO         1676    .text               mf_p.l(cfrcmple.o)
    0x0800430c   0x00000028   Code   RO         1685    .text               mc_p.l(idiv.o)
    0x08004334   0x00000060   Code   RO         1687    .text               mc_p.l(uldiv.o)
    0x08004394   0x00000020   Code   RO         1689    .text               mc_p.l(llshl.o)
    0x080043b4   0x00000022   Code   RO         1691    .text               mc_p.l(llushr.o)
    0x080043d6   0x00000026   Code   RO         1693    .text               mc_p.l(llsshr.o)
    0x080043fc   0x00000074   Code   RO         1698    .text               mc_p.l(localtime_i.o)
    0x08004470   0x00000000   Code   RO         1701    .text               mc_p.l(iusefp.o)
    0x08004470   0x00000084   Code   RO         1702    .text               mf_p.l(fepilogue.o)
    0x080044f4   0x000000c0   Code   RO         1704    .text               mf_p.l(depilogue.o)
    0x080045b4   0x00000040   Code   RO         1708    .text               mf_p.l(dfixul.o)
    0x080045f4   0x00000028   Code   RO         1710    .text               mf_p.l(cdrcmple.o)
    0x0800461c   0x00000024   Code   RO         1712    .text               mc_p.l(init.o)
    0x08004640   0x00000004   Code   RO         1374    SVC_TABLE           RTX_CM1.LIB(SVC_Table.o)
    0x08004644   0x00000020   Code   RO         1622    i.__0printf         mc_p.l(printfa.o)
    0x08004664   0x0000002e   Code   RO         1706    i.__ARM_clz         mf_p.l(depilogue.o)
    0x08004692   0x0000000e   Code   RO         1716    i.__scatterload_copy  mc_p.l(handlers.o)
    0x080046a0   0x00000002   Code   RO         1717    i.__scatterload_null  mc_p.l(handlers.o)
    0x080046a2   0x0000000e   Code   RO         1718    i.__scatterload_zeroinit  mc_p.l(handlers.o)
    0x080046b0   0x00000158   Code   RO         1629    i._fp_digits        mc_p.l(printfa.o)
    0x08004808   0x000006f8   Code   RO         1630    i._printf_core      mc_p.l(printfa.o)
    0x08004f00   0x00000020   Code   RO         1631    i._printf_post_padding  mc_p.l(printfa.o)
    0x08004f20   0x0000002c   Code   RO         1632    i._printf_pre_padding  mc_p.l(printfa.o)
    0x08004f4c   0x00000002   Code   RO          989    i.os_tick_irqack    RTX_CM1.LIB(rt_system.o)
    0x08004f4e   0x0000001e   Code   RO         1173    i.rt_alloc_box      RTX_CM1.LIB(rt_membox.o)
    0x08004f6c   0x00000038   Code   RO          851    i.rt_block          RTX_CM1.LIB(rt_task.o)
    0x08004fa4   0x00000044   Code   RO         1150    i.rt_chk_robin      RTX_CM1.LIB(rt_robin.o)
    0x08004fe8   0x00000078   Code   RO         1071    i.rt_dec_dly        RTX_CM1.LIB(rt_list.o)
    0x08005060   0x00000040   Code   RO          852    i.rt_dispatch       RTX_CM1.LIB(rt_task.o)
    0x080050a0   0x0000000a   Code   RO          950    i.rt_dly_wait       RTX_CM1.LIB(rt_time.o)
    0x080050aa   0x00000002   PAD
    0x080050ac   0x0000004c   Code   RO         1224    i.rt_evt_psh        RTX_CM1.LIB(rt_event.o)
    0x080050f8   0x00000026   Code   RO         1174    i.rt_free_box       RTX_CM1.LIB(rt_membox.o)
    0x0800511e   0x0000002a   Code   RO         1072    i.rt_get_first      RTX_CM1.LIB(rt_list.o)
    0x08005148   0x00000044   Code   RO          853    i.rt_init_context   RTX_CM1.LIB(rt_task.o)
    0x0800518c   0x0000004c   Code   RO         1206    i.rt_init_stack     RTX_CM1.LIB(hal_cm1.o)
    0x080051d8   0x000000ac   Code   RO         1267    i.rt_mbx_psh        RTX_CM1.LIB(rt_mailbox.o)
    0x08005284   0x00000070   Code   RO          990    i.rt_pop_req        RTX_CM1.LIB(rt_system.o)
    0x080052f4   0x00000050   Code   RO         1075    i.rt_put_dly        RTX_CM1.LIB(rt_list.o)
    0x08005344   0x0000003c   Code   RO         1076    i.rt_put_prio       RTX_CM1.LIB(rt_list.o)
    0x08005380   0x00000014   Code   RO         1077    i.rt_put_rdy_first  RTX_CM1.LIB(rt_list.o)
    0x08005394   0x0000002a   Code   RO         1079    i.rt_rmv_dly        RTX_CM1.LIB(rt_list.o)
    0x080053be   0x00000002   PAD
    0x080053c0   0x00000034   Code   RO         1080    i.rt_rmv_list       RTX_CM1.LIB(rt_list.o)
    0x080053f4   0x00000034   Code   RO         1313    i.rt_sem_psh        RTX_CM1.LIB(rt_semaphore.o)
    0x08005428   0x00000028   Code   RO          993    i.rt_stk_check      RTX_CM1.LIB(rt_system.o)
    0x08005450   0x00000010   Code   RO          854    i.rt_switch_req     RTX_CM1.LIB(rt_task.o)
    0x08005460   0x0000003c   Code   RO          995    i.rt_systick        RTX_CM1.LIB(rt_system.o)
    0x0800549c   0x00000040   Code   RO         1349    i.rt_tmr_tick       RTX_CM1.LIB(rt_timer.o)
    0x080054dc   0x0000007c   Code   RO          856    i.rt_tsk_create     RTX_CM1.LIB(rt_task.o)
    0x08005558   0x0000009c   Code   RO          857    i.rt_tsk_delete     RTX_CM1.LIB(rt_task.o)
    0x080055f4   0x00000028   Data   RO          833    .constdata          rtx_conf_cm.o
    0x0800561c   0x0000000c   Data   RO         1383    .constdata          mc_p.l(mktime.o)
    0x08005628   0x0000000c   Data   RO         1699    .constdata          mc_p.l(localtime_i.o)
    0x08005634   0x00000020   Data   RO         1714    Region$$Table       anon$$obj.o


    Execution Region RW_IRAM1 (Base: 0x20000000, Size: 0x00000e80, Max: 0x00001000, ABSOLUTE)

    Base Addr    Size         Type   Attr      Idx    E Section Name        Object

    0x20000000   0x00000014   Data   RW            4    .data               main.o
    0x20000014   0x00000008   Data   RW          144    .data               retarget.o
    0x2000001c   0x00000008   Data   RW          178    .data               adc.o
    0x20000024   0x0000000c   Data   RW          208    .data               perturb_and_observe.o
    0x20000030   0x00000002   Data   RW          230    .data               pwm.o
    0x20000032   0x00000002   PAD
    0x20000034   0x00000038   Data   RW          254    .data               serial.o
    0x2000006c   0x00000010   Data   RW          659    .data               stm32f0xx_rcc.o
    0x2000007c   0x00000014   Data   RW          801    .data               system_stm32f0xx.o
    0x20000090   0x00000004   Data   RW          834    .data               rtx_conf_cm.o
    0x20000094   0x00000008   Data   RW          862    .data               RTX_CM1.LIB(rt_task.o)
    0x2000009c   0x00000004   Data   RW          954    .data               RTX_CM1.LIB(rt_time.o)
    0x200000a0   0x00000008   Data   RW         1152    .data               RTX_CM1.LIB(rt_robin.o)
    0x200000a8   0x00000008   Data   RW         1350    .data               RTX_CM1.LIB(rt_timer.o)
    0x200000b0   0x00000020   Zero   RW          229    .bss                pwm.o
    0x200000d0   0x00000040   Zero   RW          253    .bss                serial.o
    0x20000110   0x00000940   Zero   RW          832    .bss                rtx_conf_cm.o
    0x20000a50   0x00000030   Zero   RW         1081    .bss                RTX_CM1.LIB(rt_list.o)
    0x20000a80   0x00000400   Zero   RW          824    STACK               startup_stm32f0xx.o


==============================================================================

Image component sizes


      Code (inc. data)   RO Data    RW Data    ZI Data      Debug   Object Name

       700        144          0          8          0       8470   adc.o
       676        116          0         20          0     171262   main.o
       416         94          0         12          0        864   perturb_and_observe.o
       480         58          0          2         32       1465   pwm.o
        46          0          0          8          0       2852   retarget.o
        36         16         40          4       2368       1912   rtx_conf_cm.o
       548         44          0         56         64       3881   serial.o
        28          8        192          0       1024        640   startup_stm32f0xx.o
       736         14          0          0          0       6783   stm32f0xx_adc.o
       364         12          0          0          0       3366   stm32f0xx_dma.o
       260         14          0          0          0       2195   stm32f0xx_exti.o
       480         22          0          0          0       3605   stm32f0xx_gpio.o
       116         12          0          0          0        823   stm32f0xx_it.o
       180         14          0          0          0       1308   stm32f0xx_misc.o
       312          8          0          0          0       2130   stm32f0xx_pwr.o
      1516         44          0         16          0       8402   stm32f0xx_rcc.o
      2864         48          0          0          0      12848   stm32f0xx_rtc.o
       240          6          0          0          0       1974   stm32f0xx_syscfg.o
      3020        120          0          0          0      22221   stm32f0xx_tim.o
      1390         12          0          0          0      11979   stm32f0xx_usart.o
       416         32          0         20          0       1483   system_stm32f0xx.o

    ----------------------------------------------------------------------
     14828        838        264        148       3488     270463   Object Totals
         0          0         32          0          0          0   (incl. Generated)
         4          0          0          2          0          0   (incl. Padding)

    ----------------------------------------------------------------------

      Code (inc. data)   RO Data    RW Data    ZI Data      Debug   Library Member Name

         4          4          0          0          0        136   SVC_Table.o
       468         50          0          0          0       1300   hal_cm1.o
        76          6          0          0          0        509   rt_event.o
       416         26          0          0         48       3297   rt_list.o
       172          4          0          0          0        549   rt_mailbox.o
        68          0          0          0          0        921   rt_membox.o
        68         12          0          8          0        566   rt_robin.o
        52          6          0          0          0        433   rt_semaphore.o
       214         38          0          0          0       1598   rt_system.o
       484         70          0          8          0       5218   rt_task.o
        10          0          0          4          0        524   rt_time.o
        64          8          0          8          0        575   rt_timer.o
         0          0          0          0          0          0   entry.o
         8          4          0          0          0          0   entry2.o
         4          0          0          0          0          0   entry5.o
         0          0          0          0          0          0   entry7b.o
         8          4          0          0          0          0   entry8.o
        30          0          0          0          0          0   handlers.o
        40          0          0          0          0         72   idiv.o
        36          8          0          0          0         68   init.o
         0          0          0          0          0          0   iusefp.o
        32          0          0          0          0         68   llshl.o
        38          0          0          0          0         68   llsshr.o
        34          0          0          0          0         68   llushr.o
       116         12         12          0          0         72   localtime_i.o
        36          0          0          0          0         60   memcpya.o
       140         16         12          0          0         72   mktime.o
      2236        102          0          0          0        408   printfa.o
        44          0          0          0          0         72   uidiv.o
        96          0          0          0          0         84   uldiv.o
        40          2          0          0          0         68   cdrcmple.o
        20          0          0          0          0         68   cfcmple.o
        20          0          0          0          0         68   cfrcmple.o
        56          0          0          0          0         68   d2f.o
       356          6          0          0          0        136   dadd.o
       240          6          0          0          0         80   ddiv.o
       238          0          0          0          0        212   depilogue.o
        60         10          0          0          0         68   dfixui.o
        64         10          0          0          0         68   dfixul.o
        40          6          0          0          0         68   dflti.o
        28          4          0          0          0         68   dfltui.o
       208          6          0          0          0         84   dmul.o
        40          0          0          0          0         60   f2d.o
       178          0          0          0          0        108   fadd.o
       128          0          0          0          0         72   fdiv.o
       132          0          0          0          0        144   fepilogue.o
        14          0          0          0          0         68   ffltui.o
       122          0          0          0          0         72   fmul.o

    ----------------------------------------------------------------------
      6984        420         24         28         48      18318   Library Totals
         6          0          0          0          0          0   (incl. Padding)

    ----------------------------------------------------------------------

      Code (inc. data)   RO Data    RW Data    ZI Data      Debug   Library Name

      2096        224          0         28         48      15626   RTX_CM1.LIB
      2898        146         24          0          0       1112   mc_p.l
      1984         50          0          0          0       1580   mf_p.l

    ----------------------------------------------------------------------
      6984        420         24         28         48      18318   Library Totals

    ----------------------------------------------------------------------

==============================================================================


      Code (inc. data)   RO Data    RW Data    ZI Data      Debug   

     21812       1258        288        176       3536     284121   Grand Totals
     21812       1258        288        176       3536     284121   ELF Image Totals
     21812       1258        288        176          0          0   ROM Totals

==============================================================================

    Total RO  Size (Code + RO Data)                22100 (  21.58kB)
    Total RW  Size (RW Data + ZI Data)              3712 (   3.63kB)
    Total ROM Size (Code + RO Data + RW Data)      22276 (  21.75kB)

==============================================================================

