ARM Linker, 5.02 [Build 28] [MDK-ARM Lite]

==============================================================================

Section Cross References

    main.o(.text) refers to printfa.o(i.__0printf) for __2printf
    main.o(.text) refers to hal_cm1.o(.emb_text) for os_set_env
    main.o(.text) refers to interrupted_charging.o(.bss) for interrupted_charging_stk
    main.o(.text) refers to interrupted_charging.o(.text) for interrupted_charging
    main.o(.text) refers to rt_task.o(i.rt_tsk_create) for rt_tsk_create
    main.o(.text) refers to interrupted_charging.o(.data) for interrupted_charging_t
    main.o(.text) refers to ui.o(.bss) for ui_stk
    main.o(.text) refers to ui.o(.text) for ui
    main.o(.text) refers to ui.o(.data) for ui_t
    main.o(.text) refers to rt_task.o(i.rt_tsk_delete) for rt_tsk_delete
    main.o(.text) refers to serial.o(.data) for Serial
    main.o(.text) refers to rt_task.o(i.rt_sys_init) for rt_sys_init
    retarget.o(.text) refers to serial.o(.text) for write_fcn
    adc.o(.text) refers to fflti.o(.text) for __aeabi_i2f
    adc.o(.text) refers to fdiv.o(.text) for __aeabi_fdiv
    adc.o(.text) refers to stm32f0xx_dma.o(.text) for DMA_GetFlagStatus
    adc.o(.text) refers to ffltui.o(.text) for __aeabi_ui2f
    adc.o(.text) refers to fmul.o(.text) for __aeabi_fmul
    adc.o(.text) refers to fadd.o(.text) for __aeabi_fsub
    adc.o(.text) refers to printfa.o(i.__0printf) for __2printf
    adc.o(.text) refers to stm32f0xx_rcc.o(.text) for RCC_AHBPeriphClockCmd
    adc.o(.text) refers to stm32f0xx_gpio.o(.text) for GPIO_StructInit
    adc.o(.text) refers to stm32f0xx_adc.o(.text) for ADC_DeInit
    adc.o(.text) refers to pwm.o(.text) for init_pwm
    adc.o(.text) refers to f2d.o(.text) for __aeabi_f2d
    adc.o(.text) refers to stm32f0xx_misc.o(.text) for NVIC_Init
    adc.o(.text) refers to adc.o(.data) for ts_cal1
    adc.o(.text) refers to adc.o(.bss) for RegularConvData_Tab
    adc.o(.text) refers to adc.o(.constdata) for .constdata
    adc.o(.text) refers to rt_time.o(i.rt_dly_wait) for rt_dly_wait
    perturb_and_observe.o(.text) refers to adc.o(.text) for get_adc_voltage
    perturb_and_observe.o(.text) refers to fmul.o(.text) for __aeabi_fmul
    perturb_and_observe.o(.text) refers to fadd.o(.text) for __aeabi_fsub
    perturb_and_observe.o(.text) refers to cfcmple.o(.text) for __aeabi_cfcmple
    perturb_and_observe.o(.text) refers to cfrcmple.o(.text) for __aeabi_cfrcmple
    perturb_and_observe.o(.text) refers to pwm.o(.text) for set_duty_cycle
    perturb_and_observe.o(.text) refers to perturb_and_observe.o(.data) for p_panel_delay
    perturb_and_observe.o(.text) refers to rt_time.o(i.rt_dly_wait) for rt_dly_wait
    pwm.o(.text) refers to dflti.o(.text) for __aeabi_i2d
    pwm.o(.text) refers to f2d.o(.text) for __aeabi_f2d
    pwm.o(.text) refers to dadd.o(.text) for __aeabi_drsub
    pwm.o(.text) refers to dmul.o(.text) for __aeabi_dmul
    pwm.o(.text) refers to ddiv.o(.text) for __aeabi_ddiv
    pwm.o(.text) refers to dfixui.o(.text) for __aeabi_d2uiz
    pwm.o(.text) refers to stm32f0xx_tim.o(.text) for TIM_OC1Init
    pwm.o(.text) refers to stm32f0xx_rcc.o(.text) for RCC_AHBPeriphClockCmd
    pwm.o(.text) refers to stm32f0xx_gpio.o(.text) for GPIO_Init
    pwm.o(.text) refers to uidiv.o(.text) for __aeabi_uidivmod
    pwm.o(.text) refers to dfltui.o(.text) for __aeabi_ui2d
    pwm.o(.text) refers to adc.o(.text) for init_adc
    pwm.o(.text) refers to d2f.o(.text) for __aeabi_d2f
    pwm.o(.text) refers to cfrcmple.o(.text) for __aeabi_cfrcmple
    pwm.o(.text) refers to printfa.o(i.__0printf) for __2printf
    pwm.o(.text) refers to pwm.o(.data) for TimerPeriod
    pwm.o(.text) refers to pwm.o(.bss) for TIM_OCInitStructure_PWM
    pwm.o(.text) refers to system_stm32f0xx.o(.data) for SystemCoreClock
    pwm.o(.text) refers to rt_time.o(i.rt_dly_wait) for rt_dly_wait
    serial.o(.text) refers to stm32f0xx_misc.o(.text) for NVIC_Init
    serial.o(.text) refers to stm32f0xx_rcc.o(.text) for RCC_AHBPeriphClockCmd
    serial.o(.text) refers to stm32f0xx_gpio.o(.text) for GPIO_PinAFConfig
    serial.o(.text) refers to stm32f0xx_usart.o(.text) for USART_Init
    serial.o(.text) refers to serial.o(.data) for USARTx
    serial.o(.text) refers to serial.o(.bss) for rcv_buff
    serial.o(.data) refers to serial.o(.text) for begin_fcn
    serial.o(.data) refers to serial.o(.bss) for rcv_buff
    interrupted_charging.o(.text) refers to fdiv.o(.text) for __aeabi_fdiv
    interrupted_charging.o(.text) refers to cfcmple.o(.text) for __aeabi_cfcmple
    interrupted_charging.o(.text) refers to fmul.o(.text) for __aeabi_fmul
    interrupted_charging.o(.text) refers to fadd.o(.text) for __aeabi_fadd
    interrupted_charging.o(.text) refers to pwm.o(.text) for init_pwm
    interrupted_charging.o(.text) refers to adc.o(.text) for init_adc
    interrupted_charging.o(.text) refers to perturb_and_observe.o(.text) for set_mppt
[...]
    NVIC_Configuration                       0x08000cb1   Thumb Code    22  serial.o(.text)
    GPIO_Configuration_USART1                0x08000cc7   Thumb Code    76  serial.o(.text)
    UART1_Init                               0x08000d13   Thumb Code    60  serial.o(.text)
    .text                                    0x08000ed4   Section        0  interrupted_charging.o(.text)
    .text                                    0x080014e4   Section        0  lcd_hd44780.o(.text)
    .text                                    0x08001a68   Section        0  stm32f0xx_it.o(.text)
    .text                                    0x08001b34   Section        0  ui.o(.text)
    .text                                    0x08002270   Section        0  user_outputs.o(.text)
    .text                                    0x08002338   Section        0  buzzer.o(.text)
    .text                                    0x080023bc   Section        0  stm32f0xx_adc.o(.text)
    .text                                    0x0800269c   Section        0  stm32f0xx_dma.o(.text)
    .text                                    0x08002808   Section        0  stm32f0xx_exti.o(.text)
    .text                                    0x0800290c   Section        0  stm32f0xx_gpio.o(.text)
    .text                                    0x08002aec   Section        0  stm32f0xx_misc.o(.text)
    .text                                    0x08002ba0   Section        0  stm32f0xx_pwr.o(.text)
    .text                                    0x08002cd8   Section        0  stm32f0xx_rcc.o(.text)
    .text                                    0x080032c4   Section        0  stm32f0xx_syscfg.o(.text)
    .text                                    0x080033b4   Section        0  stm32f0xx_tim.o(.text)
    TI4_Config                               0x08003af5   Thumb Code    66  stm32f0xx_tim.o(.text)
    TI3_Config                               0x08003b49   Thumb Code    66  stm32f0xx_tim.o(.text)
    TI2_Config                               0x08003b9f   Thumb Code   118  stm32f0xx_tim.o(.text)
    TI1_Config                               0x08003c25   Thumb Code    54  stm32f0xx_tim.o(.text)
    .text                                    0x08003f80   Section        0  stm32f0xx_usart.o(.text)
    .text                                    0x080044f0   Section        0  system_stm32f0xx.o(.text)
    SetSysClock                              0x080044f1   Thumb Code   120  system_stm32f0xx.o(.text)
    .text                                    0x08004690   Section       28  startup_stm32f0xx.o(.text)
    .text                                    0x080046ac   Section        0  rtx_conf_cm.o(.text)
    .text                                    0x08004748   Section        0  uidiv.o(.text)
    .text                                    0x08004774   Section        0  fadd.o(.text)
    .text                                    0x08004826   Section        0  fmul.o(.text)
    .text                                    0x080048a0   Section        0  fdiv.o(.text)
    .text                                    0x08004920   Section        0  dadd.o(.text)
    .text                                    0x08004a84   Section        0  dmul.o(.text)
    .text                                    0x08004b54   Section        0  ddiv.o(.text)
    .text                                    0x08004c44   Section        0  fflti.o(.text)
    .text                                    0x08004c5a   Section        0  ffltui.o(.text)
    .text                                    0x08004c68   Section        0  dflti.o(.text)
    .text                                    0x08004c90   Section        0  dfltui.o(.text)
    .text                                    0x08004cac   Section        0  dfixui.o(.text)
    .text                                    0x08004ce8   Section        0  f2d.o(.text)
    .text                                    0x08004d10   Section       40  cdcmple.o(.text)
    .text                                    0x08004d38   Section       40  cdrcmple.o(.text)
    .text                                    0x08004d60   Section        0  d2f.o(.text)
    .text                                    0x08004d98   Section       20  cfcmple.o(.text)
    .text                                    0x08004dac   Section       20  cfrcmple.o(.text)
    .text                                    0x08004dc0   Section        0  uldiv.o(.text)
    .text                                    0x08004e20   Section        0  llshl.o(.text)
    .text                                    0x08004e40   Section        0  llushr.o(.text)
    .text                                    0x08004e62   Section        0  llsshr.o(.text)
    .text                                    0x08004e88   Section        0  iusefp.o(.text)
    .text                                    0x08004e88   Section        0  fepilogue.o(.text)
    .text                                    0x08004f0c   Section        0  depilogue.o(.text)
    .text                                    0x08004fcc   Section        0  dfixul.o(.text)
    .text                                    0x0800500c   Section       36  init.o(.text)
    SVC_TABLE                                0x08005030   Section        4  SVC_Table.o(SVC_TABLE)
    i.__0printf                              0x08005034   Section        0  printfa.o(i.__0printf)
    i.__0snprintf                            0x08005054   Section        0  printfa.o(i.__0snprintf)
    i.__ARM_clz                              0x08005080   Section        0  depilogue.o(i.__ARM_clz)
    i.__ARM_common_switch8                   0x080050ae   Section        0  interrupted_charging.o(i.__ARM_common_switch8)
    i.__scatterload_copy                     0x080050ca   Section       14  handlers.o(i.__scatterload_copy)
    i.__scatterload_null                     0x080050d8   Section        2  handlers.o(i.__scatterload_null)
    i.__scatterload_zeroinit                 0x080050da   Section       14  handlers.o(i.__scatterload_zeroinit)
    i._fp_digits                             0x080050e8   Section        0  printfa.o(i._fp_digits)
    _fp_digits                               0x080050e9   Thumb Code   314  printfa.o(i._fp_digits)
    i._init_box                              0x08005240   Section        0  rt_membox.o(i._init_box)
    i._printf_core                           0x08005288   Section        0  printfa.o(i._printf_core)
    _printf_core                             0x08005289   Thumb Code  1766  printfa.o(i._printf_core)
    i._printf_post_padding                   0x08005980   Section        0  printfa.o(i._printf_post_padding)
    _printf_post_padding                     0x08005981   Thumb Code    32  printfa.o(i._printf_post_padding)
    i._printf_pre_padding                    0x080059a0   Section        0  printfa.o(i._printf_pre_padding)
    _printf_pre_padding                      0x080059a1   Thumb Code    44  printfa.o(i._printf_pre_padding)
    i._snputc                                0x080059cc   Section        0  printfa.o(i._snputc)
    _snputc                                  0x080059cd   Thumb Code    22  printfa.o(i._snputc)
    i.isr_evt_set                            0x080059e4   Section        0  rt_event.o(i.isr_evt_set)
    i.lcd_send_data                          0x08005a08   Section        0  lcd_hd44780.o(i.lcd_send_data)
    i.os_tick_init                           0x08005a14   Section        0  rt_system.o(i.os_tick_init)
    i.os_tick_irqack                         0x08005a40   Section        0  rt_system.o(i.os_tick_irqack)
    i.rt_alloc_box                           0x08005a42   Section        0  rt_membox.o(i.rt_alloc_box)
    i.rt_block                               0x08005a60   Section        0  rt_task.o(i.rt_block)
    i.rt_chk_robin                           0x08005a98   Section        0  rt_robin.o(i.rt_chk_robin)
    i.rt_dec_dly                             0x08005adc   Section        0  rt_list.o(i.rt_dec_dly)
    i.rt_dispatch                            0x08005b54   Section        0  rt_task.o(i.rt_dispatch)
    i.rt_dly_wait                            0x08005b94   Section        0  rt_time.o(i.rt_dly_wait)
    i.rt_evt_clr                             0x08005ba0   Section        0  rt_event.o(i.rt_evt_clr)
    i.rt_evt_get                             0x08005bbc   Section        0  rt_event.o(i.rt_evt_get)
    i.rt_evt_psh                             0x08005bc8   Section        0  rt_event.o(i.rt_evt_psh)
    i.rt_evt_set                             0x08005c14   Section        0  rt_event.o(i.rt_evt_set)
    i.rt_evt_wait                            0x08005c70   Section        0  rt_event.o(i.rt_evt_wait)
    i.rt_free_box                            0x08005cb0   Section        0  rt_membox.o(i.rt_free_box)
    i.rt_get_first                           0x08005cd6   Section        0  rt_list.o(i.rt_get_first)
    i.rt_init_context                        0x08005d00   Section        0  rt_task.o(i.rt_init_context)
    rt_init_context                          0x08005d01   Thumb Code    64  rt_task.o(i.rt_init_context)
    i.rt_init_robin                          0x08005d44   Section        0  rt_robin.o(i.rt_init_robin)
    i.rt_init_stack                          0x08005d5c   Section        0  hal_cm1.o(i.rt_init_stack)
    i.rt_mbx_psh                             0x08005da8   Section        0  rt_mailbox.o(i.rt_mbx_psh)
    i.rt_pop_req                             0x08005e54   Section        0  rt_system.o(i.rt_pop_req)
    i.rt_psh_req                             0x08005ec4   Section        0  rt_system.o(i.rt_psh_req)
    i.rt_psq_enq                             0x08005ee4   Section        0  rt_list.o(i.rt_psq_enq)
    i.rt_put_dly                             0x08005f24   Section        0  rt_list.o(i.rt_put_dly)
    i.rt_put_prio                            0x08005f74   Section        0  rt_list.o(i.rt_put_prio)
    i.rt_put_rdy_first                       0x08005fb0   Section        0  rt_list.o(i.rt_put_rdy_first)
    i.rt_rmv_dly                             0x08005fc4   Section        0  rt_list.o(i.rt_rmv_dly)
    i.rt_rmv_list                            0x08005ff0   Section        0  rt_list.o(i.rt_rmv_list)
    i.rt_sem_psh                             0x08006024   Section        0  rt_semaphore.o(i.rt_sem_psh)
    i.rt_stk_check                           0x08006058   Section        0  rt_system.o(i.rt_stk_check)
    i.rt_switch_req                          0x08006080   Section        0  rt_task.o(i.rt_switch_req)
    i.rt_sys_init                            0x08006090   Section        0  rt_task.o(i.rt_sys_init)
    i.rt_systick                             0x080061c8   Section        0  rt_system.o(i.rt_systick)
    i.rt_time_get                            0x08006204   Section        0  rt_time.o(i.rt_time_get)
    i.rt_tmr_create                          0x08006210   Section        0  rt_timer.o(i.rt_tmr_create)
    i.rt_tmr_kill                            0x08006260   Section        0  rt_timer.o(i.rt_tmr_kill)
    i.rt_tmr_tick                            0x08006294   Section        0  rt_timer.o(i.rt_tmr_tick)
    i.rt_tsk_create                          0x080062d4   Section        0  rt_task.o(i.rt_tsk_create)
    i.rt_tsk_delete                          0x08006350   Section        0  rt_task.o(i.rt_tsk_delete)
    .constdata                               0x080063ec   Section       99  adc.o(.constdata)
    .constdata                               0x08006450   Section      185  interrupted_charging.o(.constdata)
    .constdata                               0x0800650c   Section       40  rtx_conf_cm.o(.constdata)
    __tagsym$$used                           0x08006520   Number         0  rtx_conf_cm.o(.constdata)
    __tagsym$$used                           0x08006524   Number         0  rtx_conf_cm.o(.constdata)
    .data                                    0x20000000   Section        8  retarget.o(.data)
    .data                                    0x20000008   Section        8  adc.o(.data)
    .data                                    0x20000010   Section       12  perturb_and_observe.o(.data)
    p_panel_delay                            0x20000014   Data           4  perturb_and_observe.o(.data)
    v_panel_delay                            0x20000018   Data           4  perturb_and_observe.o(.data)
    .data                                    0x2000001c   Section        2  pwm.o(.data)
    .data                                    0x20000020   Section       56  serial.o(.data)
    pt_rcv_read                              0x20000044   Data           4  serial.o(.data)
    pt_rcv_write                             0x20000048   Data           4  serial.o(.data)
    nb_rcv_buff_char                         0x2000004c   Data           2  serial.o(.data)
    rcv_buff_overload                        0x2000004e   Data           2  serial.o(.data)
    rcv_buff_full                            0x20000050   Data           1  serial.o(.data)
    USARTx                                   0x20000054   Data           4  serial.o(.data)
    .data                                    0x20000058   Section       24  interrupted_charging.o(.data)
    .data                                    0x20000070   Section        4  lcd_hd44780.o(.data)
    .data                                    0x20000074   Section       20  ui.o(.data)
    .data                                    0x20000088   Section       16  stm32f0xx_rcc.o(.data)
    APBAHBPrescTable                         0x20000088   Data          16  stm32f0xx_rcc.o(.data)
    .data                                    0x20000098   Section       20  system_stm32f0xx.o(.data)
    .data                                    0x200000ac   Section        4  rtx_conf_cm.o(.data)
    .data                                    0x200000b0   Section        8  rt_task.o(.data)
    .data                                    0x200000b8   Section        4  rt_time.o(.data)
    .data                                    0x200000bc   Section        8  rt_timer.o(.data)
    .data                                    0x200000c4   Section        8  rt_system.o(.data)
    os_lock                                  0x200000c4   Data           1  rt_system.o(.data)
    os_psh_flag                              0x200000c5   Data           1  rt_system.o(.data)
    pend_flags                               0x200000c6   Data           1  rt_system.o(.data)
    .data                                    0x200000cc   Section        8  rt_robin.o(.data)
    .bss                                     0x200000d4   Section      160  adc.o(.bss)
    .bss                                     0x20000174   Section       32  pwm.o(.bss)
    .bss                                     0x20000194   Section       64  serial.o(.bss)
    rcv_buff                                 0x20000194   Data          64  serial.o(.bss)
    .bss                                     0x200001d8   Section      512  interrupted_charging.o(.bss)
    .bss                                     0x200003d8   Section      400  ui.o(.bss)
    .bss                                     0x20000568   Section     1032  rtx_conf_cm.o(.bss)
    .bss                                     0x20000970   Section       48  rt_task.o(.bss)
    .bss                                     0x200009a0   Section       48  rt_list.o(.bss)
    STACK                                    0x200009d0   Section     1024  startup_stm32f0xx.o(STACK)

    Global Symbols

    Symbol Name                              Value     Ov Type        Size  Object(Section)

    BuildAttributes$$THM_ISAv3M$S$PE$A:L22$X:L11$S22$IEEE1$IW$USESV6$~STKCKD$USESV7$~SHL$OTIME$ROPI$EBA8$MICROLIB$REQ8$PRES8$EABIv2 0x00000000   Number         0  anon$$obj.o ABSOLUTE
    __ARM_use_no_argv                        0x00000000   Number         0  main.o ABSOLUTE
    __use_no_errno                           0x00000000   Number         0  useno.o ABSOLUTE
    __use_no_exception_handling              0x00000000   Number         0  useno.o ABSOLUTE
    __use_no_fp                              0x00000000   Number         0  useno.o ABSOLUTE
    __use_no_heap                            0x00000000   Number         0  useno.o ABSOLUTE
    __use_no_heap_region                     0x00000000   Number         0  useno.o ABSOLUTE
    __use_no_semihosting                     0x00000000   Number         0  useno.o ABSOLUTE
    __use_no_semihosting_swi                 0x00000000   Number         0  useno.o ABSOLUTE
    __use_no_signal_handling                 0x00000000   Number         0  useno.o ABSOLUTE
    _printf_a                                0x00000000   Number         0  stubs.o ABSOLUTE
    _printf_c                                0x00000000   Number         0  stubs.o ABSOLUTE
    _printf_charcount                        0x00000000   Number         0  stubs.o ABSOLUTE
    _printf_d                                0x00000000   Number         0  stubs.o ABSOLUTE
    _printf_e                                0x00000000   Number         0  stubs.o ABSOLUTE
    _printf_f                                0x00000000   Number         0  stubs.o ABSOLUTE
    _printf_flags                            0x00000000   Number         0  stubs.o ABSOLUTE
    _printf_fp_dec                           0x00000000   Number         0  stubs.o ABSOLUTE
    _printf_fp_hex                           0x00000000   Number         0  stubs.o ABSOLUTE
    _printf_g                                0x00000000   Number         0  stubs.o ABSOLUTE
    _printf_i                                0x00000000   Number         0  stubs.o ABSOLUTE
    _printf_int_dec                          0x00000000   Number         0  stubs.o ABSOLUTE
    _printf_l                                0x00000000   Number         0  stubs.o ABSOLUTE
    _printf_lc                               0x00000000   Number         0  stubs.o ABSOLUTE
    _printf_ll                               0x00000000   Number         0  stubs.o ABSOLUTE
    _printf_lld                              0x00000000   Number         0  stubs.o ABSOLUTE
    _printf_lli                              0x00000000   Number         0  stubs.o ABSOLUTE
    _printf_llo                              0x00000000   Number         0  stubs.o ABSOLUTE
    _printf_llu                              0x00000000   Number         0  stubs.o ABSOLUTE
    _printf_llx                              0x00000000   Number         0  stubs.o ABSOLUTE
    _printf_longlong_dec                     0x00000000   Number         0  stubs.o ABSOLUTE
    _printf_longlong_hex                     0x00000000   Number         0  stubs.o ABSOLUTE
    _printf_longlong_oct                     0x00000000   Number         0  stubs.o ABSOLUTE
    _printf_ls                               0x00000000   Number         0  stubs.o ABSOLUTE
    _printf_mbtowc                           0x00000000   Number         0  stubs.o ABSOLUTE
    _printf_n                                0x00000000   Number         0  stubs.o ABSOLUTE
    _printf_o                                0x00000000   Number         0  stubs.o ABSOLUTE
    _printf_p                                0x00000000   Number         0  stubs.o ABSOLUTE
    _printf_percent                          0x00000000   Number         0  stubs.o ABSOLUTE
    _printf_pre_padding                      0x00000000   Number         0  stubs.o ABSOLUTE
    _printf_return_value                     0x00000000   Number         0  stubs.o ABSOLUTE
    _printf_s                                0x00000000   Number         0  stubs.o ABSOLUTE
    _printf_sizespec                         0x00000000   Number         0  stubs.o ABSOLUTE
    _printf_str                              0x00000000   Number         0  stubs.o ABSOLUTE
    _printf_truncate_signed                  0x00000000   Number         0  stubs.o ABSOLUTE
    _printf_truncate_unsigned                0x00000000   Number         0  stubs.o ABSOLUTE
    _printf_u                                0x00000000   Number         0  stubs.o ABSOLUTE
    _printf_wc                               0x00000000   Number         0  stubs.o ABSOLUTE
    _printf_wctomb                           0x00000000   Number         0  stubs.o ABSOLUTE
    _printf_widthprec                        0x00000000   Number         0  stubs.o ABSOLUTE
    _printf_x                                0x00000000   Number         0  stubs.o ABSOLUTE
    __decompress                              - Undefined Weak Reference
    _clock_init                               - Undefined Weak Reference
    __Vectors_Size                           0x000000c0   Number         0  startup_stm32f0xx.o ABSOLUTE
    __RL_RTX_VER                             0x00000460   Number         0  rt_system.o ABSOLUTE
    __Vectors                                0x08000000   Data           4  startup_stm32f0xx.o(RESET)
    __Vectors_End                            0x080000c0   Data           0  startup_stm32f0xx.o(RESET)
    __main                                   0x080000c1   Thumb Code     0  entry.o(.ARM.Collect$$$$00000000)
    _main_stk                                0x080000c1   Thumb Code     0  entry2.o(.ARM.Collect$$$$00000001)
    _main_scatterload                        0x080000c5   Thumb Code     0  entry5.o(.ARM.Collect$$$$00000004)
    __main_after_scatterload                 0x080000c9   Thumb Code     0  entry5.o(.ARM.Collect$$$$00000004)
    _main_clock                              0x080000c9   Thumb Code     0  entry7b.o(.ARM.Collect$$$$00000008)
    _main_init                               0x080000c9   Thumb Code     0  entry8.o(.ARM.Collect$$$$00000009)
    rt_set_PSP                               0x080000d5   Thumb Code     6  hal_cm1.o(.emb_text)
    rt_get_PSP                               0x080000db   Thumb Code     6  hal_cm1.o(.emb_text)
    os_set_env                               0x080000e1   Thumb Code    32  hal_cm1.o(.emb_text)
    _alloc_box                               0x08000105   Thumb Code    28  hal_cm1.o(.emb_text)
    _free_box                                0x08000125   Thumb Code    28  hal_cm1.o(.emb_text)
    SVC_Handler                              0x08000145   Thumb Code   152  hal_cm1.o(.emb_text)
    PendSV_Handler                           0x080001e9   Thumb Code    92  hal_cm1.o(.emb_text)
    SysTick_Handler                          0x08000249   Thumb Code     8  hal_cm1.o(.emb_text)
    OS_Tick_Handler                          0x08000251   Thumb Code    12  hal_cm1.o(.emb_text)
    init                                     0x0800025d   Thumb Code    86  main.o(.text)
    main                                     0x080002b3   Thumb Code    30  main.o(.text)
    assert_failed                            0x080002d1   Thumb Code    18  main.o(.text)
    fputc                                    0x080003d5   Thumb Code    16  retarget.o(.text)
    fgetc                                    0x080003e5   Thumb Code     6  retarget.o(.text)
    ferror                                   0x080003eb   Thumb Code     8  retarget.o(.text)
    _ttywrch                                 0x080003f3   Thumb Code    12  retarget.o(.text)
    _sys_exit                                0x080003ff   Thumb Code     4  retarget.o(.text)
    get_adc_voltage                          0x08000405   Thumb Code   414  adc.o(.text)
    init_adc                                 0x080005a3   Thumb Code   304  adc.o(.text)
    adc_test                                 0x080006d3   Thumb Code   208  adc.o(.text)
    adc_init_analog_watchdog                 0x080007a3   Thumb Code   198  adc.o(.text)
    perturb_and_observe_cc_itter             0x08000869   Thumb Code   246  perturb_and_observe.o(.text)
    perturb_and_observe_itter                0x0800095f   Thumb Code    10  perturb_and_observe.o(.text)
    perturb_and_observe                      0x08000969   Thumb Code    26  perturb_and_observe.o(.text)
    set_mppt                                 0x08000983   Thumb Code    98  perturb_and_observe.o(.text)
    set_duty_cycle                           0x08000a01   Thumb Code    86  pwm.o(.text)
    TIM_Config                               0x08000a57   Thumb Code   146  pwm.o(.text)
    init_pwm                                 0x08000ae9   Thumb Code   174  pwm.o(.text)
    pwm_out                                  0x08000b97   Thumb Code   160  pwm.o(.text)
    putchar                                  0x08000d4f   Thumb Code    36  serial.o(.text)
    begin_fcn                                0x08000d73   Thumb Code    16  serial.o(.text)
    available_fcn                            0x08000d83   Thumb Code     6  serial.o(.text)
    flush_fcn                                0x08000d89   Thumb Code    26  serial.o(.text)
    read_fcn                                 0x08000da3   Thumb Code    62  serial.o(.text)
    peek_fcn                                 0x08000de1   Thumb Code    18  serial.o(.text)
    write_fcn                                0x08000df3   Thumb Code    12  serial.o(.text)
    print_fcn                                0x08000dff   Thumb Code    24  serial.o(.text)
    println_fcn                              0x08000e17   Thumb Code    24  serial.o(.text)
    USART1_IRQHandler                        0x08000e2f   Thumb Code   122  serial.o(.text)
    set_current_compensation                 0x08000ed5   Thumb Code    88  interrupted_charging.o(.text)
    set_temperature_compensation             0x08000f2d   Thumb Code   118  interrupted_charging.o(.text)
    calc_lvdc                                0x08000fa3   Thumb Code    58  interrupted_charging.o(.text)
    interrupted_charging                     0x08000fdd   Thumb Code  1242  interrupted_charging.o(.text)
    delay100u                                0x080014e5   Thumb Code    24  lcd_hd44780.o(.text)
    cycle_e                                  0x080014fd   Thumb Code    36  lcd_hd44780.o(.text)
    lcd_send_4_bits                          0x08001521   Thumb Code   118  lcd_hd44780.o(.text)
    lcd_putc                                 0x08001597   Thumb Code    42  lcd_hd44780.o(.text)
    lcd_write_string                         0x080015c1   Thumb Code    22  lcd_hd44780.o(.text)
    lcd_write_int                            0x080015d7   Thumb Code    34  lcd_hd44780.o(.text)
    lcd_send_cmd                             0x080015f9   Thumb Code    42  lcd_hd44780.o(.text)
    lcd_goto_XY                              0x08001623   Thumb Code    26  lcd_hd44780.o(.text)
    lcd_clear                                0x0800163d   Thumb Code    18  lcd_hd44780.o(.text)
    lcd_backlight                            0x0800164f   Thumb Code    86  lcd_hd44780.o(.text)
    lcd_set_custom_chars                     0x080016a5   Thumb Code   250  lcd_hd44780.o(.text)
    lcd_init                                 0x0800179f   Thumb Code   156  lcd_hd44780.o(.text)
    lcd_test                                 0x0800183b   Thumb Code   278  lcd_hd44780.o(.text)
    lcd_bk_tmr_expire                        0x08001951   Thumb Code    12  lcd_hd44780.o(.text)
    lcd_power                                0x0800195d   Thumb Code    30  lcd_hd44780.o(.text)
    lcd_batt_level                           0x0800197b   Thumb Code   232  lcd_hd44780.o(.text)
    NMI_Handler                              0x08001a69   Thumb Code     2  stm32f0xx_it.o(.text)
    HardFault_Handler                        0x08001a6b   Thumb Code     4  stm32f0xx_it.o(.text)
    ADC1_COMP_IRQHandler                     0x08001a6f   Thumb Code     2  stm32f0xx_it.o(.text)
    EXTI0_1_IRQHandler                       0x08001a71   Thumb Code    30  stm32f0xx_it.o(.text)
    EXTI4_15_IRQHandler                      0x08001a8f   Thumb Code   158  stm32f0xx_it.o(.text)
    keypad_get_key                           0x08001b35   Thumb Code   328  ui.o(.text)
    utoa_b                                   0x08001c7d   Thumb Code   104  ui.o(.text)
    pwr_sw_init                              0x08001ce5   Thumb Code    70  ui.o(.text)
    keypad_init                              0x08001d2b   Thumb Code   230  ui.o(.text)
    ui                                       0x08001e11   Thumb Code   970  ui.o(.text)
    usb_outputs_init                         0x08002271   Thumb Code   150  user_outputs.o(.text)
    dc_outputs_init                          0x08002307   Thumb Code    44  user_outputs.o(.text)
    delay                                    0x08002339   Thumb Code    14  buzzer.o(.text)
    buzzer_init                              0x08002347   Thumb Code    56  buzzer.o(.text)
    buzz                                     0x0800237f   Thumb Code    60  buzzer.o(.text)
    ADC_DeInit                               0x080023bd   Thumb Code    28  stm32f0xx_adc.o(.text)
    ADC_Init                                 0x080023d9   Thumb Code    40  stm32f0xx_adc.o(.text)
    ADC_StructInit                           0x08002401   Thumb Code    16  stm32f0xx_adc.o(.text)
    ADC_Cmd                                  0x08002411   Thumb Code    24  stm32f0xx_adc.o(.text)
    ADC_JitterCmd                            0x08002429   Thumb Code    20  stm32f0xx_adc.o(.text)
    ADC_AutoPowerOffCmd                      0x0800243d   Thumb Code    28  stm32f0xx_adc.o(.text)
    ADC_WaitModeCmd                          0x08002459   Thumb Code    28  stm32f0xx_adc.o(.text)
    ADC_AnalogWatchdogCmd                    0x08002475   Thumb Code    28  stm32f0xx_adc.o(.text)
    ADC_AnalogWatchdogThresholdsConfig       0x08002491   Thumb Code     8  stm32f0xx_adc.o(.text)
    ADC_AnalogWatchdogSingleChannelConfig    0x08002499   Thumb Code    28  stm32f0xx_adc.o(.text)
    ADC_AnalogWatchdogSingleChannelCmd       0x080024b5   Thumb Code    28  stm32f0xx_adc.o(.text)
    ADC_TempSensorCmd                        0x080024d1   Thumb Code    36  stm32f0xx_adc.o(.text)
    ADC_VrefintCmd                           0x080024f5   Thumb Code    36  stm32f0xx_adc.o(.text)
    ADC_VbatCmd                              0x08002519   Thumb Code    36  stm32f0xx_adc.o(.text)
    ADC_ChannelConfig                        0x0800253d   Thumb Code    24  stm32f0xx_adc.o(.text)
    ADC_ContinuousModeCmd                    0x08002555   Thumb Code    28  stm32f0xx_adc.o(.text)
    ADC_DiscModeCmd                          0x08002571   Thumb Code    28  stm32f0xx_adc.o(.text)
    ADC_OverrunModeCmd                       0x0800258d   Thumb Code    28  stm32f0xx_adc.o(.text)
    ADC_GetCalibrationFactor                 0x080025a9   Thumb Code    58  stm32f0xx_adc.o(.text)
    ADC_StopOfConversion                     0x080025e3   Thumb Code    10  stm32f0xx_adc.o(.text)
    ADC_StartOfConversion                    0x080025ed   Thumb Code    10  stm32f0xx_adc.o(.text)
    ADC_GetConversionValue                   0x080025f7   Thumb Code     8  stm32f0xx_adc.o(.text)
    ADC_DMACmd                               0x080025ff   Thumb Code    24  stm32f0xx_adc.o(.text)
    ADC_DMARequestModeConfig                 0x08002617   Thumb Code    16  stm32f0xx_adc.o(.text)
    ADC_ITConfig                             0x08002627   Thumb Code    20  stm32f0xx_adc.o(.text)
    ADC_GetFlagStatus                        0x0800263b   Thumb Code    44  stm32f0xx_adc.o(.text)
    ADC_ClearFlag                            0x08002667   Thumb Code     4  stm32f0xx_adc.o(.text)
    ADC_GetITStatus                          0x0800266b   Thumb Code    32  stm32f0xx_adc.o(.text)
    ADC_ClearITPendingBit                    0x0800268b   Thumb Code     4  stm32f0xx_adc.o(.text)
    DMA_DeInit                               0x0800269d   Thumb Code   152  stm32f0xx_dma.o(.text)
    DMA_Init                                 0x08002735   Thumb Code    58  stm32f0xx_dma.o(.text)
    DMA_StructInit                           0x0800276f   Thumb Code    26  stm32f0xx_dma.o(.text)
    DMA_Cmd                                  0x08002789   Thumb Code    24  stm32f0xx_dma.o(.text)
    DMA_SetCurrDataCounter                   0x080027a1   Thumb Code     4  stm32f0xx_dma.o(.text)
    DMA_GetCurrDataCounter                   0x080027a5   Thumb Code     8  stm32f0xx_dma.o(.text)
    DMA_ITConfig                             0x080027ad   Thumb Code    20  stm32f0xx_dma.o(.text)
    DMA_GetFlagStatus                        0x080027c1   Thumb Code    22  stm32f0xx_dma.o(.text)
    DMA_ClearFlag                            0x080027d7   Thumb Code     8  stm32f0xx_dma.o(.text)
    DMA_GetITStatus                          0x080027df   Thumb Code    22  stm32f0xx_dma.o(.text)
    DMA_ClearITPendingBit                    0x080027f5   Thumb Code     8  stm32f0xx_dma.o(.text)
    EXTI_DeInit                              0x08002809   Thumb Code    20  stm32f0xx_exti.o(.text)
    EXTI_Init                                0x0800281d   Thumb Code   132  stm32f0xx_exti.o(.text)
    EXTI_StructInit                          0x080028a1   Thumb Code    16  stm32f0xx_exti.o(.text)
    EXTI_GenerateSWInterrupt                 0x080028b1   Thumb Code    12  stm32f0xx_exti.o(.text)
    EXTI_GetFlagStatus                       0x080028bd   Thumb Code    20  stm32f0xx_exti.o(.text)
    EXTI_ClearFlag                           0x080028d1   Thumb Code     6  stm32f0xx_exti.o(.text)
    EXTI_GetITStatus                         0x080028d7   Thumb Code    34  stm32f0xx_exti.o(.text)
    EXTI_ClearITPendingBit                   0x080028f9   Thumb Code     6  stm32f0xx_exti.o(.text)
    GPIO_DeInit                              0x0800290d   Thumb Code   132  stm32f0xx_gpio.o(.text)
    GPIO_Init                                0x08002991   Thumb Code   144  stm32f0xx_gpio.o(.text)
    GPIO_StructInit                          0x08002a21   Thumb Code    20  stm32f0xx_gpio.o(.text)
    GPIO_PinLockConfig                       0x08002a35   Thumb Code    22  stm32f0xx_gpio.o(.text)
    GPIO_ReadInputDataBit                    0x08002a4b   Thumb Code    18  stm32f0xx_gpio.o(.text)
    GPIO_ReadInputData                       0x08002a5d   Thumb Code     6  stm32f0xx_gpio.o(.text)
    GPIO_ReadOutputDataBit                   0x08002a63   Thumb Code    18  stm32f0xx_gpio.o(.text)
    GPIO_ReadOutputData                      0x08002a75   Thumb Code     6  stm32f0xx_gpio.o(.text)
    GPIO_SetBits                             0x08002a7b   Thumb Code     4  stm32f0xx_gpio.o(.text)
    GPIO_ResetBits                           0x08002a7f   Thumb Code     4  stm32f0xx_gpio.o(.text)
    GPIO_WriteBit                            0x08002a83   Thumb Code    12  stm32f0xx_gpio.o(.text)
    GPIO_Write                               0x08002a8f   Thumb Code     4  stm32f0xx_gpio.o(.text)
    GPIO_PinAFConfig                         0x08002a93   Thumb Code    68  stm32f0xx_gpio.o(.text)
    NVIC_Init                                0x08002aed   Thumb Code   106  stm32f0xx_misc.o(.text)
    NVIC_SystemLPConfig                      0x08002b57   Thumb Code    28  stm32f0xx_misc.o(.text)
    SysTick_CLKSourceConfig                  0x08002b73   Thumb Code    32  stm32f0xx_misc.o(.text)
    PWR_DeInit                               0x08002ba1   Thumb Code    22  stm32f0xx_pwr.o(.text)
    PWR_BackupAccessCmd                      0x08002bb7   Thumb Code    36  stm32f0xx_pwr.o(.text)
    PWR_PVDLevelConfig                       0x08002bdb   Thumb Code    28  stm32f0xx_pwr.o(.text)
    PWR_PVDCmd                               0x08002bf7   Thumb Code    32  stm32f0xx_pwr.o(.text)
    PWR_WakeUpPinCmd                         0x08002c17   Thumb Code    28  stm32f0xx_pwr.o(.text)
    PWR_EnterSleepMode                       0x08002c33   Thumb Code    24  stm32f0xx_pwr.o(.text)
    PWR_EnterSTOPMode                        0x08002c4b   Thumb Code    60  stm32f0xx_pwr.o(.text)
    PWR_EnterSTANDBYMode                     0x08002c87   Thumb Code    40  stm32f0xx_pwr.o(.text)
    PWR_GetFlagStatus                        0x08002caf   Thumb Code    20  stm32f0xx_pwr.o(.text)
    PWR_ClearFlag                            0x08002cc3   Thumb Code    14  stm32f0xx_pwr.o(.text)
    RCC_DeInit                               0x08002cd9   Thumb Code   104  stm32f0xx_rcc.o(.text)
    RCC_HSEConfig                            0x08002d41   Thumb Code    12  stm32f0xx_rcc.o(.text)
    RCC_GetFlagStatus                        0x08002d4d   Thumb Code    66  stm32f0xx_rcc.o(.text)
    RCC_WaitForHSEStartUp                    0x08002d8f   Thumb Code    52  stm32f0xx_rcc.o(.text)
    RCC_AdjustHSICalibrationValue            0x08002dc3   Thumb Code    26  stm32f0xx_rcc.o(.text)
    RCC_HSICmd                               0x08002ddd   Thumb Code    32  stm32f0xx_rcc.o(.text)
    RCC_AdjustHSI14CalibrationValue          0x08002dfd   Thumb Code    26  stm32f0xx_rcc.o(.text)
    RCC_HSI14Cmd                             0x08002e17   Thumb Code    32  stm32f0xx_rcc.o(.text)
    RCC_HSI14ADCRequestCmd                   0x08002e37   Thumb Code    32  stm32f0xx_rcc.o(.text)
    RCC_LSEConfig                            0x08002e57   Thumb Code    34  stm32f0xx_rcc.o(.text)
    RCC_LSEDriveConfig                       0x08002e79   Thumb Code    22  stm32f0xx_rcc.o(.text)
    RCC_LSICmd                               0x08002e8f   Thumb Code    32  stm32f0xx_rcc.o(.text)
    RCC_PLLConfig                            0x08002eaf   Thumb Code    30  stm32f0xx_rcc.o(.text)
    RCC_PLLCmd                               0x08002ecd   Thumb Code    36  stm32f0xx_rcc.o(.text)
    RCC_PREDIV1Config                        0x08002ef1   Thumb Code    24  stm32f0xx_rcc.o(.text)
    RCC_ClockSecuritySystemCmd               0x08002f09   Thumb Code    36  stm32f0xx_rcc.o(.text)
    RCC_MCOConfig                            0x08002f2d   Thumb Code     6  stm32f0xx_rcc.o(.text)
    RCC_SYSCLKConfig                         0x08002f33   Thumb Code    24  stm32f0xx_rcc.o(.text)
    RCC_GetSYSCLKSource                      0x08002f4b   Thumb Code    10  stm32f0xx_rcc.o(.text)
    RCC_HCLKConfig                           0x08002f55   Thumb Code    28  stm32f0xx_rcc.o(.text)
    RCC_PCLKConfig                           0x08002f71   Thumb Code    30  stm32f0xx_rcc.o(.text)
    RCC_ADCCLKConfig                         0x08002f8f   Thumb Code    52  stm32f0xx_rcc.o(.text)
    RCC_CECCLKConfig                         0x08002fc3   Thumb Code    22  stm32f0xx_rcc.o(.text)
    RCC_I2CCLKConfig                         0x08002fd9   Thumb Code    22  stm32f0xx_rcc.o(.text)
    RCC_USARTCLKConfig                       0x08002fef   Thumb Code    22  stm32f0xx_rcc.o(.text)
    RCC_GetClocksFreq                        0x08003005   Thumb Code   368  stm32f0xx_rcc.o(.text)
    RCC_RTCCLKConfig                         0x08003175   Thumb Code    12  stm32f0xx_rcc.o(.text)
    RCC_RTCCLKCmd                            0x08003181   Thumb Code    36  stm32f0xx_rcc.o(.text)
    RCC_BackupResetCmd                       0x080031a5   Thumb Code    36  stm32f0xx_rcc.o(.text)
    RCC_AHBPeriphClockCmd                    0x080031c9   Thumb Code    28  stm32f0xx_rcc.o(.text)
    RCC_APB2PeriphClockCmd                   0x080031e5   Thumb Code    28  stm32f0xx_rcc.o(.text)
    RCC_APB1PeriphClockCmd                   0x08003201   Thumb Code    28  stm32f0xx_rcc.o(.text)
    RCC_AHBPeriphResetCmd                    0x0800321d   Thumb Code    28  stm32f0xx_rcc.o(.text)
    RCC_APB2PeriphResetCmd                   0x08003239   Thumb Code    28  stm32f0xx_rcc.o(.text)
    RCC_APB1PeriphResetCmd                   0x08003255   Thumb Code    28  stm32f0xx_rcc.o(.text)
    RCC_ITConfig                             0x08003271   Thumb Code    28  stm32f0xx_rcc.o(.text)
    RCC_ClearFlag                            0x0800328d   Thumb Code    16  stm32f0xx_rcc.o(.text)
    RCC_GetITStatus                          0x0800329d   Thumb Code    20  stm32f0xx_rcc.o(.text)
    RCC_ClearITPendingBit                    0x080032b1   Thumb Code     6  stm32f0xx_rcc.o(.text)
    SYSCFG_DeInit                            0x080032c5   Thumb Code    40  stm32f0xx_syscfg.o(.text)
    SYSCFG_MemoryRemapConfig                 0x080032ed   Thumb Code    24  stm32f0xx_syscfg.o(.text)
    SYSCFG_DMAChannelRemapConfig             0x08003305   Thumb Code    28  stm32f0xx_syscfg.o(.text)
    SYSCFG_I2CFastModePlusConfig             0x08003321   Thumb Code    28  stm32f0xx_syscfg.o(.text)
    SYSCFG_EXTILineConfig                    0x0800333d   Thumb Code    66  stm32f0xx_syscfg.o(.text)
    SYSCFG_BreakConfig                       0x0800337f   Thumb Code    12  stm32f0xx_syscfg.o(.text)
    SYSCFG_GetFlagStatus                     0x0800338b   Thumb Code    24  stm32f0xx_syscfg.o(.text)
    SYSCFG_ClearFlag                         0x080033a3   Thumb Code    12  stm32f0xx_syscfg.o(.text)
    TIM_DeInit                               0x080033b5   Thumb Code   204  stm32f0xx_tim.o(.text)
    TIM_TimeBaseInit                         0x08003481   Thumb Code    90  stm32f0xx_tim.o(.text)
    TIM_TimeBaseStructInit                   0x080034db   Thumb Code    18  stm32f0xx_tim.o(.text)
    TIM_PrescalerConfig                      0x080034ed   Thumb Code     6  stm32f0xx_tim.o(.text)
    TIM_CounterModeConfig                    0x080034f3   Thumb Code    20  stm32f0xx_tim.o(.text)
    TIM_SetCounter                           0x08003507   Thumb Code     4  stm32f0xx_tim.o(.text)
    TIM_SetAutoreload                        0x0800350b   Thumb Code     4  stm32f0xx_tim.o(.text)
    TIM_GetCounter                           0x0800350f   Thumb Code     6  stm32f0xx_tim.o(.text)
    TIM_GetPrescaler                         0x08003515   Thumb Code     6  stm32f0xx_tim.o(.text)
    TIM_UpdateDisableConfig                  0x0800351b   Thumb Code    26  stm32f0xx_tim.o(.text)
    TIM_UpdateRequestConfig                  0x08003535   Thumb Code    26  stm32f0xx_tim.o(.text)
    TIM_ARRPreloadConfig                     0x0800354f   Thumb Code    26  stm32f0xx_tim.o(.text)
    TIM_SelectOnePulseMode                   0x08003569   Thumb Code    18  stm32f0xx_tim.o(.text)
    TIM_SetClockDivision                     0x0800357b   Thumb Code    16  stm32f0xx_tim.o(.text)
    TIM_Cmd                                  0x0800358b   Thumb Code    26  stm32f0xx_tim.o(.text)
    TIM_BDTRConfig                           0x080035a5   Thumb Code    32  stm32f0xx_tim.o(.text)
    TIM_BDTRStructInit                       0x080035c5   Thumb Code    18  stm32f0xx_tim.o(.text)
    TIM_CtrlPWMOutputs                       0x080035d7   Thumb Code    34  stm32f0xx_tim.o(.text)
    TIM_OC1Init                              0x080035f9   Thumb Code   122  stm32f0xx_tim.o(.text)
    TIM_OC2Init                              0x08003673   Thumb Code   132  stm32f0xx_tim.o(.text)
    TIM_OC3Init                              0x080036f7   Thumb Code   124  stm32f0xx_tim.o(.text)
    TIM_OC4Init                              0x08003773   Thumb Code   150  stm32f0xx_tim.o(.text)
    TIM_OCStructInit                         0x08003809   Thumb Code    20  stm32f0xx_tim.o(.text)
    TIM_SelectOCxM                           0x0800381d   Thumb Code    82  stm32f0xx_tim.o(.text)
    TIM_SetCompare1                          0x0800386f   Thumb Code     4  stm32f0xx_tim.o(.text)
    TIM_SetCompare2                          0x08003873   Thumb Code     4  stm32f0xx_tim.o(.text)
    TIM_SetCompare3                          0x08003877   Thumb Code     4  stm32f0xx_tim.o(.text)
    TIM_SetCompare4                          0x0800387b   Thumb Code     4  stm32f0xx_tim.o(.text)
    TIM_ForcedOC1Config                      0x0800387f   Thumb Code    20  stm32f0xx_tim.o(.text)
    TIM_ForcedOC2Config                      0x08003893   Thumb Code    20  stm32f0xx_tim.o(.text)
    TIM_ForcedOC3Config                      0x080038a7   Thumb Code    20  stm32f0xx_tim.o(.text)
    TIM_ForcedOC4Config                      0x080038bb   Thumb Code    20  stm32f0xx_tim.o(.text)
    TIM_CCPreloadControl                     0x080038cf   Thumb Code    26  stm32f0xx_tim.o(.text)
    TIM_OC1PreloadConfig                     0x080038e9   Thumb Code    22  stm32f0xx_tim.o(.text)
    TIM_OC2PreloadConfig                     0x080038ff   Thumb Code    20  stm32f0xx_tim.o(.text)
    TIM_OC3PreloadConfig                     0x08003913   Thumb Code    22  stm32f0xx_tim.o(.text)
    TIM_OC4PreloadConfig                     0x08003929   Thumb Code    20  stm32f0xx_tim.o(.text)
    TIM_OC1FastConfig                        0x0800393d   Thumb Code    22  stm32f0xx_tim.o(.text)
    TIM_OC2FastConfig                        0x08003953   Thumb Code    20  stm32f0xx_tim.o(.text)
    TIM_OC3FastConfig                        0x08003967   Thumb Code    22  stm32f0xx_tim.o(.text)
    TIM_OC4FastConfig                        0x0800397d   Thumb Code    20  stm32f0xx_tim.o(.text)
    TIM_ClearOC1Ref                          0x08003991   Thumb Code    22  stm32f0xx_tim.o(.text)
    TIM_ClearOC2Ref                          0x080039a7   Thumb Code    20  stm32f0xx_tim.o(.text)
    TIM_ClearOC3Ref                          0x080039bb   Thumb Code    22  stm32f0xx_tim.o(.text)
    TIM_ClearOC4Ref                          0x080039d1   Thumb Code    20  stm32f0xx_tim.o(.text)
    TIM_OC1PolarityConfig                    0x080039e5   Thumb Code    22  stm32f0xx_tim.o(.text)
    TIM_OC1NPolarityConfig                   0x080039fb   Thumb Code    22  stm32f0xx_tim.o(.text)
    TIM_OC2PolarityConfig                    0x08003a11   Thumb Code    22  stm32f0xx_tim.o(.text)
    TIM_OC2NPolarityConfig                   0x08003a27   Thumb Code    22  stm32f0xx_tim.o(.text)
    TIM_OC3PolarityConfig                    0x08003a3d   Thumb Code    20  stm32f0xx_tim.o(.text)
    TIM_OC3NPolarityConfig                   0x08003a51   Thumb Code    20  stm32f0xx_tim.o(.text)
    TIM_OC4PolarityConfig                    0x08003a65   Thumb Code    20  stm32f0xx_tim.o(.text)
    TIM_SelectOCREFClear                     0x08003a79   Thumb Code    18  stm32f0xx_tim.o(.text)
    TIM_CCxCmd                               0x08003a8b   Thumb Code    30  stm32f0xx_tim.o(.text)
    TIM_CCxNCmd                              0x08003aa9   Thumb Code    30  stm32f0xx_tim.o(.text)
    TIM_SelectCOM                            0x08003ac7   Thumb Code    26  stm32f0xx_tim.o(.text)
    TIM_SetIC4Prescaler                      0x08003ae1   Thumb Code    20  stm32f0xx_tim.o(.text)
    TIM_SetIC3Prescaler                      0x08003b37   Thumb Code    18  stm32f0xx_tim.o(.text)
    TIM_SetIC2Prescaler                      0x08003b8b   Thumb Code    20  stm32f0xx_tim.o(.text)
    TIM_SetIC1Prescaler                      0x08003c15   Thumb Code    16  stm32f0xx_tim.o(.text)
    TIM_ICInit                               0x08003c5b   Thumb Code   112  stm32f0xx_tim.o(.text)
    TIM_ICStructInit                         0x08003ccb   Thumb Code    18  stm32f0xx_tim.o(.text)
    TIM_PWMIConfig                           0x08003cdd   Thumb Code   124  stm32f0xx_tim.o(.text)
    TIM_GetCapture1                          0x08003d59   Thumb Code     6  stm32f0xx_tim.o(.text)
    TIM_GetCapture2                          0x08003d5f   Thumb Code     6  stm32f0xx_tim.o(.text)
    TIM_GetCapture3                          0x08003d65   Thumb Code     6  stm32f0xx_tim.o(.text)
    TIM_GetCapture4                          0x08003d6b   Thumb Code     6  stm32f0xx_tim.o(.text)
    TIM_ITConfig                             0x08003d71   Thumb Code    20  stm32f0xx_tim.o(.text)
    TIM_GenerateEvent                        0x08003d85   Thumb Code     4  stm32f0xx_tim.o(.text)
    TIM_GetFlagStatus                        0x08003d89   Thumb Code    18  stm32f0xx_tim.o(.text)
    TIM_ClearFlag                            0x08003d9b   Thumb Code     6  stm32f0xx_tim.o(.text)
    TIM_GetITStatus                          0x08003da1   Thumb Code    38  stm32f0xx_tim.o(.text)
    TIM_ClearITPendingBit                    0x08003dc7   Thumb Code     6  stm32f0xx_tim.o(.text)
    TIM_DMAConfig                            0x08003dcd   Thumb Code    12  stm32f0xx_tim.o(.text)
    TIM_DMACmd                               0x08003dd9   Thumb Code    20  stm32f0xx_tim.o(.text)
    TIM_SelectCCDMA                          0x08003ded   Thumb Code    26  stm32f0xx_tim.o(.text)
    TIM_InternalClockConfig                  0x08003e07   Thumb Code    12  stm32f0xx_tim.o(.text)
    TIM_SelectInputTrigger                   0x08003e13   Thumb Code    22  stm32f0xx_tim.o(.text)
    TIM_ITRxExternalClockConfig              0x08003e29   Thumb Code    24  stm32f0xx_tim.o(.text)
    TIM_TIxExternalClockConfig               0x08003e41   Thumb Code    58  stm32f0xx_tim.o(.text)
    TIM_ETRConfig                            0x08003e7b   Thumb Code    24  stm32f0xx_tim.o(.text)
    TIM_ETRClockMode1Config                  0x08003e93   Thumb Code    48  stm32f0xx_tim.o(.text)
    TIM_ETRClockMode2Config                  0x08003ec3   Thumb Code    34  stm32f0xx_tim.o(.text)
    TIM_SelectOutputTrigger                  0x08003ee5   Thumb Code    18  stm32f0xx_tim.o(.text)
    TIM_SelectSlaveMode                      0x08003ef7   Thumb Code    18  stm32f0xx_tim.o(.text)
    TIM_SelectMasterSlaveMode                0x08003f09   Thumb Code    18  stm32f0xx_tim.o(.text)
    TIM_EncoderInterfaceConfig               0x08003f1b   Thumb Code    60  stm32f0xx_tim.o(.text)
    TIM_SelectHallSensor                     0x08003f57   Thumb Code    26  stm32f0xx_tim.o(.text)
    TIM_RemapConfig                          0x08003f71   Thumb Code     6  stm32f0xx_tim.o(.text)
    USART_DeInit                             0x08003f81   Thumb Code    56  stm32f0xx_usart.o(.text)
    USART_Init                               0x08003fb9   Thumb Code   230  stm32f0xx_usart.o(.text)
    USART_StructInit                         0x0800409f   Thumb Code    24  stm32f0xx_usart.o(.text)
    USART_ClockInit                          0x080040b7   Thumb Code    36  stm32f0xx_usart.o(.text)
    USART_ClockStructInit                    0x080040db   Thumb Code    12  stm32f0xx_usart.o(.text)
    USART_Cmd                                0x080040e7   Thumb Code    24  stm32f0xx_usart.o(.text)
    USART_DirectionModeCmd                   0x080040ff   Thumb Code    20  stm32f0xx_usart.o(.text)
    USART_OverSampling8Cmd                   0x08004113   Thumb Code    28  stm32f0xx_usart.o(.text)
    USART_OneBitMethodCmd                    0x0800412f   Thumb Code    28  stm32f0xx_usart.o(.text)
    USART_MSBFirstCmd                        0x0800414b   Thumb Code    28  stm32f0xx_usart.o(.text)
    USART_DataInvCmd                         0x08004167   Thumb Code    28  stm32f0xx_usart.o(.text)
    USART_InvPinCmd                          0x08004183   Thumb Code    20  stm32f0xx_usart.o(.text)
    USART_SWAPPinCmd                         0x08004197   Thumb Code    28  stm32f0xx_usart.o(.text)
    USART_ReceiverTimeOutCmd                 0x080041b3   Thumb Code    28  stm32f0xx_usart.o(.text)
    USART_SetReceiverTimeOut                 0x080041cf   Thumb Code    16  stm32f0xx_usart.o(.text)
    USART_SetPrescaler                       0x080041df   Thumb Code    18  stm32f0xx_usart.o(.text)
    USART_STOPModeCmd                        0x080041f1   Thumb Code    24  stm32f0xx_usart.o(.text)
    USART_StopModeWakeUpSourceConfig         0x08004209   Thumb Code    18  stm32f0xx_usart.o(.text)
    USART_AutoBaudRateCmd                    0x0800421b   Thumb Code    28  stm32f0xx_usart.o(.text)
    USART_AutoBaudRateConfig                 0x08004237   Thumb Code    18  stm32f0xx_usart.o(.text)
    USART_AutoBaudRateNewRequest             0x08004249   Thumb Code    12  stm32f0xx_usart.o(.text)
    USART_SendData                           0x08004255   Thumb Code     8  stm32f0xx_usart.o(.text)
    USART_ReceiveData                        0x0800425d   Thumb Code    10  stm32f0xx_usart.o(.text)
    USART_SetAddress                         0x08004267   Thumb Code    18  stm32f0xx_usart.o(.text)
    USART_MuteModeCmd                        0x08004279   Thumb Code    28  stm32f0xx_usart.o(.text)
    USART_MuteModeWakeUpConfig               0x08004295   Thumb Code    18  stm32f0xx_usart.o(.text)
    USART_AddressDetectionConfig             0x080042a7   Thumb Code    16  stm32f0xx_usart.o(.text)
    USART_LINBreakDetectLengthConfig         0x080042b7   Thumb Code    16  stm32f0xx_usart.o(.text)
    USART_LINCmd                             0x080042c7   Thumb Code    28  stm32f0xx_usart.o(.text)
    USART_HalfDuplexCmd                      0x080042e3   Thumb Code    24  stm32f0xx_usart.o(.text)
    USART_SetGuardTime                       0x080042fb   Thumb Code    16  stm32f0xx_usart.o(.text)
    USART_SmartCardCmd                       0x0800430b   Thumb Code    24  stm32f0xx_usart.o(.text)
    USART_SmartCardNACKCmd                   0x08004323   Thumb Code    24  stm32f0xx_usart.o(.text)
    USART_SetAutoRetryCount                  0x0800433b   Thumb Code    20  stm32f0xx_usart.o(.text)
    USART_SetBlockLength                     0x0800434f   Thumb Code    30  stm32f0xx_usart.o(.text)
    USART_IrDAConfig                         0x0800436d   Thumb Code    16  stm32f0xx_usart.o(.text)
    USART_IrDACmd                            0x0800437d   Thumb Code    24  stm32f0xx_usart.o(.text)
    USART_DECmd                              0x08004395   Thumb Code    28  stm32f0xx_usart.o(.text)
    USART_DEPolarityConfig                   0x080043b1   Thumb Code    18  stm32f0xx_usart.o(.text)
    USART_SetDEAssertionTime                 0x080043c3   Thumb Code    20  stm32f0xx_usart.o(.text)
    USART_SetDEDeassertionTime               0x080043d7   Thumb Code    20  stm32f0xx_usart.o(.text)
    USART_DMACmd                             0x080043eb   Thumb Code    20  stm32f0xx_usart.o(.text)
    USART_DMAReceptionErrorConfig            0x080043ff   Thumb Code    18  stm32f0xx_usart.o(.text)
    USART_ITConfig                           0x08004411   Thumb Code    66  stm32f0xx_usart.o(.text)
    USART_RequestCmd                         0x08004453   Thumb Code    20  stm32f0xx_usart.o(.text)
    USART_OverrunDetectionConfig             0x08004467   Thumb Code    18  stm32f0xx_usart.o(.text)
    USART_GetFlagStatus                      0x08004479   Thumb Code    18  stm32f0xx_usart.o(.text)
    USART_ClearFlag                          0x0800448b   Thumb Code     4  stm32f0xx_usart.o(.text)
    USART_GetITStatus                        0x0800448f   Thumb Code    78  stm32f0xx_usart.o(.text)
    USART_ClearITPendingBit                  0x080044dd   Thumb Code    18  stm32f0xx_usart.o(.text)
    SystemInit                               0x08004569   Thumb Code   110  system_stm32f0xx.o(.text)
    SystemCoreClockUpdate                    0x080045d7   Thumb Code   154  system_stm32f0xx.o(.text)
    Reset_Handler                            0x08004691   Thumb Code     8  startup_stm32f0xx.o(.text)
    CEC_IRQHandler                           0x080046a3   Thumb Code     0  startup_stm32f0xx.o(.text)
    DMA1_Channel1_IRQHandler                 0x080046a3   Thumb Code     0  startup_stm32f0xx.o(.text)
    DMA1_Channel2_3_IRQHandler               0x080046a3   Thumb Code     0  startup_stm32f0xx.o(.text)
    DMA1_Channel4_5_IRQHandler               0x080046a3   Thumb Code     0  startup_stm32f0xx.o(.text)
    EXTI2_3_IRQHandler                       0x080046a3   Thumb Code     0  startup_stm32f0xx.o(.text)
    FLASH_IRQHandler                         0x080046a3   Thumb Code     0  startup_stm32f0xx.o(.text)
    I2C1_IRQHandler                          0x080046a3   Thumb Code     0  startup_stm32f0xx.o(.text)
    I2C2_IRQHandler                          0x080046a3   Thumb Code     0  startup_stm32f0xx.o(.text)
    PVD_IRQHandler                           0x080046a3   Thumb Code     0  startup_stm32f0xx.o(.text)
    RCC_IRQHandler                           0x080046a3   Thumb Code     0  startup_stm32f0xx.o(.text)
    RTC_IRQHandler                           0x080046a3   Thumb Code     0  startup_stm32f0xx.o(.text)
    SPI1_IRQHandler                          0x080046a3   Thumb Code     0  startup_stm32f0xx.o(.text)
    SPI2_IRQHandler                          0x080046a3   Thumb Code     0  startup_stm32f0xx.o(.text)
    TIM14_IRQHandler                         0x080046a3   Thumb Code     0  startup_stm32f0xx.o(.text)
    TIM15_IRQHandler                         0x080046a3   Thumb Code     0  startup_stm32f0xx.o(.text)
    TIM16_IRQHandler                         0x080046a3   Thumb Code     0  startup_stm32f0xx.o(.text)
    TIM17_IRQHandler                         0x080046a3   Thumb Code     0  startup_stm32f0xx.o(.text)
    TIM1_BRK_UP_TRG_COM_IRQHandler           0x080046a3   Thumb Code     0  startup_stm32f0xx.o(.text)
    TIM1_CC_IRQHandler                       0x080046a3   Thumb Code     0  startup_stm32f0xx.o(.text)
    TIM2_IRQHandler                          0x080046a3   Thumb Code     0  startup_stm32f0xx.o(.text)
    TIM3_IRQHandler                          0x080046a3   Thumb Code     0  startup_stm32f0xx.o(.text)
    TIM6_DAC_IRQHandler                      0x080046a3   Thumb Code     0  startup_stm32f0xx.o(.text)
    TS_IRQHandler                            0x080046a3   Thumb Code     0  startup_stm32f0xx.o(.text)
    USART2_IRQHandler                        0x080046a3   Thumb Code     0  startup_stm32f0xx.o(.text)
    WWDG_IRQHandler                          0x080046a3   Thumb Code     0  startup_stm32f0xx.o(.text)
    os_idle_demon                            0x080046ad   Thumb Code     4  rtx_conf_cm.o(.text)
    os_tmr_call                              0x080046b1   Thumb Code    18  rtx_conf_cm.o(.text)
    os_error                                 0x080046c3   Thumb Code    46  rtx_conf_cm.o(.text)
    __aeabi_uidiv                            0x08004749   Thumb Code     0  uidiv.o(.text)
    __aeabi_uidivmod                         0x08004749   Thumb Code    44  uidiv.o(.text)
    __aeabi_fadd                             0x08004775   Thumb Code   162  fadd.o(.text)
    __aeabi_fsub                             0x08004817   Thumb Code     8  fadd.o(.text)
    __aeabi_frsub                            0x0800481f   Thumb Code     8  fadd.o(.text)
    __aeabi_fmul                             0x08004827   Thumb Code   122  fmul.o(.text)
    __aeabi_fdiv                             0x080048a1   Thumb Code   128  fdiv.o(.text)
    __aeabi_dadd                             0x08004921   Thumb Code   326  dadd.o(.text)
    __aeabi_dsub                             0x08004a67   Thumb Code    12  dadd.o(.text)
    __aeabi_drsub                            0x08004a73   Thumb Code    12  dadd.o(.text)
    __aeabi_dmul                             0x08004a85   Thumb Code   202  dmul.o(.text)
    __aeabi_ddiv                             0x08004b55   Thumb Code   234  ddiv.o(.text)
    __aeabi_i2f                              0x08004c45   Thumb Code    22  fflti.o(.text)
    __aeabi_ui2f                             0x08004c5b   Thumb Code    14  ffltui.o(.text)
    __aeabi_i2d                              0x08004c69   Thumb Code    34  dflti.o(.text)
    __aeabi_ui2d                             0x08004c91   Thumb Code    24  dfltui.o(.text)
    __aeabi_d2uiz                            0x08004cad   Thumb Code    50  dfixui.o(.text)
    __aeabi_f2d                              0x08004ce9   Thumb Code    40  f2d.o(.text)
    __aeabi_cdcmpeq                          0x08004d11   Thumb Code     0  cdcmple.o(.text)
    __aeabi_cdcmple                          0x08004d11   Thumb Code    38  cdcmple.o(.text)
    __aeabi_cdrcmple                         0x08004d39   Thumb Code    38  cdrcmple.o(.text)
    __aeabi_d2f                              0x08004d61   Thumb Code    56  d2f.o(.text)
    __aeabi_cfcmpeq                          0x08004d99   Thumb Code     0  cfcmple.o(.text)
    __aeabi_cfcmple                          0x08004d99   Thumb Code    20  cfcmple.o(.text)
    __aeabi_cfrcmple                         0x08004dad   Thumb Code    20  cfrcmple.o(.text)
    __aeabi_uldivmod                         0x08004dc1   Thumb Code    96  uldiv.o(.text)
    __aeabi_llsl                             0x08004e21   Thumb Code    32  llshl.o(.text)
    _ll_shift_l                              0x08004e21   Thumb Code     0  llshl.o(.text)
    __aeabi_llsr                             0x08004e41   Thumb Code    34  llushr.o(.text)
    _ll_ushift_r                             0x08004e41   Thumb Code     0  llushr.o(.text)
    __aeabi_lasr                             0x08004e63   Thumb Code    38  llsshr.o(.text)
    _ll_sshift_r                             0x08004e63   Thumb Code     0  llsshr.o(.text)
    __I$use$fp                               0x08004e89   Thumb Code     0  iusefp.o(.text)
    _float_round                             0x08004e89   Thumb Code    16  fepilogue.o(.text)
    _float_epilogue                          0x08004e99   Thumb Code   116  fepilogue.o(.text)
    _double_round                            0x08004f0d   Thumb Code    26  depilogue.o(.text)
    _double_epilogue                         0x08004f27   Thumb Code   166  depilogue.o(.text)
    __aeabi_d2ulz                            0x08004fcd   Thumb Code    54  dfixul.o(.text)
    __scatterload                            0x0800500d   Thumb Code    28  init.o(.text)
    __scatterload_rt2                        0x0800500d   Thumb Code     0  init.o(.text)
    SVC_Count                                0x08005030   Data           4  SVC_Table.o(SVC_TABLE)
    SVC_Table                                0x08005034   Data           0  SVC_Table.o(SVC_TABLE)
    __0printf                                0x08005035   Thumb Code    24  printfa.o(i.__0printf)
    __1printf                                0x08005035   Thumb Code     0  printfa.o(i.__0printf)
    __2printf                                0x08005035   Thumb Code     0  printfa.o(i.__0printf)
    __c89printf                              0x08005035   Thumb Code     0  printfa.o(i.__0printf)
    printf                                   0x08005035   Thumb Code     0  printfa.o(i.__0printf)
    __0snprintf                              0x08005055   Thumb Code    38  printfa.o(i.__0snprintf)
    __1snprintf                              0x08005055   Thumb Code     0  printfa.o(i.__0snprintf)
    __2snprintf                              0x08005055   Thumb Code     0  printfa.o(i.__0snprintf)
    __c89snprintf                            0x08005055   Thumb Code     0  printfa.o(i.__0snprintf)
    snprintf                                 0x08005055   Thumb Code     0  printfa.o(i.__0snprintf)
    __ARM_clz                                0x08005081   Thumb Code    46  depilogue.o(i.__ARM_clz)
    __ARM_common_switch8                     0x080050af   Thumb Code    28  interrupted_charging.o(i.__ARM_common_switch8)
    __scatterload_copy                       0x080050cb   Thumb Code    14  handlers.o(i.__scatterload_copy)
    __scatterload_null                       0x080050d9   Thumb Code     2  handlers.o(i.__scatterload_null)
    __scatterload_zeroinit                   0x080050db   Thumb Code    14  handlers.o(i.__scatterload_zeroinit)
    _init_box                                0x08005241   Thumb Code    72  rt_membox.o(i._init_box)
    isr_evt_set                              0x080059e5   Thumb Code    30  rt_event.o(i.isr_evt_set)
    lcd_send_data                            0x08005a09   Thumb Code    12  lcd_hd44780.o(i.lcd_send_data)
    os_tick_init                             0x08005a15   Thumb Code    32  rt_system.o(i.os_tick_init)
    os_tick_irqack                           0x08005a41   Thumb Code     2  rt_system.o(i.os_tick_irqack)
    rt_alloc_box                             0x08005a43   Thumb Code    30  rt_membox.o(i.rt_alloc_box)
    rt_block                                 0x08005a61   Thumb Code    42  rt_task.o(i.rt_block)
    rt_chk_robin                             0x08005a99   Thumb Code    56  rt_robin.o(i.rt_chk_robin)
    rt_dec_dly                               0x08005add   Thumb Code   112  rt_list.o(i.rt_dec_dly)
    rt_dispatch                              0x08005b55   Thumb Code    56  rt_task.o(i.rt_dispatch)
    rt_dly_wait                              0x08005b95   Thumb Code    10  rt_time.o(i.rt_dly_wait)
    rt_evt_clr                               0x08005ba1   Thumb Code    22  rt_event.o(i.rt_evt_clr)
    rt_evt_get                               0x08005bbd   Thumb Code     8  rt_event.o(i.rt_evt_get)
    rt_evt_psh                               0x08005bc9   Thumb Code    70  rt_event.o(i.rt_evt_psh)
    rt_evt_set                               0x08005c15   Thumb Code    88  rt_event.o(i.rt_evt_set)
    rt_evt_wait                              0x08005c71   Thumb Code    60  rt_event.o(i.rt_evt_wait)
    rt_free_box                              0x08005cb1   Thumb Code    38  rt_membox.o(i.rt_free_box)
    rt_get_first                             0x08005cd7   Thumb Code    42  rt_list.o(i.rt_get_first)
    rt_init_robin                            0x08005d45   Thumb Code    14  rt_robin.o(i.rt_init_robin)
    rt_init_stack                            0x08005d5d   Thumb Code    68  hal_cm1.o(i.rt_init_stack)
    rt_mbx_psh                               0x08005da9   Thumb Code   168  rt_mailbox.o(i.rt_mbx_psh)
    rt_pop_req                               0x08005e55   Thumb Code    98  rt_system.o(i.rt_pop_req)
    rt_psh_req                               0x08005ec5   Thumb Code    24  rt_system.o(i.rt_psh_req)
    rt_psq_enq                               0x08005ee5   Thumb Code    60  rt_list.o(i.rt_psq_enq)
    rt_put_dly                               0x08005f25   Thumb Code    74  rt_list.o(i.rt_put_dly)
    rt_put_prio                              0x08005f75   Thumb Code    60  rt_list.o(i.rt_put_prio)
    rt_put_rdy_first                         0x08005fb1   Thumb Code    14  rt_list.o(i.rt_put_rdy_first)
    rt_rmv_dly                               0x08005fc5   Thumb Code    42  rt_list.o(i.rt_rmv_dly)
    rt_rmv_list                              0x08005ff1   Thumb Code    46  rt_list.o(i.rt_rmv_list)
    rt_sem_psh                               0x08006025   Thumb Code    46  rt_semaphore.o(i.rt_sem_psh)
    rt_stk_check                             0x08006059   Thumb Code    30  rt_system.o(i.rt_stk_check)
    rt_switch_req                            0x08006081   Thumb Code    10  rt_task.o(i.rt_switch_req)
    rt_sys_init                              0x08006091   Thumb Code   230  rt_task.o(i.rt_sys_init)
    rt_systick                               0x080061c9   Thumb Code    46  rt_system.o(i.rt_systick)
    rt_time_get                              0x08006205   Thumb Code     6  rt_time.o(i.rt_time_get)
    rt_tmr_create                            0x08006211   Thumb Code    72  rt_timer.o(i.rt_tmr_create)
    rt_tmr_kill                              0x08006261   Thumb Code    44  rt_timer.o(i.rt_tmr_kill)
    rt_tmr_tick                              0x08006295   Thumb Code    56  rt_timer.o(i.rt_tmr_tick)
    rt_tsk_create                            0x080062d5   Thumb Code   108  rt_task.o(i.rt_tsk_create)
    rt_tsk_delete                            0x08006351   Thumb Code   134  rt_task.o(i.rt_tsk_delete)
    filter                                   0x080063ec   Data           4  adc.o(.constdata)
    os_maxtaskrun                            0x0800650c   Data           2  rtx_conf_cm.o(.constdata)
    os_stackinfo                             0x08006510   Data           4  rtx_conf_cm.o(.constdata)
    os_rrobin                                0x08006514   Data           4  rtx_conf_cm.o(.constdata)
    os_trv                                   0x08006518   Data           4  rtx_conf_cm.o(.constdata)
    os_flags                                 0x0800651c   Data           1  rtx_conf_cm.o(.constdata)
    os_clockrate                             0x08006520   Data           4  rtx_conf_cm.o(.constdata)
    os_timernum                              0x08006524   Data           4  rtx_conf_cm.o(.constdata)
    mp_tcb_size                              0x08006528   Data           2  rtx_conf_cm.o(.constdata)
    mp_stk_size                              0x0800652c   Data           4  rtx_conf_cm.o(.constdata)
    os_fifo_size                             0x08006530   Data           1  rtx_conf_cm.o(.constdata)
    mp_tmr_size                              0x08006532   Data           2  rtx_conf_cm.o(.constdata)
    Region$$Table$$Base                      0x08006534   Number         0  anon$$obj.o(Region$$Table)
    Region$$Table$$Limit                     0x08006554   Number         0  anon$$obj.o(Region$$Table)
    __stdout                                 0x20000000   Data           4  retarget.o(.data)
    __stdin                                  0x20000004   Data           4  retarget.o(.data)
    adc_test_t                               0x20000008   Data           4  adc.o(.data)
    ts_cal1                                  0x2000000c   Data           2  adc.o(.data)
    ts_cal2                                  0x2000000e   Data           2  adc.o(.data)
    duty_cycle                               0x20000010   Data           4  perturb_and_observe.o(.data)
    TimerPeriod                              0x2000001c   Data           2  pwm.o(.data)
    Serial                                   0x20000020   Data          36  serial.o(.data)
    v_high                                   0x20000058   Data           4  interrupted_charging.o(.data)
    v_low                                    0x2000005c   Data           4  interrupted_charging.o(.data)
    v_restart                                0x20000060   Data           4  interrupted_charging.o(.data)
    pulse_duty                               0x20000064   Data           4  interrupted_charging.o(.data)
    cc_state                                 0x20000068   Data           4  interrupted_charging.o(.data)
    interrupted_charging_t                   0x2000006c   Data           4  interrupted_charging.o(.data)
    bk_tmr                                   0x20000070   Data           4  lcd_hd44780.o(.data)
    ui_state                                 0x20000074   Data           4  ui.o(.data)
    ui_t                                     0x20000078   Data           4  ui.o(.data)
    i                                        0x2000007c   Data           4  ui.o(.data)
    str                                      0x20000080   Data           8  ui.o(.data)
    SystemCoreClock                          0x20000098   Data           4  system_stm32f0xx.o(.data)
    AHBPrescTable                            0x2000009c   Data          16  system_stm32f0xx.o(.data)
    m_tmr                                    0x200000ac   Data           4  rtx_conf_cm.o(.data)
    os_tsk                                   0x200000b0   Data           8  rt_task.o(.data)
    os_time                                  0x200000b8   Data           4  rt_time.o(.data)
    os_tmr                                   0x200000bc   Data           8  rt_timer.o(.data)
    os_tick_irqn                             0x200000c8   Data           4  rt_system.o(.data)
    os_robin                                 0x200000cc   Data           8  rt_robin.o(.data)
    RegularConvData_Tab                      0x200000d4   Data         160  adc.o(.bss)
    TIM_TimeBaseStructure_PWM                0x20000174   Data          12  pwm.o(.bss)
    TIM_OCInitStructure_PWM                  0x20000180   Data          20  pwm.o(.bss)
    interrupted_charging_stk                 0x200001d8   Data         512  interrupted_charging.o(.bss)
    ui_stk                                   0x200003d8   Data         400  ui.o(.bss)
    mp_tcb                                   0x20000568   Data         204  rtx_conf_cm.o(.bss)
    mp_stk                                   0x20000638   Data         656  rtx_conf_cm.o(.bss)
    os_fifo                                  0x200008c8   Data         132  rtx_conf_cm.o(.bss)
    os_active_TCB                            0x2000094c   Data          16  rtx_conf_cm.o(.bss)
    mp_tmr                                   0x2000095c   Data          20  rtx_conf_cm.o(.bss)
    os_idle_TCB                              0x20000970   Data          48  rt_task.o(.bss)
    os_rdy                                   0x200009a0   Data          24  rt_list.o(.bss)
    os_dly                                   0x200009b8   Data          24  rt_list.o(.bss)
    __initial_sp                             0x20000dd0   Data           0  startup_stm32f0xx.o(STACK)



==============================================================================

Memory Map of the image

  Image Entry point : 0x080000c1

  Load Region LR_IROM1 (Base: 0x08000000, Size: 0x00006628, Max: 0x00007800, ABSOLUTE)

    Execution Region ER_IROM1 (Base: 0x08000000, Size: 0x00006554, Max: 0x00007800, ABSOLUTE)

    Base Addr    Size         Type   Attr      Idx    E Section Name        Object

    0x08000000   0x000000c0   Data   RO          970    RESET               startup_stm32f0xx.o
    0x080000c0   0x00000000   Code   RO         1553  * .ARM.Collect$$$$00000000  mc_p.l(entry.o)
    0x080000c0   0x00000004   Code   RO         1860    .ARM.Collect$$$$00000001  mc_p.l(entry2.o)
    0x080000c4   0x00000004   Code   RO         1863    .ARM.Collect$$$$00000004  mc_p.l(entry5.o)
    0x080000c8   0x00000000   Code   RO         1865    .ARM.Collect$$$$00000008  mc_p.l(entry7b.o)
    0x080000c8   0x00000008   Code   RO         1866    .ARM.Collect$$$$00000009  mc_p.l(entry8.o)
    0x080000d0   0x00000004   Code   RO         1861    .ARM.Collect$$$$00002712  mc_p.l(entry2.o)
    0x080000d4   0x00000188   Code   RO         1232    .emb_text           RTX_CM1.LIB(hal_cm1.o)
    0x0800025c   0x00000178   Code   RO            3    .text               main.o
    0x080003d4   0x0000002e   Code   RO          160    .text               retarget.o
    0x08000402   0x00000002   PAD
    0x08000404   0x00000464   Code   RO          194    .text               adc.o
    0x08000868   0x00000198   Code   RO          229    .text               perturb_and_observe.o
    0x08000a00   0x000002b0   Code   RO          259    .text               pwm.o
    0x08000cb0   0x00000224   Code   RO          283    .text               serial.o
    0x08000ed4   0x00000610   Code   RO          313    .text               interrupted_charging.o
    0x080014e4   0x00000584   Code   RO          347    .text               lcd_hd44780.o
    0x08001a68   0x000000cc   Code   RO          378    .text               stm32f0xx_it.o
    0x08001b34   0x0000073c   Code   RO          401    .text               ui.o
    0x08002270   0x000000c8   Code   RO          432    .text               user_outputs.o
    0x08002338   0x00000082   Code   RO          482    .text               buzzer.o
    0x080023ba   0x00000002   PAD
    0x080023bc   0x000002e0   Code   RO          522    .text               stm32f0xx_adc.o
    0x0800269c   0x0000016c   Code   RO          642    .text               stm32f0xx_dma.o
    0x08002808   0x00000104   Code   RO          662    .text               stm32f0xx_exti.o
    0x0800290c   0x000001e0   Code   RO          702    .text               stm32f0xx_gpio.o
    0x08002aec   0x000000b4   Code   RO          762    .text               stm32f0xx_misc.o
    0x08002ba0   0x00000138   Code   RO          782    .text               stm32f0xx_pwr.o
    0x08002cd8   0x000005ec   Code   RO          802    .text               stm32f0xx_rcc.o
    0x080032c4   0x000000f0   Code   RO          864    .text               stm32f0xx_syscfg.o
    0x080033b4   0x00000bcc   Code   RO          884    .text               stm32f0xx_tim.o
    0x08003f80   0x0000056e   Code   RO          904    .text               stm32f0xx_usart.o
    0x080044ee   0x00000002   PAD
    0x080044f0   0x000001a0   Code   RO          944    .text               system_stm32f0xx.o
    0x08004690   0x0000001c   Code   RO          971    .text               startup_stm32f0xx.o
    0x080046ac   0x0000009c   Code   RO          977    .text               rtx_conf_cm.o
    0x08004748   0x0000002c   Code   RO         1556    .text               mc_p.l(uidiv.o)
    0x08004774   0x000000b2   Code   RO         1826    .text               mf_p.l(fadd.o)
    0x08004826   0x0000007a   Code   RO         1828    .text               mf_p.l(fmul.o)
    0x080048a0   0x00000080   Code   RO         1830    .text               mf_p.l(fdiv.o)
    0x08004920   0x00000164   Code   RO         1832    .text               mf_p.l(dadd.o)
    0x08004a84   0x000000d0   Code   RO         1834    .text               mf_p.l(dmul.o)
    0x08004b54   0x000000f0   Code   RO         1836    .text               mf_p.l(ddiv.o)
    0x08004c44   0x00000016   Code   RO         1838    .text               mf_p.l(fflti.o)
    0x08004c5a   0x0000000e   Code   RO         1840    .text               mf_p.l(ffltui.o)
    0x08004c68   0x00000028   Code   RO         1842    .text               mf_p.l(dflti.o)
    0x08004c90   0x0000001c   Code   RO         1844    .text               mf_p.l(dfltui.o)
    0x08004cac   0x0000003c   Code   RO         1846    .text               mf_p.l(dfixui.o)
    0x08004ce8   0x00000028   Code   RO         1848    .text               mf_p.l(f2d.o)
    0x08004d10   0x00000028   Code   RO         1850    .text               mf_p.l(cdcmple.o)
    0x08004d38   0x00000028   Code   RO         1852    .text               mf_p.l(cdrcmple.o)
    0x08004d60   0x00000038   Code   RO         1854    .text               mf_p.l(d2f.o)
    0x08004d98   0x00000014   Code   RO         1856    .text               mf_p.l(cfcmple.o)
    0x08004dac   0x00000014   Code   RO         1858    .text               mf_p.l(cfrcmple.o)
    0x08004dc0   0x00000060   Code   RO         1869    .text               mc_p.l(uldiv.o)
    0x08004e20   0x00000020   Code   RO         1871    .text               mc_p.l(llshl.o)
    0x08004e40   0x00000022   Code   RO         1873    .text               mc_p.l(llushr.o)
    0x08004e62   0x00000026   Code   RO         1875    .text               mc_p.l(llsshr.o)
    0x08004e88   0x00000000   Code   RO         1883    .text               mc_p.l(iusefp.o)
    0x08004e88   0x00000084   Code   RO         1884    .text               mf_p.l(fepilogue.o)
    0x08004f0c   0x000000c0   Code   RO         1886    .text               mf_p.l(depilogue.o)
    0x08004fcc   0x00000040   Code   RO         1890    .text               mf_p.l(dfixul.o)
    0x0800500c   0x00000024   Code   RO         1892    .text               mc_p.l(init.o)
    0x08005030   0x00000004   Code   RO         1466    SVC_TABLE           RTX_CM1.LIB(SVC_Table.o)
    0x08005034   0x00000020   Code   RO         1798    i.__0printf         mc_p.l(printfa.o)
    0x08005054   0x0000002c   Code   RO         1799    i.__0snprintf       mc_p.l(printfa.o)
    0x08005080   0x0000002e   Code   RO         1888    i.__ARM_clz         mf_p.l(depilogue.o)
    0x080050ae   0x0000001c   Code   RO          333    i.__ARM_common_switch8  interrupted_charging.o
    0x080050ca   0x0000000e   Code   RO         1896    i.__scatterload_copy  mc_p.l(handlers.o)
    0x080050d8   0x00000002   Code   RO         1897    i.__scatterload_null  mc_p.l(handlers.o)
    0x080050da   0x0000000e   Code   RO         1898    i.__scatterload_zeroinit  mc_p.l(handlers.o)
    0x080050e8   0x00000158   Code   RO         1805    i._fp_digits        mc_p.l(printfa.o)
    0x08005240   0x00000048   Code   RO         1437    i._init_box         RTX_CM1.LIB(rt_membox.o)
    0x08005288   0x000006f8   Code   RO         1806    i._printf_core      mc_p.l(printfa.o)
    0x08005980   0x00000020   Code   RO         1807    i._printf_post_padding  mc_p.l(printfa.o)
    0x080059a0   0x0000002c   Code   RO         1808    i._printf_pre_padding  mc_p.l(printfa.o)
    0x080059cc   0x00000016   Code   RO         1809    i._snputc           mc_p.l(printfa.o)
    0x080059e2   0x00000002   PAD
    0x080059e4   0x00000024   Code   RO         1126    i.isr_evt_set       RTX_CM1.LIB(rt_event.o)
    0x08005a08   0x0000000c   Code   RO          365    i.lcd_send_data     lcd_hd44780.o
    0x08005a14   0x0000002c   Code   RO         1253    i.os_tick_init      RTX_CM1.LIB(rt_system.o)
    0x08005a40   0x00000002   Code   RO         1254    i.os_tick_irqack    RTX_CM1.LIB(rt_system.o)
    0x08005a42   0x0000001e   Code   RO         1438    i.rt_alloc_box      RTX_CM1.LIB(rt_membox.o)
    0x08005a60   0x00000038   Code   RO         1027    i.rt_block          RTX_CM1.LIB(rt_task.o)
    0x08005a98   0x00000044   Code   RO         1415    i.rt_chk_robin      RTX_CM1.LIB(rt_robin.o)
    0x08005adc   0x00000078   Code   RO         1336    i.rt_dec_dly        RTX_CM1.LIB(rt_list.o)
    0x08005b54   0x00000040   Code   RO         1028    i.rt_dispatch       RTX_CM1.LIB(rt_task.o)
    0x08005b94   0x0000000a   Code   RO         1172    i.rt_dly_wait       RTX_CM1.LIB(rt_time.o)
    0x08005b9e   0x00000002   PAD
    0x08005ba0   0x0000001c   Code   RO         1127    i.rt_evt_clr        RTX_CM1.LIB(rt_event.o)
    0x08005bbc   0x0000000c   Code   RO         1128    i.rt_evt_get        RTX_CM1.LIB(rt_event.o)
    0x08005bc8   0x0000004c   Code   RO         1129    i.rt_evt_psh        RTX_CM1.LIB(rt_event.o)
    0x08005c14   0x0000005c   Code   RO         1130    i.rt_evt_set        RTX_CM1.LIB(rt_event.o)
    0x08005c70   0x00000040   Code   RO         1131    i.rt_evt_wait       RTX_CM1.LIB(rt_event.o)
    0x08005cb0   0x00000026   Code   RO         1439    i.rt_free_box       RTX_CM1.LIB(rt_membox.o)
    0x08005cd6   0x0000002a   Code   RO         1337    i.rt_get_first      RTX_CM1.LIB(rt_list.o)
    0x08005d00   0x00000044   Code   RO         1029    i.rt_init_context   RTX_CM1.LIB(rt_task.o)
    0x08005d44   0x00000018   Code   RO         1416    i.rt_init_robin     RTX_CM1.LIB(rt_robin.o)
    0x08005d5c   0x0000004c   Code   RO         1233    i.rt_init_stack     RTX_CM1.LIB(hal_cm1.o)
    0x08005da8   0x000000ac   Code   RO         1473    i.rt_mbx_psh        RTX_CM1.LIB(rt_mailbox.o)
    0x08005e54   0x00000070   Code   RO         1255    i.rt_pop_req        RTX_CM1.LIB(rt_system.o)
    0x08005ec4   0x00000020   Code   RO         1256    i.rt_psh_req        RTX_CM1.LIB(rt_system.o)
    0x08005ee4   0x00000040   Code   RO         1339    i.rt_psq_enq        RTX_CM1.LIB(rt_list.o)
    0x08005f24   0x00000050   Code   RO         1340    i.rt_put_dly        RTX_CM1.LIB(rt_list.o)
    0x08005f74   0x0000003c   Code   RO         1341    i.rt_put_prio       RTX_CM1.LIB(rt_list.o)
    0x08005fb0   0x00000014   Code   RO         1342    i.rt_put_rdy_first  RTX_CM1.LIB(rt_list.o)
    0x08005fc4   0x0000002a   Code   RO         1344    i.rt_rmv_dly        RTX_CM1.LIB(rt_list.o)
    0x08005fee   0x00000002   PAD
    0x08005ff0   0x00000034   Code   RO         1345    i.rt_rmv_list       RTX_CM1.LIB(rt_list.o)
    0x08006024   0x00000034   Code   RO         1519    i.rt_sem_psh        RTX_CM1.LIB(rt_semaphore.o)
    0x08006058   0x00000028   Code   RO         1258    i.rt_stk_check      RTX_CM1.LIB(rt_system.o)
    0x08006080   0x00000010   Code   RO         1030    i.rt_switch_req     RTX_CM1.LIB(rt_task.o)
    0x08006090   0x00000138   Code   RO         1031    i.rt_sys_init       RTX_CM1.LIB(rt_task.o)
    0x080061c8   0x0000003c   Code   RO         1260    i.rt_systick        RTX_CM1.LIB(rt_system.o)
    0x08006204   0x0000000c   Code   RO         1175    i.rt_time_get       RTX_CM1.LIB(rt_time.o)
    0x08006210   0x00000050   Code   RO         1205    i.rt_tmr_create     RTX_CM1.LIB(rt_timer.o)
    0x08006260   0x00000034   Code   RO         1206    i.rt_tmr_kill       RTX_CM1.LIB(rt_timer.o)
    0x08006294   0x00000040   Code   RO         1207    i.rt_tmr_tick       RTX_CM1.LIB(rt_timer.o)
    0x080062d4   0x0000007c   Code   RO         1032    i.rt_tsk_create     RTX_CM1.LIB(rt_task.o)
    0x08006350   0x0000009c   Code   RO         1033    i.rt_tsk_delete     RTX_CM1.LIB(rt_task.o)
    0x080063ec   0x00000063   Data   RO          196    .constdata          adc.o
    0x0800644f   0x00000001   PAD
    0x08006450   0x000000b9   Data   RO          315    .constdata          interrupted_charging.o
    0x08006509   0x00000003   PAD
    0x0800650c   0x00000028   Data   RO          979    .constdata          rtx_conf_cm.o
    0x08006534   0x00000020   Data   RO         1894    Region$$Table       anon$$obj.o


    Execution Region RW_IRAM1 (Base: 0x20000000, Size: 0x00000dd0, Max: 0x00001000, ABSOLUTE)

    Base Addr    Size         Type   Attr      Idx    E Section Name        Object

    0x20000000   0x00000008   Data   RW          161    .data               retarget.o
    0x20000008   0x00000008   Data   RW          197    .data               adc.o
    0x20000010   0x0000000c   Data   RW          230    .data               perturb_and_observe.o
    0x2000001c   0x00000002   Data   RW          261    .data               pwm.o
    0x2000001e   0x00000002   PAD
    0x20000020   0x00000038   Data   RW          285    .data               serial.o
    0x20000058   0x00000018   Data   RW          316    .data               interrupted_charging.o
    0x20000070   0x00000004   Data   RW          348    .data               lcd_hd44780.o
    0x20000074   0x00000014   Data   RW          403    .data               ui.o
    0x20000088   0x00000010   Data   RW          803    .data               stm32f0xx_rcc.o
    0x20000098   0x00000014   Data   RW          945    .data               system_stm32f0xx.o
    0x200000ac   0x00000004   Data   RW          980    .data               rtx_conf_cm.o
    0x200000b0   0x00000008   Data   RW         1038    .data               RTX_CM1.LIB(rt_task.o)
    0x200000b8   0x00000004   Data   RW         1176    .data               RTX_CM1.LIB(rt_time.o)
    0x200000bc   0x00000008   Data   RW         1208    .data               RTX_CM1.LIB(rt_timer.o)
    0x200000c4   0x00000008   Data   RW         1263    .data               RTX_CM1.LIB(rt_system.o)
    0x200000cc   0x00000008   Data   RW         1417    .data               RTX_CM1.LIB(rt_robin.o)
    0x200000d4   0x000000a0   Zero   RW          195    .bss                adc.o
    0x20000174   0x00000020   Zero   RW          260    .bss                pwm.o
    0x20000194   0x00000040   Zero   RW          284    .bss                serial.o
    0x200001d4   0x00000004   PAD
    0x200001d8   0x00000200   Zero   RW          314    .bss                interrupted_charging.o
    0x200003d8   0x00000190   Zero   RW          402    .bss                ui.o
    0x20000568   0x00000408   Zero   RW          978    .bss                rtx_conf_cm.o
    0x20000970   0x00000030   Zero   RW         1037    .bss                RTX_CM1.LIB(rt_task.o)
    0x200009a0   0x00000030   Zero   RW         1346    .bss                RTX_CM1.LIB(rt_list.o)
    0x200009d0   0x00000400   Zero   RW          968    STACK               startup_stm32f0xx.o


==============================================================================

Image component sizes


      Code (inc. data)   RO Data    RW Data    ZI Data      Debug   Object Name

      1124        128         99          8        160       9277   adc.o
       130          0          0          0          0        765   buzzer.o
      1580        506        185         24        512       2696   interrupted_charging.o
      1424        134          0          4          0       4228   lcd_hd44780.o
       376        242          0          0          0     156322   main.o
       408         28          0         12          0       1607   perturb_and_observe.o
       688        122          0          2         32       1517   pwm.o
        46          0          0          8          0       2852   retarget.o
       156         88         40          4       1032       1975   rtx_conf_cm.o
       548         44          0         56         64       3881   serial.o
        28          8        192          0       1024        640   startup_stm32f0xx.o
       736         14          0          0          0       6783   stm32f0xx_adc.o
       364         12          0          0          0       3366   stm32f0xx_dma.o
       260         14          0          0          0       2195   stm32f0xx_exti.o
       480         22          0          0          0       3605   stm32f0xx_gpio.o
       204          8          0          0          0        980   stm32f0xx_it.o
       180         14          0          0          0       1308   stm32f0xx_misc.o
       312          8          0          0          0       2130   stm32f0xx_pwr.o
      1516         44          0         16          0       8402   stm32f0xx_rcc.o
       240          6          0          0          0       1974   stm32f0xx_syscfg.o
      3020        120          0          0          0      22221   stm32f0xx_tim.o
      1390         12          0          0          0      11979   stm32f0xx_usart.o
       416         32          0         20          0       1483   system_stm32f0xx.o
      1852        294          0         20        400       3148   ui.o
       200          6          0          0          0        783   user_outputs.o

    ----------------------------------------------------------------------
     17684       1906        552        176       3228     256117   Object Totals
         0          0         32          0          0          0   (incl. Generated)
         6          0          4          2          4          0   (incl. Padding)

    ----------------------------------------------------------------------

      Code (inc. data)   RO Data    RW Data    ZI Data      Debug   Library Member Name

         4          4          0          0          0        136   SVC_Table.o
       468         50          0          0          0       1300   hal_cm1.o
       308         30          0          0          0       2776   rt_event.o
       480         30          0          0         48       6120   rt_list.o
       172          4          0          0          0        549   rt_mailbox.o
       140          0          0          0          0       1505   rt_membox.o
        92         22          0          8          0        906   rt_robin.o
        52          6          0          0          0        433   rt_semaphore.o
       290         58          0          8          0       3247   rt_system.o
       796        152          0          8         48       6034   rt_task.o
        22          6          0          4          0        878   rt_time.o
       196         24          0          8          0       1617   rt_timer.o
         0          0          0          0          0          0   entry.o
         8          4          0          0          0          0   entry2.o
         4          0          0          0          0          0   entry5.o
         0          0          0          0          0          0   entry7b.o
         8          4          0          0          0          0   entry8.o
        30          0          0          0          0          0   handlers.o
        36          8          0          0          0         68   init.o
         0          0          0          0          0          0   iusefp.o
        32          0          0          0          0         68   llshl.o
        38          0          0          0          0         68   llsshr.o
        34          0          0          0          0         68   llushr.o
      2302        108          0          0          0        552   printfa.o
        44          0          0          0          0         72   uidiv.o
        96          0          0          0          0         84   uldiv.o
        40          2          0          0          0         68   cdcmple.o
        40          2          0          0          0         68   cdrcmple.o
        20          0          0          0          0         68   cfcmple.o
        20          0          0          0          0         68   cfrcmple.o
        56          0          0          0          0         68   d2f.o
       356          6          0          0          0        136   dadd.o
       240          6          0          0          0         80   ddiv.o
       238          0          0          0          0        212   depilogue.o
        60         10          0          0          0         68   dfixui.o
        64         10          0          0          0         68   dfixul.o
        40          6          0          0          0         68   dflti.o
        28          4          0          0          0         68   dfltui.o
       208          6          0          0          0         84   dmul.o
        40          0          0          0          0         60   f2d.o
       178          0          0          0          0        108   fadd.o
       128          0          0          0          0         72   fdiv.o
       132          0          0          0          0        144   fepilogue.o
        22          0          0          0          0         68   fflti.o
        14          0          0          0          0         68   ffltui.o
       122          0          0          0          0         72   fmul.o

    ----------------------------------------------------------------------
      7704        562          0         36         96      28197   Library Totals
         6          0          0          0          0          0   (incl. Padding)

    ----------------------------------------------------------------------

      Code (inc. data)   RO Data    RW Data    ZI Data      Debug   Library Name

      3020        386          0         36         96      25501   RTX_CM1.LIB
      2632        124          0          0          0        980   mc_p.l
      2046         52          0          0          0       1716   mf_p.l

    ----------------------------------------------------------------------
      7704        562          0         36         96      28197   Library Totals

    ----------------------------------------------------------------------

==============================================================================


      Code (inc. data)   RO Data    RW Data    ZI Data      Debug   

     25388       2468        552        212       3324     278986   Grand Totals
     25388       2468        552        212       3324     278986   ELF Image Totals
     25388       2468        552        212          0          0   ROM Totals

==============================================================================

    Total RO  Size (Code + RO Data)                25940 (  25.33kB)
    Total RW  Size (RW Data + ZI Data)              3536 (   3.45kB)
    Total ROM Size (Code + RO Data + RW Data)      26152 (  25.54kB)

==============================================================================

