ARM Linker, 5.02 [Build 28] [MDK-ARM Lite]

==============================================================================

Section Cross References

    main.o(.text) refers to printfa.o(i.__0printf) for __2printf
    main.o(.text) refers to stm32f0xx_rtc.o(.text) for RTC_TimeStructInit
    main.o(.text) refers to stm32f0xx_rcc.o(.text) for RCC_APB1PeriphClockCmd
    main.o(.text) refers to stm32f0xx_pwr.o(.text) for PWR_BackupAccessCmd
    main.o(.text) refers to hal_cm1.o(.emb_text) for os_set_env
    main.o(.text) refers to mktime.o(.text) for mktime
    main.o(.text) refers to memcpya.o(.text) for __aeabi_memcpy4
    main.o(.text) refers to interrupted_charging.o(.bss) for interrupted_charging_stk
    main.o(.text) refers to interrupted_charging.o(.text) for interrupted_charging
    main.o(.text) refers to rt_task.o(i.rt_tsk_create) for rt_tsk_create
    main.o(.text) refers to main.o(.data) for .data
    main.o(.text) refers to ui.o(.bss) for ui_stk
    main.o(.text) refers to ui.o(.text) for ui
    main.o(.text) refers to ui.o(.data) for ui_t
    main.o(.text) refers to rt_task.o(i.rt_tsk_delete) for rt_tsk_delete
    main.o(.text) refers to serial.o(.data) for Serial
    main.o(.text) refers to rt_task.o(i.rt_sys_init) for rt_sys_init
    retarget.o(.text) refers to serial.o(.text) for write_fcn
    adc.o(.text) refers to fflti.o(.text) for __aeabi_i2f
    adc.o(.text) refers to fdiv.o(.text) for __aeabi_fdiv
    adc.o(.text) refers to stm32f0xx_dma.o(.text) for DMA_GetFlagStatus
    adc.o(.text) refers to printfa.o(i.__0printf) for __2printf
    adc.o(.text) refers to ffltui.o(.text) for __aeabi_ui2f
    adc.o(.text) refers to fmul.o(.text) for __aeabi_fmul
    adc.o(.text) refers to fadd.o(.text) for __aeabi_fsub
    adc.o(.text) refers to stm32f0xx_rcc.o(.text) for RCC_AHBPeriphClockCmd
    adc.o(.text) refers to stm32f0xx_gpio.o(.text) for GPIO_StructInit
    adc.o(.text) refers to stm32f0xx_adc.o(.text) for ADC_DeInit
    adc.o(.text) refers to stm32f0xx_misc.o(.text) for NVIC_Init
    adc.o(.text) refers to pwm.o(.text) for init_pwm
    adc.o(.text) refers to f2d.o(.text) for __aeabi_f2d
    adc.o(.text) refers to adc.o(.data) for .data
    adc.o(.text) refers to adc.o(.bss) for .bss
    adc.o(.text) refers to adc.o(.constdata) for .constdata
    adc.o(.text) refers to rt_time.o(i.rt_dly_wait) for rt_dly_wait
    perturb_and_observe.o(.text) refers to adc.o(.text) for get_adc_voltage
    perturb_and_observe.o(.text) refers to fmul.o(.text) for __aeabi_fmul
    perturb_and_observe.o(.text) refers to fadd.o(.text) for __aeabi_fsub
    perturb_and_observe.o(.text) refers to cfcmple.o(.text) for __aeabi_cfcmple
    perturb_and_observe.o(.text) refers to pwm.o(.text) for set_duty_cycle
    perturb_and_observe.o(.text) refers to f2d.o(.text) for __aeabi_f2d
    perturb_and_observe.o(.text) refers to printfa.o(i.__0printf) for __2printf
    perturb_and_observe.o(.text) refers to cfrcmple.o(.text) for __aeabi_cfrcmple
    perturb_and_observe.o(.text) refers to perturb_and_observe.o(.data) for .data
    perturb_and_observe.o(.text) refers to rt_time.o(i.rt_dly_wait) for rt_dly_wait
    pwm.o(.text) refers to dflti.o(.text) for __aeabi_i2d
    pwm.o(.text) refers to f2d.o(.text) for __aeabi_f2d
    pwm.o(.text) refers to dadd.o(.text) for __aeabi_drsub
    pwm.o(.text) refers to dmul.o(.text) for __aeabi_dmul
    pwm.o(.text) refers to ddiv.o(.text) for __aeabi_ddiv
    pwm.o(.text) refers to dfixui.o(.text) for __aeabi_d2uiz
    pwm.o(.text) refers to stm32f0xx_tim.o(.text) for TIM_OC1Init
    pwm.o(.text) refers to stm32f0xx_rcc.o(.text) for RCC_AHBPeriphClockCmd
    pwm.o(.text) refers to stm32f0xx_gpio.o(.text) for GPIO_Init
    pwm.o(.text) refers to uidiv.o(.text) for __aeabi_uidivmod
    pwm.o(.text) refers to dfltui.o(.text) for __aeabi_ui2d
    pwm.o(.text) refers to adc.o(.text) for init_adc
    pwm.o(.text) refers to d2f.o(.text) for __aeabi_d2f
    pwm.o(.text) refers to printfa.o(i.__0printf) for __2printf
    pwm.o(.text) refers to pwm.o(.data) for .data
    pwm.o(.text) refers to pwm.o(.bss) for .bss
    pwm.o(.text) refers to system_stm32f0xx.o(.data) for SystemCoreClock
    pwm.o(.text) refers to rt_time.o(i.rt_dly_wait) for rt_dly_wait
    serial.o(.text) refers to stm32f0xx_usart.o(.text) for USART_GetFlagStatus
    serial.o(.text) refers to stm32f0xx_rcc.o(.text) for RCC_AHBPeriphClockCmd
    serial.o(.text) refers to stm32f0xx_gpio.o(.text) for GPIO_PinAFConfig
    serial.o(.text) refers to stm32f0xx_misc.o(.text) for NVIC_Init
    serial.o(.text) refers to serial.o(.data) for .data
    serial.o(.text) refers to serial.o(.bss) for .bss
    serial.o(.data) refers to serial.o(.bss) for rcv_buff
    serial.o(.data) refers to serial.o(.text) for begin_fcn
    interrupted_charging.o(.text) refers to fdiv.o(.text) for __aeabi_fdiv
    interrupted_charging.o(.text) refers to fmul.o(.text) for __aeabi_fmul
    interrupted_charging.o(.text) refers to fadd.o(.text) for __aeabi_fadd
[...]
    i.rt_dec_dly                             0x08005550   Section        0  rt_list.o(i.rt_dec_dly)
    i.rt_dispatch                            0x080055c8   Section        0  rt_task.o(i.rt_dispatch)
    i.rt_dly_wait                            0x08005608   Section        0  rt_time.o(i.rt_dly_wait)
    i.rt_evt_clr                             0x08005614   Section        0  rt_event.o(i.rt_evt_clr)
    i.rt_evt_get                             0x08005630   Section        0  rt_event.o(i.rt_evt_get)
    i.rt_evt_psh                             0x0800563c   Section        0  rt_event.o(i.rt_evt_psh)
    i.rt_evt_set                             0x08005688   Section        0  rt_event.o(i.rt_evt_set)
    i.rt_evt_wait                            0x080056e4   Section        0  rt_event.o(i.rt_evt_wait)
    i.rt_free_box                            0x08005724   Section        0  rt_membox.o(i.rt_free_box)
    i.rt_get_first                           0x0800574a   Section        0  rt_list.o(i.rt_get_first)
    i.rt_init_context                        0x08005774   Section        0  rt_task.o(i.rt_init_context)
    rt_init_context                          0x08005775   Thumb Code    64  rt_task.o(i.rt_init_context)
    i.rt_init_robin                          0x080057b8   Section        0  rt_robin.o(i.rt_init_robin)
    i.rt_init_stack                          0x080057d0   Section        0  hal_cm1.o(i.rt_init_stack)
    i.rt_mbx_psh                             0x0800581c   Section        0  rt_mailbox.o(i.rt_mbx_psh)
    i.rt_pop_req                             0x080058c8   Section        0  rt_system.o(i.rt_pop_req)
    i.rt_psh_req                             0x08005938   Section        0  rt_system.o(i.rt_psh_req)
    i.rt_psq_enq                             0x08005958   Section        0  rt_list.o(i.rt_psq_enq)
    i.rt_put_dly                             0x08005998   Section        0  rt_list.o(i.rt_put_dly)
    i.rt_put_prio                            0x080059e8   Section        0  rt_list.o(i.rt_put_prio)
    i.rt_put_rdy_first                       0x08005a24   Section        0  rt_list.o(i.rt_put_rdy_first)
    i.rt_rmv_dly                             0x08005a38   Section        0  rt_list.o(i.rt_rmv_dly)
    i.rt_rmv_list                            0x08005a64   Section        0  rt_list.o(i.rt_rmv_list)
    i.rt_sem_psh                             0x08005a98   Section        0  rt_semaphore.o(i.rt_sem_psh)
    i.rt_stk_check                           0x08005acc   Section        0  rt_system.o(i.rt_stk_check)
    i.rt_switch_req                          0x08005af4   Section        0  rt_task.o(i.rt_switch_req)
    i.rt_sys_init                            0x08005b04   Section        0  rt_task.o(i.rt_sys_init)
    i.rt_systick                             0x08005c3c   Section        0  rt_system.o(i.rt_systick)
    i.rt_time_get                            0x08005c78   Section        0  rt_time.o(i.rt_time_get)
    i.rt_tmr_tick                            0x08005c84   Section        0  rt_timer.o(i.rt_tmr_tick)
    i.rt_tsk_create                          0x08005cc4   Section        0  rt_task.o(i.rt_tsk_create)
    i.rt_tsk_delete                          0x08005d40   Section        0  rt_task.o(i.rt_tsk_delete)
    .constdata                               0x08005ddc   Section       95  adc.o(.constdata)
    .constdata                               0x08005e3c   Section       85  interrupted_charging.o(.constdata)
    .constdata                               0x08005e92   Section        2  rtx_conf_cm.o(.constdata)
    .constdata                               0x08005e94   Section        4  rtx_conf_cm.o(.constdata)
    .constdata                               0x08005e98   Section        4  rtx_conf_cm.o(.constdata)
    .constdata                               0x08005e9c   Section        4  rtx_conf_cm.o(.constdata)
    .constdata                               0x08005ea0   Section        1  rtx_conf_cm.o(.constdata)
    .constdata                               0x08005ea4   Section        8  rtx_conf_cm.o(.constdata)
    __tagsym$$used                           0x08005ea4   Number         0  rtx_conf_cm.o(.constdata)
    __tagsym$$used                           0x08005ea8   Number         0  rtx_conf_cm.o(.constdata)
    .constdata                               0x08005eac   Section        2  rtx_conf_cm.o(.constdata)
    .constdata                               0x08005eb0   Section        4  rtx_conf_cm.o(.constdata)
    .constdata                               0x08005eb4   Section        1  rtx_conf_cm.o(.constdata)
    .constdata                               0x08005eb6   Section        2  rtx_conf_cm.o(.constdata)
    .constdata                               0x08005eb8   Section       12  mktime.o(.constdata)
    monlen                                   0x08005eb8   Data          12  mktime.o(.constdata)
    .constdata                               0x08005ec4   Section       12  localtime_i.o(.constdata)
    monlen                                   0x08005ec4   Data          12  localtime_i.o(.constdata)
    .data                                    0x20000000   Section        4  main.o(.data)
    .data                                    0x20000004   Section        4  retarget.o(.data)
    .data                                    0x20000008   Section        4  adc.o(.data)
    .data                                    0x2000000c   Section       12  perturb_and_observe.o(.data)
    p_panel_delay                            0x20000010   Data           4  perturb_and_observe.o(.data)
    v_panel_delay                            0x20000014   Data           4  perturb_and_observe.o(.data)
    .data                                    0x20000018   Section        2  pwm.o(.data)
    .data                                    0x2000001c   Section       56  serial.o(.data)
    rcv_buff_full                            0x2000001c   Data           1  serial.o(.data)
    nb_rcv_buff_char                         0x2000001e   Data           2  serial.o(.data)
    rcv_buff_overload                        0x20000020   Data           2  serial.o(.data)
    pt_rcv_read                              0x20000024   Data           4  serial.o(.data)
    pt_rcv_write                             0x20000028   Data           4  serial.o(.data)
    USARTx                                   0x2000002c   Data           4  serial.o(.data)
    .data                                    0x20000054   Section        4  interrupted_charging.o(.data)
    .data                                    0x20000058   Section        4  stm32f0xx_it.o(.data)
    i                                        0x20000058   Data           4  stm32f0xx_it.o(.data)
    .data                                    0x2000005c   Section       20  ui.o(.data)
    .data                                    0x20000070   Section       16  stm32f0xx_rcc.o(.data)
    APBAHBPrescTable                         0x20000070   Data          16  stm32f0xx_rcc.o(.data)
    .data                                    0x20000080   Section       20  system_stm32f0xx.o(.data)
    .data                                    0x20000094   Section        4  rtx_conf_cm.o(.data)
    .data                                    0x20000098   Section        8  rt_task.o(.data)
    .data                                    0x200000a0   Section        4  rt_time.o(.data)
    .data                                    0x200000a4   Section        8  rt_system.o(.data)
    os_lock                                  0x200000a4   Data           1  rt_system.o(.data)
    os_psh_flag                              0x200000a5   Data           1  rt_system.o(.data)
    pend_flags                               0x200000a6   Data           1  rt_system.o(.data)
    .data                                    0x200000ac   Section        8  rt_robin.o(.data)
    .data                                    0x200000b4   Section        8  rt_timer.o(.data)
    .bss                                     0x200000bc   Section      170  adc.o(.bss)
    .bss                                     0x20000168   Section       32  pwm.o(.bss)
    .bss                                     0x20000188   Section       64  serial.o(.bss)
    rcv_buff                                 0x20000188   Data          64  serial.o(.bss)
    .bss                                     0x200001c8   Section      512  interrupted_charging.o(.bss)
    .bss                                     0x200003c8   Section      400  ui.o(.bss)
    .bss                                     0x20000558   Section      204  rtx_conf_cm.o(.bss)
    .bss                                     0x20000628   Section      656  rtx_conf_cm.o(.bss)
    .bss                                     0x200008b8   Section      132  rtx_conf_cm.o(.bss)
    .bss                                     0x2000093c   Section       16  rtx_conf_cm.o(.bss)
    .bss                                     0x2000094c   Section       48  rt_task.o(.bss)
    .bss                                     0x2000097c   Section       48  rt_list.o(.bss)
    STACK                                    0x200009b0   Section     1024  startup_stm32f0xx.o(STACK)

    Global Symbols

    Symbol Name                              Value     Ov Type        Size  Object(Section)

    BuildAttributes$$THM_ISAv3M$S$PE$A:L22$X:L11$S22$IEEE1$IW$USESV6$~STKCKD$USESV7$~SHL$OTIME$ROPI$EBA8$MICROLIB$REQ8$PRES8$EABIv2 0x00000000   Number         0  anon$$obj.o ABSOLUTE
    __ARM_use_no_argv                        0x00000000   Number         0  main.o ABSOLUTE
    __use_no_errno                           0x00000000   Number         0  useno.o ABSOLUTE
    __use_no_exception_handling              0x00000000   Number         0  useno.o ABSOLUTE
    __use_no_fp                              0x00000000   Number         0  useno.o ABSOLUTE
    __use_no_heap                            0x00000000   Number         0  useno.o ABSOLUTE
    __use_no_heap_region                     0x00000000   Number         0  useno.o ABSOLUTE
    __use_no_semihosting                     0x00000000   Number         0  useno.o ABSOLUTE
    __use_no_semihosting_swi                 0x00000000   Number         0  useno.o ABSOLUTE
    __use_no_signal_handling                 0x00000000   Number         0  useno.o ABSOLUTE
    _printf_a                                0x00000000   Number         0  stubs.o ABSOLUTE
    _printf_c                                0x00000000   Number         0  stubs.o ABSOLUTE
    _printf_charcount                        0x00000000   Number         0  stubs.o ABSOLUTE
    _printf_d                                0x00000000   Number         0  stubs.o ABSOLUTE
    _printf_e                                0x00000000   Number         0  stubs.o ABSOLUTE
    _printf_f                                0x00000000   Number         0  stubs.o ABSOLUTE
    _printf_flags                            0x00000000   Number         0  stubs.o ABSOLUTE
    _printf_fp_dec                           0x00000000   Number         0  stubs.o ABSOLUTE
    _printf_fp_hex                           0x00000000   Number         0  stubs.o ABSOLUTE
    _printf_g                                0x00000000   Number         0  stubs.o ABSOLUTE
    _printf_i                                0x00000000   Number         0  stubs.o ABSOLUTE
    _printf_int_dec                          0x00000000   Number         0  stubs.o ABSOLUTE
    _printf_l                                0x00000000   Number         0  stubs.o ABSOLUTE
    _printf_lc                               0x00000000   Number         0  stubs.o ABSOLUTE
    _printf_ll                               0x00000000   Number         0  stubs.o ABSOLUTE
    _printf_lld                              0x00000000   Number         0  stubs.o ABSOLUTE
    _printf_lli                              0x00000000   Number         0  stubs.o ABSOLUTE
    _printf_llo                              0x00000000   Number         0  stubs.o ABSOLUTE
    _printf_llu                              0x00000000   Number         0  stubs.o ABSOLUTE
    _printf_llx                              0x00000000   Number         0  stubs.o ABSOLUTE
    _printf_longlong_dec                     0x00000000   Number         0  stubs.o ABSOLUTE
    _printf_longlong_hex                     0x00000000   Number         0  stubs.o ABSOLUTE
    _printf_longlong_oct                     0x00000000   Number         0  stubs.o ABSOLUTE
    _printf_ls                               0x00000000   Number         0  stubs.o ABSOLUTE
    _printf_mbtowc                           0x00000000   Number         0  stubs.o ABSOLUTE
    _printf_n                                0x00000000   Number         0  stubs.o ABSOLUTE
    _printf_o                                0x00000000   Number         0  stubs.o ABSOLUTE
    _printf_p                                0x00000000   Number         0  stubs.o ABSOLUTE
    _printf_percent                          0x00000000   Number         0  stubs.o ABSOLUTE
    _printf_pre_padding                      0x00000000   Number         0  stubs.o ABSOLUTE
    _printf_return_value                     0x00000000   Number         0  stubs.o ABSOLUTE
    _printf_s                                0x00000000   Number         0  stubs.o ABSOLUTE
    _printf_sizespec                         0x00000000   Number         0  stubs.o ABSOLUTE
    _printf_str                              0x00000000   Number         0  stubs.o ABSOLUTE
    _printf_truncate_signed                  0x00000000   Number         0  stubs.o ABSOLUTE
    _printf_truncate_unsigned                0x00000000   Number         0  stubs.o ABSOLUTE
    _printf_u                                0x00000000   Number         0  stubs.o ABSOLUTE
    _printf_wc                               0x00000000   Number         0  stubs.o ABSOLUTE
    _printf_wctomb                           0x00000000   Number         0  stubs.o ABSOLUTE
    _printf_widthprec                        0x00000000   Number         0  stubs.o ABSOLUTE
    _printf_x                                0x00000000   Number         0  stubs.o ABSOLUTE
    __decompress                              - Undefined Weak Reference
    _clock_init                               - Undefined Weak Reference
    __Vectors_Size                           0x000000c0   Number         0  startup_stm32f0xx.o ABSOLUTE
    __RL_RTX_VER                             0x00000460   Number         0  rt_system.o ABSOLUTE
    __Vectors                                0x08000000   Data           4  startup_stm32f0xx.o(RESET)
    __Vectors_End                            0x080000c0   Data           0  startup_stm32f0xx.o(RESET)
    __main                                   0x080000c1   Thumb Code     0  entry.o(.ARM.Collect$$$$00000000)
    _main_stk                                0x080000c1   Thumb Code     0  entry2.o(.ARM.Collect$$$$00000001)
    _main_scatterload                        0x080000c5   Thumb Code     0  entry5.o(.ARM.Collect$$$$00000004)
    __main_after_scatterload                 0x080000c9   Thumb Code     0  entry5.o(.ARM.Collect$$$$00000004)
    _main_clock                              0x080000c9   Thumb Code     0  entry7b.o(.ARM.Collect$$$$00000008)
    _main_init                               0x080000c9   Thumb Code     0  entry8.o(.ARM.Collect$$$$00000009)
    rt_set_PSP                               0x080000d5   Thumb Code     6  hal_cm1.o(.emb_text)
    rt_get_PSP                               0x080000db   Thumb Code     6  hal_cm1.o(.emb_text)
    os_set_env                               0x080000e1   Thumb Code    32  hal_cm1.o(.emb_text)
    _alloc_box                               0x08000105   Thumb Code    28  hal_cm1.o(.emb_text)
    _free_box                                0x08000125   Thumb Code    28  hal_cm1.o(.emb_text)
    SVC_Handler                              0x08000145   Thumb Code   152  hal_cm1.o(.emb_text)
    PendSV_Handler                           0x080001e9   Thumb Code    92  hal_cm1.o(.emb_text)
    SysTick_Handler                          0x08000249   Thumb Code     8  hal_cm1.o(.emb_text)
    OS_Tick_Handler                          0x08000251   Thumb Code    12  hal_cm1.o(.emb_text)
    delay                                    0x0800025d   Thumb Code    12  main.o(.text)
    init                                     0x08000269   Thumb Code    78  main.o(.text)
    print_time_date                          0x080002b7   Thumb Code    68  main.o(.text)
    setup_rtc                                0x080002fb   Thumb Code    66  main.o(.text)
    main                                     0x0800033d   Thumb Code    32  main.o(.text)
    get_time_struct                          0x0800035d   Thumb Code    90  main.o(.text)
    assert_failed                            0x080003b7   Thumb Code    12  main.o(.text)
    fputc                                    0x080004e5   Thumb Code    12  retarget.o(.text)
    fgetc                                    0x080004f1   Thumb Code     4  retarget.o(.text)
    ferror                                   0x080004f5   Thumb Code     6  retarget.o(.text)
    _ttywrch                                 0x080004fb   Thumb Code    10  retarget.o(.text)
    _sys_exit                                0x08000505   Thumb Code     2  retarget.o(.text)
    get_adc_voltage                          0x08000509   Thumb Code   296  adc.o(.text)
    init_adc                                 0x08000631   Thumb Code   322  adc.o(.text)
    adc_test                                 0x08000773   Thumb Code   178  adc.o(.text)
    adc_init_analog_watchdog                 0x08000825   Thumb Code    52  adc.o(.text)
    perturb_and_observe_cc_itter             0x080008d5   Thumb Code   210  perturb_and_observe.o(.text)
    perturb_and_observe_itter                0x080009a7   Thumb Code     4  perturb_and_observe.o(.text)
    perturb_and_observe                      0x080009ab   Thumb Code    28  perturb_and_observe.o(.text)
    set_mppt                                 0x080009c7   Thumb Code   114  perturb_and_observe.o(.text)
    set_duty_cycle                           0x08000aa5   Thumb Code    70  pwm.o(.text)
    TIM_Config                               0x08000aeb   Thumb Code   128  pwm.o(.text)
    init_pwm                                 0x08000b6b   Thumb Code   152  pwm.o(.text)
    pwm_out                                  0x08000c03   Thumb Code   136  pwm.o(.text)
    putchar                                  0x08000d01   Thumb Code    32  serial.o(.text)
    begin_fcn                                0x08000d21   Thumb Code    16  serial.o(.text)
    available_fcn                            0x08000d31   Thumb Code     6  serial.o(.text)
    flush_fcn                                0x08000d37   Thumb Code    18  serial.o(.text)
    read_fcn                                 0x08000d49   Thumb Code    42  serial.o(.text)
    peek_fcn                                 0x08000d73   Thumb Code    16  serial.o(.text)
    write_fcn                                0x08000d83   Thumb Code     2  serial.o(.text)
    print_fcn                                0x08000d85   Thumb Code    20  serial.o(.text)
    println_fcn                              0x08000d99   Thumb Code    20  serial.o(.text)
    USART1_IRQHandler                        0x08000dad   Thumb Code    98  serial.o(.text)
    calc_lvdc                                0x08000eb1   Thumb Code    42  interrupted_charging.o(.text)
    interrupted_charging                     0x08000edb   Thumb Code   498  interrupted_charging.o(.text)
    delay100u                                0x08001275   Thumb Code    16  lcd_hd44780.o(.text)
    cycle_e                                  0x08001285   Thumb Code    38  lcd_hd44780.o(.text)
    lcd_send_4_bits                          0x080012ab   Thumb Code    86  lcd_hd44780.o(.text)
    lcd_putc                                 0x08001301   Thumb Code    44  lcd_hd44780.o(.text)
    lcd_write_string                         0x0800132d   Thumb Code    20  lcd_hd44780.o(.text)
    lcd_write_int                            0x08001341   Thumb Code    32  lcd_hd44780.o(.text)
    lcd_send_cmd                             0x08001361   Thumb Code    44  lcd_hd44780.o(.text)
    lcd_goto_XY                              0x0800138d   Thumb Code    14  lcd_hd44780.o(.text)
    lcd_clear                                0x0800139b   Thumb Code    18  lcd_hd44780.o(.text)
    lcd_backlight                            0x080013ad   Thumb Code    28  lcd_hd44780.o(.text)
    lcd_set_custom_chars                     0x080013c9   Thumb Code   250  lcd_hd44780.o(.text)
    lcd_init                                 0x080014c3   Thumb Code   104  lcd_hd44780.o(.text)
    lcd_test                                 0x0800152b   Thumb Code   134  lcd_hd44780.o(.text)
    NMI_Handler                              0x08001605   Thumb Code     2  stm32f0xx_it.o(.text)
    HardFault_Handler                        0x08001607   Thumb Code     2  stm32f0xx_it.o(.text)
    ADC1_COMP_IRQHandler                     0x08001609   Thumb Code    76  stm32f0xx_it.o(.text)
    EXTI0_1_IRQHandler                       0x08001655   Thumb Code    30  stm32f0xx_it.o(.text)
    EXTI4_15_IRQHandler                      0x08001673   Thumb Code   152  stm32f0xx_it.o(.text)
    keypad_get_key                           0x08001735   Thumb Code   326  ui.o(.text)
    pwr_sw_init                              0x0800187b   Thumb Code    66  ui.o(.text)
    keypad_init                              0x080018bd   Thumb Code   212  ui.o(.text)
    ui                                       0x08001991   Thumb Code   816  ui.o(.text)
    usb_outputs_init                         0x08001cf5   Thumb Code   134  user_outputs.o(.text)
    dc_outputs_init                          0x08001d7b   Thumb Code    42  user_outputs.o(.text)
    ADC_DeInit                               0x08001da9   Thumb Code    28  stm32f0xx_adc.o(.text)
    ADC_Init                                 0x08001dc5   Thumb Code    38  stm32f0xx_adc.o(.text)
    ADC_StructInit                           0x08001deb   Thumb Code    16  stm32f0xx_adc.o(.text)
    ADC_Cmd                                  0x08001dfb   Thumb Code    18  stm32f0xx_adc.o(.text)
    ADC_JitterCmd                            0x08001e0d   Thumb Code    16  stm32f0xx_adc.o(.text)
    ADC_AutoPowerOffCmd                      0x08001e1d   Thumb Code    20  stm32f0xx_adc.o(.text)
    ADC_WaitModeCmd                          0x08001e31   Thumb Code    20  stm32f0xx_adc.o(.text)
    ADC_AnalogWatchdogCmd                    0x08001e45   Thumb Code    20  stm32f0xx_adc.o(.text)
    ADC_AnalogWatchdogThresholdsConfig       0x08001e59   Thumb Code     8  stm32f0xx_adc.o(.text)
    ADC_AnalogWatchdogSingleChannelConfig    0x08001e61   Thumb Code    14  stm32f0xx_adc.o(.text)
    ADC_AnalogWatchdogSingleChannelCmd       0x08001e6f   Thumb Code    20  stm32f0xx_adc.o(.text)
    ADC_TempSensorCmd                        0x08001e83   Thumb Code    22  stm32f0xx_adc.o(.text)
    ADC_VrefintCmd                           0x08001e99   Thumb Code    22  stm32f0xx_adc.o(.text)
    ADC_VbatCmd                              0x08001eaf   Thumb Code    22  stm32f0xx_adc.o(.text)
    ADC_ChannelConfig                        0x08001ec5   Thumb Code    10  stm32f0xx_adc.o(.text)
    ADC_ContinuousModeCmd                    0x08001ecf   Thumb Code    20  stm32f0xx_adc.o(.text)
    ADC_DiscModeCmd                          0x08001ee3   Thumb Code    20  stm32f0xx_adc.o(.text)
    ADC_OverrunModeCmd                       0x08001ef7   Thumb Code    20  stm32f0xx_adc.o(.text)
    ADC_GetCalibrationFactor                 0x08001f0b   Thumb Code    46  stm32f0xx_adc.o(.text)
    ADC_StopOfConversion                     0x08001f39   Thumb Code    10  stm32f0xx_adc.o(.text)
    ADC_StartOfConversion                    0x08001f43   Thumb Code    10  stm32f0xx_adc.o(.text)
    ADC_GetConversionValue                   0x08001f4d   Thumb Code     6  stm32f0xx_adc.o(.text)
    ADC_DMACmd                               0x08001f53   Thumb Code    20  stm32f0xx_adc.o(.text)
    ADC_DMARequestModeConfig                 0x08001f67   Thumb Code    16  stm32f0xx_adc.o(.text)
    ADC_ITConfig                             0x08001f77   Thumb Code    16  stm32f0xx_adc.o(.text)
    ADC_GetFlagStatus                        0x08001f87   Thumb Code    28  stm32f0xx_adc.o(.text)
    ADC_ClearFlag                            0x08001fa3   Thumb Code     4  stm32f0xx_adc.o(.text)
    ADC_GetITStatus                          0x08001fa7   Thumb Code    22  stm32f0xx_adc.o(.text)
    ADC_ClearITPendingBit                    0x08001fbd   Thumb Code     4  stm32f0xx_adc.o(.text)
    DMA_DeInit                               0x08001fcd   Thumb Code   100  stm32f0xx_dma.o(.text)
    DMA_Init                                 0x08002031   Thumb Code    56  stm32f0xx_dma.o(.text)
    DMA_StructInit                           0x08002069   Thumb Code    26  stm32f0xx_dma.o(.text)
    DMA_Cmd                                  0x08002083   Thumb Code    20  stm32f0xx_dma.o(.text)
    DMA_SetCurrDataCounter                   0x08002097   Thumb Code     4  stm32f0xx_dma.o(.text)
    DMA_GetCurrDataCounter                   0x0800209b   Thumb Code     6  stm32f0xx_dma.o(.text)
    DMA_ITConfig                             0x080020a1   Thumb Code    16  stm32f0xx_dma.o(.text)
    DMA_GetFlagStatus                        0x080020b1   Thumb Code    18  stm32f0xx_dma.o(.text)
    DMA_ClearFlag                            0x080020c3   Thumb Code     8  stm32f0xx_dma.o(.text)
    DMA_GetITStatus                          0x080020cb   Thumb Code    18  stm32f0xx_dma.o(.text)
    DMA_ClearITPendingBit                    0x080020dd   Thumb Code     8  stm32f0xx_dma.o(.text)
    EXTI_DeInit                              0x080020f1   Thumb Code    20  stm32f0xx_exti.o(.text)
    EXTI_Init                                0x08002105   Thumb Code   102  stm32f0xx_exti.o(.text)
    EXTI_StructInit                          0x0800216b   Thumb Code    14  stm32f0xx_exti.o(.text)
    EXTI_GenerateSWInterrupt                 0x08002179   Thumb Code    10  stm32f0xx_exti.o(.text)
    EXTI_GetFlagStatus                       0x08002183   Thumb Code    16  stm32f0xx_exti.o(.text)
    EXTI_ClearFlag                           0x08002193   Thumb Code     6  stm32f0xx_exti.o(.text)
    EXTI_GetITStatus                         0x08002199   Thumb Code    24  stm32f0xx_exti.o(.text)
    EXTI_ClearITPendingBit                   0x080021b1   Thumb Code     6  stm32f0xx_exti.o(.text)
    GPIO_DeInit                              0x080021c5   Thumb Code    78  stm32f0xx_gpio.o(.text)
    GPIO_Init                                0x08002213   Thumb Code   112  stm32f0xx_gpio.o(.text)
    GPIO_StructInit                          0x08002283   Thumb Code    18  stm32f0xx_gpio.o(.text)
    GPIO_PinLockConfig                       0x08002295   Thumb Code    18  stm32f0xx_gpio.o(.text)
    GPIO_ReadInputDataBit                    0x080022a7   Thumb Code    14  stm32f0xx_gpio.o(.text)
    GPIO_ReadInputData                       0x080022b5   Thumb Code     4  stm32f0xx_gpio.o(.text)
    GPIO_ReadOutputDataBit                   0x080022b9   Thumb Code    14  stm32f0xx_gpio.o(.text)
    GPIO_ReadOutputData                      0x080022c7   Thumb Code     4  stm32f0xx_gpio.o(.text)
    GPIO_SetBits                             0x080022cb   Thumb Code     4  stm32f0xx_gpio.o(.text)
    GPIO_ResetBits                           0x080022cf   Thumb Code     4  stm32f0xx_gpio.o(.text)
    GPIO_WriteBit                            0x080022d3   Thumb Code    12  stm32f0xx_gpio.o(.text)
    GPIO_Write                               0x080022df   Thumb Code     4  stm32f0xx_gpio.o(.text)
    GPIO_PinAFConfig                         0x080022e3   Thumb Code    32  stm32f0xx_gpio.o(.text)
    NVIC_Init                                0x08002319   Thumb Code    70  stm32f0xx_misc.o(.text)
    NVIC_SystemLPConfig                      0x0800235f   Thumb Code    18  stm32f0xx_misc.o(.text)
    SysTick_CLKSourceConfig                  0x08002371   Thumb Code    20  stm32f0xx_misc.o(.text)
    PWR_DeInit                               0x08002395   Thumb Code    22  stm32f0xx_pwr.o(.text)
    PWR_BackupAccessCmd                      0x080023ab   Thumb Code    20  stm32f0xx_pwr.o(.text)
    PWR_PVDLevelConfig                       0x080023bf   Thumb Code    14  stm32f0xx_pwr.o(.text)
    PWR_PVDCmd                               0x080023cd   Thumb Code    20  stm32f0xx_pwr.o(.text)
    PWR_WakeUpPinCmd                         0x080023e1   Thumb Code    18  stm32f0xx_pwr.o(.text)
    PWR_EnterSleepMode                       0x080023f3   Thumb Code    22  stm32f0xx_pwr.o(.text)
    PWR_EnterSTOPMode                        0x08002409   Thumb Code    40  stm32f0xx_pwr.o(.text)
    PWR_EnterSTANDBYMode                     0x08002431   Thumb Code    30  stm32f0xx_pwr.o(.text)
    PWR_GetFlagStatus                        0x0800244f   Thumb Code    16  stm32f0xx_pwr.o(.text)
    PWR_ClearFlag                            0x0800245f   Thumb Code    12  stm32f0xx_pwr.o(.text)
    RCC_DeInit                               0x08002475   Thumb Code    78  stm32f0xx_rcc.o(.text)
    RCC_HSEConfig                            0x080024c3   Thumb Code    10  stm32f0xx_rcc.o(.text)
    RCC_GetFlagStatus                        0x080024cd   Thumb Code    48  stm32f0xx_rcc.o(.text)
    RCC_WaitForHSEStartUp                    0x080024fd   Thumb Code    38  stm32f0xx_rcc.o(.text)
    RCC_AdjustHSICalibrationValue            0x08002523   Thumb Code    16  stm32f0xx_rcc.o(.text)
    RCC_HSICmd                               0x08002533   Thumb Code    22  stm32f0xx_rcc.o(.text)
    RCC_AdjustHSI14CalibrationValue          0x08002549   Thumb Code    16  stm32f0xx_rcc.o(.text)
    RCC_HSI14Cmd                             0x08002559   Thumb Code    22  stm32f0xx_rcc.o(.text)
    RCC_HSI14ADCRequestCmd                   0x0800256f   Thumb Code    20  stm32f0xx_rcc.o(.text)
    RCC_LSEConfig                            0x08002583   Thumb Code    26  stm32f0xx_rcc.o(.text)
    RCC_LSEDriveConfig                       0x0800259d   Thumb Code    18  stm32f0xx_rcc.o(.text)
    RCC_LSICmd                               0x080025af   Thumb Code    22  stm32f0xx_rcc.o(.text)
    RCC_PLLConfig                            0x080025c5   Thumb Code    24  stm32f0xx_rcc.o(.text)
    RCC_PLLCmd                               0x080025dd   Thumb Code    22  stm32f0xx_rcc.o(.text)
    RCC_PREDIV1Config                        0x080025f3   Thumb Code    14  stm32f0xx_rcc.o(.text)
    RCC_ClockSecuritySystemCmd               0x08002601   Thumb Code    22  stm32f0xx_rcc.o(.text)
    RCC_MCOConfig                            0x08002617   Thumb Code     6  stm32f0xx_rcc.o(.text)
    RCC_SYSCLKConfig                         0x0800261d   Thumb Code    14  stm32f0xx_rcc.o(.text)
    RCC_GetSYSCLKSource                      0x0800262b   Thumb Code    10  stm32f0xx_rcc.o(.text)
    RCC_HCLKConfig                           0x08002635   Thumb Code    14  stm32f0xx_rcc.o(.text)
    RCC_PCLKConfig                           0x08002643   Thumb Code    16  stm32f0xx_rcc.o(.text)
    RCC_ADCCLKConfig                         0x08002653   Thumb Code    38  stm32f0xx_rcc.o(.text)
    RCC_CECCLKConfig                         0x08002679   Thumb Code    18  stm32f0xx_rcc.o(.text)
    RCC_I2CCLKConfig                         0x0800268b   Thumb Code    18  stm32f0xx_rcc.o(.text)
    RCC_USARTCLKConfig                       0x0800269d   Thumb Code    18  stm32f0xx_rcc.o(.text)
    RCC_GetClocksFreq                        0x080026af   Thumb Code   218  stm32f0xx_rcc.o(.text)
    RCC_RTCCLKConfig                         0x08002789   Thumb Code    10  stm32f0xx_rcc.o(.text)
    RCC_RTCCLKCmd                            0x08002793   Thumb Code    20  stm32f0xx_rcc.o(.text)
    RCC_BackupResetCmd                       0x080027a7   Thumb Code    22  stm32f0xx_rcc.o(.text)
    RCC_AHBPeriphClockCmd                    0x080027bd   Thumb Code    18  stm32f0xx_rcc.o(.text)
    RCC_APB2PeriphClockCmd                   0x080027cf   Thumb Code    18  stm32f0xx_rcc.o(.text)
    RCC_APB1PeriphClockCmd                   0x080027e1   Thumb Code    18  stm32f0xx_rcc.o(.text)
    RCC_AHBPeriphResetCmd                    0x080027f3   Thumb Code    18  stm32f0xx_rcc.o(.text)
    RCC_APB2PeriphResetCmd                   0x08002805   Thumb Code    18  stm32f0xx_rcc.o(.text)
    RCC_APB1PeriphResetCmd                   0x08002817   Thumb Code    18  stm32f0xx_rcc.o(.text)
    RCC_ITConfig                             0x08002829   Thumb Code    18  stm32f0xx_rcc.o(.text)
    RCC_ClearFlag                            0x0800283b   Thumb Code    14  stm32f0xx_rcc.o(.text)
    RCC_GetITStatus                          0x08002849   Thumb Code    48  stm32f0xx_rcc.o(.text)
    RCC_ClearITPendingBit                    0x08002879   Thumb Code     6  stm32f0xx_rcc.o(.text)
    RTC_WaitForSynchro                       0x08002885   Thumb Code    68  stm32f0xx_rtc.o(.text)
    RTC_EnterInitMode                        0x080028c9   Thumb Code    48  stm32f0xx_rtc.o(.text)
    RTC_DeInit                               0x080028f9   Thumb Code    72  stm32f0xx_rtc.o(.text)
    RTC_ExitInitMode                         0x08002941   Thumb Code    12  stm32f0xx_rtc.o(.text)
    RTC_Init                                 0x0800294d   Thumb Code    68  stm32f0xx_rtc.o(.text)
    RTC_StructInit                           0x08002991   Thumb Code    14  stm32f0xx_rtc.o(.text)
    RTC_WriteProtectionCmd                   0x0800299f   Thumb Code    20  stm32f0xx_rtc.o(.text)
    RTC_RefClockCmd                          0x080029b3   Thumb Code    54  stm32f0xx_rtc.o(.text)
    RTC_BypassShadowCmd                      0x080029e9   Thumb Code    34  stm32f0xx_rtc.o(.text)
    RTC_SetTime                              0x08002a0b   Thumb Code   136  stm32f0xx_rtc.o(.text)
    RTC_TimeStructInit                       0x08002a93   Thumb Code    12  stm32f0xx_rtc.o(.text)
    RTC_GetTime                              0x08002a9f   Thumb Code    68  stm32f0xx_rtc.o(.text)
    RTC_GetSubSecond                         0x08002ae3   Thumb Code     8  stm32f0xx_rtc.o(.text)
    RTC_SetDate                              0x08002aeb   Thumb Code   138  stm32f0xx_rtc.o(.text)
    RTC_DateStructInit                       0x08002b75   Thumb Code    14  stm32f0xx_rtc.o(.text)
    RTC_GetDate                              0x08002b83   Thumb Code    64  stm32f0xx_rtc.o(.text)
    RTC_SetAlarm                             0x08002bc3   Thumb Code   130  stm32f0xx_rtc.o(.text)
    RTC_AlarmStructInit                      0x08002c45   Thumb Code    20  stm32f0xx_rtc.o(.text)
    RTC_GetAlarm                             0x08002c59   Thumb Code   112  stm32f0xx_rtc.o(.text)
    RTC_AlarmCmd                             0x08002cc9   Thumb Code    68  stm32f0xx_rtc.o(.text)
    RTC_AlarmSubSecondConfig                 0x08002d0d   Thumb Code    26  stm32f0xx_rtc.o(.text)
    RTC_GetAlarmSubSecond                    0x08002d27   Thumb Code    12  stm32f0xx_rtc.o(.text)
    RTC_DayLightSavingConfig                 0x08002d33   Thumb Code    36  stm32f0xx_rtc.o(.text)
    RTC_GetStoreOperation                    0x08002d57   Thumb Code    12  stm32f0xx_rtc.o(.text)
    RTC_OutputConfig                         0x08002d63   Thumb Code    36  stm32f0xx_rtc.o(.text)
    RTC_CalibOutputCmd                       0x08002d87   Thumb Code    34  stm32f0xx_rtc.o(.text)
    RTC_CalibOutputConfig                    0x08002da9   Thumb Code    32  stm32f0xx_rtc.o(.text)
    RTC_SmoothCalibConfig                    0x08002dc9   Thumb Code    60  stm32f0xx_rtc.o(.text)
    RTC_TimeStampCmd                         0x08002e05   Thumb Code    36  stm32f0xx_rtc.o(.text)
    RTC_GetTimeStamp                         0x08002e29   Thumb Code   124  stm32f0xx_rtc.o(.text)
    RTC_GetTimeStampSubSecond                0x08002ea5   Thumb Code     6  stm32f0xx_rtc.o(.text)
    RTC_TamperTriggerConfig                  0x08002eab   Thumb Code    22  stm32f0xx_rtc.o(.text)
    RTC_TamperCmd                            0x08002ec1   Thumb Code    20  stm32f0xx_rtc.o(.text)
    RTC_TamperFilterConfig                   0x08002ed5   Thumb Code    22  stm32f0xx_rtc.o(.text)
    RTC_TamperSamplingFreqConfig             0x08002eeb   Thumb Code    22  stm32f0xx_rtc.o(.text)
    RTC_TamperPinsPrechargeDuration          0x08002f01   Thumb Code    22  stm32f0xx_rtc.o(.text)
    RTC_TimeStampOnTamperDetectionCmd        0x08002f17   Thumb Code    22  stm32f0xx_rtc.o(.text)
    RTC_TamperPullUpCmd                      0x08002f2d   Thumb Code    22  stm32f0xx_rtc.o(.text)
    RTC_WriteBackupRegister                  0x08002f43   Thumb Code    12  stm32f0xx_rtc.o(.text)
    RTC_ReadBackupRegister                   0x08002f4f   Thumb Code    12  stm32f0xx_rtc.o(.text)
    RTC_OutputTypeConfig                     0x08002f5b   Thumb Code    22  stm32f0xx_rtc.o(.text)
    RTC_SynchroShiftConfig                   0x08002f71   Thumb Code    72  stm32f0xx_rtc.o(.text)
    RTC_ITConfig                             0x08002fb9   Thumb Code    56  stm32f0xx_rtc.o(.text)
    RTC_GetFlagStatus                        0x08002ff1   Thumb Code    20  stm32f0xx_rtc.o(.text)
    RTC_ClearFlag                            0x08003005   Thumb Code    22  stm32f0xx_rtc.o(.text)
    RTC_GetITStatus                          0x0800301b   Thumb Code    54  stm32f0xx_rtc.o(.text)
    RTC_ClearITPendingBit                    0x08003051   Thumb Code    22  stm32f0xx_rtc.o(.text)
    SYSCFG_DeInit                            0x080030a5   Thumb Code    30  stm32f0xx_syscfg.o(.text)
    SYSCFG_MemoryRemapConfig                 0x080030c3   Thumb Code    14  stm32f0xx_syscfg.o(.text)
    SYSCFG_DMAChannelRemapConfig             0x080030d1   Thumb Code    18  stm32f0xx_syscfg.o(.text)
    SYSCFG_I2CFastModePlusConfig             0x080030e3   Thumb Code    18  stm32f0xx_syscfg.o(.text)
    SYSCFG_EXTILineConfig                    0x080030f5   Thumb Code    34  stm32f0xx_syscfg.o(.text)
    SYSCFG_BreakConfig                       0x08003117   Thumb Code    10  stm32f0xx_syscfg.o(.text)
    SYSCFG_GetFlagStatus                     0x08003121   Thumb Code    14  stm32f0xx_syscfg.o(.text)
    SYSCFG_ClearFlag                         0x0800312f   Thumb Code    10  stm32f0xx_syscfg.o(.text)
    TIM_DeInit                               0x0800313d   Thumb Code   152  stm32f0xx_tim.o(.text)
    TIM_TimeBaseInit                         0x080031d5   Thumb Code    88  stm32f0xx_tim.o(.text)
    TIM_TimeBaseStructInit                   0x0800322d   Thumb Code    18  stm32f0xx_tim.o(.text)
    TIM_PrescalerConfig                      0x0800323f   Thumb Code     6  stm32f0xx_tim.o(.text)
    TIM_CounterModeConfig                    0x08003245   Thumb Code    12  stm32f0xx_tim.o(.text)
    TIM_SetCounter                           0x08003251   Thumb Code     4  stm32f0xx_tim.o(.text)
    TIM_SetAutoreload                        0x08003255   Thumb Code     4  stm32f0xx_tim.o(.text)
    TIM_GetCounter                           0x08003259   Thumb Code     4  stm32f0xx_tim.o(.text)
    TIM_GetPrescaler                         0x0800325d   Thumb Code     4  stm32f0xx_tim.o(.text)
    TIM_UpdateDisableConfig                  0x08003261   Thumb Code    18  stm32f0xx_tim.o(.text)
    TIM_UpdateRequestConfig                  0x08003273   Thumb Code    18  stm32f0xx_tim.o(.text)
    TIM_ARRPreloadConfig                     0x08003285   Thumb Code    18  stm32f0xx_tim.o(.text)
    TIM_SelectOnePulseMode                   0x08003297   Thumb Code    16  stm32f0xx_tim.o(.text)
    TIM_SetClockDivision                     0x080032a7   Thumb Code    16  stm32f0xx_tim.o(.text)
    TIM_Cmd                                  0x080032b7   Thumb Code    20  stm32f0xx_tim.o(.text)
    TIM_BDTRConfig                           0x080032cb   Thumb Code    34  stm32f0xx_tim.o(.text)
    TIM_BDTRStructInit                       0x080032ed   Thumb Code    18  stm32f0xx_tim.o(.text)
    TIM_CtrlPWMOutputs                       0x080032ff   Thumb Code    24  stm32f0xx_tim.o(.text)
    TIM_OC1Init                              0x08003317   Thumb Code   104  stm32f0xx_tim.o(.text)
    TIM_OC2Init                              0x0800337f   Thumb Code   110  stm32f0xx_tim.o(.text)
    TIM_OC3Init                              0x080033ed   Thumb Code   110  stm32f0xx_tim.o(.text)
    TIM_OC4Init                              0x0800345b   Thumb Code    78  stm32f0xx_tim.o(.text)
    TIM_OCStructInit                         0x080034a9   Thumb Code    20  stm32f0xx_tim.o(.text)
    TIM_SelectOCxM                           0x080034bd   Thumb Code    70  stm32f0xx_tim.o(.text)
    TIM_SetCompare1                          0x08003503   Thumb Code     4  stm32f0xx_tim.o(.text)
    TIM_SetCompare2                          0x08003507   Thumb Code     4  stm32f0xx_tim.o(.text)
    TIM_SetCompare3                          0x0800350b   Thumb Code     4  stm32f0xx_tim.o(.text)
    TIM_SetCompare4                          0x0800350f   Thumb Code     4  stm32f0xx_tim.o(.text)
    TIM_ForcedOC1Config                      0x08003513   Thumb Code    86  stm32f0xx_tim.o(.text)
    TIM_ForcedOC2Config                      0x08003569   Thumb Code    14  stm32f0xx_tim.o(.text)
    TIM_ForcedOC3Config                      0x08003577   Thumb Code    12  stm32f0xx_tim.o(.text)
    TIM_ForcedOC4Config                      0x08003583   Thumb Code    14  stm32f0xx_tim.o(.text)
    TIM_CCPreloadControl                     0x08003591   Thumb Code    20  stm32f0xx_tim.o(.text)
    TIM_OC1PreloadConfig                     0x080035a5   Thumb Code    12  stm32f0xx_tim.o(.text)
    TIM_OC2PreloadConfig                     0x080035b1   Thumb Code    14  stm32f0xx_tim.o(.text)
    TIM_OC3PreloadConfig                     0x080035bf   Thumb Code    12  stm32f0xx_tim.o(.text)
    TIM_OC4PreloadConfig                     0x080035cb   Thumb Code    14  stm32f0xx_tim.o(.text)
    TIM_OC1FastConfig                        0x080035d9   Thumb Code    12  stm32f0xx_tim.o(.text)
    TIM_OC2FastConfig                        0x080035e5   Thumb Code    14  stm32f0xx_tim.o(.text)
    TIM_OC3FastConfig                        0x080035f3   Thumb Code    12  stm32f0xx_tim.o(.text)
    TIM_OC4FastConfig                        0x080035ff   Thumb Code    14  stm32f0xx_tim.o(.text)
    TIM_ClearOC1Ref                          0x0800360d   Thumb Code    12  stm32f0xx_tim.o(.text)
    TIM_ClearOC2Ref                          0x08003619   Thumb Code    14  stm32f0xx_tim.o(.text)
    TIM_ClearOC3Ref                          0x08003627   Thumb Code    12  stm32f0xx_tim.o(.text)
    TIM_ClearOC4Ref                          0x08003633   Thumb Code    14  stm32f0xx_tim.o(.text)
    TIM_OC1PolarityConfig                    0x08003641   Thumb Code    12  stm32f0xx_tim.o(.text)
    TIM_OC1NPolarityConfig                   0x0800364d   Thumb Code    12  stm32f0xx_tim.o(.text)
    TIM_OC2PolarityConfig                    0x08003659   Thumb Code    14  stm32f0xx_tim.o(.text)
    TIM_OC2NPolarityConfig                   0x08003667   Thumb Code    14  stm32f0xx_tim.o(.text)
    TIM_OC3PolarityConfig                    0x08003675   Thumb Code    14  stm32f0xx_tim.o(.text)
    TIM_OC3NPolarityConfig                   0x08003683   Thumb Code    14  stm32f0xx_tim.o(.text)
    TIM_OC4PolarityConfig                    0x08003691   Thumb Code    14  stm32f0xx_tim.o(.text)
    TIM_SelectOCREFClear                     0x0800369f   Thumb Code    16  stm32f0xx_tim.o(.text)
    TIM_CCxCmd                               0x080036af   Thumb Code    22  stm32f0xx_tim.o(.text)
    TIM_CCxNCmd                              0x080036c5   Thumb Code    22  stm32f0xx_tim.o(.text)
    TIM_SelectCOM                            0x080036db   Thumb Code    18  stm32f0xx_tim.o(.text)
    TIM_SetIC4Prescaler                      0x080036ed   Thumb Code    18  stm32f0xx_tim.o(.text)
    TIM_SetIC3Prescaler                      0x080036ff   Thumb Code    16  stm32f0xx_tim.o(.text)
    TIM_SetIC2Prescaler                      0x0800370f   Thumb Code    18  stm32f0xx_tim.o(.text)
    TIM_SetIC1Prescaler                      0x0800374b   Thumb Code    16  stm32f0xx_tim.o(.text)
    TIM_ICInit                               0x08003783   Thumb Code   162  stm32f0xx_tim.o(.text)
    TIM_ICStructInit                         0x08003825   Thumb Code    16  stm32f0xx_tim.o(.text)
    TIM_PWMIConfig                           0x08003835   Thumb Code   104  stm32f0xx_tim.o(.text)
    TIM_GetCapture1                          0x0800389d   Thumb Code     4  stm32f0xx_tim.o(.text)
    TIM_GetCapture2                          0x080038a1   Thumb Code     4  stm32f0xx_tim.o(.text)
    TIM_GetCapture3                          0x080038a5   Thumb Code     4  stm32f0xx_tim.o(.text)
    TIM_GetCapture4                          0x080038a9   Thumb Code     4  stm32f0xx_tim.o(.text)
    TIM_ITConfig                             0x080038ad   Thumb Code    16  stm32f0xx_tim.o(.text)
    TIM_GenerateEvent                        0x080038bd   Thumb Code     4  stm32f0xx_tim.o(.text)
    TIM_GetFlagStatus                        0x080038c1   Thumb Code    14  stm32f0xx_tim.o(.text)
    TIM_ClearFlag                            0x080038cf   Thumb Code     6  stm32f0xx_tim.o(.text)
    TIM_GetITStatus                          0x080038d5   Thumb Code    24  stm32f0xx_tim.o(.text)
    TIM_ClearITPendingBit                    0x080038ed   Thumb Code     6  stm32f0xx_tim.o(.text)
    TIM_DMAConfig                            0x080038f3   Thumb Code     8  stm32f0xx_tim.o(.text)
    TIM_DMACmd                               0x080038fb   Thumb Code    16  stm32f0xx_tim.o(.text)
    TIM_SelectCCDMA                          0x0800390b   Thumb Code    18  stm32f0xx_tim.o(.text)
    TIM_InternalClockConfig                  0x0800391d   Thumb Code    10  stm32f0xx_tim.o(.text)
    TIM_SelectInputTrigger                   0x08003927   Thumb Code    12  stm32f0xx_tim.o(.text)
    TIM_ITRxExternalClockConfig              0x08003933   Thumb Code    62  stm32f0xx_tim.o(.text)
    TIM_TIxExternalClockConfig               0x08003971   Thumb Code    44  stm32f0xx_tim.o(.text)
    TIM_ETRConfig                            0x0800399d   Thumb Code    18  stm32f0xx_tim.o(.text)
    TIM_ETRClockMode1Config                  0x080039af   Thumb Code    28  stm32f0xx_tim.o(.text)
    TIM_ETRClockMode2Config                  0x080039cb   Thumb Code    20  stm32f0xx_tim.o(.text)
    TIM_SelectOutputTrigger                  0x080039df   Thumb Code    16  stm32f0xx_tim.o(.text)
    TIM_SelectSlaveMode                      0x080039ef   Thumb Code    16  stm32f0xx_tim.o(.text)
    TIM_SelectMasterSlaveMode                0x080039ff   Thumb Code    16  stm32f0xx_tim.o(.text)
    TIM_EncoderInterfaceConfig               0x08003a0f   Thumb Code    42  stm32f0xx_tim.o(.text)
    TIM_SelectHallSensor                     0x08003a39   Thumb Code    18  stm32f0xx_tim.o(.text)
    TIM_RemapConfig                          0x08003a4b   Thumb Code     6  stm32f0xx_tim.o(.text)
    USART_DeInit                             0x08003a55   Thumb Code    54  stm32f0xx_usart.o(.text)
    USART_Init                               0x08003a8b   Thumb Code   166  stm32f0xx_usart.o(.text)
    USART_StructInit                         0x08003b31   Thumb Code    22  stm32f0xx_usart.o(.text)
    USART_ClockInit                          0x08003b47   Thumb Code    30  stm32f0xx_usart.o(.text)
    USART_ClockStructInit                    0x08003b65   Thumb Code    12  stm32f0xx_usart.o(.text)
    USART_Cmd                                0x08003b71   Thumb Code    20  stm32f0xx_usart.o(.text)
    USART_DirectionModeCmd                   0x08003b85   Thumb Code    16  stm32f0xx_usart.o(.text)
    USART_OverSampling8Cmd                   0x08003b95   Thumb Code    20  stm32f0xx_usart.o(.text)
    USART_OneBitMethodCmd                    0x08003ba9   Thumb Code    20  stm32f0xx_usart.o(.text)
    USART_MSBFirstCmd                        0x08003bbd   Thumb Code    20  stm32f0xx_usart.o(.text)
    USART_DataInvCmd                         0x08003bd1   Thumb Code    20  stm32f0xx_usart.o(.text)
    USART_InvPinCmd                          0x08003be5   Thumb Code    16  stm32f0xx_usart.o(.text)
    USART_SWAPPinCmd                         0x08003bf5   Thumb Code    20  stm32f0xx_usart.o(.text)
    USART_ReceiverTimeOutCmd                 0x08003c09   Thumb Code    20  stm32f0xx_usart.o(.text)
    USART_SetReceiverTimeOut                 0x08003c1d   Thumb Code    16  stm32f0xx_usart.o(.text)
    USART_SetPrescaler                       0x08003c2d   Thumb Code    16  stm32f0xx_usart.o(.text)
    USART_STOPModeCmd                        0x08003c3d   Thumb Code    18  stm32f0xx_usart.o(.text)
    USART_StopModeWakeUpSourceConfig         0x08003c4f   Thumb Code    18  stm32f0xx_usart.o(.text)
    USART_AutoBaudRateCmd                    0x08003c61   Thumb Code    20  stm32f0xx_usart.o(.text)
    USART_AutoBaudRateConfig                 0x08003c75   Thumb Code    18  stm32f0xx_usart.o(.text)
    USART_AutoBaudRateNewRequest             0x08003c87   Thumb Code    12  stm32f0xx_usart.o(.text)
    USART_SendData                           0x08003c93   Thumb Code     8  stm32f0xx_usart.o(.text)
    USART_ReceiveData                        0x08003c9b   Thumb Code     8  stm32f0xx_usart.o(.text)
    USART_SetAddress                         0x08003ca3   Thumb Code    18  stm32f0xx_usart.o(.text)
    USART_MuteModeCmd                        0x08003cb5   Thumb Code    20  stm32f0xx_usart.o(.text)
    USART_MuteModeWakeUpConfig               0x08003cc9   Thumb Code    18  stm32f0xx_usart.o(.text)
    USART_AddressDetectionConfig             0x08003cdb   Thumb Code    16  stm32f0xx_usart.o(.text)
    USART_LINBreakDetectLengthConfig         0x08003ceb   Thumb Code    16  stm32f0xx_usart.o(.text)
    USART_LINCmd                             0x08003cfb   Thumb Code    20  stm32f0xx_usart.o(.text)
    USART_HalfDuplexCmd                      0x08003d0f   Thumb Code    18  stm32f0xx_usart.o(.text)
    USART_SetGuardTime                       0x08003d21   Thumb Code    16  stm32f0xx_usart.o(.text)
    USART_SmartCardCmd                       0x08003d31   Thumb Code    18  stm32f0xx_usart.o(.text)
    USART_SmartCardNACKCmd                   0x08003d43   Thumb Code    18  stm32f0xx_usart.o(.text)
    USART_SetAutoRetryCount                  0x08003d55   Thumb Code    20  stm32f0xx_usart.o(.text)
    USART_SetBlockLength                     0x08003d69   Thumb Code    18  stm32f0xx_usart.o(.text)
    USART_IrDAConfig                         0x08003d7b   Thumb Code    16  stm32f0xx_usart.o(.text)
    USART_IrDACmd                            0x08003d8b   Thumb Code    18  stm32f0xx_usart.o(.text)
    USART_DECmd                              0x08003d9d   Thumb Code    20  stm32f0xx_usart.o(.text)
    USART_DEPolarityConfig                   0x08003db1   Thumb Code    18  stm32f0xx_usart.o(.text)
    USART_SetDEAssertionTime                 0x08003dc3   Thumb Code    20  stm32f0xx_usart.o(.text)
    USART_SetDEDeassertionTime               0x08003dd7   Thumb Code    20  stm32f0xx_usart.o(.text)
    USART_DMACmd                             0x08003deb   Thumb Code    16  stm32f0xx_usart.o(.text)
    USART_DMAReceptionErrorConfig            0x08003dfb   Thumb Code    18  stm32f0xx_usart.o(.text)
    USART_ITConfig                           0x08003e0d   Thumb Code    56  stm32f0xx_usart.o(.text)
    USART_RequestCmd                         0x08003e45   Thumb Code    16  stm32f0xx_usart.o(.text)
    USART_OverrunDetectionConfig             0x08003e55   Thumb Code    18  stm32f0xx_usart.o(.text)
    USART_GetFlagStatus                      0x08003e67   Thumb Code    14  stm32f0xx_usart.o(.text)
    USART_ClearFlag                          0x08003e75   Thumb Code     4  stm32f0xx_usart.o(.text)
    USART_GetITStatus                        0x08003e79   Thumb Code    56  stm32f0xx_usart.o(.text)
    USART_ClearITPendingBit                  0x08003eb1   Thumb Code    10  stm32f0xx_usart.o(.text)
    SystemInit                               0x08003ebd   Thumb Code    84  system_stm32f0xx.o(.text)
    SystemCoreClockUpdate                    0x08003f11   Thumb Code    94  system_stm32f0xx.o(.text)
    Reset_Handler                            0x08003fdd   Thumb Code     8  startup_stm32f0xx.o(.text)
    CEC_IRQHandler                           0x08003fef   Thumb Code     0  startup_stm32f0xx.o(.text)
    DMA1_Channel1_IRQHandler                 0x08003fef   Thumb Code     0  startup_stm32f0xx.o(.text)
    DMA1_Channel2_3_IRQHandler               0x08003fef   Thumb Code     0  startup_stm32f0xx.o(.text)
    DMA1_Channel4_5_IRQHandler               0x08003fef   Thumb Code     0  startup_stm32f0xx.o(.text)
    EXTI2_3_IRQHandler                       0x08003fef   Thumb Code     0  startup_stm32f0xx.o(.text)
    FLASH_IRQHandler                         0x08003fef   Thumb Code     0  startup_stm32f0xx.o(.text)
    I2C1_IRQHandler                          0x08003fef   Thumb Code     0  startup_stm32f0xx.o(.text)
    I2C2_IRQHandler                          0x08003fef   Thumb Code     0  startup_stm32f0xx.o(.text)
    PVD_IRQHandler                           0x08003fef   Thumb Code     0  startup_stm32f0xx.o(.text)
    RCC_IRQHandler                           0x08003fef   Thumb Code     0  startup_stm32f0xx.o(.text)
    RTC_IRQHandler                           0x08003fef   Thumb Code     0  startup_stm32f0xx.o(.text)
    SPI1_IRQHandler                          0x08003fef   Thumb Code     0  startup_stm32f0xx.o(.text)
    SPI2_IRQHandler                          0x08003fef   Thumb Code     0  startup_stm32f0xx.o(.text)
    TIM14_IRQHandler                         0x08003fef   Thumb Code     0  startup_stm32f0xx.o(.text)
    TIM15_IRQHandler                         0x08003fef   Thumb Code     0  startup_stm32f0xx.o(.text)
    TIM16_IRQHandler                         0x08003fef   Thumb Code     0  startup_stm32f0xx.o(.text)
    TIM17_IRQHandler                         0x08003fef   Thumb Code     0  startup_stm32f0xx.o(.text)
    TIM1_BRK_UP_TRG_COM_IRQHandler           0x08003fef   Thumb Code     0  startup_stm32f0xx.o(.text)
    TIM1_CC_IRQHandler                       0x08003fef   Thumb Code     0  startup_stm32f0xx.o(.text)
    TIM2_IRQHandler                          0x08003fef   Thumb Code     0  startup_stm32f0xx.o(.text)
    TIM3_IRQHandler                          0x08003fef   Thumb Code     0  startup_stm32f0xx.o(.text)
    TIM6_DAC_IRQHandler                      0x08003fef   Thumb Code     0  startup_stm32f0xx.o(.text)
    TS_IRQHandler                            0x08003fef   Thumb Code     0  startup_stm32f0xx.o(.text)
    USART2_IRQHandler                        0x08003fef   Thumb Code     0  startup_stm32f0xx.o(.text)
    WWDG_IRQHandler                          0x08003fef   Thumb Code     0  startup_stm32f0xx.o(.text)
    os_idle_demon                            0x08003ff9   Thumb Code     2  rtx_conf_cm.o(.text)
    os_tmr_call                              0x08003ffb   Thumb Code     2  rtx_conf_cm.o(.text)
    os_error                                 0x08003ffd   Thumb Code    30  rtx_conf_cm.o(.text)
    __aeabi_uidiv                            0x08004075   Thumb Code     0  uidiv.o(.text)
    __aeabi_uidivmod                         0x08004075   Thumb Code    44  uidiv.o(.text)
    mktime                                   0x080040a1   Thumb Code   124  mktime.o(.text)
    __aeabi_memcpy                           0x0800412d   Thumb Code    36  memcpya.o(.text)
    __aeabi_memcpy4                          0x0800412d   Thumb Code     0  memcpya.o(.text)
    __aeabi_memcpy8                          0x0800412d   Thumb Code     0  memcpya.o(.text)
    __aeabi_fadd                             0x08004151   Thumb Code   162  fadd.o(.text)
    __aeabi_fsub                             0x080041f3   Thumb Code     8  fadd.o(.text)
    __aeabi_frsub                            0x080041fb   Thumb Code     8  fadd.o(.text)
    __aeabi_fmul                             0x08004203   Thumb Code   122  fmul.o(.text)
    __aeabi_fdiv                             0x0800427d   Thumb Code   128  fdiv.o(.text)
    __aeabi_dadd                             0x080042fd   Thumb Code   326  dadd.o(.text)
    __aeabi_dsub                             0x08004443   Thumb Code    12  dadd.o(.text)
    __aeabi_drsub                            0x0800444f   Thumb Code    12  dadd.o(.text)
    __aeabi_dmul                             0x08004461   Thumb Code   202  dmul.o(.text)
    __aeabi_ddiv                             0x08004531   Thumb Code   234  ddiv.o(.text)
    __aeabi_i2f                              0x08004621   Thumb Code    22  fflti.o(.text)
    __aeabi_ui2f                             0x08004637   Thumb Code    14  ffltui.o(.text)
    __aeabi_i2d                              0x08004645   Thumb Code    34  dflti.o(.text)
    __aeabi_ui2d                             0x0800466d   Thumb Code    24  dfltui.o(.text)
    __aeabi_d2uiz                            0x08004689   Thumb Code    50  dfixui.o(.text)
    __aeabi_f2d                              0x080046c5   Thumb Code    40  f2d.o(.text)
    __aeabi_d2f                              0x080046ed   Thumb Code    56  d2f.o(.text)
    __aeabi_cfcmpeq                          0x08004725   Thumb Code     0  cfcmple.o(.text)
    __aeabi_cfcmple                          0x08004725   Thumb Code    20  cfcmple.o(.text)
    __aeabi_cfrcmple                         0x08004739   Thumb Code    20  cfrcmple.o(.text)
    __aeabi_idiv                             0x0800474d   Thumb Code     0  idiv.o(.text)
    __aeabi_idivmod                          0x0800474d   Thumb Code    40  idiv.o(.text)
    __aeabi_uldivmod                         0x08004775   Thumb Code    96  uldiv.o(.text)
    __aeabi_llsl                             0x080047d5   Thumb Code    32  llshl.o(.text)
    _ll_shift_l                              0x080047d5   Thumb Code     0  llshl.o(.text)
    __aeabi_llsr                             0x080047f5   Thumb Code    34  llushr.o(.text)
    _ll_ushift_r                             0x080047f5   Thumb Code     0  llushr.o(.text)
    __aeabi_lasr                             0x08004817   Thumb Code    38  llsshr.o(.text)
    _ll_sshift_r                             0x08004817   Thumb Code     0  llsshr.o(.text)
    _localtime                               0x0800483d   Thumb Code   104  localtime_i.o(.text)
    __I$use$fp                               0x080048b1   Thumb Code     0  iusefp.o(.text)
    _float_round                             0x080048b1   Thumb Code    16  fepilogue.o(.text)
    _float_epilogue                          0x080048c1   Thumb Code   116  fepilogue.o(.text)
    _double_round                            0x08004935   Thumb Code    26  depilogue.o(.text)
    _double_epilogue                         0x0800494f   Thumb Code   166  depilogue.o(.text)
    __aeabi_d2ulz                            0x080049f5   Thumb Code    54  dfixul.o(.text)
    __aeabi_cdrcmple                         0x08004a35   Thumb Code    38  cdrcmple.o(.text)
    __scatterload                            0x08004a5d   Thumb Code    28  init.o(.text)
    __scatterload_rt2                        0x08004a5d   Thumb Code     0  init.o(.text)
    SVC_Count                                0x08004a80   Data           4  SVC_Table.o(SVC_TABLE)
    SVC_Table                                0x08004a84   Data           0  SVC_Table.o(SVC_TABLE)
    __0printf                                0x08004a85   Thumb Code    24  printfa.o(i.__0printf)
    __1printf                                0x08004a85   Thumb Code     0  printfa.o(i.__0printf)
    __2printf                                0x08004a85   Thumb Code     0  printfa.o(i.__0printf)
    __c89printf                              0x08004a85   Thumb Code     0  printfa.o(i.__0printf)
    printf                                   0x08004a85   Thumb Code     0  printfa.o(i.__0printf)
    __0snprintf                              0x08004aa5   Thumb Code    38  printfa.o(i.__0snprintf)
    __1snprintf                              0x08004aa5   Thumb Code     0  printfa.o(i.__0snprintf)
    __2snprintf                              0x08004aa5   Thumb Code     0  printfa.o(i.__0snprintf)
    __c89snprintf                            0x08004aa5   Thumb Code     0  printfa.o(i.__0snprintf)
    snprintf                                 0x08004aa5   Thumb Code     0  printfa.o(i.__0snprintf)
    __0sprintf                               0x08004ad1   Thumb Code    36  printfa.o(i.__0sprintf)
    __1sprintf                               0x08004ad1   Thumb Code     0  printfa.o(i.__0sprintf)
    __2sprintf                               0x08004ad1   Thumb Code     0  printfa.o(i.__0sprintf)
    __c89sprintf                             0x08004ad1   Thumb Code     0  printfa.o(i.__0sprintf)
    sprintf                                  0x08004ad1   Thumb Code     0  printfa.o(i.__0sprintf)
    __ARM_clz                                0x08004af9   Thumb Code    46  depilogue.o(i.__ARM_clz)
    __ARM_common_switch8                     0x08004b27   Thumb Code    26  interrupted_charging.o(i.__ARM_common_switch8)
    __scatterload_copy                       0x08004b41   Thumb Code    14  handlers.o(i.__scatterload_copy)
    __scatterload_null                       0x08004b4f   Thumb Code     2  handlers.o(i.__scatterload_null)
    __scatterload_zeroinit                   0x08004b51   Thumb Code    14  handlers.o(i.__scatterload_zeroinit)
    _init_box                                0x08004cb9   Thumb Code    72  rt_membox.o(i._init_box)
    isr_evt_set                              0x08005465   Thumb Code    30  rt_event.o(i.isr_evt_set)
    os_tick_init                             0x08005489   Thumb Code    32  rt_system.o(i.os_tick_init)
    os_tick_irqack                           0x080054b5   Thumb Code     2  rt_system.o(i.os_tick_irqack)
    rt_alloc_box                             0x080054b7   Thumb Code    30  rt_membox.o(i.rt_alloc_box)
    rt_block                                 0x080054d5   Thumb Code    42  rt_task.o(i.rt_block)
    rt_chk_robin                             0x0800550d   Thumb Code    56  rt_robin.o(i.rt_chk_robin)
    rt_dec_dly                               0x08005551   Thumb Code   112  rt_list.o(i.rt_dec_dly)
    rt_dispatch                              0x080055c9   Thumb Code    56  rt_task.o(i.rt_dispatch)
    rt_dly_wait                              0x08005609   Thumb Code    10  rt_time.o(i.rt_dly_wait)
    rt_evt_clr                               0x08005615   Thumb Code    22  rt_event.o(i.rt_evt_clr)
    rt_evt_get                               0x08005631   Thumb Code     8  rt_event.o(i.rt_evt_get)
    rt_evt_psh                               0x0800563d   Thumb Code    70  rt_event.o(i.rt_evt_psh)
    rt_evt_set                               0x08005689   Thumb Code    88  rt_event.o(i.rt_evt_set)
    rt_evt_wait                              0x080056e5   Thumb Code    60  rt_event.o(i.rt_evt_wait)
    rt_free_box                              0x08005725   Thumb Code    38  rt_membox.o(i.rt_free_box)
    rt_get_first                             0x0800574b   Thumb Code    42  rt_list.o(i.rt_get_first)
    rt_init_robin                            0x080057b9   Thumb Code    14  rt_robin.o(i.rt_init_robin)
    rt_init_stack                            0x080057d1   Thumb Code    68  hal_cm1.o(i.rt_init_stack)
    rt_mbx_psh                               0x0800581d   Thumb Code   168  rt_mailbox.o(i.rt_mbx_psh)
    rt_pop_req                               0x080058c9   Thumb Code    98  rt_system.o(i.rt_pop_req)
    rt_psh_req                               0x08005939   Thumb Code    24  rt_system.o(i.rt_psh_req)
    rt_psq_enq                               0x08005959   Thumb Code    60  rt_list.o(i.rt_psq_enq)
    rt_put_dly                               0x08005999   Thumb Code    74  rt_list.o(i.rt_put_dly)
    rt_put_prio                              0x080059e9   Thumb Code    60  rt_list.o(i.rt_put_prio)
    rt_put_rdy_first                         0x08005a25   Thumb Code    14  rt_list.o(i.rt_put_rdy_first)
    rt_rmv_dly                               0x08005a39   Thumb Code    42  rt_list.o(i.rt_rmv_dly)
    rt_rmv_list                              0x08005a65   Thumb Code    46  rt_list.o(i.rt_rmv_list)
    rt_sem_psh                               0x08005a99   Thumb Code    46  rt_semaphore.o(i.rt_sem_psh)
    rt_stk_check                             0x08005acd   Thumb Code    30  rt_system.o(i.rt_stk_check)
    rt_switch_req                            0x08005af5   Thumb Code    10  rt_task.o(i.rt_switch_req)
    rt_sys_init                              0x08005b05   Thumb Code   230  rt_task.o(i.rt_sys_init)
    rt_systick                               0x08005c3d   Thumb Code    46  rt_system.o(i.rt_systick)
    rt_time_get                              0x08005c79   Thumb Code     6  rt_time.o(i.rt_time_get)
    rt_tmr_tick                              0x08005c85   Thumb Code    56  rt_timer.o(i.rt_tmr_tick)
    rt_tsk_create                            0x08005cc5   Thumb Code   108  rt_task.o(i.rt_tsk_create)
    rt_tsk_delete                            0x08005d41   Thumb Code   134  rt_task.o(i.rt_tsk_delete)
    os_maxtaskrun                            0x08005e92   Data           2  rtx_conf_cm.o(.constdata)
    os_stackinfo                             0x08005e94   Data           4  rtx_conf_cm.o(.constdata)
    os_rrobin                                0x08005e98   Data           4  rtx_conf_cm.o(.constdata)
    os_trv                                   0x08005e9c   Data           4  rtx_conf_cm.o(.constdata)
    os_flags                                 0x08005ea0   Data           1  rtx_conf_cm.o(.constdata)
    os_clockrate                             0x08005ea4   Data           4  rtx_conf_cm.o(.constdata)
    os_timernum                              0x08005ea8   Data           4  rtx_conf_cm.o(.constdata)
    mp_tcb_size                              0x08005eac   Data           2  rtx_conf_cm.o(.constdata)
    mp_stk_size                              0x08005eb0   Data           4  rtx_conf_cm.o(.constdata)
    os_fifo_size                             0x08005eb4   Data           1  rtx_conf_cm.o(.constdata)
    mp_tmr_size                              0x08005eb6   Data           2  rtx_conf_cm.o(.constdata)
    Region$$Table$$Base                      0x08005ed0   Number         0  anon$$obj.o(Region$$Table)
    Region$$Table$$Limit                     0x08005ef0   Number         0  anon$$obj.o(Region$$Table)
    interrupted_charging_t                   0x20000000   Data           4  main.o(.data)
    __stdout                                 0x20000004   Data           4  retarget.o(.data)
    ts_cal1                                  0x20000008   Data           2  adc.o(.data)
    ts_cal2                                  0x2000000a   Data           2  adc.o(.data)
    duty_cycle_global                        0x2000000c   Data           4  perturb_and_observe.o(.data)
    TimerPeriod                              0x20000018   Data           2  pwm.o(.data)
    Serial                                   0x20000030   Data          36  serial.o(.data)
    state                                    0x20000054   Data           4  interrupted_charging.o(.data)
    pwr_on                                   0x2000005c   Data           1  ui.o(.data)
    ui_t                                     0x20000060   Data           4  ui.o(.data)
    i                                        0x20000064   Data           4  ui.o(.data)
    str                                      0x20000068   Data           8  ui.o(.data)
    SystemCoreClock                          0x20000080   Data           4  system_stm32f0xx.o(.data)
    AHBPrescTable                            0x20000084   Data          16  system_stm32f0xx.o(.data)
    m_tmr                                    0x20000094   Data           4  rtx_conf_cm.o(.data)
    os_tsk                                   0x20000098   Data           8  rt_task.o(.data)
    os_time                                  0x200000a0   Data           4  rt_time.o(.data)
    os_tick_irqn                             0x200000a8   Data           4  rt_system.o(.data)
    os_robin                                 0x200000ac   Data           8  rt_robin.o(.data)
    os_tmr                                   0x200000b4   Data           8  rt_timer.o(.data)
    RegularConvData_Tab                      0x200000bc   Data          10  adc.o(.bss)
    adc_v_batt                               0x200000c6   Data          32  adc.o(.bss)
    adc_i_batt                               0x200000e6   Data          32  adc.o(.bss)
    adc_v_sol                                0x20000106   Data          32  adc.o(.bss)
    adc_i_sol                                0x20000126   Data          32  adc.o(.bss)
    adc_temp                                 0x20000146   Data          32  adc.o(.bss)
    TIM_TimeBaseStructure_PWM                0x20000168   Data          12  pwm.o(.bss)
    TIM_OCInitStructure_PWM                  0x20000174   Data          20  pwm.o(.bss)
    interrupted_charging_stk                 0x200001c8   Data         512  interrupted_charging.o(.bss)
    ui_stk                                   0x200003c8   Data         400  ui.o(.bss)
    mp_tcb                                   0x20000558   Data         204  rtx_conf_cm.o(.bss)
    mp_stk                                   0x20000628   Data         656  rtx_conf_cm.o(.bss)
    os_fifo                                  0x200008b8   Data         132  rtx_conf_cm.o(.bss)
    os_active_TCB                            0x2000093c   Data          16  rtx_conf_cm.o(.bss)
    os_idle_TCB                              0x2000094c   Data          48  rt_task.o(.bss)
    os_rdy                                   0x2000097c   Data          24  rt_list.o(.bss)
    os_dly                                   0x20000994   Data          24  rt_list.o(.bss)
    __initial_sp                             0x20000db0   Data           0  startup_stm32f0xx.o(STACK)



==============================================================================

Memory Map of the image

  Image Entry point : 0x080000c1

  Load Region LR_IROM1 (Base: 0x08000000, Size: 0x00005fac, Max: 0x00008000, ABSOLUTE)

    Execution Region ER_IROM1 (Base: 0x08000000, Size: 0x00005ef0, Max: 0x00008000, ABSOLUTE)

    Base Addr    Size         Type   Attr      Idx    E Section Name        Object

    0x08000000   0x000000c0   Data   RO          886    RESET               startup_stm32f0xx.o
    0x080000c0   0x00000000   Code   RO         1449  * .ARM.Collect$$$$00000000  mc_p.l(entry.o)
    0x080000c0   0x00000004   Code   RO         1752    .ARM.Collect$$$$00000001  mc_p.l(entry2.o)
    0x080000c4   0x00000004   Code   RO         1755    .ARM.Collect$$$$00000004  mc_p.l(entry5.o)
    0x080000c8   0x00000000   Code   RO         1757    .ARM.Collect$$$$00000008  mc_p.l(entry7b.o)
    0x080000c8   0x00000008   Code   RO         1758    .ARM.Collect$$$$00000009  mc_p.l(entry8.o)
    0x080000d0   0x00000004   Code   RO         1753    .ARM.Collect$$$$00002712  mc_p.l(entry2.o)
    0x080000d4   0x00000188   Code   RO         1101    .emb_text           RTX_CM1.LIB(hal_cm1.o)
    0x0800025c   0x00000288   Code   RO            3    .text               main.o
    0x080004e4   0x00000022   Code   RO          156    .text               retarget.o
    0x08000506   0x00000002   PAD
    0x08000508   0x000003cc   Code   RO          191    .text               adc.o
    0x080008d4   0x000001d0   Code   RO          227    .text               perturb_and_observe.o
    0x08000aa4   0x0000025c   Code   RO          251    .text               pwm.o
    0x08000d00   0x000001b0   Code   RO          275    .text               serial.o
    0x08000eb0   0x000003c4   Code   RO          306    .text               interrupted_charging.o
    0x08001274   0x00000390   Code   RO          340    .text               lcd_hd44780.o
    0x08001604   0x00000130   Code   RO          364    .text               stm32f0xx_it.o
    0x08001734   0x000005c0   Code   RO          388    .text               ui.o
    0x08001cf4   0x000000b4   Code   RO          415    .text               user_outputs.o
    0x08001da8   0x00000224   Code   RO          435    .text               stm32f0xx_adc.o
    0x08001fcc   0x00000124   Code   RO          555    .text               stm32f0xx_dma.o
    0x080020f0   0x000000d4   Code   RO          575    .text               stm32f0xx_exti.o
    0x080021c4   0x00000154   Code   RO          616    .text               stm32f0xx_gpio.o
    0x08002318   0x0000007c   Code   RO          676    .text               stm32f0xx_misc.o
    0x08002394   0x000000e0   Code   RO          696    .text               stm32f0xx_pwr.o
    0x08002474   0x00000410   Code   RO          716    .text               stm32f0xx_rcc.o
    0x08002884   0x00000820   Code   RO          738    .text               stm32f0xx_rtc.o
    0x080030a4   0x00000098   Code   RO          779    .text               stm32f0xx_syscfg.o
    0x0800313c   0x00000918   Code   RO          799    .text               stm32f0xx_tim.o
    0x08003a54   0x00000466   Code   RO          820    .text               stm32f0xx_usart.o
    0x08003eba   0x00000002   PAD
    0x08003ebc   0x00000120   Code   RO          860    .text               system_stm32f0xx.o
    0x08003fdc   0x0000001c   Code   RO          887    .text               startup_stm32f0xx.o
    0x08003ff8   0x0000007c   Code   RO          891    .text               rtx_conf_cm.o
    0x08004074   0x0000002c   Code   RO         1452    .text               mc_p.l(uidiv.o)
    0x080040a0   0x0000008c   Code   RO         1454    .text               mc_p.l(mktime.o)
    0x0800412c   0x00000024   Code   RO         1457    .text               mc_p.l(memcpya.o)
    0x08004150   0x000000b2   Code   RO         1722    .text               mf_p.l(fadd.o)
    0x08004202   0x0000007a   Code   RO         1724    .text               mf_p.l(fmul.o)
    0x0800427c   0x00000080   Code   RO         1726    .text               mf_p.l(fdiv.o)
    0x080042fc   0x00000164   Code   RO         1728    .text               mf_p.l(dadd.o)
    0x08004460   0x000000d0   Code   RO         1730    .text               mf_p.l(dmul.o)
    0x08004530   0x000000f0   Code   RO         1732    .text               mf_p.l(ddiv.o)
    0x08004620   0x00000016   Code   RO         1734    .text               mf_p.l(fflti.o)
    0x08004636   0x0000000e   Code   RO         1736    .text               mf_p.l(ffltui.o)
    0x08004644   0x00000028   Code   RO         1738    .text               mf_p.l(dflti.o)
    0x0800466c   0x0000001c   Code   RO         1740    .text               mf_p.l(dfltui.o)
    0x08004688   0x0000003c   Code   RO         1742    .text               mf_p.l(dfixui.o)
    0x080046c4   0x00000028   Code   RO         1744    .text               mf_p.l(f2d.o)
    0x080046ec   0x00000038   Code   RO         1746    .text               mf_p.l(d2f.o)
    0x08004724   0x00000014   Code   RO         1748    .text               mf_p.l(cfcmple.o)
    0x08004738   0x00000014   Code   RO         1750    .text               mf_p.l(cfrcmple.o)
    0x0800474c   0x00000028   Code   RO         1759    .text               mc_p.l(idiv.o)
    0x08004774   0x00000060   Code   RO         1761    .text               mc_p.l(uldiv.o)
    0x080047d4   0x00000020   Code   RO         1763    .text               mc_p.l(llshl.o)
    0x080047f4   0x00000022   Code   RO         1765    .text               mc_p.l(llushr.o)
    0x08004816   0x00000026   Code   RO         1767    .text               mc_p.l(llsshr.o)
    0x0800483c   0x00000074   Code   RO         1772    .text               mc_p.l(localtime_i.o)
    0x080048b0   0x00000000   Code   RO         1775    .text               mc_p.l(iusefp.o)
    0x080048b0   0x00000084   Code   RO         1776    .text               mf_p.l(fepilogue.o)
    0x08004934   0x000000c0   Code   RO         1778    .text               mf_p.l(depilogue.o)
    0x080049f4   0x00000040   Code   RO         1782    .text               mf_p.l(dfixul.o)
    0x08004a34   0x00000028   Code   RO         1784    .text               mf_p.l(cdrcmple.o)
    0x08004a5c   0x00000024   Code   RO         1786    .text               mc_p.l(init.o)
    0x08004a80   0x00000004   Code   RO         1335    SVC_TABLE           RTX_CM1.LIB(SVC_Table.o)
    0x08004a84   0x00000020   Code   RO         1694    i.__0printf         mc_p.l(printfa.o)
    0x08004aa4   0x0000002c   Code   RO         1695    i.__0snprintf       mc_p.l(printfa.o)
    0x08004ad0   0x00000028   Code   RO         1696    i.__0sprintf        mc_p.l(printfa.o)
    0x08004af8   0x0000002e   Code   RO         1780    i.__ARM_clz         mf_p.l(depilogue.o)
    0x08004b26   0x0000001a   Code   RO          326    i.__ARM_common_switch8  interrupted_charging.o
    0x08004b40   0x0000000e   Code   RO         1790    i.__scatterload_copy  mc_p.l(handlers.o)
    0x08004b4e   0x00000002   Code   RO         1791    i.__scatterload_null  mc_p.l(handlers.o)
    0x08004b50   0x0000000e   Code   RO         1792    i.__scatterload_zeroinit  mc_p.l(handlers.o)
    0x08004b5e   0x00000002   PAD
    0x08004b60   0x00000158   Code   RO         1701    i._fp_digits        mc_p.l(printfa.o)
    0x08004cb8   0x00000048   Code   RO         1306    i._init_box         RTX_CM1.LIB(rt_membox.o)
    0x08004d00   0x000006f8   Code   RO         1702    i._printf_core      mc_p.l(printfa.o)
    0x080053f8   0x00000020   Code   RO         1703    i._printf_post_padding  mc_p.l(printfa.o)
    0x08005418   0x0000002c   Code   RO         1704    i._printf_pre_padding  mc_p.l(printfa.o)
    0x08005444   0x00000016   Code   RO         1705    i._snputc           mc_p.l(printfa.o)
    0x0800545a   0x0000000a   Code   RO         1706    i._sputc            mc_p.l(printfa.o)
    0x08005464   0x00000024   Code   RO         1022    i.isr_evt_set       RTX_CM1.LIB(rt_event.o)
    0x08005488   0x0000002c   Code   RO         1122    i.os_tick_init      RTX_CM1.LIB(rt_system.o)
    0x080054b4   0x00000002   Code   RO         1123    i.os_tick_irqack    RTX_CM1.LIB(rt_system.o)
    0x080054b6   0x0000001e   Code   RO         1307    i.rt_alloc_box      RTX_CM1.LIB(rt_membox.o)
    0x080054d4   0x00000038   Code   RO          923    i.rt_block          RTX_CM1.LIB(rt_task.o)
    0x0800550c   0x00000044   Code   RO         1284    i.rt_chk_robin      RTX_CM1.LIB(rt_robin.o)
    0x08005550   0x00000078   Code   RO         1205    i.rt_dec_dly        RTX_CM1.LIB(rt_list.o)
    0x080055c8   0x00000040   Code   RO          924    i.rt_dispatch       RTX_CM1.LIB(rt_task.o)
    0x08005608   0x0000000a   Code   RO         1068    i.rt_dly_wait       RTX_CM1.LIB(rt_time.o)
    0x08005612   0x00000002   PAD
    0x08005614   0x0000001c   Code   RO         1023    i.rt_evt_clr        RTX_CM1.LIB(rt_event.o)
    0x08005630   0x0000000c   Code   RO         1024    i.rt_evt_get        RTX_CM1.LIB(rt_event.o)
    0x0800563c   0x0000004c   Code   RO         1025    i.rt_evt_psh        RTX_CM1.LIB(rt_event.o)
    0x08005688   0x0000005c   Code   RO         1026    i.rt_evt_set        RTX_CM1.LIB(rt_event.o)
    0x080056e4   0x00000040   Code   RO         1027    i.rt_evt_wait       RTX_CM1.LIB(rt_event.o)
    0x08005724   0x00000026   Code   RO         1308    i.rt_free_box       RTX_CM1.LIB(rt_membox.o)
    0x0800574a   0x0000002a   Code   RO         1206    i.rt_get_first      RTX_CM1.LIB(rt_list.o)
    0x08005774   0x00000044   Code   RO          925    i.rt_init_context   RTX_CM1.LIB(rt_task.o)
    0x080057b8   0x00000018   Code   RO         1285    i.rt_init_robin     RTX_CM1.LIB(rt_robin.o)
    0x080057d0   0x0000004c   Code   RO         1102    i.rt_init_stack     RTX_CM1.LIB(hal_cm1.o)
    0x0800581c   0x000000ac   Code   RO         1342    i.rt_mbx_psh        RTX_CM1.LIB(rt_mailbox.o)
    0x080058c8   0x00000070   Code   RO         1124    i.rt_pop_req        RTX_CM1.LIB(rt_system.o)
    0x08005938   0x00000020   Code   RO         1125    i.rt_psh_req        RTX_CM1.LIB(rt_system.o)
    0x08005958   0x00000040   Code   RO         1208    i.rt_psq_enq        RTX_CM1.LIB(rt_list.o)
    0x08005998   0x00000050   Code   RO         1209    i.rt_put_dly        RTX_CM1.LIB(rt_list.o)
    0x080059e8   0x0000003c   Code   RO         1210    i.rt_put_prio       RTX_CM1.LIB(rt_list.o)
    0x08005a24   0x00000014   Code   RO         1211    i.rt_put_rdy_first  RTX_CM1.LIB(rt_list.o)
    0x08005a38   0x0000002a   Code   RO         1213    i.rt_rmv_dly        RTX_CM1.LIB(rt_list.o)
    0x08005a62   0x00000002   PAD
    0x08005a64   0x00000034   Code   RO         1214    i.rt_rmv_list       RTX_CM1.LIB(rt_list.o)
    0x08005a98   0x00000034   Code   RO         1388    i.rt_sem_psh        RTX_CM1.LIB(rt_semaphore.o)
    0x08005acc   0x00000028   Code   RO         1127    i.rt_stk_check      RTX_CM1.LIB(rt_system.o)
    0x08005af4   0x00000010   Code   RO          926    i.rt_switch_req     RTX_CM1.LIB(rt_task.o)
    0x08005b04   0x00000138   Code   RO          927    i.rt_sys_init       RTX_CM1.LIB(rt_task.o)
    0x08005c3c   0x0000003c   Code   RO         1129    i.rt_systick        RTX_CM1.LIB(rt_system.o)
    0x08005c78   0x0000000c   Code   RO         1071    i.rt_time_get       RTX_CM1.LIB(rt_time.o)
    0x08005c84   0x00000040   Code   RO         1424    i.rt_tmr_tick       RTX_CM1.LIB(rt_timer.o)
    0x08005cc4   0x0000007c   Code   RO          928    i.rt_tsk_create     RTX_CM1.LIB(rt_task.o)
    0x08005d40   0x0000009c   Code   RO          929    i.rt_tsk_delete     RTX_CM1.LIB(rt_task.o)
    0x08005ddc   0x0000005f   Data   RO          194    .constdata          adc.o
    0x08005e3b   0x00000001   PAD
    0x08005e3c   0x00000055   Data   RO          308    .constdata          interrupted_charging.o
    0x08005e91   0x00000001   PAD
    0x08005e92   0x00000002   Data   RO          896    .constdata          rtx_conf_cm.o
    0x08005e94   0x00000004   Data   RO          897    .constdata          rtx_conf_cm.o
    0x08005e98   0x00000004   Data   RO          898    .constdata          rtx_conf_cm.o
    0x08005e9c   0x00000004   Data   RO          899    .constdata          rtx_conf_cm.o
    0x08005ea0   0x00000001   Data   RO          900    .constdata          rtx_conf_cm.o
    0x08005ea1   0x00000003   PAD
    0x08005ea4   0x00000008   Data   RO          901    .constdata          rtx_conf_cm.o
    0x08005eac   0x00000002   Data   RO          902    .constdata          rtx_conf_cm.o
    0x08005eae   0x00000002   PAD
    0x08005eb0   0x00000004   Data   RO          903    .constdata          rtx_conf_cm.o
    0x08005eb4   0x00000001   Data   RO          904    .constdata          rtx_conf_cm.o
    0x08005eb5   0x00000001   PAD
    0x08005eb6   0x00000002   Data   RO          905    .constdata          rtx_conf_cm.o
    0x08005eb8   0x0000000c   Data   RO         1455    .constdata          mc_p.l(mktime.o)
    0x08005ec4   0x0000000c   Data   RO         1773    .constdata          mc_p.l(localtime_i.o)
    0x08005ed0   0x00000020   Data   RO         1788    Region$$Table       anon$$obj.o


    Execution Region RW_IRAM1 (Base: 0x20000000, Size: 0x00000db0, Max: 0x00001000, ABSOLUTE)

    Base Addr    Size         Type   Attr      Idx    E Section Name        Object

    0x20000000   0x00000004   Data   RW            8    .data               main.o
    0x20000004   0x00000004   Data   RW          157    .data               retarget.o
    0x20000008   0x00000004   Data   RW          195    .data               adc.o
    0x2000000c   0x0000000c   Data   RW          228    .data               perturb_and_observe.o
    0x20000018   0x00000002   Data   RW          253    .data               pwm.o
    0x2000001a   0x00000002   PAD
    0x2000001c   0x00000038   Data   RW          277    .data               serial.o
    0x20000054   0x00000004   Data   RW          309    .data               interrupted_charging.o
    0x20000058   0x00000004   Data   RW          365    .data               stm32f0xx_it.o
    0x2000005c   0x00000014   Data   RW          390    .data               ui.o
    0x20000070   0x00000010   Data   RW          717    .data               stm32f0xx_rcc.o
    0x20000080   0x00000014   Data   RW          861    .data               system_stm32f0xx.o
    0x20000094   0x00000004   Data   RW          906    .data               rtx_conf_cm.o
    0x20000098   0x00000008   Data   RW          934    .data               RTX_CM1.LIB(rt_task.o)
    0x200000a0   0x00000004   Data   RW         1072    .data               RTX_CM1.LIB(rt_time.o)
    0x200000a4   0x00000008   Data   RW         1132    .data               RTX_CM1.LIB(rt_system.o)
    0x200000ac   0x00000008   Data   RW         1286    .data               RTX_CM1.LIB(rt_robin.o)
    0x200000b4   0x00000008   Data   RW         1425    .data               RTX_CM1.LIB(rt_timer.o)
    0x200000bc   0x000000aa   Zero   RW          192    .bss                adc.o
    0x20000166   0x00000002   PAD
    0x20000168   0x00000020   Zero   RW          252    .bss                pwm.o
    0x20000188   0x00000040   Zero   RW          276    .bss                serial.o
    0x200001c8   0x00000200   Zero   RW          307    .bss                interrupted_charging.o
    0x200003c8   0x00000190   Zero   RW          389    .bss                ui.o
    0x20000558   0x000000cc   Zero   RW          892    .bss                rtx_conf_cm.o
    0x20000624   0x00000004   PAD
    0x20000628   0x00000290   Zero   RW          893    .bss                rtx_conf_cm.o
    0x200008b8   0x00000084   Zero   RW          894    .bss                rtx_conf_cm.o
    0x2000093c   0x00000010   Zero   RW          895    .bss                rtx_conf_cm.o
    0x2000094c   0x00000030   Zero   RW          933    .bss                RTX_CM1.LIB(rt_task.o)
    0x2000097c   0x00000030   Zero   RW         1215    .bss                RTX_CM1.LIB(rt_list.o)
    0x200009ac   0x00000004   PAD
    0x200009b0   0x00000400   Zero   RW          884    STACK               startup_stm32f0xx.o


==============================================================================

Image component sizes


      Code (inc. data)   RO Data    RW Data    ZI Data      Debug   Object Name

       972        124         95          4        170       9297   adc.o
       990        432         85          4        512       1978   interrupted_charging.o
       912         84          0          0          0       4930   lcd_hd44780.o
       648        290          0          4          0     170560   main.o
       464        108          0         12          0       1856   perturb_and_observe.o
       604        118          0          2         32       1373   pwm.o
        34          0          0          4          0       2676   retarget.o
       124         90         32          4       1008       1876   rtx_conf_cm.o
       432         22          0         56         64       3883   serial.o
        28          8        192          0       1024        640   startup_stm32f0xx.o
       548         12          0          0          0       5879   stm32f0xx_adc.o
       292         12          0          0          0       3174   stm32f0xx_dma.o
       212         14          0          0          0       2127   stm32f0xx_exti.o
       340         22          0          0          0       3253   stm32f0xx_gpio.o
       304         42          0          4          0       1108   stm32f0xx_it.o
       124         16          0          0          0       1296   stm32f0xx_misc.o
       224         10          0          0          0       1954   stm32f0xx_pwr.o
      1040         38          0         16          0       7686   stm32f0xx_rcc.o
      2080         42          0          0          0      11854   stm32f0xx_rtc.o
       152          4          0          0          0       1806   stm32f0xx_syscfg.o
      2328        122          0          0          0      19255   stm32f0xx_tim.o
      1126         14          0          0          0      10091   stm32f0xx_usart.o
       288         30          0         20          0       1467   system_stm32f0xx.o
      1472        200          0         20        400       2511   ui.o
       180          4          0          0          0        767   user_outputs.o

    ----------------------------------------------------------------------
     15922       1858        444        152       3216     273297   Object Totals
         0          0         32          0          0          0   (incl. Generated)
         4          0          8          2          6          0   (incl. Padding)

    ----------------------------------------------------------------------

      Code (inc. data)   RO Data    RW Data    ZI Data      Debug   Library Member Name

         4          4          0          0          0        136   SVC_Table.o
       468         50          0          0          0       1300   hal_cm1.o
       308         30          0          0          0       2776   rt_event.o
       480         30          0          0         48       6120   rt_list.o
       172          4          0          0          0        549   rt_mailbox.o
       140          0          0          0          0       1505   rt_membox.o
        92         22          0          8          0        906   rt_robin.o
        52          6          0          0          0        433   rt_semaphore.o
       290         58          0          8          0       3247   rt_system.o
       796        152          0          8         48       6034   rt_task.o
        22          6          0          4          0        878   rt_time.o
        64          8          0          8          0        575   rt_timer.o
         0          0          0          0          0          0   entry.o
         8          4          0          0          0          0   entry2.o
         4          0          0          0          0          0   entry5.o
         0          0          0          0          0          0   entry7b.o
         8          4          0          0          0          0   entry8.o
        30          0          0          0          0          0   handlers.o
        40          0          0          0          0         72   idiv.o
        36          8          0          0          0         68   init.o
         0          0          0          0          0          0   iusefp.o
        32          0          0          0          0         68   llshl.o
        38          0          0          0          0         68   llsshr.o
        34          0          0          0          0         68   llushr.o
       116         12         12          0          0         72   localtime_i.o
        36          0          0          0          0         60   memcpya.o
       140         16         12          0          0         72   mktime.o
      2352        112          0          0          0        696   printfa.o
        44          0          0          0          0         72   uidiv.o
        96          0          0          0          0         84   uldiv.o
        40          2          0          0          0         68   cdrcmple.o
        20          0          0          0          0         68   cfcmple.o
        20          0          0          0          0         68   cfrcmple.o
        56          0          0          0          0         68   d2f.o
       356          6          0          0          0        136   dadd.o
       240          6          0          0          0         80   ddiv.o
       238          0          0          0          0        212   depilogue.o
        60         10          0          0          0         68   dfixui.o
        64         10          0          0          0         68   dfixul.o
        40          6          0          0          0         68   dflti.o
        28          4          0          0          0         68   dfltui.o
       208          6          0          0          0         84   dmul.o
        40          0          0          0          0         60   f2d.o
       178          0          0          0          0        108   fadd.o
       128          0          0          0          0         72   fdiv.o
       132          0          0          0          0        144   fepilogue.o
        22          0          0          0          0         68   fflti.o
        14          0          0          0          0         68   ffltui.o
       122          0          0          0          0         72   fmul.o

    ----------------------------------------------------------------------
      7914        576         24         36        100      27507   Library Totals
         6          0          0          0          4          0   (incl. Padding)

    ----------------------------------------------------------------------

      Code (inc. data)   RO Data    RW Data    ZI Data      Debug   Library Name

      2888        370          0         36         96      24459   RTX_CM1.LIB
      3014        156         24          0          0       1400   mc_p.l
      2006         50          0          0          0       1648   mf_p.l

    ----------------------------------------------------------------------
      7914        576         24         36        100      27507   Library Totals

    ----------------------------------------------------------------------

==============================================================================


      Code (inc. data)   RO Data    RW Data    ZI Data      Debug   

     23836       2434        468        188       3316     294516   Grand Totals
     23836       2434        468        188       3316     294516   ELF Image Totals
     23836       2434        468        188          0          0   ROM Totals

==============================================================================

    Total RO  Size (Code + RO Data)                24304 (  23.73kB)
    Total RW  Size (RW Data + ZI Data)              3504 (   3.42kB)
    Total ROM Size (Code + RO Data + RW Data)      24492 (  23.92kB)

==============================================================================

