ARM Linker, 5.02 [Build 28] [MDK-ARM Lite]

==============================================================================

Section Cross References

    main.o(i.assert_failed) refers to _printf_percent.o(.ARM.Collect$$_printf_percent$$00000000) for _printf_percent
    main.o(i.assert_failed) refers to _printf_d.o(.ARM.Collect$$_printf_percent$$00000009) for _printf_d
    main.o(i.assert_failed) refers to _printf_s.o(.ARM.Collect$$_printf_percent$$00000014) for _printf_s
    main.o(i.assert_failed) refers to _printf_dec.o(.text) for _printf_int_dec
    main.o(i.assert_failed) refers to _printf_str.o(.text) for _printf_str
    main.o(i.assert_failed) refers to noretval__2printf.o(.text) for __2printf
    main.o(i.charge_control) refers to pwm.o(i.init_pwm) for init_pwm
    main.o(i.charge_control) refers to perturb_and_observe.o(i.perturb_and_observe) for perturb_and_observe
    main.o(i.charge_control) refers to rt_task.o(i.rt_tsk_create) for rt_tsk_create
    main.o(i.charge_control) refers to main.o(.data) for .data
    main.o(i.charge_control) refers to rt_task.o(i.rt_tsk_delete) for rt_tsk_delete
    main.o(i.get_time_struct) refers to stm32f0xx_rtc.o(i.RTC_TimeStructInit) for RTC_TimeStructInit
    main.o(i.get_time_struct) refers to stm32f0xx_rtc.o(i.RTC_DateStructInit) for RTC_DateStructInit
    main.o(i.get_time_struct) refers to stm32f0xx_rtc.o(i.RTC_GetTime) for RTC_GetTime
    main.o(i.get_time_struct) refers to stm32f0xx_rtc.o(i.RTC_GetDate) for RTC_GetDate
    main.o(i.get_time_struct) refers to mktime.o(.text) for mktime
    main.o(i.get_time_struct) refers to rt_memcpy.o(.emb_text) for __aeabi_memcpy4
    main.o(i.init) refers to adc.o(i.init_adc) for init_adc
    main.o(i.init) refers to noretval__2printf.o(.text) for __2printf
    main.o(i.init) refers to adc.o(i.adc_test) for adc_test
    main.o(i.init) refers to rt_task.o(i.rt_tsk_create) for rt_tsk_create
    main.o(i.init) refers to main.o(.data) for .data
    main.o(i.init) refers to rt_task.o(i.rt_tsk_delete) for rt_tsk_delete
    main.o(i.main) refers to main.o(i.setup_rtc) for setup_rtc
    main.o(i.main) refers to hal_cm1.o(.emb_text) for os_set_env
    main.o(i.main) refers to serial.o(.data) for Serial
    main.o(i.main) refers to main.o(i.init) for init
    main.o(i.main) refers to rt_task.o(i.rt_sys_init) for rt_sys_init
    main.o(i.print_time_date) refers to _printf_percent.o(.ARM.Collect$$_printf_percent$$00000000) for _printf_percent
    main.o(i.print_time_date) refers to _printf_i.o(.ARM.Collect$$_printf_percent$$00000008) for _printf_i
    main.o(i.print_time_date) refers to _printf_dec.o(.text) for _printf_int_dec
    main.o(i.print_time_date) refers to stm32f0xx_rtc.o(i.RTC_TimeStructInit) for RTC_TimeStructInit
    main.o(i.print_time_date) refers to stm32f0xx_rtc.o(i.RTC_DateStructInit) for RTC_DateStructInit
    main.o(i.print_time_date) refers to stm32f0xx_rtc.o(i.RTC_GetTime) for RTC_GetTime
    main.o(i.print_time_date) refers to stm32f0xx_rtc.o(i.RTC_GetDate) for RTC_GetDate
    main.o(i.print_time_date) refers to noretval__2printf.o(.text) for __2printf
    main.o(i.setup_rtc) refers to stm32f0xx_rcc.o(i.RCC_APB1PeriphClockCmd) for RCC_APB1PeriphClockCmd
    main.o(i.setup_rtc) refers to stm32f0xx_pwr.o(i.PWR_BackupAccessCmd) for PWR_BackupAccessCmd
    main.o(i.setup_rtc) refers to stm32f0xx_rcc.o(i.RCC_LSICmd) for RCC_LSICmd
    main.o(i.setup_rtc) refers to stm32f0xx_rcc.o(i.RCC_RTCCLKConfig) for RCC_RTCCLKConfig
    main.o(i.setup_rtc) refers to stm32f0xx_rcc.o(i.RCC_RTCCLKCmd) for RCC_RTCCLKCmd
    main.o(i.setup_rtc) refers to stm32f0xx_rtc.o(i.RTC_WaitForSynchro) for RTC_WaitForSynchro
    main.o(i.setup_rtc) refers to stm32f0xx_rtc.o(i.RTC_Init) for RTC_Init
    main.o(i.setup_rtc) refers to main.o(i.print_time_date) for print_time_date
    retarget.o(.emb_text) refers (Special) to use_no_semi.o(.text) for __use_no_semihosting_swi
    retarget.o(i._sys_exit) refers (Special) to use_no_semi.o(.text) for __use_no_semihosting_swi
    retarget.o(i._ttywrch) refers (Special) to use_no_semi.o(.text) for __use_no_semihosting_swi
    retarget.o(i._ttywrch) refers to serial.o(i.write_fcn) for write_fcn
    retarget.o(i.ferror) refers (Special) to use_no_semi.o(.text) for __use_no_semihosting_swi
    retarget.o(i.fgetc) refers (Special) to use_no_semi.o(.text) for __use_no_semihosting_swi
    retarget.o(i.fputc) refers (Special) to use_no_semi.o(.text) for __use_no_semihosting_swi
    retarget.o(i.fputc) refers to serial.o(i.write_fcn) for write_fcn
    retarget.o(.data) refers (Special) to use_no_semi.o(.text) for __use_no_semihosting_swi
    retarget.o(.data) refers (Special) to use_no_semi.o(.text) for __use_no_semihosting_swi
    adc.o(i.adc_test) refers to _printf_percent.o(.ARM.Collect$$_printf_percent$$00000000) for _printf_percent
    adc.o(i.adc_test) refers to _printf_f.o(.ARM.Collect$$_printf_percent$$00000003) for _printf_f
    adc.o(i.adc_test) refers to printf1.o(x$fpl$printf1) for _printf_fp_dec
[...]
    STM32F0xx_StdPeriph_Driver\src\stm32f0xx_crc.c 0x00000000   Number         0  stm32f0xx_crc.o ABSOLUTE
    STM32F0xx_StdPeriph_Driver\src\stm32f0xx_dac.c 0x00000000   Number         0  stm32f0xx_dac.o ABSOLUTE
    STM32F0xx_StdPeriph_Driver\src\stm32f0xx_dbgmcu.c 0x00000000   Number         0  stm32f0xx_dbgmcu.o ABSOLUTE
    STM32F0xx_StdPeriph_Driver\src\stm32f0xx_dma.c 0x00000000   Number         0  stm32f0xx_dma.o ABSOLUTE
    STM32F0xx_StdPeriph_Driver\src\stm32f0xx_exti.c 0x00000000   Number         0  stm32f0xx_exti.o ABSOLUTE
    STM32F0xx_StdPeriph_Driver\src\stm32f0xx_flash.c 0x00000000   Number         0  stm32f0xx_flash.o ABSOLUTE
    STM32F0xx_StdPeriph_Driver\src\stm32f0xx_gpio.c 0x00000000   Number         0  stm32f0xx_gpio.o ABSOLUTE
    STM32F0xx_StdPeriph_Driver\src\stm32f0xx_i2c.c 0x00000000   Number         0  stm32f0xx_i2c.o ABSOLUTE
    STM32F0xx_StdPeriph_Driver\src\stm32f0xx_iwdg.c 0x00000000   Number         0  stm32f0xx_iwdg.o ABSOLUTE
    STM32F0xx_StdPeriph_Driver\src\stm32f0xx_misc.c 0x00000000   Number         0  stm32f0xx_misc.o ABSOLUTE
    STM32F0xx_StdPeriph_Driver\src\stm32f0xx_pwr.c 0x00000000   Number         0  stm32f0xx_pwr.o ABSOLUTE
    STM32F0xx_StdPeriph_Driver\src\stm32f0xx_rcc.c 0x00000000   Number         0  stm32f0xx_rcc.o ABSOLUTE
    STM32F0xx_StdPeriph_Driver\src\stm32f0xx_rtc.c 0x00000000   Number         0  stm32f0xx_rtc.o ABSOLUTE
    STM32F0xx_StdPeriph_Driver\src\stm32f0xx_spi.c 0x00000000   Number         0  stm32f0xx_spi.o ABSOLUTE
    STM32F0xx_StdPeriph_Driver\src\stm32f0xx_syscfg.c 0x00000000   Number         0  stm32f0xx_syscfg.o ABSOLUTE
    STM32F0xx_StdPeriph_Driver\src\stm32f0xx_tim.c 0x00000000   Number         0  stm32f0xx_tim.o ABSOLUTE
    STM32F0xx_StdPeriph_Driver\src\stm32f0xx_usart.c 0x00000000   Number         0  stm32f0xx_usart.o ABSOLUTE
    STM32F0xx_StdPeriph_Driver\src\stm32f0xx_wwdg.c 0x00000000   Number         0  stm32f0xx_wwdg.o ABSOLUTE
    adc.c                                    0x00000000   Number         0  adc.o ABSOLUTE
    adc.c                                    0x00000000   Number         0  adc.o ABSOLUTE
    dc.s                                     0x00000000   Number         0  dc.o ABSOLUTE
    interrupted_charging.c                   0x00000000   Number         0  interrupted_charging.o ABSOLUTE
    interrupted_charging.c                   0x00000000   Number         0  interrupted_charging.o ABSOLUTE
    main.c                                   0x00000000   Number         0  main.o ABSOLUTE
    main.c                                   0x00000000   Number         0  main.o ABSOLUTE
    perturb_and_observe.c                    0x00000000   Number         0  perturb_and_observe.o ABSOLUTE
    perturb_and_observe.c                    0x00000000   Number         0  perturb_and_observe.o ABSOLUTE
    pwm.c                                    0x00000000   Number         0  pwm.o ABSOLUTE
    pwm.c                                    0x00000000   Number         0  pwm.o ABSOLUTE
    serial.c                                 0x00000000   Number         0  serial.o ABSOLUTE
    serial.c                                 0x00000000   Number         0  serial.o ABSOLUTE
    system_stm32f0xx.c                       0x00000000   Number         0  system_stm32f0xx.o ABSOLUTE
    system_stm32f0xx.c                       0x00000000   Number         0  system_stm32f0xx.o ABSOLUTE
    RESET                                    0x08000000   Section      192  startup_stm32f0xx.o(RESET)
    !!!main                                  0x080000c0   Section        8  __main.o(!!!main)
    !!!scatter                               0x080000c8   Section       60  __scatter.o(!!!scatter)
    !!handler_copy                           0x08000104   Section       26  __scatter_copy.o(!!handler_copy)
    !!handler_zi                             0x08000120   Section       28  __scatter_zi.o(!!handler_zi)
    .ARM.Collect$$_printf_percent$$00000000  0x0800013c   Section        2  _printf_percent.o(.ARM.Collect$$_printf_percent$$00000000)
    .ARM.Collect$$_printf_percent$$00000003  0x0800013e   Section       10  _printf_f.o(.ARM.Collect$$_printf_percent$$00000003)
    .ARM.Collect$$_printf_percent$$00000008  0x08000148   Section       10  _printf_i.o(.ARM.Collect$$_printf_percent$$00000008)
    .ARM.Collect$$_printf_percent$$00000017  0x08000152   Section        4  _printf_percent_end.o(.ARM.Collect$$_printf_percent$$00000017)
    .ARM.Collect$$libinit$$00000000          0x08000156   Section        2  libinit.o(.ARM.Collect$$libinit$$00000000)
    .ARM.Collect$$libinit$$00000001          0x08000158   Section        4  libinit2.o(.ARM.Collect$$libinit$$00000001)
    .ARM.Collect$$libinit$$00000008          0x0800015c   Section        0  libinit2.o(.ARM.Collect$$libinit$$00000008)
    .ARM.Collect$$libinit$$0000000A          0x0800015c   Section        0  libinit2.o(.ARM.Collect$$libinit$$0000000A)
    .ARM.Collect$$libinit$$0000000C          0x0800015c   Section        0  libinit2.o(.ARM.Collect$$libinit$$0000000C)
    .ARM.Collect$$libinit$$0000000D          0x0800015c   Section        6  libinit2.o(.ARM.Collect$$libinit$$0000000D)
    .ARM.Collect$$libinit$$0000000F          0x08000162   Section        0  libinit2.o(.ARM.Collect$$libinit$$0000000F)
    .ARM.Collect$$libinit$$00000011          0x08000162   Section        0  libinit2.o(.ARM.Collect$$libinit$$00000011)
    .ARM.Collect$$libinit$$00000013          0x08000162   Section        0  libinit2.o(.ARM.Collect$$libinit$$00000013)
    .ARM.Collect$$libinit$$00000014          0x08000162   Section       10  libinit2.o(.ARM.Collect$$libinit$$00000014)
    .ARM.Collect$$libinit$$00000015          0x0800016c   Section        0  libinit2.o(.ARM.Collect$$libinit$$00000015)
    .ARM.Collect$$libinit$$00000017          0x0800016c   Section        0  libinit2.o(.ARM.Collect$$libinit$$00000017)
    .ARM.Collect$$libinit$$00000019          0x0800016c   Section        0  libinit2.o(.ARM.Collect$$libinit$$00000019)
    .ARM.Collect$$libinit$$0000001B          0x0800016c   Section        0  libinit2.o(.ARM.Collect$$libinit$$0000001B)
    .ARM.Collect$$libinit$$0000001D          0x0800016c   Section        0  libinit2.o(.ARM.Collect$$libinit$$0000001D)
    .ARM.Collect$$libinit$$0000001F          0x0800016c   Section        0  libinit2.o(.ARM.Collect$$libinit$$0000001F)
    .ARM.Collect$$libinit$$00000021          0x0800016c   Section        0  libinit2.o(.ARM.Collect$$libinit$$00000021)
    .ARM.Collect$$libinit$$00000023          0x0800016c   Section        0  libinit2.o(.ARM.Collect$$libinit$$00000023)
    .ARM.Collect$$libinit$$0000002A          0x0800016c   Section        0  libinit2.o(.ARM.Collect$$libinit$$0000002A)
    .ARM.Collect$$libinit$$0000002C          0x0800016c   Section        0  libinit2.o(.ARM.Collect$$libinit$$0000002C)
    .ARM.Collect$$libinit$$0000002E          0x0800016c   Section        0  libinit2.o(.ARM.Collect$$libinit$$0000002E)
    .ARM.Collect$$libinit$$00000030          0x0800016c   Section        0  libinit2.o(.ARM.Collect$$libinit$$00000030)
    .ARM.Collect$$libinit$$00000031          0x0800016c   Section        2  libinit2.o(.ARM.Collect$$libinit$$00000031)
    .ARM.Collect$$libshutdown$$00000000      0x0800016e   Section        2  libshutdown.o(.ARM.Collect$$libshutdown$$00000000)
    .ARM.Collect$$libshutdown$$00000003      0x08000170   Section        0  libshutdown2.o(.ARM.Collect$$libshutdown$$00000003)
    .ARM.Collect$$libshutdown$$00000006      0x08000170   Section        0  libshutdown2.o(.ARM.Collect$$libshutdown$$00000006)
    .ARM.Collect$$libshutdown$$00000009      0x08000170   Section        0  libshutdown2.o(.ARM.Collect$$libshutdown$$00000009)
    .ARM.Collect$$libshutdown$$0000000B      0x08000170   Section        0  libshutdown2.o(.ARM.Collect$$libshutdown$$0000000B)
    .ARM.Collect$$libshutdown$$0000000E      0x08000170   Section        0  libshutdown2.o(.ARM.Collect$$libshutdown$$0000000E)
    .ARM.Collect$$libshutdown$$0000000F      0x08000170   Section        2  libshutdown2.o(.ARM.Collect$$libshutdown$$0000000F)
    .ARM.Collect$$rtentry$$00000000          0x08000172   Section        0  rtentry.o(.ARM.Collect$$rtentry$$00000000)
    .ARM.Collect$$rtentry$$00000002          0x08000172   Section        0  rtentry2.o(.ARM.Collect$$rtentry$$00000002)
    .ARM.Collect$$rtentry$$00000004          0x08000172   Section        6  rtentry4.o(.ARM.Collect$$rtentry$$00000004)
    .ARM.Collect$$rtentry$$00000009          0x08000178   Section        0  rtentry2.o(.ARM.Collect$$rtentry$$00000009)
    .ARM.Collect$$rtentry$$0000000A          0x08000178   Section        4  rtentry2.o(.ARM.Collect$$rtentry$$0000000A)
    .ARM.Collect$$rtentry$$0000000C          0x0800017c   Section        0  rtentry2.o(.ARM.Collect$$rtentry$$0000000C)
    .ARM.Collect$$rtentry$$0000000D          0x0800017c   Section        8  rtentry2.o(.ARM.Collect$$rtentry$$0000000D)
    .ARM.Collect$$rtexit$$00000000           0x08000184   Section        2  rtexit.o(.ARM.Collect$$rtexit$$00000000)
    .ARM.Collect$$rtexit$$00000002           0x08000186   Section        0  rtexit2.o(.ARM.Collect$$rtexit$$00000002)
    .ARM.Collect$$rtexit$$00000003           0x08000186   Section        4  rtexit2.o(.ARM.Collect$$rtexit$$00000003)
    .ARM.Collect$$rtexit$$00000004           0x0800018a   Section        6  rtexit2.o(.ARM.Collect$$rtexit$$00000004)
    .emb_text                                0x08000190   Section      392  hal_cm1.o(.emb_text)
    .text                                    0x08000318   Section       56  startup_stm32f0xx.o(.text)
    .text                                    0x08000350   Section        8  libspace.o(.text)
    .text                                    0x08000358   Section        2  use_no_semi.o(.text)
    .text                                    0x0800035c   Section        0  noretval__2printf.o(.text)
    .text                                    0x08000378   Section        0  __printf.o(.text)
    .text                                    0x080003e8   Section        0  _printf_dec.o(.text)
    .text                                    0x08000454   Section      346  aeabi_sdiv.o(.text)
    .text                                    0x080005ae   Section        0  heapauxi.o(.text)
    .text                                    0x080005b4   Section        0  f2d.o(.text)
    .text                                    0x08000604   Section        0  fdiv.o(.text)
    .text                                    0x08000764   Section        0  fflti.o(.text)
    .text                                    0x080007c2   Section        0  _printf_intcommon.o(.text)
    .text                                    0x08000874   Section        0  _printf_fp_dec.o(.text)
    _fp_digits                               0x08000877   Thumb Code   412  _printf_fp_dec.o(.text)
    .text                                    0x08000c88   Section        0  _printf_char_file.o(.text)
    .text                                    0x08000cb0   Section        0  rtudiv10.o(.text)
    .text                                    0x08000cd8   Section       10  rt_locale_twolibspace.o(.text)
    .text                                    0x08000ce2   Section        0  lludiv10.o(.text)
    .text                                    0x08000d5c   Section        0  _printf_char_common.o(.text)
    _printf_input_char                       0x08000d5d   Thumb Code    10  _printf_char_common.o(.text)
    .text                                    0x08000d8c   Section        0  _printf_fp_infnan.o(.text)
    .text                                    0x08000e14   Section        0  bigflt0.o(.text)
    .text                                    0x08000ee0   Section        0  btod.o(.text)
    btod_internal_mul                        0x08000f21   Thumb Code   456  btod.o(.text)
    btod_internal_div                        0x080010e9   Thumb Code   494  btod.o(.text)
    .text                                    0x08001388   Section       62  sys_stackheap_outer.o(.text)
    .text                                    0x080013c6   Section        0  exit.o(.text)
    .text                                    0x080013d4   Section        0  strcmp.o(.text)
    SVC_TABLE                                0x0800145c   Section        4  SVC_Table.o(SVC_TABLE)
    i.ADC_ChannelConfig                      0x08001460   Section        0  stm32f0xx_adc.o(i.ADC_ChannelConfig)
    i.ADC_Cmd                                0x0800146a   Section        0  stm32f0xx_adc.o(i.ADC_Cmd)
    i.ADC_DMACmd                             0x08001482   Section        0  stm32f0xx_adc.o(i.ADC_DMACmd)
    i.ADC_DMARequestModeConfig               0x0800149a   Section        0  stm32f0xx_adc.o(i.ADC_DMARequestModeConfig)
    i.ADC_DeInit                             0x080014ac   Section        0  stm32f0xx_adc.o(i.ADC_DeInit)
    i.ADC_GetCalibrationFactor               0x080014cc   Section        0  stm32f0xx_adc.o(i.ADC_GetCalibrationFactor)
    i.ADC_GetFlagStatus                      0x080014fa   Section        0  stm32f0xx_adc.o(i.ADC_GetFlagStatus)
    i.ADC_Init                               0x08001518   Section        0  stm32f0xx_adc.o(i.ADC_Init)
    i.ADC_StartOfConversion                  0x08001544   Section        0  stm32f0xx_adc.o(i.ADC_StartOfConversion)
    i.ADC_StructInit                         0x0800154e   Section        0  stm32f0xx_adc.o(i.ADC_StructInit)
    i.DMA_ClearFlag                          0x08001560   Section        0  stm32f0xx_dma.o(i.DMA_ClearFlag)
    i.DMA_Cmd                                0x0800156c   Section        0  stm32f0xx_dma.o(i.DMA_Cmd)
    i.DMA_DeInit                             0x08001588   Section        0  stm32f0xx_dma.o(i.DMA_DeInit)
    i.DMA_GetFlagStatus                      0x08001604   Section        0  stm32f0xx_dma.o(i.DMA_GetFlagStatus)
    i.DMA_Init                               0x08001618   Section        0  stm32f0xx_dma.o(i.DMA_Init)
    i.GPIO_Configuration_USART2              0x08001654   Section        0  serial.o(i.GPIO_Configuration_USART2)
    GPIO_Configuration_USART2                0x08001655   Thumb Code    76  serial.o(i.GPIO_Configuration_USART2)
    i.GPIO_Init                              0x080016a0   Section        0  stm32f0xx_gpio.o(i.GPIO_Init)
    i.GPIO_PinAFConfig                       0x08001710   Section        0  stm32f0xx_gpio.o(i.GPIO_PinAFConfig)
    i.GPIO_StructInit                        0x08001730   Section        0  stm32f0xx_gpio.o(i.GPIO_StructInit)
    i.NVIC_Configuration                     0x08001748   Section        0  serial.o(i.NVIC_Configuration)
    NVIC_Configuration                       0x08001749   Thumb Code    24  serial.o(i.NVIC_Configuration)
    i.NVIC_Init                              0x08001760   Section        0  stm32f0xx_misc.o(i.NVIC_Init)
    i.PWR_BackupAccessCmd                    0x080017b0   Section        0  stm32f0xx_pwr.o(i.PWR_BackupAccessCmd)
    i.RCC_AHBPeriphClockCmd                  0x080017cc   Section        0  stm32f0xx_rcc.o(i.RCC_AHBPeriphClockCmd)
    i.RCC_APB1PeriphClockCmd                 0x080017e8   Section        0  stm32f0xx_rcc.o(i.RCC_APB1PeriphClockCmd)
    i.RCC_APB2PeriphClockCmd                 0x08001804   Section        0  stm32f0xx_rcc.o(i.RCC_APB2PeriphClockCmd)
    i.RCC_APB2PeriphResetCmd                 0x08001820   Section        0  stm32f0xx_rcc.o(i.RCC_APB2PeriphResetCmd)
    i.RCC_GetClocksFreq                      0x0800183c   Section        0  stm32f0xx_rcc.o(i.RCC_GetClocksFreq)
    i.RCC_LSICmd                             0x0800193c   Section        0  stm32f0xx_rcc.o(i.RCC_LSICmd)
    i.RCC_RTCCLKCmd                          0x0800195c   Section        0  stm32f0xx_rcc.o(i.RCC_RTCCLKCmd)
    i.RCC_RTCCLKConfig                       0x0800197c   Section        0  stm32f0xx_rcc.o(i.RCC_RTCCLKConfig)
    i.RTC_Bcd2ToByte                         0x0800198c   Section        0  stm32f0xx_rtc.o(i.RTC_Bcd2ToByte)
    RTC_Bcd2ToByte                           0x0800198d   Thumb Code    16  stm32f0xx_rtc.o(i.RTC_Bcd2ToByte)
    i.RTC_DateStructInit                     0x0800199c   Section        0  stm32f0xx_rtc.o(i.RTC_DateStructInit)
    i.RTC_EnterInitMode                      0x080019ac   Section        0  stm32f0xx_rtc.o(i.RTC_EnterInitMode)
    i.RTC_ExitInitMode                       0x080019e8   Section        0  stm32f0xx_rtc.o(i.RTC_ExitInitMode)
    i.RTC_GetDate                            0x080019f8   Section        0  stm32f0xx_rtc.o(i.RTC_GetDate)
    i.RTC_GetTime                            0x08001a40   Section        0  stm32f0xx_rtc.o(i.RTC_GetTime)
    i.RTC_Init                               0x08001a8c   Section        0  stm32f0xx_rtc.o(i.RTC_Init)
    i.RTC_TimeStructInit                     0x08001ad4   Section        0  stm32f0xx_rtc.o(i.RTC_TimeStructInit)
    i.RTC_WaitForSynchro                     0x08001ae0   Section        0  stm32f0xx_rtc.o(i.RTC_WaitForSynchro)
    i.SetSysClock                            0x08001b2c   Section        0  system_stm32f0xx.o(i.SetSysClock)
    SetSysClock                              0x08001b2d   Thumb Code    80  system_stm32f0xx.o(i.SetSysClock)
    i.SystemInit                             0x08001b84   Section        0  system_stm32f0xx.o(i.SystemInit)
    i.UART2_Init                             0x08001be4   Section        0  serial.o(i.UART2_Init)
    UART2_Init                               0x08001be5   Thumb Code    62  serial.o(i.UART2_Init)
    i.USART2_IRQHandler                      0x08001c2c   Section        0  serial.o(i.USART2_IRQHandler)
    i.USART_ClearITPendingBit                0x08001ca0   Section        0  stm32f0xx_usart.o(i.USART_ClearITPendingBit)
    i.USART_Cmd                              0x08001caa   Section        0  stm32f0xx_usart.o(i.USART_Cmd)
    i.USART_GetFlagStatus                    0x08001cc2   Section        0  stm32f0xx_usart.o(i.USART_GetFlagStatus)
    i.USART_GetITStatus                      0x08001cd0   Section        0  stm32f0xx_usart.o(i.USART_GetITStatus)
    i.USART_ITConfig                         0x08001d0c   Section        0  stm32f0xx_usart.o(i.USART_ITConfig)
    i.USART_Init                             0x08001d3c   Section        0  stm32f0xx_usart.o(i.USART_Init)
    i.USART_ReceiveData                      0x08001dfc   Section        0  stm32f0xx_usart.o(i.USART_ReceiveData)
    i.USART_SendData                         0x08001e04   Section        0  stm32f0xx_usart.o(i.USART_SendData)
    i.__ARM_common_ll_muluu                  0x08001e0c   Section        0  btod.o(i.__ARM_common_ll_muluu)
    i.__ARM_fpclassify                       0x08001e3c   Section        0  fpclassify.o(i.__ARM_fpclassify)
    i._init_box                              0x08001e68   Section        0  rt_membox.o(i._init_box)
    i._mutex_acquire                         0x08001eb0   Section        0  rtx_conf_cm.o(i._mutex_acquire)
    __tagsym$$used                           0x08001eb1   Number         0  rtx_conf_cm.o(i._mutex_acquire)
    i._mutex_release                         0x08001ed0   Section        0  rtx_conf_cm.o(i._mutex_release)
    __tagsym$$used                           0x08001ed1   Number         0  rtx_conf_cm.o(i._mutex_release)
    i._sys_exit                              0x08001eec   Section        0  retarget.o(i._sys_exit)
    i.adc_test                               0x08001ef0   Section        0  adc.o(i.adc_test)
    i.available_fcn                          0x08001f98   Section        0  serial.o(i.available_fcn)
    i.begin_fcn                              0x08001fa4   Section        0  serial.o(i.begin_fcn)
    i.ferror                                 0x08001fb8   Section        0  retarget.o(i.ferror)
    i.flush_fcn                              0x08001fc0   Section        0  serial.o(i.flush_fcn)
    i.fputc                                  0x08001fdc   Section        0  retarget.o(i.fputc)
    i.get_adc_voltage                        0x08001fe8   Section        0  adc.o(i.get_adc_voltage)
    i.init                                   0x080020a4   Section        0  main.o(i.init)
    i.init_adc                               0x080020f0   Section        0  adc.o(i.init_adc)
    i.main                                   0x080021fc   Section        0  main.o(i.main)
    i.os_error                               0x08002228   Section        0  rtx_conf_cm.o(i.os_error)
    i.os_idle_demon                          0x0800222a   Section        0  rtx_conf_cm.o(i.os_idle_demon)
    i.os_tick_init                           0x0800222c   Section        0  rt_system.o(i.os_tick_init)
    i.os_tick_irqack                         0x08002258   Section        0  rt_system.o(i.os_tick_irqack)
    i.os_tmr_call                            0x0800225a   Section        0  rtx_conf_cm.o(i.os_tmr_call)
    i.peek_fcn                               0x0800225c   Section        0  serial.o(i.peek_fcn)
    i.print_fcn                              0x08002270   Section        0  serial.o(i.print_fcn)
    i.print_time_date                        0x08002284   Section        0  main.o(i.print_time_date)
    i.println_fcn                            0x080022f8   Section        0  serial.o(i.println_fcn)
    i.putchar                                0x0800230c   Section        0  serial.o(i.putchar)
    i.read_fcn                               0x08002330   Section        0  serial.o(i.read_fcn)
    i.rt_alloc_box                           0x08002364   Section        0  rt_membox.o(i.rt_alloc_box)
    i.rt_block                               0x08002384   Section        0  rt_task.o(i.rt_block)
    i.rt_chk_robin                           0x080023bc   Section        0  rt_robin.o(i.rt_chk_robin)
    i.rt_dec_dly                             0x08002400   Section        0  rt_list.o(i.rt_dec_dly)
    i.rt_dispatch                            0x08002478   Section        0  rt_task.o(i.rt_dispatch)
    i.rt_dly_wait                            0x080024b8   Section        0  rt_time.o(i.rt_dly_wait)
    i.rt_evt_psh                             0x080024c4   Section        0  rt_event.o(i.rt_evt_psh)
    i.rt_free_box                            0x08002510   Section        0  rt_membox.o(i.rt_free_box)
    i.rt_get_first                           0x08002536   Section        0  rt_list.o(i.rt_get_first)
    i.rt_init_context                        0x08002560   Section        0  rt_task.o(i.rt_init_context)
    rt_init_context                          0x08002561   Thumb Code    64  rt_task.o(i.rt_init_context)
    i.rt_init_robin                          0x080025a4   Section        0  rt_robin.o(i.rt_init_robin)
    i.rt_init_stack                          0x080025bc   Section        0  hal_cm1.o(i.rt_init_stack)
    i.rt_mbx_psh                             0x08002608   Section        0  rt_mailbox.o(i.rt_mbx_psh)
    i.rt_mut_release                         0x080026b4   Section        0  rt_mutex.o(i.rt_mut_release)
    i.rt_mut_wait                            0x0800275c   Section        0  rt_mutex.o(i.rt_mut_wait)
    i.rt_pop_req                             0x080027c8   Section        0  rt_system.o(i.rt_pop_req)
    i.rt_put_dly                             0x08002838   Section        0  rt_list.o(i.rt_put_dly)
    i.rt_put_prio                            0x08002888   Section        0  rt_list.o(i.rt_put_prio)
    i.rt_put_rdy_first                       0x080028c4   Section        0  rt_list.o(i.rt_put_rdy_first)
    i.rt_resort_prio                         0x080028d8   Section        0  rt_list.o(i.rt_resort_prio)
    i.rt_rmv_dly                             0x08002908   Section        0  rt_list.o(i.rt_rmv_dly)
    i.rt_rmv_list                            0x08002934   Section        0  rt_list.o(i.rt_rmv_list)
    i.rt_sem_psh                             0x08002968   Section        0  rt_semaphore.o(i.rt_sem_psh)
    i.rt_stk_check                           0x0800299c   Section        0  rt_system.o(i.rt_stk_check)
    i.rt_switch_req                          0x080029c4   Section        0  rt_task.o(i.rt_switch_req)
    i.rt_sys_init                            0x080029d4   Section        0  rt_task.o(i.rt_sys_init)
    i.rt_systick                             0x08002b0c   Section        0  rt_system.o(i.rt_systick)
    i.rt_tmr_tick                            0x08002b48   Section        0  rt_timer.o(i.rt_tmr_tick)
    i.rt_tsk_create                          0x08002b88   Section        0  rt_task.o(i.rt_tsk_create)
    i.rt_tsk_delete                          0x08002c04   Section        0  rt_task.o(i.rt_tsk_delete)
    i.rt_tsk_self                            0x08002ca0   Section        0  rt_task.o(i.rt_tsk_self)
    i.setup_rtc                              0x08002cb0   Section        0  main.o(i.setup_rtc)
    i.write_fcn                              0x08002cf2   Section        0  serial.o(i.write_fcn)
    locale$$code                             0x08002cfc   Section       44  lc_numeric_c.o(locale$$code)
    x$fpl$fmul                               0x08002d28   Section      176  fmul.o(x$fpl$fmul)
    x$fpl$printf1                            0x08002dd8   Section       16  printf1.o(x$fpl$printf1)
    .constdata                               0x08002de8   Section        2  rtx_conf_cm.o(.constdata)
    x$fpl$usenofp                            0x08002de8   Section        0  usenofp.o(x$fpl$usenofp)
    .constdata                               0x08002dec   Section        4  rtx_conf_cm.o(.constdata)
    .constdata                               0x08002df0   Section        4  rtx_conf_cm.o(.constdata)
    .constdata                               0x08002df4   Section        4  rtx_conf_cm.o(.constdata)
    .constdata                               0x08002df8   Section        1  rtx_conf_cm.o(.constdata)
    .constdata                               0x08002dfc   Section        8  rtx_conf_cm.o(.constdata)
    __tagsym$$used                           0x08002dfc   Number         0  rtx_conf_cm.o(.constdata)
    __tagsym$$used                           0x08002e00   Number         0  rtx_conf_cm.o(.constdata)
    .constdata                               0x08002e04   Section        2  rtx_conf_cm.o(.constdata)
    .constdata                               0x08002e08   Section        4  rtx_conf_cm.o(.constdata)
    .constdata                               0x08002e0c   Section        1  rtx_conf_cm.o(.constdata)
    .constdata                               0x08002e0e   Section        2  rtx_conf_cm.o(.constdata)
    .constdata                               0x08002e10   Section       64  fdiv.o(.constdata)
    fdiv_tab                                 0x08002e10   Data          64  fdiv.o(.constdata)
    .constdata                               0x08002e50   Section      148  bigflt0.o(.constdata)
    tenpwrs_x                                0x08002e50   Data          60  bigflt0.o(.constdata)
    tenpwrs_i                                0x08002e8c   Data          64  bigflt0.o(.constdata)
    locale$$data                             0x08002f04   Section       28  lc_numeric_c.o(locale$$data)
    __lcnum_c_name                           0x08002f08   Data           2  lc_numeric_c.o(locale$$data)
    __lcnum_c_start                          0x08002f10   Data           0  lc_numeric_c.o(locale$$data)
    __lcnum_c_point                          0x08002f1c   Data           0  lc_numeric_c.o(locale$$data)
    __lcnum_c_thousands                      0x08002f1e   Data           0  lc_numeric_c.o(locale$$data)
    __lcnum_c_grouping                       0x08002f1f   Data           0  lc_numeric_c.o(locale$$data)
    __lcnum_c_end                            0x08002f20   Data           0  lc_numeric_c.o(locale$$data)
    .data                                    0x20000000   Section        8  main.o(.data)
    .data                                    0x20000008   Section        4  retarget.o(.data)
    .data                                    0x2000000c   Section        8  adc.o(.data)
    .data                                    0x20000014   Section       56  serial.o(.data)
    rcv_buff_full                            0x20000014   Data           1  serial.o(.data)
    nb_rcv_buff_char                         0x20000016   Data           2  serial.o(.data)
    rcv_buff_overload                        0x20000018   Data           2  serial.o(.data)
    pt_rcv_read                              0x2000001c   Data           4  serial.o(.data)
    pt_rcv_write                             0x20000020   Data           4  serial.o(.data)
    USARTx                                   0x20000024   Data           4  serial.o(.data)
    .data                                    0x2000004c   Section       16  stm32f0xx_rcc.o(.data)
    APBAHBPrescTable                         0x2000004c   Data          16  stm32f0xx_rcc.o(.data)
    .data                                    0x2000005c   Section        4  rtx_conf_cm.o(.data)
    .data                                    0x20000060   Section        8  rt_task.o(.data)
    .data                                    0x20000068   Section        4  rt_time.o(.data)
    .data                                    0x2000006c   Section        8  rt_system.o(.data)
    os_lock                                  0x2000006c   Data           1  rt_system.o(.data)
    os_psh_flag                              0x2000006d   Data           1  rt_system.o(.data)
    pend_flags                               0x2000006e   Data           1  rt_system.o(.data)
    .data                                    0x20000074   Section        8  rt_robin.o(.data)
    .data                                    0x2000007c   Section        8  rt_timer.o(.data)
    .bss                                     0x20000084   Section      256  serial.o(.bss)
    rcv_buff                                 0x20000084   Data         256  serial.o(.bss)
    .bss                                     0x20000184   Section      156  rtx_conf_cm.o(.bss)
    .bss                                     0x20000220   Section     3216  rtx_conf_cm.o(.bss)
    .bss                                     0x20000eb0   Section      132  rtx_conf_cm.o(.bss)
    .bss                                     0x20000f34   Section       12  rtx_conf_cm.o(.bss)
    .bss                                     0x20000f40   Section       48  rt_task.o(.bss)
    .bss                                     0x20000f70   Section       48  rt_list.o(.bss)
    .bss                                     0x20000fa0   Section       96  libspace.o(.bss)
    HEAP                                     0x20001000   Section      512  startup_stm32f0xx.o(HEAP)
    Heap_Mem                                 0x20001000   Data         512  startup_stm32f0xx.o(HEAP)
    STACK                                    0x20001200   Section     1024  startup_stm32f0xx.o(STACK)
    Stack_Mem                                0x20001200   Data        1024  startup_stm32f0xx.o(STACK)
    __initial_sp                             0x20001600   Data           0  startup_stm32f0xx.o(STACK)

    Global Symbols

    Symbol Name                              Value     Ov Type        Size  Object(Section)

    BuildAttributes$$THM_ISAv3M$S$PE$A:L22$X:L11$S22$IEEE1$IW$USESV6$~STKCKD$USESV7$~SHL$OTIME$ROPI$IEEEJ$EBA8$UX$STANDARDLIB$REQ8$PRES8$EABIv2 0x00000000   Number         0  anon$$obj.o ABSOLUTE
    __ARM_use_no_argv                        0x00000000   Number         0  main.o ABSOLUTE
    __ARM_exceptions_init                     - Undefined Weak Reference
    __alloca_initialize                       - Undefined Weak Reference
    __cpp_initialize__aeabi_                  - Undefined Weak Reference
    __cxa_finalize                            - Undefined Weak Reference
    __sigvec_lookup                           - Undefined Weak Reference
    _atexit_init                              - Undefined Weak Reference
    _call_atexit_fns                          - Undefined Weak Reference
    _clock_init                               - Undefined Weak Reference
    _fp_trap_init                             - Undefined Weak Reference
    _fp_trap_shutdown                         - Undefined Weak Reference
    _get_lc_collate                           - Undefined Weak Reference
    _get_lc_ctype                             - Undefined Weak Reference
    _get_lc_monetary                          - Undefined Weak Reference
    _get_lc_time                              - Undefined Weak Reference
    _getenv_init                              - Undefined Weak Reference
    _handle_redirection                       - Undefined Weak Reference
    _init_alloc                               - Undefined Weak Reference
    _init_user_alloc                          - Undefined Weak Reference
    _initio                                   - Undefined Weak Reference
    _printf_mbtowc                            - Undefined Weak Reference
    _printf_post_padding                      - Undefined Weak Reference
    _printf_pre_padding                       - Undefined Weak Reference
    _printf_truncate_signed                   - Undefined Weak Reference
    _printf_truncate_unsigned                 - Undefined Weak Reference
    _rand_init                                - Undefined Weak Reference
    _signal_finish                            - Undefined Weak Reference
    _signal_init                              - Undefined Weak Reference
    _terminate_alloc                          - Undefined Weak Reference
    _terminate_user_alloc                     - Undefined Weak Reference
    _terminateio                              - Undefined Weak Reference
    __Vectors_Size                           0x000000c0   Number         0  startup_stm32f0xx.o ABSOLUTE
    __RL_RTX_VER                             0x00000460   Number         0  rt_system.o ABSOLUTE
    __Vectors                                0x08000000   Data           4  startup_stm32f0xx.o(RESET)
    __Vectors_End                            0x080000c0   Data           0  startup_stm32f0xx.o(RESET)
    __main                                   0x080000c1   Thumb Code     8  __main.o(!!!main)
    __scatterload                            0x080000c9   Thumb Code     0  __scatter.o(!!!scatter)
    __scatterload_rt2                        0x080000c9   Thumb Code    52  __scatter.o(!!!scatter)
    __scatterload_rt2_thumb_only             0x080000c9   Thumb Code     0  __scatter.o(!!!scatter)
    __scatterload_null                       0x080000d9   Thumb Code     0  __scatter.o(!!!scatter)
    __scatterload_copy                       0x08000105   Thumb Code    26  __scatter_copy.o(!!handler_copy)
    __scatterload_zeroinit                   0x08000121   Thumb Code    28  __scatter_zi.o(!!handler_zi)
    _printf_percent                          0x0800013d   Thumb Code     0  _printf_percent.o(.ARM.Collect$$_printf_percent$$00000000)
    _printf_f                                0x0800013f   Thumb Code     0  _printf_f.o(.ARM.Collect$$_printf_percent$$00000003)
    _printf_i                                0x08000149   Thumb Code     0  _printf_i.o(.ARM.Collect$$_printf_percent$$00000008)
    _printf_percent_end                      0x08000153   Thumb Code     0  _printf_percent_end.o(.ARM.Collect$$_printf_percent$$00000017)
    __rt_lib_init                            0x08000157   Thumb Code     0  libinit.o(.ARM.Collect$$libinit$$00000000)
    __rt_lib_init_fp_1                       0x08000159   Thumb Code     0  libinit2.o(.ARM.Collect$$libinit$$00000001)
    __rt_lib_init_heap_1                     0x0800015d   Thumb Code     0  libinit2.o(.ARM.Collect$$libinit$$00000008)
    __rt_lib_init_lc_common                  0x0800015d   Thumb Code     0  libinit2.o(.ARM.Collect$$libinit$$0000000D)
    __rt_lib_init_rand_1                     0x0800015d   Thumb Code     0  libinit2.o(.ARM.Collect$$libinit$$0000000C)
    __rt_lib_init_user_alloc_1               0x0800015d   Thumb Code     0  libinit2.o(.ARM.Collect$$libinit$$0000000A)
    __rt_lib_init_lc_collate_1               0x08000163   Thumb Code     0  libinit2.o(.ARM.Collect$$libinit$$0000000F)
    __rt_lib_init_lc_ctype_1                 0x08000163   Thumb Code     0  libinit2.o(.ARM.Collect$$libinit$$00000011)
    __rt_lib_init_lc_monetary_1              0x08000163   Thumb Code     0  libinit2.o(.ARM.Collect$$libinit$$00000013)
    __rt_lib_init_lc_numeric_2               0x08000163   Thumb Code     0  libinit2.o(.ARM.Collect$$libinit$$00000014)
    __rt_lib_init_alloca_1                   0x0800016d   Thumb Code     0  libinit2.o(.ARM.Collect$$libinit$$0000002C)
    __rt_lib_init_argv_1                     0x0800016d   Thumb Code     0  libinit2.o(.ARM.Collect$$libinit$$0000002A)
    __rt_lib_init_atexit_1                   0x0800016d   Thumb Code     0  libinit2.o(.ARM.Collect$$libinit$$00000019)
    __rt_lib_init_clock_1                    0x0800016d   Thumb Code     0  libinit2.o(.ARM.Collect$$libinit$$0000001F)
    __rt_lib_init_cpp_1                      0x0800016d   Thumb Code     0  libinit2.o(.ARM.Collect$$libinit$$00000030)
    __rt_lib_init_exceptions_1               0x0800016d   Thumb Code     0  libinit2.o(.ARM.Collect$$libinit$$0000002E)
    __rt_lib_init_fp_trap_1                  0x0800016d   Thumb Code     0  libinit2.o(.ARM.Collect$$libinit$$0000001D)
    __rt_lib_init_getenv_1                   0x0800016d   Thumb Code     0  libinit2.o(.ARM.Collect$$libinit$$00000021)
    __rt_lib_init_lc_numeric_1               0x0800016d   Thumb Code     0  libinit2.o(.ARM.Collect$$libinit$$00000015)
    __rt_lib_init_lc_time_1                  0x0800016d   Thumb Code     0  libinit2.o(.ARM.Collect$$libinit$$00000017)
    __rt_lib_init_return                     0x0800016d   Thumb Code     0  libinit2.o(.ARM.Collect$$libinit$$00000031)
    __rt_lib_init_signal_1                   0x0800016d   Thumb Code     0  libinit2.o(.ARM.Collect$$libinit$$0000001B)
    __rt_lib_init_stdio_1                    0x0800016d   Thumb Code     0  libinit2.o(.ARM.Collect$$libinit$$00000023)
    __rt_lib_shutdown                        0x0800016f   Thumb Code     0  libshutdown.o(.ARM.Collect$$libshutdown$$00000000)
    __rt_lib_shutdown_fp_trap_1              0x08000171   Thumb Code     0  libshutdown2.o(.ARM.Collect$$libshutdown$$00000006)
    __rt_lib_shutdown_heap_1                 0x08000171   Thumb Code     0  libshutdown2.o(.ARM.Collect$$libshutdown$$0000000E)
    __rt_lib_shutdown_return                 0x08000171   Thumb Code     0  libshutdown2.o(.ARM.Collect$$libshutdown$$0000000F)
    __rt_lib_shutdown_signal_1               0x08000171   Thumb Code     0  libshutdown2.o(.ARM.Collect$$libshutdown$$00000009)
    __rt_lib_shutdown_stdio_1                0x08000171   Thumb Code     0  libshutdown2.o(.ARM.Collect$$libshutdown$$00000003)
    __rt_lib_shutdown_user_alloc_1           0x08000171   Thumb Code     0  libshutdown2.o(.ARM.Collect$$libshutdown$$0000000B)
    __rt_entry                               0x08000173   Thumb Code     0  rtentry.o(.ARM.Collect$$rtentry$$00000000)
    __rt_entry_presh_1                       0x08000173   Thumb Code     0  rtentry2.o(.ARM.Collect$$rtentry$$00000002)
    __rt_entry_sh                            0x08000173   Thumb Code     0  rtentry4.o(.ARM.Collect$$rtentry$$00000004)
    __rt_entry_li                            0x08000179   Thumb Code     0  rtentry2.o(.ARM.Collect$$rtentry$$0000000A)
    __rt_entry_postsh_1                      0x08000179   Thumb Code     0  rtentry2.o(.ARM.Collect$$rtentry$$00000009)
    __rt_entry_main                          0x0800017d   Thumb Code     0  rtentry2.o(.ARM.Collect$$rtentry$$0000000D)
    __rt_entry_postli_1                      0x0800017d   Thumb Code     0  rtentry2.o(.ARM.Collect$$rtentry$$0000000C)
    __rt_exit                                0x08000185   Thumb Code     0  rtexit.o(.ARM.Collect$$rtexit$$00000000)
    __rt_exit_ls                             0x08000187   Thumb Code     0  rtexit2.o(.ARM.Collect$$rtexit$$00000003)
    __rt_exit_prels_1                        0x08000187   Thumb Code     0  rtexit2.o(.ARM.Collect$$rtexit$$00000002)
    __rt_exit_exit                           0x0800018b   Thumb Code     0  rtexit2.o(.ARM.Collect$$rtexit$$00000004)
    rt_set_PSP                               0x08000191   Thumb Code     6  hal_cm1.o(.emb_text)
    rt_get_PSP                               0x08000197   Thumb Code     6  hal_cm1.o(.emb_text)
    os_set_env                               0x0800019d   Thumb Code    32  hal_cm1.o(.emb_text)
    _alloc_box                               0x080001c1   Thumb Code    28  hal_cm1.o(.emb_text)
    _free_box                                0x080001e1   Thumb Code    28  hal_cm1.o(.emb_text)
    SVC_Handler                              0x08000201   Thumb Code   152  hal_cm1.o(.emb_text)
    PendSV_Handler                           0x080002a5   Thumb Code    92  hal_cm1.o(.emb_text)
    SysTick_Handler                          0x08000305   Thumb Code     8  hal_cm1.o(.emb_text)
    OS_Tick_Handler                          0x0800030d   Thumb Code    12  hal_cm1.o(.emb_text)
    Reset_Handler                            0x08000319   Thumb Code     8  startup_stm32f0xx.o(.text)
    NMI_Handler                              0x08000321   Thumb Code     2  startup_stm32f0xx.o(.text)
    HardFault_Handler                        0x08000323   Thumb Code     2  startup_stm32f0xx.o(.text)
    ADC1_COMP_IRQHandler                     0x0800032b   Thumb Code     0  startup_stm32f0xx.o(.text)
    CEC_IRQHandler                           0x0800032b   Thumb Code     0  startup_stm32f0xx.o(.text)
    DMA1_Channel1_IRQHandler                 0x0800032b   Thumb Code     0  startup_stm32f0xx.o(.text)
    DMA1_Channel2_3_IRQHandler               0x0800032b   Thumb Code     0  startup_stm32f0xx.o(.text)
    DMA1_Channel4_5_IRQHandler               0x0800032b   Thumb Code     0  startup_stm32f0xx.o(.text)
    EXTI0_1_IRQHandler                       0x0800032b   Thumb Code     0  startup_stm32f0xx.o(.text)
    EXTI2_3_IRQHandler                       0x0800032b   Thumb Code     0  startup_stm32f0xx.o(.text)
    EXTI4_15_IRQHandler                      0x0800032b   Thumb Code     0  startup_stm32f0xx.o(.text)
    FLASH_IRQHandler                         0x0800032b   Thumb Code     0  startup_stm32f0xx.o(.text)
    I2C1_IRQHandler                          0x0800032b   Thumb Code     0  startup_stm32f0xx.o(.text)
    I2C2_IRQHandler                          0x0800032b   Thumb Code     0  startup_stm32f0xx.o(.text)
    PVD_IRQHandler                           0x0800032b   Thumb Code     0  startup_stm32f0xx.o(.text)
    RCC_IRQHandler                           0x0800032b   Thumb Code     0  startup_stm32f0xx.o(.text)
    RTC_IRQHandler                           0x0800032b   Thumb Code     0  startup_stm32f0xx.o(.text)
    SPI1_IRQHandler                          0x0800032b   Thumb Code     0  startup_stm32f0xx.o(.text)
    SPI2_IRQHandler                          0x0800032b   Thumb Code     0  startup_stm32f0xx.o(.text)
    TIM14_IRQHandler                         0x0800032b   Thumb Code     0  startup_stm32f0xx.o(.text)
    TIM15_IRQHandler                         0x0800032b   Thumb Code     0  startup_stm32f0xx.o(.text)
    TIM16_IRQHandler                         0x0800032b   Thumb Code     0  startup_stm32f0xx.o(.text)
    TIM17_IRQHandler                         0x0800032b   Thumb Code     0  startup_stm32f0xx.o(.text)
    TIM1_BRK_UP_TRG_COM_IRQHandler           0x0800032b   Thumb Code     0  startup_stm32f0xx.o(.text)
    TIM1_CC_IRQHandler                       0x0800032b   Thumb Code     0  startup_stm32f0xx.o(.text)
    TIM2_IRQHandler                          0x0800032b   Thumb Code     0  startup_stm32f0xx.o(.text)
    TIM3_IRQHandler                          0x0800032b   Thumb Code     0  startup_stm32f0xx.o(.text)
    TIM6_DAC_IRQHandler                      0x0800032b   Thumb Code     0  startup_stm32f0xx.o(.text)
    TS_IRQHandler                            0x0800032b   Thumb Code     0  startup_stm32f0xx.o(.text)
    USART1_IRQHandler                        0x0800032b   Thumb Code     0  startup_stm32f0xx.o(.text)
    WWDG_IRQHandler                          0x0800032b   Thumb Code     0  startup_stm32f0xx.o(.text)
    __user_initial_stackheap                 0x0800032d   Thumb Code     0  startup_stm32f0xx.o(.text)
    __user_libspace                          0x08000351   Thumb Code     8  libspace.o(.text)
    __user_perproc_libspace                  0x08000351   Thumb Code     0  libspace.o(.text)
    __I$use$semihosting                      0x08000359   Thumb Code     0  use_no_semi.o(.text)
    __use_no_semihosting_swi                 0x08000359   Thumb Code     2  use_no_semi.o(.text)
    __2printf                                0x0800035d   Thumb Code    22  noretval__2printf.o(.text)
    __printf                                 0x08000379   Thumb Code   110  __printf.o(.text)
    _printf_int_dec                          0x080003e9   Thumb Code    90  _printf_dec.o(.text)
    __aeabi_uidiv                            0x08000455   Thumb Code     0  aeabi_sdiv.o(.text)
    __aeabi_uidivmod                         0x08000455   Thumb Code    20  aeabi_sdiv.o(.text)
    __aeabi_idiv                             0x08000469   Thumb Code     0  aeabi_sdiv.o(.text)
    __aeabi_idivmod                          0x08000469   Thumb Code   326  aeabi_sdiv.o(.text)
    __use_two_region_memory                  0x080005af   Thumb Code     2  heapauxi.o(.text)
    __rt_heap_escrow$2region                 0x080005b1   Thumb Code     2  heapauxi.o(.text)
    __rt_heap_expand$2region                 0x080005b3   Thumb Code     2  heapauxi.o(.text)
    __aeabi_f2d                              0x080005b5   Thumb Code     0  f2d.o(.text)
    _f2d                                     0x080005b5   Thumb Code    74  f2d.o(.text)
    __aeabi_fdiv                             0x08000605   Thumb Code     0  fdiv.o(.text)
    _fdiv                                    0x08000605   Thumb Code   336  fdiv.o(.text)
    _frdiv                                   0x08000755   Thumb Code     8  fdiv.o(.text)
    __aeabi_i2f_normalise                    0x08000765   Thumb Code    72  fflti.o(.text)
    __aeabi_i2f                              0x080007ad   Thumb Code    16  fflti.o(.text)
    _fflt                                    0x080007ad   Thumb Code     0  fflti.o(.text)
    __aeabi_ui2f                             0x080007bd   Thumb Code     6  fflti.o(.text)
    _ffltu                                   0x080007bd   Thumb Code     0  fflti.o(.text)
    _printf_int_common                       0x080007c3   Thumb Code   176  _printf_intcommon.o(.text)
    __lib_sel_fp_printf                      0x08000875   Thumb Code     2  _printf_fp_dec.o(.text)
    _printf_fp_dec_real                      0x08000a13   Thumb Code   618  _printf_fp_dec.o(.text)
    _printf_char_file                        0x08000c89   Thumb Code    34  _printf_char_file.o(.text)
    __rt_udiv10                              0x08000cb1   Thumb Code    40  rtudiv10.o(.text)
    __rt_locale                              0x08000cd9   Thumb Code    10  rt_locale_twolibspace.o(.text)
    _ll_udiv10                               0x08000ce3   Thumb Code   122  lludiv10.o(.text)
    _printf_char_common                      0x08000d67   Thumb Code    32  _printf_char_common.o(.text)
    _printf_fp_infnan                        0x08000d8d   Thumb Code   120  _printf_fp_infnan.o(.text)
    _btod_etento                             0x08000e15   Thumb Code   200  bigflt0.o(.text)
    _btod_d2e                                0x08000ee1   Thumb Code    64  btod.o(.text)
    _btod_emul                               0x080012d7   Thumb Code    24  btod.o(.text)
    _btod_emuld                              0x080012ef   Thumb Code    60  btod.o(.text)
    _btod_ediv                               0x0800132b   Thumb Code    22  btod.o(.text)
    _btod_edivd                              0x08001341   Thumb Code    60  btod.o(.text)
    __user_setup_stackheap                   0x08001389   Thumb Code    62  sys_stackheap_outer.o(.text)
    exit                                     0x080013c7   Thumb Code    12  exit.o(.text)
    strcmp                                   0x080013d5   Thumb Code   132  strcmp.o(.text)
    SVC_Count                                0x0800145c   Data           4  SVC_Table.o(SVC_TABLE)
    ADC_ChannelConfig                        0x08001461   Thumb Code    10  stm32f0xx_adc.o(i.ADC_ChannelConfig)
    SVC_Table                                0x08001460   Data           0  SVC_Table.o(SVC_TABLE)
    ADC_Cmd                                  0x0800146b   Thumb Code    24  stm32f0xx_adc.o(i.ADC_Cmd)
    ADC_DMACmd                               0x08001483   Thumb Code    24  stm32f0xx_adc.o(i.ADC_DMACmd)
    ADC_DMARequestModeConfig                 0x0800149b   Thumb Code    16  stm32f0xx_adc.o(i.ADC_DMARequestModeConfig)
    ADC_DeInit                               0x080014ad   Thumb Code    28  stm32f0xx_adc.o(i.ADC_DeInit)
    ADC_GetCalibrationFactor                 0x080014cd   Thumb Code    46  stm32f0xx_adc.o(i.ADC_GetCalibrationFactor)
    ADC_GetFlagStatus                        0x080014fb   Thumb Code    30  stm32f0xx_adc.o(i.ADC_GetFlagStatus)
    ADC_Init                                 0x08001519   Thumb Code    38  stm32f0xx_adc.o(i.ADC_Init)
    ADC_StartOfConversion                    0x08001545   Thumb Code    10  stm32f0xx_adc.o(i.ADC_StartOfConversion)
    ADC_StructInit                           0x0800154f   Thumb Code    16  stm32f0xx_adc.o(i.ADC_StructInit)
    DMA_ClearFlag                            0x08001561   Thumb Code     6  stm32f0xx_dma.o(i.DMA_ClearFlag)
    DMA_Cmd                                  0x0800156d   Thumb Code    24  stm32f0xx_dma.o(i.DMA_Cmd)
    DMA_DeInit                               0x08001589   Thumb Code   116  stm32f0xx_dma.o(i.DMA_DeInit)
    DMA_GetFlagStatus                        0x08001605   Thumb Code    16  stm32f0xx_dma.o(i.DMA_GetFlagStatus)
    DMA_Init                                 0x08001619   Thumb Code    56  stm32f0xx_dma.o(i.DMA_Init)
    GPIO_Init                                0x080016a1   Thumb Code   112  stm32f0xx_gpio.o(i.GPIO_Init)
    GPIO_PinAFConfig                         0x08001711   Thumb Code    32  stm32f0xx_gpio.o(i.GPIO_PinAFConfig)
    GPIO_StructInit                          0x08001731   Thumb Code    18  stm32f0xx_gpio.o(i.GPIO_StructInit)
    NVIC_Init                                0x08001761   Thumb Code    72  stm32f0xx_misc.o(i.NVIC_Init)
    PWR_BackupAccessCmd                      0x080017b1   Thumb Code    24  stm32f0xx_pwr.o(i.PWR_BackupAccessCmd)
    RCC_AHBPeriphClockCmd                    0x080017cd   Thumb Code    22  stm32f0xx_rcc.o(i.RCC_AHBPeriphClockCmd)
    RCC_APB1PeriphClockCmd                   0x080017e9   Thumb Code    22  stm32f0xx_rcc.o(i.RCC_APB1PeriphClockCmd)
    RCC_APB2PeriphClockCmd                   0x08001805   Thumb Code    22  stm32f0xx_rcc.o(i.RCC_APB2PeriphClockCmd)
    RCC_APB2PeriphResetCmd                   0x08001821   Thumb Code    22  stm32f0xx_rcc.o(i.RCC_APB2PeriphResetCmd)
    RCC_GetClocksFreq                        0x0800183d   Thumb Code   232  stm32f0xx_rcc.o(i.RCC_GetClocksFreq)
    RCC_LSICmd                               0x0800193d   Thumb Code    26  stm32f0xx_rcc.o(i.RCC_LSICmd)
    RCC_RTCCLKCmd                            0x0800195d   Thumb Code    26  stm32f0xx_rcc.o(i.RCC_RTCCLKCmd)
    RCC_RTCCLKConfig                         0x0800197d   Thumb Code    10  stm32f0xx_rcc.o(i.RCC_RTCCLKConfig)
    RTC_DateStructInit                       0x0800199d   Thumb Code    14  stm32f0xx_rtc.o(i.RTC_DateStructInit)
    RTC_EnterInitMode                        0x080019ad   Thumb Code    54  stm32f0xx_rtc.o(i.RTC_EnterInitMode)
    RTC_ExitInitMode                         0x080019e9   Thumb Code    12  stm32f0xx_rtc.o(i.RTC_ExitInitMode)
    RTC_GetDate                              0x080019f9   Thumb Code    64  stm32f0xx_rtc.o(i.RTC_GetDate)
    RTC_GetTime                              0x08001a41   Thumb Code    68  stm32f0xx_rtc.o(i.RTC_GetTime)
    RTC_Init                                 0x08001a8d   Thumb Code    68  stm32f0xx_rtc.o(i.RTC_Init)
    RTC_TimeStructInit                       0x08001ad5   Thumb Code    12  stm32f0xx_rtc.o(i.RTC_TimeStructInit)
    RTC_WaitForSynchro                       0x08001ae1   Thumb Code    70  stm32f0xx_rtc.o(i.RTC_WaitForSynchro)
    SystemInit                               0x08001b85   Thumb Code    84  system_stm32f0xx.o(i.SystemInit)
    USART2_IRQHandler                        0x08001c2d   Thumb Code    96  serial.o(i.USART2_IRQHandler)
    USART_ClearITPendingBit                  0x08001ca1   Thumb Code    10  stm32f0xx_usart.o(i.USART_ClearITPendingBit)
    USART_Cmd                                0x08001cab   Thumb Code    24  stm32f0xx_usart.o(i.USART_Cmd)
    USART_GetFlagStatus                      0x08001cc3   Thumb Code    14  stm32f0xx_usart.o(i.USART_GetFlagStatus)
    USART_GetITStatus                        0x08001cd1   Thumb Code    60  stm32f0xx_usart.o(i.USART_GetITStatus)
    USART_ITConfig                           0x08001d0d   Thumb Code    46  stm32f0xx_usart.o(i.USART_ITConfig)
    USART_Init                               0x08001d3d   Thumb Code   182  stm32f0xx_usart.o(i.USART_Init)
    USART_ReceiveData                        0x08001dfd   Thumb Code     8  stm32f0xx_usart.o(i.USART_ReceiveData)
    USART_SendData                           0x08001e05   Thumb Code     8  stm32f0xx_usart.o(i.USART_SendData)
    __ARM_common_ll_muluu                    0x08001e0d   Thumb Code    48  btod.o(i.__ARM_common_ll_muluu)
    __ARM_fpclassify                         0x08001e3d   Thumb Code    38  fpclassify.o(i.__ARM_fpclassify)
    _init_box                                0x08001e69   Thumb Code    72  rt_membox.o(i._init_box)
    _mutex_acquire                           0x08001eb1   Thumb Code    24  rtx_conf_cm.o(i._mutex_acquire)
    _mutex_release                           0x08001ed1   Thumb Code    22  rtx_conf_cm.o(i._mutex_release)
    _sys_exit                                0x08001eed   Thumb Code     2  retarget.o(i._sys_exit)
    adc_test                                 0x08001ef1   Thumb Code   100  adc.o(i.adc_test)
    available_fcn                            0x08001f99   Thumb Code     6  serial.o(i.available_fcn)
    begin_fcn                                0x08001fa5   Thumb Code    16  serial.o(i.begin_fcn)
    ferror                                   0x08001fb9   Thumb Code     6  retarget.o(i.ferror)
    flush_fcn                                0x08001fc1   Thumb Code    18  serial.o(i.flush_fcn)
    fputc                                    0x08001fdd   Thumb Code    12  retarget.o(i.fputc)
    get_adc_voltage                          0x08001fe9   Thumb Code   162  adc.o(i.get_adc_voltage)
    init                                     0x080020a5   Thumb Code    36  main.o(i.init)
    init_adc                                 0x080020f1   Thumb Code   246  adc.o(i.init_adc)
    main                                     0x080021fd   Thumb Code    32  main.o(i.main)
    os_error                                 0x08002229   Thumb Code     2  rtx_conf_cm.o(i.os_error)
    os_idle_demon                            0x0800222b   Thumb Code     2  rtx_conf_cm.o(i.os_idle_demon)
    os_tick_init                             0x0800222d   Thumb Code    32  rt_system.o(i.os_tick_init)
    os_tick_irqack                           0x08002259   Thumb Code     2  rt_system.o(i.os_tick_irqack)
    os_tmr_call                              0x0800225b   Thumb Code     2  rtx_conf_cm.o(i.os_tmr_call)
    peek_fcn                                 0x0800225d   Thumb Code    16  serial.o(i.peek_fcn)
    print_fcn                                0x08002271   Thumb Code    20  serial.o(i.print_fcn)
    print_time_date                          0x08002285   Thumb Code    68  main.o(i.print_time_date)
    println_fcn                              0x080022f9   Thumb Code    20  serial.o(i.println_fcn)
    putchar                                  0x0800230d   Thumb Code    32  serial.o(i.putchar)
    read_fcn                                 0x08002331   Thumb Code    42  serial.o(i.read_fcn)
    rt_alloc_box                             0x08002365   Thumb Code    30  rt_membox.o(i.rt_alloc_box)
    rt_block                                 0x08002385   Thumb Code    42  rt_task.o(i.rt_block)
    rt_chk_robin                             0x080023bd   Thumb Code    56  rt_robin.o(i.rt_chk_robin)
    rt_dec_dly                               0x08002401   Thumb Code   112  rt_list.o(i.rt_dec_dly)
    rt_dispatch                              0x08002479   Thumb Code    56  rt_task.o(i.rt_dispatch)
    rt_dly_wait                              0x080024b9   Thumb Code    10  rt_time.o(i.rt_dly_wait)
    rt_evt_psh                               0x080024c5   Thumb Code    70  rt_event.o(i.rt_evt_psh)
    rt_free_box                              0x08002511   Thumb Code    38  rt_membox.o(i.rt_free_box)
    rt_get_first                             0x08002537   Thumb Code    42  rt_list.o(i.rt_get_first)
    rt_init_robin                            0x080025a5   Thumb Code    14  rt_robin.o(i.rt_init_robin)
    rt_init_stack                            0x080025bd   Thumb Code    68  hal_cm1.o(i.rt_init_stack)
    rt_mbx_psh                               0x08002609   Thumb Code   168  rt_mailbox.o(i.rt_mbx_psh)
    rt_mut_release                           0x080026b5   Thumb Code   158  rt_mutex.o(i.rt_mut_release)
    rt_mut_wait                              0x0800275d   Thumb Code   102  rt_mutex.o(i.rt_mut_wait)
    rt_pop_req                               0x080027c9   Thumb Code    98  rt_system.o(i.rt_pop_req)
    rt_put_dly                               0x08002839   Thumb Code    74  rt_list.o(i.rt_put_dly)
    rt_put_prio                              0x08002889   Thumb Code    60  rt_list.o(i.rt_put_prio)
    rt_put_rdy_first                         0x080028c5   Thumb Code    14  rt_list.o(i.rt_put_rdy_first)
    rt_resort_prio                           0x080028d9   Thumb Code    44  rt_list.o(i.rt_resort_prio)
    rt_rmv_dly                               0x08002909   Thumb Code    42  rt_list.o(i.rt_rmv_dly)
    rt_rmv_list                              0x08002935   Thumb Code    46  rt_list.o(i.rt_rmv_list)
    rt_sem_psh                               0x08002969   Thumb Code    46  rt_semaphore.o(i.rt_sem_psh)
    rt_stk_check                             0x0800299d   Thumb Code    30  rt_system.o(i.rt_stk_check)
    rt_switch_req                            0x080029c5   Thumb Code    10  rt_task.o(i.rt_switch_req)
    rt_sys_init                              0x080029d5   Thumb Code   230  rt_task.o(i.rt_sys_init)
    rt_systick                               0x08002b0d   Thumb Code    46  rt_system.o(i.rt_systick)
    rt_tmr_tick                              0x08002b49   Thumb Code    56  rt_timer.o(i.rt_tmr_tick)
    rt_tsk_create                            0x08002b89   Thumb Code   108  rt_task.o(i.rt_tsk_create)
    rt_tsk_delete                            0x08002c05   Thumb Code   134  rt_task.o(i.rt_tsk_delete)
    rt_tsk_self                              0x08002ca1   Thumb Code    12  rt_task.o(i.rt_tsk_self)
    setup_rtc                                0x08002cb1   Thumb Code    66  main.o(i.setup_rtc)
    write_fcn                                0x08002cf3   Thumb Code     8  serial.o(i.write_fcn)
    _get_lc_numeric                          0x08002cfd   Thumb Code    44  lc_numeric_c.o(locale$$code)
    __aeabi_fmul                             0x08002d29   Thumb Code     0  fmul.o(x$fpl$fmul)
    _fmul                                    0x08002d29   Thumb Code   172  fmul.o(x$fpl$fmul)
    _printf_fp_dec                           0x08002dd9   Thumb Code    16  printf1.o(x$fpl$printf1)
    __I$use$fp                               0x08002de8   Number         0  usenofp.o(x$fpl$usenofp)
    os_maxtaskrun                            0x08002de8   Data           2  rtx_conf_cm.o(.constdata)
    os_stackinfo                             0x08002dec   Data           4  rtx_conf_cm.o(.constdata)
    os_rrobin                                0x08002df0   Data           4  rtx_conf_cm.o(.constdata)
    os_trv                                   0x08002df4   Data           4  rtx_conf_cm.o(.constdata)
    os_flags                                 0x08002df8   Data           1  rtx_conf_cm.o(.constdata)
    os_clockrate                             0x08002dfc   Data           4  rtx_conf_cm.o(.constdata)
    os_timernum                              0x08002e00   Data           4  rtx_conf_cm.o(.constdata)
    mp_tcb_size                              0x08002e04   Data           2  rtx_conf_cm.o(.constdata)
    mp_stk_size                              0x08002e08   Data           4  rtx_conf_cm.o(.constdata)
    os_fifo_size                             0x08002e0c   Data           1  rtx_conf_cm.o(.constdata)
    mp_tmr_size                              0x08002e0e   Data           2  rtx_conf_cm.o(.constdata)
    Region$$Table$$Base                      0x08002ee4   Number         0  anon$$obj.o(Region$$Table)
    Region$$Table$$Limit                     0x08002f04   Number         0  anon$$obj.o(Region$$Table)
    adc_test_t                               0x20000000   Data           4  main.o(.data)
    perturb_and_observe_t                    0x20000004   Data           4  main.o(.data)
    __stdout                                 0x20000008   Data           4  retarget.o(.data)
    RegularConvData_Tab                      0x2000000c   Data           8  adc.o(.data)
    Serial                                   0x20000028   Data          36  serial.o(.data)
    m_tmr                                    0x2000005c   Data           4  rtx_conf_cm.o(.data)
    os_tsk                                   0x20000060   Data           8  rt_task.o(.data)
    os_time                                  0x20000068   Data           4  rt_time.o(.data)
    os_tick_irqn                             0x20000070   Data           4  rt_system.o(.data)
    os_robin                                 0x20000074   Data           8  rt_robin.o(.data)
    os_tmr                                   0x2000007c   Data           8  rt_timer.o(.data)
    mp_tcb                                   0x20000184   Data         156  rtx_conf_cm.o(.bss)
    mp_stk                                   0x20000220   Data        3216  rtx_conf_cm.o(.bss)
    os_fifo                                  0x20000eb0   Data         132  rtx_conf_cm.o(.bss)
    os_active_TCB                            0x20000f34   Data          12  rtx_conf_cm.o(.bss)
    os_idle_TCB                              0x20000f40   Data          48  rt_task.o(.bss)
    os_rdy                                   0x20000f70   Data          24  rt_list.o(.bss)
    os_dly                                   0x20000f88   Data          24  rt_list.o(.bss)
    __libspace_start                         0x20000fa0   Data          96  libspace.o(.bss)
    __temporary_stack_top$libspace           0x20001000   Data           0  libspace.o(.bss)



==============================================================================

Memory Map of the image

  Image Entry point : 0x080000c1

  Load Region LR_IROM1 (Base: 0x08000000, Size: 0x00002fa4, Max: 0x00010000, ABSOLUTE)

    Execution Region ER_IROM1 (Base: 0x08000000, Size: 0x00002f20, Max: 0x00010000, ABSOLUTE)

    Base Addr    Size         Type   Attr      Idx    E Section Name        Object

    0x08000000   0x000000c0   Data   RO         3633    RESET               startup_stm32f0xx.o
    0x080000c0   0x00000008   Code   RO         4313  * !!!main             c_p.l(__main.o)
    0x080000c8   0x0000003c   Code   RO         4547    !!!scatter          c_p.l(__scatter.o)
    0x08000104   0x0000001a   Code   RO         4549    !!handler_copy      c_p.l(__scatter_copy.o)
    0x0800011e   0x00000002   PAD
    0x08000120   0x0000001c   Code   RO         4551    !!handler_zi        c_p.l(__scatter_zi.o)
    0x0800013c   0x00000002   Code   RO         4300    .ARM.Collect$$_printf_percent$$00000000  c_p.l(_printf_percent.o)
    0x0800013e   0x0000000a   Code   RO         4299    .ARM.Collect$$_printf_percent$$00000003  c_p.l(_printf_f.o)
    0x08000148   0x0000000a   Code   RO         4297    .ARM.Collect$$_printf_percent$$00000008  c_p.l(_printf_i.o)
    0x08000152   0x00000004   Code   RO         4358    .ARM.Collect$$_printf_percent$$00000017  c_p.l(_printf_percent_end.o)
    0x08000156   0x00000002   Code   RO         4428    .ARM.Collect$$libinit$$00000000  c_p.l(libinit.o)
    0x08000158   0x00000004   Code   RO         4429    .ARM.Collect$$libinit$$00000001  c_p.l(libinit2.o)
    0x0800015c   0x00000000   Code   RO         4433    .ARM.Collect$$libinit$$00000008  c_p.l(libinit2.o)
    0x0800015c   0x00000000   Code   RO         4435    .ARM.Collect$$libinit$$0000000A  c_p.l(libinit2.o)
    0x0800015c   0x00000000   Code   RO         4437    .ARM.Collect$$libinit$$0000000C  c_p.l(libinit2.o)
    0x0800015c   0x00000006   Code   RO         4438    .ARM.Collect$$libinit$$0000000D  c_p.l(libinit2.o)
    0x08000162   0x00000000   Code   RO         4440    .ARM.Collect$$libinit$$0000000F  c_p.l(libinit2.o)
    0x08000162   0x00000000   Code   RO         4442    .ARM.Collect$$libinit$$00000011  c_p.l(libinit2.o)
    0x08000162   0x00000000   Code   RO         4444    .ARM.Collect$$libinit$$00000013  c_p.l(libinit2.o)
    0x08000162   0x0000000a   Code   RO         4445    .ARM.Collect$$libinit$$00000014  c_p.l(libinit2.o)
    0x0800016c   0x00000000   Code   RO         4446    .ARM.Collect$$libinit$$00000015  c_p.l(libinit2.o)
    0x0800016c   0x00000000   Code   RO         4448    .ARM.Collect$$libinit$$00000017  c_p.l(libinit2.o)
    0x0800016c   0x00000000   Code   RO         4450    .ARM.Collect$$libinit$$00000019  c_p.l(libinit2.o)
    0x0800016c   0x00000000   Code   RO         4452    .ARM.Collect$$libinit$$0000001B  c_p.l(libinit2.o)
    0x0800016c   0x00000000   Code   RO         4454    .ARM.Collect$$libinit$$0000001D  c_p.l(libinit2.o)
    0x0800016c   0x00000000   Code   RO         4456    .ARM.Collect$$libinit$$0000001F  c_p.l(libinit2.o)
    0x0800016c   0x00000000   Code   RO         4458    .ARM.Collect$$libinit$$00000021  c_p.l(libinit2.o)
    0x0800016c   0x00000000   Code   RO         4460    .ARM.Collect$$libinit$$00000023  c_p.l(libinit2.o)
    0x0800016c   0x00000000   Code   RO         4464    .ARM.Collect$$libinit$$0000002A  c_p.l(libinit2.o)
    0x0800016c   0x00000000   Code   RO         4466    .ARM.Collect$$libinit$$0000002C  c_p.l(libinit2.o)
    0x0800016c   0x00000000   Code   RO         4468    .ARM.Collect$$libinit$$0000002E  c_p.l(libinit2.o)
    0x0800016c   0x00000000   Code   RO         4470    .ARM.Collect$$libinit$$00000030  c_p.l(libinit2.o)
    0x0800016c   0x00000002   Code   RO         4471    .ARM.Collect$$libinit$$00000031  c_p.l(libinit2.o)
    0x0800016e   0x00000002   Code   RO         4512    .ARM.Collect$$libshutdown$$00000000  c_p.l(libshutdown.o)
    0x08000170   0x00000000   Code   RO         4532    .ARM.Collect$$libshutdown$$00000003  c_p.l(libshutdown2.o)
    0x08000170   0x00000000   Code   RO         4535    .ARM.Collect$$libshutdown$$00000006  c_p.l(libshutdown2.o)
    0x08000170   0x00000000   Code   RO         4538    .ARM.Collect$$libshutdown$$00000009  c_p.l(libshutdown2.o)
    0x08000170   0x00000000   Code   RO         4540    .ARM.Collect$$libshutdown$$0000000B  c_p.l(libshutdown2.o)
    0x08000170   0x00000000   Code   RO         4543    .ARM.Collect$$libshutdown$$0000000E  c_p.l(libshutdown2.o)
    0x08000170   0x00000002   Code   RO         4544    .ARM.Collect$$libshutdown$$0000000F  c_p.l(libshutdown2.o)
    0x08000172   0x00000000   Code   RO         4345    .ARM.Collect$$rtentry$$00000000  c_p.l(rtentry.o)
    0x08000172   0x00000000   Code   RO         4364    .ARM.Collect$$rtentry$$00000002  c_p.l(rtentry2.o)
    0x08000172   0x00000006   Code   RO         4376    .ARM.Collect$$rtentry$$00000004  c_p.l(rtentry4.o)
    0x08000178   0x00000000   Code   RO         4366    .ARM.Collect$$rtentry$$00000009  c_p.l(rtentry2.o)
    0x08000178   0x00000004   Code   RO         4367    .ARM.Collect$$rtentry$$0000000A  c_p.l(rtentry2.o)
    0x0800017c   0x00000000   Code   RO         4369    .ARM.Collect$$rtentry$$0000000C  c_p.l(rtentry2.o)
    0x0800017c   0x00000008   Code   RO         4370    .ARM.Collect$$rtentry$$0000000D  c_p.l(rtentry2.o)
    0x08000184   0x00000002   Code   RO         4473    .ARM.Collect$$rtexit$$00000000  c_p.l(rtexit.o)
    0x08000186   0x00000000   Code   RO         4486    .ARM.Collect$$rtexit$$00000002  c_p.l(rtexit2.o)
    0x08000186   0x00000004   Code   RO         4487    .ARM.Collect$$rtexit$$00000003  c_p.l(rtexit2.o)
    0x0800018a   0x00000006   Code   RO         4488    .ARM.Collect$$rtexit$$00000004  c_p.l(rtexit2.o)
    0x08000190   0x00000188   Code   RO         3869    .emb_text           RTX_CM1.LIB(hal_cm1.o)
    0x08000318   0x00000038   Code   RO         3634    .text               startup_stm32f0xx.o
    0x08000350   0x00000008   Code   RO         4261    .text               c_p.l(libspace.o)
    0x08000358   0x00000002   Code   RO         4264    .text               c_p.l(use_no_semi.o)
    0x0800035a   0x00000002   PAD
    0x0800035c   0x0000001c   Code   RO         4268    .text               c_p.l(noretval__2printf.o)
    0x08000378   0x0000006e   Code   RO         4270    .text               c_p.l(__printf.o)
    0x080003e6   0x00000002   PAD
    0x080003e8   0x0000006c   Code   RO         4274    .text               c_p.l(_printf_dec.o)
    0x08000454   0x0000015a   Code   RO         4307    .text               c_p.l(aeabi_sdiv.o)
    0x080005ae   0x00000006   Code   RO         4311    .text               c_p.l(heapauxi.o)
    0x080005b4   0x00000050   Code   RO         4328    .text               fz_ps.l(f2d.o)
    0x08000604   0x00000160   Code   RO         4336    .text               fz_ps.l(fdiv.o)
    0x08000764   0x0000005e   Code   RO         4339    .text               fz_ps.l(fflti.o)
    0x080007c2   0x000000b0   Code   RO         4350    .text               c_p.l(_printf_intcommon.o)
    0x08000872   0x00000002   PAD
    0x08000874   0x00000414   Code   RO         4352    .text               c_p.l(_printf_fp_dec.o)
    0x08000c88   0x00000028   Code   RO         4356    .text               c_p.l(_printf_char_file.o)
    0x08000cb0   0x00000028   Code   RO         4360    .text               c_p.l(rtudiv10.o)
    0x08000cd8   0x0000000a   Code   RO         4385    .text               c_p.l(rt_locale_twolibspace.o)
    0x08000ce2   0x0000007a   Code   RO         4387    .text               c_p.l(lludiv10.o)
    0x08000d5c   0x00000030   Code   RO         4389    .text               c_p.l(_printf_char_common.o)
    0x08000d8c   0x00000088   Code   RO         4391    .text               c_p.l(_printf_fp_infnan.o)
    0x08000e14   0x000000cc   Code   RO         4393    .text               c_p.l(bigflt0.o)
    0x08000ee0   0x000004a8   Code   RO         4396    .text               c_p.l(btod.o)
    0x08001388   0x0000003e   Code   RO         4410    .text               c_p.l(sys_stackheap_outer.o)
    0x080013c6   0x0000000c   Code   RO         4415    .text               c_p.l(exit.o)
    0x080013d2   0x00000002   PAD
    0x080013d4   0x00000088   Code   RO         4421    .text               c_p.l(strcmp.o)
    0x0800145c   0x00000004   Code   RO         4103    SVC_TABLE           RTX_CM1.LIB(SVC_Table.o)
    0x08001460   0x0000000a   Code   RO          506    i.ADC_ChannelConfig  stm32f0xx_adc.o
    0x0800146a   0x00000018   Code   RO          509    i.ADC_Cmd           stm32f0xx_adc.o
    0x08001482   0x00000018   Code   RO          511    i.ADC_DMACmd        stm32f0xx_adc.o
    0x0800149a   0x00000010   Code   RO          512    i.ADC_DMARequestModeConfig  stm32f0xx_adc.o
    0x080014aa   0x00000002   PAD
    0x080014ac   0x00000020   Code   RO          513    i.ADC_DeInit        stm32f0xx_adc.o
    0x080014cc   0x0000002e   Code   RO          515    i.ADC_GetCalibrationFactor  stm32f0xx_adc.o
    0x080014fa   0x0000001e   Code   RO          517    i.ADC_GetFlagStatus  stm32f0xx_adc.o
    0x08001518   0x0000002c   Code   RO          520    i.ADC_Init          stm32f0xx_adc.o
    0x08001544   0x0000000a   Code   RO          523    i.ADC_StartOfConversion  stm32f0xx_adc.o
    0x0800154e   0x00000010   Code   RO          525    i.ADC_StructInit    stm32f0xx_adc.o
    0x0800155e   0x00000002   PAD
    0x08001560   0x0000000c   Code   RO         1047    i.DMA_ClearFlag     stm32f0xx_dma.o
    0x0800156c   0x0000001c   Code   RO         1049    i.DMA_Cmd           stm32f0xx_dma.o
    0x08001588   0x0000007c   Code   RO         1050    i.DMA_DeInit        stm32f0xx_dma.o
    0x08001604   0x00000014   Code   RO         1052    i.DMA_GetFlagStatus  stm32f0xx_dma.o
    0x08001618   0x0000003c   Code   RO         1055    i.DMA_Init          stm32f0xx_dma.o
    0x08001654   0x0000004c   Code   RO          328    i.GPIO_Configuration_USART2  serial.o
    0x080016a0   0x00000070   Code   RO         1366    i.GPIO_Init         stm32f0xx_gpio.o
    0x08001710   0x00000020   Code   RO         1367    i.GPIO_PinAFConfig  stm32f0xx_gpio.o
    0x08001730   0x00000018   Code   RO         1375    i.GPIO_StructInit   stm32f0xx_gpio.o
    0x08001748   0x00000018   Code   RO          329    i.NVIC_Configuration  serial.o
    0x08001760   0x00000050   Code   RO         1767    i.NVIC_Init         stm32f0xx_misc.o
    0x080017b0   0x0000001c   Code   RO         1795    i.PWR_BackupAccessCmd  stm32f0xx_pwr.o
    0x080017cc   0x0000001c   Code   RO         1866    i.RCC_AHBPeriphClockCmd  stm32f0xx_rcc.o
    0x080017e8   0x0000001c   Code   RO         1868    i.RCC_APB1PeriphClockCmd  stm32f0xx_rcc.o
    0x08001804   0x0000001c   Code   RO         1870    i.RCC_APB2PeriphClockCmd  stm32f0xx_rcc.o
    0x08001820   0x0000001c   Code   RO         1871    i.RCC_APB2PeriphResetCmd  stm32f0xx_rcc.o
    0x0800183c   0x00000100   Code   RO         1880    i.RCC_GetClocksFreq  stm32f0xx_rcc.o
    0x0800193c   0x00000020   Code   RO         1893    i.RCC_LSICmd        stm32f0xx_rcc.o
    0x0800195c   0x00000020   Code   RO         1899    i.RCC_RTCCLKCmd     stm32f0xx_rcc.o
    0x0800197c   0x00000010   Code   RO         1900    i.RCC_RTCCLKConfig  stm32f0xx_rcc.o
    0x0800198c   0x00000010   Code   RO         2114    i.RTC_Bcd2ToByte    stm32f0xx_rtc.o
    0x0800199c   0x0000000e   Code   RO         2121    i.RTC_DateStructInit  stm32f0xx_rtc.o
    0x080019aa   0x00000002   PAD
    0x080019ac   0x0000003c   Code   RO         2124    i.RTC_EnterInitMode  stm32f0xx_rtc.o
    0x080019e8   0x00000010   Code   RO         2125    i.RTC_ExitInitMode  stm32f0xx_rtc.o
    0x080019f8   0x00000048   Code   RO         2128    i.RTC_GetDate       stm32f0xx_rtc.o
    0x08001a40   0x0000004c   Code   RO         2133    i.RTC_GetTime       stm32f0xx_rtc.o
    0x08001a8c   0x00000048   Code   RO         2137    i.RTC_Init          stm32f0xx_rtc.o
    0x08001ad4   0x0000000c   Code   RO         2156    i.RTC_TimeStructInit  stm32f0xx_rtc.o
    0x08001ae0   0x0000004c   Code   RO         2157    i.RTC_WaitForSynchro  stm32f0xx_rtc.o
    0x08001b2c   0x00000058   Code   RO         3599    i.SetSysClock       system_stm32f0xx.o
    0x08001b84   0x00000060   Code   RO         3601    i.SystemInit        system_stm32f0xx.o
    0x08001be4   0x00000048   Code   RO          330    i.UART2_Init        serial.o
    0x08001c2c   0x00000074   Code   RO          331    i.USART2_IRQHandler  serial.o
    0x08001ca0   0x0000000a   Code   RO         3236    i.USART_ClearITPendingBit  stm32f0xx_usart.o
    0x08001caa   0x00000018   Code   RO         3239    i.USART_Cmd         stm32f0xx_usart.o
    0x08001cc2   0x0000000e   Code   RO         3247    i.USART_GetFlagStatus  stm32f0xx_usart.o
    0x08001cd0   0x0000003c   Code   RO         3248    i.USART_GetITStatus  stm32f0xx_usart.o
    0x08001d0c   0x0000002e   Code   RO         3250    i.USART_ITConfig    stm32f0xx_usart.o
    0x08001d3a   0x00000002   PAD
    0x08001d3c   0x000000c0   Code   RO         3251    i.USART_Init        stm32f0xx_usart.o
    0x08001dfc   0x00000008   Code   RO         3263    i.USART_ReceiveData  stm32f0xx_usart.o
    0x08001e04   0x00000008   Code   RO         3268    i.USART_SendData    stm32f0xx_usart.o
    0x08001e0c   0x00000030   Code   RO         4398    i.__ARM_common_ll_muluu  c_p.l(btod.o)
    0x08001e3c   0x0000002c   Code   RO         4408    i.__ARM_fpclassify  m_ps.l(fpclassify.o)
    0x08001e68   0x00000048   Code   RO         4074    i._init_box         RTX_CM1.LIB(rt_membox.o)
    0x08001eb0   0x00000020   Code   RO         3639    i._mutex_acquire    rtx_conf_cm.o
    0x08001ed0   0x0000001c   Code   RO         3641    i._mutex_release    rtx_conf_cm.o
    0x08001eec   0x00000002   Code   RO          174    i._sys_exit         retarget.o
    0x08001eee   0x00000002   PAD
    0x08001ef0   0x000000a8   Code   RO          229    i.adc_test          adc.o
    0x08001f98   0x0000000c   Code   RO          332    i.available_fcn     serial.o
    0x08001fa4   0x00000014   Code   RO          333    i.begin_fcn         serial.o
    0x08001fb8   0x00000006   Code   RO          176    i.ferror            retarget.o
    0x08001fbe   0x00000002   PAD
    0x08001fc0   0x0000001c   Code   RO          334    i.flush_fcn         serial.o
    0x08001fdc   0x0000000c   Code   RO          178    i.fputc             retarget.o
    0x08001fe8   0x000000bc   Code   RO          230    i.get_adc_voltage   adc.o
    0x080020a4   0x0000004c   Code   RO            5    i.init              main.o
    0x080020f0   0x0000010c   Code   RO          231    i.init_adc          adc.o
    0x080021fc   0x0000002c   Code   RO            6    i.main              main.o
    0x08002228   0x00000002   Code   RO         3642    i.os_error          rtx_conf_cm.o
    0x0800222a   0x00000002   Code   RO         3643    i.os_idle_demon     rtx_conf_cm.o
    0x0800222c   0x0000002c   Code   RO         3890    i.os_tick_init      RTX_CM1.LIB(rt_system.o)
    0x08002258   0x00000002   Code   RO         3891    i.os_tick_irqack    RTX_CM1.LIB(rt_system.o)
    0x0800225a   0x00000002   Code   RO         3644    i.os_tmr_call       rtx_conf_cm.o
    0x0800225c   0x00000014   Code   RO          335    i.peek_fcn          serial.o
    0x08002270   0x00000014   Code   RO          336    i.print_fcn         serial.o
    0x08002284   0x00000074   Code   RO            7    i.print_time_date   main.o
    0x080022f8   0x00000014   Code   RO          337    i.println_fcn       serial.o
    0x0800230c   0x00000024   Code   RO          338    i.putchar           serial.o
    0x08002330   0x00000034   Code   RO          339    i.read_fcn          serial.o
    0x08002364   0x0000001e   Code   RO         4075    i.rt_alloc_box      RTX_CM1.LIB(rt_membox.o)
    0x08002382   0x00000002   PAD
    0x08002384   0x00000038   Code   RO         3709    i.rt_block          RTX_CM1.LIB(rt_task.o)
    0x080023bc   0x00000044   Code   RO         4052    i.rt_chk_robin      RTX_CM1.LIB(rt_robin.o)
    0x08002400   0x00000078   Code   RO         3973    i.rt_dec_dly        RTX_CM1.LIB(rt_list.o)
    0x08002478   0x00000040   Code   RO         3710    i.rt_dispatch       RTX_CM1.LIB(rt_task.o)
    0x080024b8   0x0000000a   Code   RO         3808    i.rt_dly_wait       RTX_CM1.LIB(rt_time.o)
    0x080024c2   0x00000002   PAD
    0x080024c4   0x0000004c   Code   RO         4109    i.rt_evt_psh        RTX_CM1.LIB(rt_event.o)
    0x08002510   0x00000026   Code   RO         4076    i.rt_free_box       RTX_CM1.LIB(rt_membox.o)
    0x08002536   0x0000002a   Code   RO         3974    i.rt_get_first      RTX_CM1.LIB(rt_list.o)
    0x08002560   0x00000044   Code   RO         3711    i.rt_init_context   RTX_CM1.LIB(rt_task.o)
    0x080025a4   0x00000018   Code   RO         4053    i.rt_init_robin     RTX_CM1.LIB(rt_robin.o)
    0x080025bc   0x0000004c   Code   RO         3870    i.rt_init_stack     RTX_CM1.LIB(hal_cm1.o)
    0x08002608   0x000000ac   Code   RO         4152    i.rt_mbx_psh        RTX_CM1.LIB(rt_mailbox.o)
    0x080026b4   0x000000a8   Code   RO         3846    i.rt_mut_release    RTX_CM1.LIB(rt_mutex.o)
    0x0800275c   0x0000006c   Code   RO         3847    i.rt_mut_wait       RTX_CM1.LIB(rt_mutex.o)
    0x080027c8   0x00000070   Code   RO         3892    i.rt_pop_req        RTX_CM1.LIB(rt_system.o)
    0x08002838   0x00000050   Code   RO         3977    i.rt_put_dly        RTX_CM1.LIB(rt_list.o)
    0x08002888   0x0000003c   Code   RO         3978    i.rt_put_prio       RTX_CM1.LIB(rt_list.o)
    0x080028c4   0x00000014   Code   RO         3979    i.rt_put_rdy_first  RTX_CM1.LIB(rt_list.o)
    0x080028d8   0x00000030   Code   RO         3980    i.rt_resort_prio    RTX_CM1.LIB(rt_list.o)
    0x08002908   0x0000002a   Code   RO         3981    i.rt_rmv_dly        RTX_CM1.LIB(rt_list.o)
    0x08002932   0x00000002   PAD
    0x08002934   0x00000034   Code   RO         3982    i.rt_rmv_list       RTX_CM1.LIB(rt_list.o)
    0x08002968   0x00000034   Code   RO         4198    i.rt_sem_psh        RTX_CM1.LIB(rt_semaphore.o)
    0x0800299c   0x00000028   Code   RO         3895    i.rt_stk_check      RTX_CM1.LIB(rt_system.o)
    0x080029c4   0x00000010   Code   RO         3712    i.rt_switch_req     RTX_CM1.LIB(rt_task.o)
    0x080029d4   0x00000138   Code   RO         3713    i.rt_sys_init       RTX_CM1.LIB(rt_task.o)
    0x08002b0c   0x0000003c   Code   RO         3897    i.rt_systick        RTX_CM1.LIB(rt_system.o)
    0x08002b48   0x00000040   Code   RO         4234    i.rt_tmr_tick       RTX_CM1.LIB(rt_timer.o)
    0x08002b88   0x0000007c   Code   RO         3714    i.rt_tsk_create     RTX_CM1.LIB(rt_task.o)
    0x08002c04   0x0000009c   Code   RO         3715    i.rt_tsk_delete     RTX_CM1.LIB(rt_task.o)
    0x08002ca0   0x00000010   Code   RO         3718    i.rt_tsk_self       RTX_CM1.LIB(rt_task.o)
    0x08002cb0   0x00000042   Code   RO            8    i.setup_rtc         main.o
    0x08002cf2   0x00000008   Code   RO          340    i.write_fcn         serial.o
    0x08002cfa   0x00000002   PAD
    0x08002cfc   0x0000002c   Code   RO         4401    locale$$code        c_p.l(lc_numeric_c.o)
    0x08002d28   0x000000b0   Code   RO         4341    x$fpl$fmul          fz_ps.l(fmul.o)
    0x08002dd8   0x00000010   Code   RO         4343    x$fpl$printf1       fz_ps.l(printf1.o)
    0x08002de8   0x00000000   Code   RO         4362    x$fpl$usenofp       fz_ps.l(usenofp.o)
    0x08002de8   0x00000002   Data   RO         3650    .constdata          rtx_conf_cm.o
    0x08002dea   0x00000002   PAD
    0x08002dec   0x00000004   Data   RO         3651    .constdata          rtx_conf_cm.o
    0x08002df0   0x00000004   Data   RO         3652    .constdata          rtx_conf_cm.o
    0x08002df4   0x00000004   Data   RO         3653    .constdata          rtx_conf_cm.o
    0x08002df8   0x00000001   Data   RO         3654    .constdata          rtx_conf_cm.o
    0x08002df9   0x00000003   PAD
    0x08002dfc   0x00000008   Data   RO         3655    .constdata          rtx_conf_cm.o
    0x08002e04   0x00000002   Data   RO         3656    .constdata          rtx_conf_cm.o
    0x08002e06   0x00000002   PAD
    0x08002e08   0x00000004   Data   RO         3657    .constdata          rtx_conf_cm.o
    0x08002e0c   0x00000001   Data   RO         3658    .constdata          rtx_conf_cm.o
    0x08002e0d   0x00000001   PAD
    0x08002e0e   0x00000002   Data   RO         3659    .constdata          rtx_conf_cm.o
    0x08002e10   0x00000040   Data   RO         4337    .constdata          fz_ps.l(fdiv.o)
    0x08002e50   0x00000094   Data   RO         4394    .constdata          c_p.l(bigflt0.o)
    0x08002ee4   0x00000020   Data   RO         4545    Region$$Table       anon$$obj.o
    0x08002f04   0x0000001c   Data   RO         4400    locale$$data        c_p.l(lc_numeric_c.o)


    Execution Region RW_IRAM1 (Base: 0x20000000, Size: 0x00001600, Max: 0x00002000, ABSOLUTE)

    Base Addr    Size         Type   Attr      Idx    E Section Name        Object

    0x20000000   0x00000008   Data   RW           11    .data               main.o
    0x20000008   0x00000004   Data   RW          179    .data               retarget.o
    0x2000000c   0x00000008   Data   RW          232    .data               adc.o
    0x20000014   0x00000038   Data   RW          342    .data               serial.o
    0x2000004c   0x00000010   Data   RW         1904    .data               stm32f0xx_rcc.o
    0x2000005c   0x00000004   Data   RW         3660    .data               rtx_conf_cm.o
    0x20000060   0x00000008   Data   RW         3720    .data               RTX_CM1.LIB(rt_task.o)
    0x20000068   0x00000004   Data   RW         3812    .data               RTX_CM1.LIB(rt_time.o)
    0x2000006c   0x00000008   Data   RW         3900    .data               RTX_CM1.LIB(rt_system.o)
    0x20000074   0x00000008   Data   RW         4054    .data               RTX_CM1.LIB(rt_robin.o)
    0x2000007c   0x00000008   Data   RW         4235    .data               RTX_CM1.LIB(rt_timer.o)
    0x20000084   0x00000100   Zero   RW          341    .bss                serial.o
    0x20000184   0x0000009c   Zero   RW         3645    .bss                rtx_conf_cm.o
    0x20000220   0x00000c90   Zero   RW         3646    .bss                rtx_conf_cm.o
    0x20000eb0   0x00000084   Zero   RW         3647    .bss                rtx_conf_cm.o
    0x20000f34   0x0000000c   Zero   RW         3648    .bss                rtx_conf_cm.o
    0x20000f40   0x00000030   Zero   RW         3719    .bss                RTX_CM1.LIB(rt_task.o)
    0x20000f70   0x00000030   Zero   RW         3983    .bss                RTX_CM1.LIB(rt_list.o)
    0x20000fa0   0x00000060   Zero   RW         4262    .bss                c_p.l(libspace.o)
    0x20001000   0x00000200   Zero   RW         3632    HEAP                startup_stm32f0xx.o
    0x20001200   0x00000400   Zero   RW         3631    STACK               startup_stm32f0xx.o


==============================================================================

Image component sizes


      Code (inc. data)   RO Data    RW Data    ZI Data      Debug   Object Name

       624        116          0          8          0       8894   adc.o
       302        100          0          8          0     146812   main.o
        20          0          0          4          0       2977   retarget.o
        66         14         32          4       3516       3409   rtx_conf_cm.o
       504         68          0         56        256       6895   serial.o
        56         26        192          0       1536        648   startup_stm32f0xx.o
       252         10          0          0          0       6062   stm32f0xx_adc.o
       244         26          0          0          0       3690   stm32f0xx_dma.o
       168          6          0          0          0       2205   stm32f0xx_gpio.o
        80          8          0          0          0        956   stm32f0xx_misc.o
        28          4          0          0          0        518   stm32f0xx_pwr.o
       448         66          0         16          0       5491   stm32f0xx_rcc.o
       414         36          0          0          0       6109   stm32f0xx_rtc.o
       362         10          0          0          0       6055   stm32f0xx_usart.o
       184         20          0          0          0       1161   system_stm32f0xx.o

    ----------------------------------------------------------------------
      3766        510        264         96       5308     201882   Object Totals
         0          0         32          0          0          0   (incl. Generated)
        14          0          8          0          0          0   (incl. Padding)

    ----------------------------------------------------------------------

      Code (inc. data)   RO Data    RW Data    ZI Data      Debug   Library Member Name

         4          4          0          0          0        136   SVC_Table.o
       468         50          0          0          0       1300   hal_cm1.o
        76          6          0          0          0        509   rt_event.o
       464         30          0          0         48       3730   rt_list.o
       172          4          0          0          0        549   rt_mailbox.o
       140          0          0          0          0       1505   rt_membox.o
       276         16          0          0          0       1191   rt_mutex.o
        92         22          0          8          0        906   rt_robin.o
        52          6          0          0          0        433   rt_semaphore.o
       258         50          0          8          0       2886   rt_system.o
       812        156          0          8         48       6400   rt_task.o
        10          0          0          4          0        524   rt_time.o
        64          8          0          8          0        575   rt_timer.o
         8          0          0          0          0         68   __main.o
       110          0          0          0          0         76   __printf.o
        60          8          0          0          0          0   __scatter.o
        26          0          0          0          0          0   __scatter_copy.o
        28          0          0          0          0          0   __scatter_zi.o
        48          6          0          0          0         88   _printf_char_common.o
        40          6          0          0          0         72   _printf_char_file.o
       108         18          0          0          0         76   _printf_dec.o
        10          0          0          0          0          0   _printf_f.o
      1044         12          0          0          0        172   _printf_fp_dec.o
       136         16          0          0          0         76   _printf_fp_infnan.o
        10          0          0          0          0          0   _printf_i.o
       176          0          0          0          0         80   _printf_intcommon.o
         2          0          0          0          0          0   _printf_percent.o
         4          0          0          0          0          0   _printf_percent_end.o
       346          0          0          0          0         92   aeabi_sdiv.o
       204          4        148          0          0         80   bigflt0.o
      1240         12          0          0          0        316   btod.o
        12          0          0          0          0         64   exit.o
         6          0          0          0          0        136   heapauxi.o
        44         10         28          0          0         76   lc_numeric_c.o
         2          0          0          0          0          0   libinit.o
        22          0          0          0          0          0   libinit2.o
         2          0          0          0          0          0   libshutdown.o
         2          0          0          0          0          0   libshutdown2.o
         8          4          0          0         96         68   libspace.o
       122          0          0          0          0         72   lludiv10.o
        28          6          0          0          0         84   noretval__2printf.o
        10          0          0          0          0         76   rt_locale_twolibspace.o
         0          0          0          0          0          0   rtentry.o
        12          0          0          0          0          0   rtentry2.o
         6          0          0          0          0          0   rtentry4.o
         2          0          0          0          0          0   rtexit.o
        10          0          0          0          0          0   rtexit2.o
        40          0          0          0          0         60   rtudiv10.o
       136          4          0          0          0         72   strcmp.o
        62          0          0          0          0         80   sys_stackheap_outer.o
         2          0          0          0          0         68   use_no_semi.o
        80          6          0          0          0         60   f2d.o
       352          8         64          0          0         88   fdiv.o
        94          0          0          0          0         92   fflti.o
       176          4          0          0          0         80   fmul.o
        16          4          0          0          0         76   printf1.o
         0          0          0          0          0          0   usenofp.o
        44          6          0          0          0         60   fpclassify.o

    ----------------------------------------------------------------------
      7794        486        240         36        192      23152   Library Totals
        16          0          0          0          0          0   (incl. Padding)

    ----------------------------------------------------------------------

      Code (inc. data)   RO Data    RW Data    ZI Data      Debug   Library Name

      2888        352          0         36         96      20644   RTX_CM1.LIB
      4128        106        176          0         96       2052   c_p.l
       718         22         64          0          0        396   fz_ps.l
        44          6          0          0          0         60   m_ps.l

    ----------------------------------------------------------------------
      7794        486        240         36        192      23152   Library Totals

    ----------------------------------------------------------------------

==============================================================================


      Code (inc. data)   RO Data    RW Data    ZI Data      Debug   

     11560        996        504        132       5500     219190   Grand Totals
     11560        996        504        132       5500     219190   ELF Image Totals
     11560        996        504        132          0          0   ROM Totals

==============================================================================

    Total RO  Size (Code + RO Data)                12064 (  11.78kB)
    Total RW  Size (RW Data + ZI Data)              5632 (   5.50kB)
    Total ROM Size (Code + RO Data + RW Data)      12196 (  11.91kB)

==============================================================================

